09-26 12:05:07.696 W/StorageManager( 5783): 	at com.android.settings.dashboard.SummaryLoader$Worker.handleMessage(SummaryLoader.java:253)
09-26 12:05:07.696 W/StorageManager( 5783): 	at android.os.Handler.dispatchMessage(Handler.java:102)
09-26 12:05:07.696 W/StorageManager( 5783): 	at android.os.Looper.loop(Looper.java:154)
09-26 12:05:07.696 W/StorageManager( 5783): 	at android.os.HandlerThread.run(HandlerThread.java:61)
09-26 12:05:07.701 W/StorageManager( 5783): Could not read /sys/block/rknand_userdata/size
09-26 12:05:07.701 W/StorageManager( 5783): java.io.FileNotFoundException: /sys/block/rknand_userdata/size (No such file or directory)
09-26 12:05:07.701 W/StorageManager( 5783): 	at java.io.FileInputStream.open(Native Method)
09-26 12:05:07.701 W/StorageManager( 5783): 	at java.io.FileInputStream.<init>(FileInputStream.java:146)
09-26 12:05:07.701 W/StorageManager( 5783): 	at java.io.FileInputStream.<init>(FileInputStream.java:99)
09-26 12:05:07.701 W/StorageManager( 5783): 	at android.os.storage.StorageManager.readLong(StorageManager.java:962)
09-26 12:05:07.701 W/StorageManager( 5783): 	at android.os.storage.StorageManager.getPrimaryStorageSize(StorageManager.java:944)
09-26 12:05:07.701 W/StorageManager( 5783): 	at com.android.settingslib.deviceinfo.StorageManagerVolumeProvider.getPrimaryStorageSize(StorageManagerVolumeProvider.java:37)
09-26 12:05:07.701 W/StorageManager( 5783): 	at com.android.settingslib.deviceinfo.PrivateStorageInfo.getPrivateStorageInfo(PrivateStorageInfo.java:40)
09-26 12:05:07.701 W/StorageManager( 5783): 	at com.android.settings.deviceinfo.StorageSettings$SummaryProvider.updateSummary(StorageSettings.java:516)
09-26 12:05:07.701 W/StorageManager( 5783): 	at com.android.settings.deviceinfo.StorageSettings$SummaryProvider.setListening(StorageSettings.java:509)
09-26 12:05:07.701 W/StorageManager( 5783): 	at com.android.settings.dashboard.SummaryLoader.setListeningW(SummaryLoader.java:192)
09-26 12:05:07.701 W/StorageManager( 5783): 	at com.android.settings.dashboard.SummaryLoader.-wrap2(SummaryLoader.java)
09-26 12:05:07.701 W/StorageManager( 5783): 	at com.android.settings.dashboard.SummaryLoader$Worker.handleMessage(SummaryLoader.java:253)
09-26 12:05:07.701 W/StorageManager( 5783): 	at android.os.Handler.dispatchMessage(Handler.java:102)
09-26 12:05:07.701 W/StorageManager( 5783): 	at android.os.Looper.loop(Looper.java:154)
09-26 12:05:07.701 W/StorageManager( 5783): 	at android.os.HandlerThread.run(HandlerThread.java:61)
09-26 12:05:10.807 W/ContextImpl( 7590): Calling a method in the system process without a qualified user: android.app.ContextImpl.sendBroadcast:878 android.content.ContextWrapper.sendBroadcast:421 com.dpad.launcher.util.AppUtils$1.handleMessage:48 android.os.Handler.dispatchMessage:98 android.os.Looper.loop:154 
09-26 12:05:11.106 I/chatty  (  683): uid=1000(system) ActivityManager expire 11 lines
09-26 12:05:11.109 E/kaka    ( 5783): totalFree:2545463296
09-26 12:09:11.842 I/chatty  (  683): uid=1000(system) Binder:683_C expire 5 lines
09-26 12:09:11.876 I/chatty  (  683): uid=1000(system) Binder:683_A expire 3 lines
09-26 12:13:27.428 I/chatty  (  683): uid=1000(system) Binder:683_1B expire 8 lines
09-26 12:13:32.266 W/ContextImpl( 7590): Calling a method in the system process without a qualified user: android.app.ContextImpl.sendBroadcast:878 android.content.ContextWrapper.sendBroadcast:421 com.dpad.launcher.util.AppUtils$1.handleMessage:48 android.os.Handler.dispatchMessage:98 android.os.Looper.loop:154 
09-26 12:13:35.246 E/kaka    ( 5941): totalFree:2578288640
09-26 12:13:35.496 I/chatty  (  683): uid=1000(system) batterystats-sy expire 1 line
09-26 12:13:38.401 W/ContextImpl( 7590): Calling a method in the system process without a qualified user: android.app.ContextImpl.sendBroadcast:878 android.content.ContextWrapper.sendBroadcast:421 com.dpad.launcher.util.AppUtils$1.handleMessage:48 android.os.Handler.dispatchMessage:98 android.os.Looper.loop:154 
09-26 12:13:38.407 W/ContextImpl( 7590): Calling a method in the system process without a qualified user: android.app.ContextImpl.sendBroadcast:878 android.content.ContextWrapper.sendBroadcast:421 com.dpad.launcher.util.AppUtils$1.handleMessage:48 android.os.Handler.dispatchMessage:98 android.os.Looper.loop:154 
09-26 12:13:38.455 I/chatty  (  683): uid=1000(system) android.display expire 1 line
09-26 12:13:38.555 E/kaka    ( 7815): totalFree:2539536384
09-26 12:13:39.766 I/chatty  (  683): uid=1000(system) ActivityManager expire 1 line
09-26 12:13:43.485 I/chatty  (  683): uid=1000(system) InputDispatcher expire 1 line
09-26 12:13:43.557 I/chatty  (  683): uid=1000(system) Binder:683_18 expire 13 lines
09-26 12:13:43.744 I/chatty  (  683): uid=1000(system) Binder:683_3 expire 2 lines
09-26 12:13:43.851 I/chatty  (  683): uid=1000(system) Binder:683_6 expire 1 line
09-26 12:13:43.903 I/chatty  (  683): uid=1000(system) Binder:683_9 expire 1 line
09-26 12:13:44.102 I/chatty  (  683): uid=1000(system) Binder:683_19 expire 10 lines
09-26 12:13:44.818 I/chatty  (  683): uid=1000(system) Binder:683_1B expire 35 lines
09-26 12:13:44.875 I/chatty  (  683): uid=1000(system) Binder:683_18 expire 34 lines
09-26 12:13:44.979 I/chatty  (  683): uid=1000(system) Binder:683_1A expire 30 lines
09-26 12:13:49.726 I/chatty  (  683): uid=1000(system) ActivityManager expire 10 lines
09-26 12:13:55.377 E/kaka    ( 5941): totalFree:2542641152
09-26 12:14:05.576 I/chatty  (  683): uid=1000(system) android.ui expire 4 lines
09-26 12:14:05.590 I/chatty  (  683): uid=1000(system) Binder:683_1B expire 3 lines
09-26 12:14:05.737 I/chatty  (  683): uid=1000(system) WifiService expire 6 lines
09-26 12:14:05.738 I/chatty  (  683): uid=1000(system) Binder:683_5 expire 7 lines
09-26 12:14:05.770 I/chatty  (  683): uid=1000(system) ActivityManager expire 9 lines
09-26 12:14:05.917 I/chatty  (  683): uid=1000(system) android.display expire 14 lines
09-26 12:14:06.968 W/ContextImpl( 8005): Calling a method in the system process without a qualified user: android.app.ContextImpl.startService:1358 android.content.ContextWrapper.startService:613 com.dpad.launcher.App.onCreate:47 android.app.Instrumentation.callApplicationOnCreate:1024 android.app.ActivityThread.handleBindApplication:5522 
09-26 12:14:07.572 W/ContextImpl( 8005): Calling a method in the system process without a qualified user: android.app.ContextImpl.sendBroadcast:878 android.content.ContextWrapper.sendBroadcast:421 com.dpad.launcher.util.AppUtils$1.handleMessage:48 android.os.Handler.dispatchMessage:98 android.os.Looper.loop:154 
09-26 12:14:08.552 I/chatty  (  683): uid=1000(system) Binder:683_1C expire 8 lines
09-26 12:14:08.893 W/ContextImpl( 8005): Calling a method in the system process without a qualified user: android.app.ContextImpl.sendBroadcast:878 android.content.ContextWrapper.sendBroadcast:421 com.dpad.launcher.util.AppUtils$1.handleMessage:48 android.os.Handler.dispatchMessage:98 android.os.Looper.loop:154 
09-26 12:14:10.583 W/ContextImpl( 8005): Calling a method in the system process without a qualified user: android.app.ContextImpl.sendBroadcast:878 android.content.ContextWrapper.sendBroadcast:421 com.dpad.launcher.util.AppUtils$1.handleMessage:48 android.os.Handler.dispatchMessage:98 android.os.Looper.loop:154 
09-26 12:14:10.964 E/kaka    ( 5713): totalFree:2520633344
09-26 12:14:13.288 I/chatty  (  683): uid=1000(system) Binder:683_18 expire 8 lines
09-26 12:14:14.260 W/ContextImpl( 8005): Calling a method in the system process without a qualified user: android.app.ContextImpl.sendBroadcast:878 android.content.ContextWrapper.sendBroadcast:421 com.dpad.launcher.util.AppUtils$1.handleMessage:48 android.os.Handler.dispatchMessage:98 android.os.Looper.loop:154 
09-26 12:14:16.839 E/kaka    ( 8249): totalFree:2446237696
09-26 12:14:21.195 W/FileUtils( 8111): Failed to chmod(/storage/emulated/0/tencent/alliance_sdk/.alliance_sdk_global): android.system.ErrnoException: chmod failed: EPERM (Operation not permitted)
09-26 12:14:23.642 I/chatty  (  683): uid=1000(system) Binder:683_6 expire 4 lines
09-26 12:14:23.745 I/chatty  (  683): uid=1000(system) Binder:683_17 expire 3 lines
09-26 12:14:23.895 I/chatty  (  683): uid=1000(system) Binder:683_F expire 2 lines
09-26 12:14:24.728 W/ContextImpl( 8005): Calling a method in the system process without a qualified user: android.app.ContextImpl.sendBroadcast:878 android.content.ContextWrapper.sendBroadcast:421 com.dpad.launcher.util.AppUtils$1.handleMessage:48 android.os.Handler.dispatchMessage:98 android.os.Looper.loop:154 
09-26 12:14:24.940 W/ViewRootImpl[MainActivity]( 8175): Cancelling event due to no window focus: KeyEvent { action=ACTION_UP, keyCode=KEYCODE_BACK, scanCode=158, metaState=0, flags=0x28, repeatCount=0, eventTime=2234795, downTime=2234673, deviceId=0, source=0x101 }
09-26 12:14:24.940 W/ViewRootImpl[MainActivity]( 8175): Cancelling event due to no window focus: KeyEvent { action=ACTION_UP, keyCode=KEYCODE_BACK, scanCode=158, metaState=0, flags=0x28, repeatCount=0, eventTime=2234795, downTime=2234673, deviceId=0, source=0x101 }
09-26 12:14:24.941 W/ContextImpl( 8005): Calling a method in the system process without a qualified user: android.app.ContextImpl.sendBroadcast:878 android.content.ContextWrapper.sendBroadcast:421 com.dpad.launcher.util.AppUtils$1.handleMessage:48 android.os.Handler.dispatchMessage:98 android.os.Looper.loop:154 
09-26 12:14:24.941 W/ViewRootImpl[MainActivity]( 8175): Cancelling event due to no window focus: KeyEvent { action=ACTION_UP, keyCode=KEYCODE_BACK, scanCode=158, metaState=0, flags=0x28, repeatCount=0, eventTime=2234795, downTime=2234673, deviceId=0, source=0x101 }
09-26 12:14:24.946 W/ViewRootImpl[MainActivity]( 8175): Cancelling event due to no window focus: KeyEvent { action=ACTION_UP, keyCode=KEYCODE_BACK, scanCode=158, metaState=0, flags=0x28, repeatCount=0, eventTime=2234795, downTime=2234673, deviceId=0, source=0x101 }
09-26 12:14:24.947 W/ViewRootImpl[MainActivity]( 8175): Cancelling event due to no window focus: KeyEvent { action=ACTION_UP, keyCode=KEYCODE_BACK, scanCode=158, metaState=0, flags=0x28, repeatCount=0, eventTime=2234795, downTime=2234673, deviceId=0, source=0x101 }
09-26 12:14:24.947 W/ViewRootImpl[MainActivity]( 8175): Cancelling event due to no window focus: KeyEvent { action=ACTION_UP, keyCode=KEYCODE_BACK, scanCode=158, metaState=0, flags=0x28, repeatCount=0, eventTime=2234795, downTime=2234673, deviceId=0, source=0x101 }
09-26 12:14:24.947 W/ContextImpl( 8005): Calling a method in the system process without a qualified user: android.app.ContextImpl.sendBroadcast:878 android.content.ContextWrapper.sendBroadcast:421 com.dpad.launcher.util.AppUtils$1.handleMessage:48 android.os.Handler.dispatchMessage:98 android.os.Looper.loop:154 
09-26 12:14:25.750 E/kaka    ( 8432): totalFree:2391982080
09-26 12:14:25.779 E/kaka    ( 8111): totalFree:2391986176
09-26 12:14:25.783 E/kaka    ( 8249): totalFree:2391986176
09-26 12:14:25.786 E/kaka    ( 5941): totalFree:2391986176
09-26 12:14:25.798 I/chatty  (  683): uid=1000(system) Binder:683_1A expire 1 line
09-26 12:14:25.864 E/kaka    ( 8498): totalFree:2388955136
09-26 12:14:26.138 E/kaka    ( 8432): totalFree:2371592192
09-26 12:14:28.760 I/chatty  (  683): uid=1000(system) ActivityManager expire 1 line
09-26 12:14:28.855 I/chatty  (  683): uid=1000(system) Binder:683_12 expire 2 lines
09-26 12:14:28.979 W/ContextImpl( 8005): Calling a method in the system process without a qualified user: android.app.ContextImpl.sendBroadcast:878 android.content.ContextWrapper.sendBroadcast:421 com.dpad.launcher.util.AppUtils$1.handleMessage:48 android.os.Handler.dispatchMessage:98 android.os.Looper.loop:154 
09-26 12:14:30.419 I/chatty  (  683): uid=1000(system) Binder:683_10 expire 1 line
09-26 12:14:31.969 D/ActivityManager(  683): could not start service for wdj.accessibility
09-26 12:14:32.353 W/SettingsProvider(  683): You shouldn't keep your settings in the secure settings. This will soon become an error.
09-26 12:14:33.340 V/ActivityManager(  683): Stopping ActivityRecord{4fe9c34 u0 com.dpad.launcher/.Launcher t29}: nowVisible=true waitingVisible=true finishing=false
09-26 12:14:33.664 W/SettingsProvider(  683): You shouldn't keep your settings in the secure settings. This will soon become an error.
09-26 12:14:33.869 W/SettingsProvider(  683): You shouldn't keep your settings in the secure settings. This will soon become an error.
09-26 12:14:34.169 V/ActivityManager(  683): Stopping ActivityRecord{4fe9c34 u0 com.dpad.launcher/.Launcher t29}: nowVisible=true waitingVisible=false finishing=false
09-26 12:14:34.169 V/ActivityManager(  683): Ready to stop: ActivityRecord{4fe9c34 u0 com.dpad.launcher/.Launcher t29}
09-26 12:14:34.532 D/ActivityManager(  683): skip for com.tencent.mm
09-26 12:14:34.729 W/ActivityManager(  683): Slow operation: 81ms so far, now at startProcess: returned from zygote!
09-26 12:14:34.730 W/ActivityManager(  683): Slow operation: 82ms so far, now at startProcess: done updating battery stats
09-26 12:14:34.730 W/ActivityManager(  683): Slow operation: 82ms so far, now at startProcess: building log message
09-26 12:14:34.730 I/ActivityManager(  683): Start proc 8853:com.wandoujia.phoenix2:channel/u0a49 for service com.wandoujia.phoenix2/com.uc.base.rism.RismService
09-26 12:14:34.730 W/ActivityManager(  683): Slow operation: 83ms so far, now at startProcess: starting to update pids map
09-26 12:14:34.731 W/ActivityManager(  683): Slow operation: 83ms so far, now at startProcess: done updating pids map
09-26 12:14:34.731 W/ActivityManager(  683): Slow operation: 84ms so far, now at startProcess: done starting proc!
09-26 12:14:34.941 E/kaka    ( 8853): totalFree:2239684608
09-26 12:14:34.947 D/ActivityManager(  683): system memory is ok
09-26 12:14:34.967 W/ActivityManager(  683): Slow operation: 134ms so far, now at attachApplicationLocked: after mServices.attachApplicationLocked
09-26 12:14:35.962 W/SettingsProvider(  683): You shouldn't keep your settings in the secure settings. This will soon become an error.
09-26 12:14:36.644 W/ActivityManager(  683): Unable to start service Intent { cmp=com.wandoujia.phoenix2/com.amap.api.location.core.SocketService } U=0: not found
09-26 12:14:37.396 D/ActivityManager(  683): could not start service for com.autonavi.minimap
09-26 12:14:37.696 W/BroadcastQueue(  683): Permission Denial: receiving Intent { act=com.tencent.mm.plugin.openapi.Intent.ACTION_HANDLE_APP_REGISTER flg=0x10 (has extras) } to com.tencent.android.qqdownloader/com.tencent.kidprotect.BootReceiver requires com.tencent.mm.permission.MM_MESSAGE due to sender com.wandoujia.phoenix2 (uid 10049)
09-26 12:14:37.962 W/SettingsProvider(  683): You shouldn't keep your settings in the secure settings. This will soon become an error.
09-26 12:14:38.187 E/kaka    ( 5941): totalFree:2210009088
09-26 12:14:38.288 E/kaka    ( 5941): totalFree:2210590720
09-26 12:14:38.470 E/BatteryStatsService(  683): no controller energy info supplied
09-26 12:14:38.470 E/BatteryStatsService(  683): no controller energy info supplied
09-26 12:14:38.480 W/SettingsProvider(  683): You shouldn't keep your settings in the secure settings. This will soon become an error.
09-26 12:14:38.687 E/BatteryStatsService(  683): modem info is invalid: ModemActivityInfo{ mTimestamp=0 mSleepTimeMs=0 mIdleTimeMs=0 mTxTimeMs[]=[0, 0, 0, 0, 0] mRxTimeMs=0 mEnergyUsed=0}
09-26 12:14:38.825 W/SettingsProvider(  683): You shouldn't keep your settings in the secure settings. This will soon become an error.
09-26 12:14:38.947 W/SettingsProvider(  683): You shouldn't keep your settings in the secure settings. This will soon become an error.
09-26 12:14:39.767 D/ActivityManager(  683): could not start service for com.wandoujia.phoenix2
09-26 12:14:39.774 D/ActivityManager(  683): could not start service for com.eg.android.AlipayGphone
09-26 12:14:41.241 D/ActivityManager(  683): system memory is ok
09-26 12:14:41.267 I/ActivityManager(  683): Start proc 9082:com.android.defcontainer/u0a3 for service com.android.defcontainer/.DefaultContainerService
09-26 12:14:41.347 E/kaka    ( 3596): totalFree:2234761216
09-26 12:14:41.385 W/ContentService(  683): Requested poll frequency of 300 seconds being rounded up to 900s.
09-26 12:14:41.398 E/kaka    ( 3596): totalFree:2234892288
09-26 12:14:42.241 E/kaka    ( 5941): totalFree:2239586304
09-26 12:14:42.841 E/kaka    ( 5941): totalFree:2234032128
09-26 12:14:43.323 D/ActivityManager(  683): system memory is ok
09-26 12:14:43.341 I/ActivityManager(  683): Start proc 9121:com.wandoujia.phoenix2:verify/u0a49 for service com.wandoujia.phoenix2/com.ali.money.shield.sdk.cleaner.core.ApkVerifyService
09-26 12:14:43.867 I/ActivityManager(  683): START u0 {act=android.intent.action.MAIN cat=[android.intent.category.HOME] flg=0x10200000 cmp=com.dpad.launcher/.Launcher (has extras)} from uid 1000 on display 0
09-26 12:14:44.203 I/ActivityManager(  683): Config changes=480 {1.0 dualscreenflag=ENABLE ?mcc?mnc [zh_CN_#Hans,en_US,zh_TW_#Hant,ja_JP] ldltr sw432dp w768dp h408dp 400dpi nrml long land finger -keyb/v/h -nav/h s.33}
09-26 12:14:44.204 D/CryptdConnector(  683): SND -> {9 cryptfs setfield SystemLocale zh-Hans-CN}
09-26 12:14:44.212 D/CryptdConnector(  683): RCV <- {200 9 0}
09-26 12:14:44.373 V/ActivityManager(  683): Stopping ActivityRecord{8fed311 u0 com.wandoujia.phoenix2/com.pp.assistant.activity.PPMainActivity t31}: nowVisible=false waitingVisible=true finishing=false
09-26 12:14:44.558 W/ContextImpl( 8005): Calling a method in the system process without a qualified user: android.app.ContextImpl.sendBroadcast:878 android.content.ContextWrapper.sendBroadcast:421 com.dpad.launcher.util.AppUtils$1.handleMessage:48 android.os.Handler.dispatchMessage:98 android.os.Looper.loop:154 
09-26 12:14:44.659 V/ActivityManager(  683): Stopping ActivityRecord{8fed311 u0 com.wandoujia.phoenix2/com.pp.assistant.activity.PPMainActivity t31}: nowVisible=false waitingVisible=true finishing=false
09-26 12:14:44.697 V/ActivityManager(  683): Stopping ActivityRecord{8fed311 u0 com.wandoujia.phoenix2/com.pp.assistant.activity.PPMainActivity t31}: nowVisible=true waitingVisible=false finishing=false
09-26 12:14:44.697 V/ActivityManager(  683): Ready to stop: ActivityRecord{8fed311 u0 com.wandoujia.phoenix2/com.pp.assistant.activity.PPMainActivity t31}
09-26 12:14:44.725 E/kaka    ( 9121): totalFree:2209120256
09-26 12:14:44.830 E/kaka    ( 8556): totalFree:2207645696
09-26 12:14:44.850 E/kaka    ( 8582): totalFree:2207264768
09-26 12:14:44.989 I/WindowManager(  683): Screen frozen for +891ms due to Window{1c7e516 u0 com.android.systemui}
09-26 12:14:47.944 W/ContextImpl( 8005): Calling a method in the system process without a qualified user: android.app.ContextImpl.startActivity:768 android.content.ContextWrapper.startActivity:356 com.dpad.launcher.apps.AppsMgr.startApp:213 com.dpad.launcher.apps.AppsMgr.startApp:180 com.dpad.launcher.widget.Hotseat.onClick:44 
09-26 12:14:47.944 W/ContextImpl( 8005): Calling a method in the system process without a qualified user: android.app.ContextImpl.startActivity:780 android.app.ContextImpl.startActivity:769 android.content.ContextWrapper.startActivity:356 com.dpad.launcher.apps.AppsMgr.startApp:213 com.dpad.launcher.apps.AppsMgr.startApp:180 
09-26 12:14:47.958 I/ActivityManager(  683): START u0 {act=android.intent.action.MAIN cat=[android.intent.category.LAUNCHER] flg=0x10200000 cmp=com.android.settings/.Settings} from uid 1000 on display 0
09-26 12:14:48.113 V/ActivityManager(  683): Stopping ActivityRecord{4fe9c34 u0 com.dpad.launcher/.Launcher t29}: nowVisible=false waitingVisible=true finishing=false
09-26 12:14:48.308 W/ContextImpl( 8005): Calling a method in the system process without a qualified user: android.app.ContextImpl.sendBroadcast:878 android.content.ContextWrapper.sendBroadcast:421 com.dpad.launcher.util.AppUtils$1.handleMessage:48 android.os.Handler.dispatchMessage:98 android.os.Looper.loop:154 
09-26 12:14:48.361 W/StorageManager( 5783): Could not read /sys/block/mmcblk1/size
09-26 12:14:48.361 W/StorageManager( 5783): java.io.FileNotFoundException: /sys/block/mmcblk1/size (No such file or directory)
09-26 12:14:48.361 W/StorageManager( 5783): 	at java.io.FileInputStream.open(Native Method)
09-26 12:14:48.361 W/StorageManager( 5783): 	at java.io.FileInputStream.<init>(FileInputStream.java:146)
09-26 12:14:48.361 W/StorageManager( 5783): 	at java.io.FileInputStream.<init>(FileInputStream.java:99)
09-26 12:14:48.361 W/StorageManager( 5783): 	at android.os.storage.StorageManager.readLong(StorageManager.java:962)
09-26 12:14:48.361 W/StorageManager( 5783): 	at android.os.storage.StorageManager.getPrimaryStorageSize(StorageManager.java:944)
09-26 12:14:48.361 W/StorageManager( 5783): 	at com.android.settingslib.deviceinfo.StorageManagerVolumeProvider.getPrimaryStorageSize(StorageManagerVolumeProvider.java:37)
09-26 12:14:48.361 W/StorageManager( 5783): 	at com.android.settingslib.deviceinfo.PrivateStorageInfo.getPrivateStorageInfo(PrivateStorageInfo.java:40)
09-26 12:14:48.361 W/StorageManager( 5783): 	at com.android.settings.deviceinfo.StorageSettings$SummaryProvider.updateSummary(StorageSettings.java:516)
09-26 12:14:48.361 W/StorageManager( 5783): 	at com.android.settings.deviceinfo.StorageSettings$SummaryProvider.setListening(StorageSettings.java:509)
09-26 12:14:48.361 W/StorageManager( 5783): 	at com.android.settings.dashboard.SummaryLoader.setListeningW(SummaryLoader.java:192)
09-26 12:14:48.361 W/StorageManager( 5783): 	at com.android.settings.dashboard.SummaryLoader.-wrap2(SummaryLoader.java)
09-26 12:14:48.361 W/StorageManager( 5783): 	at com.android.settings.dashboard.SummaryLoader$Worker.handleMessage(SummaryLoader.java:253)
09-26 12:14:48.361 W/StorageManager( 5783): 	at android.os.Handler.dispatchMessage(Handler.java:102)
09-26 12:14:48.361 W/StorageManager( 5783): 	at android.os.Looper.loop(Looper.java:154)
09-26 12:14:48.361 W/StorageManager( 5783): 	at android.os.HandlerThread.run(HandlerThread.java:61)
09-26 12:14:48.368 W/StorageManager( 5783): Could not read /sys/block/rknand_userdata/size
09-26 12:14:48.368 W/StorageManager( 5783): java.io.FileNotFoundException: /sys/block/rknand_userdata/size (No such file or directory)
09-26 12:14:48.368 W/StorageManager( 5783): 	at java.io.FileInputStream.open(Native Method)
09-26 12:14:48.368 W/StorageManager( 5783): 	at java.io.FileInputStream.<init>(FileInputStream.java:146)
09-26 12:14:48.368 W/StorageManager( 5783): 	at java.io.FileInputStream.<init>(FileInputStream.java:99)
09-26 12:14:48.368 W/StorageManager( 5783): 	at android.os.storage.StorageManager.readLong(StorageManager.java:962)
09-26 12:14:48.368 W/StorageManager( 5783): 	at android.os.storage.StorageManager.getPrimaryStorageSize(StorageManager.java:944)
09-26 12:14:48.368 W/StorageManager( 5783): 	at com.android.settingslib.deviceinfo.StorageManagerVolumeProvider.getPrimaryStorageSize(StorageManagerVolumeProvider.java:37)
09-26 12:14:48.368 W/StorageManager( 5783): 	at com.android.settingslib.deviceinfo.PrivateStorageInfo.getPrivateStorageInfo(PrivateStorageInfo.java:40)
09-26 12:14:48.368 W/StorageManager( 5783): 	at com.android.settings.deviceinfo.StorageSettings$SummaryProvider.updateSummary(StorageSettings.java:516)
09-26 12:14:48.368 W/StorageManager( 5783): 	at com.android.settings.deviceinfo.StorageSettings$SummaryProvider.setListening(StorageSettings.java:509)
09-26 12:14:48.368 W/StorageManager( 5783): 	at com.android.settings.dashboard.SummaryLoader.setListeningW(SummaryLoader.java:192)
09-26 12:14:48.368 W/StorageManager( 5783): 	at com.android.settings.dashboard.SummaryLoader.-wrap2(SummaryLoader.java)
09-26 12:14:48.368 W/StorageManager( 5783): 	at com.android.settings.dashboard.SummaryLoader$Worker.handleMessage(SummaryLoader.java:253)
09-26 12:14:48.368 W/StorageManager( 5783): 	at android.os.Handler.dispatchMessage(Handler.java:102)
09-26 12:14:48.368 W/StorageManager( 5783): 	at android.os.Looper.loop(Looper.java:154)
09-26 12:14:48.368 W/StorageManager( 5783): 	at android.os.HandlerThread.run(HandlerThread.java:61)
09-26 12:14:48.539 V/ActivityManager(  683): Stopping ActivityRecord{4fe9c34 u0 com.dpad.launcher/.Launcher t29}: nowVisible=false waitingVisible=true finishing=false
09-26 12:14:48.815 V/ActivityManager(  683): Stopping ActivityRecord{4fe9c34 u0 com.dpad.launcher/.Launcher t29}: nowVisible=true waitingVisible=false finishing=false
09-26 12:14:48.816 V/ActivityManager(  683): Ready to stop: ActivityRecord{4fe9c34 u0 com.dpad.launcher/.Launcher t29}
09-26 12:14:48.849 E/BatteryStatsService(  683): no controller energy info supplied
09-26 12:14:48.849 E/BatteryStatsService(  683): no controller energy info supplied
09-26 12:14:48.898 E/BatteryStatsService(  683): modem info is invalid: ModemActivityInfo{ mTimestamp=0 mSleepTimeMs=0 mIdleTimeMs=0 mTxTimeMs[]=[0, 0, 0, 0, 0] mRxTimeMs=0 mEnergyUsed=0}
09-26 12:14:50.133 I/ActivityManager(  683): START u0 {flg=0x8000 cmp=com.android.settings/.Settings$WirelessSettingsActivity (has extras)} from uid 1000 on display 0
09-26 12:14:50.186 V/ActivityManager(  683): Stopping ActivityRecord{920c386 u0 com.android.settings/.Settings t32}: nowVisible=false waitingVisible=true finishing=false
09-26 12:14:50.286 E/UserRestrictionsUtils(  683): Unknown restriction: null
09-26 12:14:50.300 E/UserRestrictionsUtils(  683): Unknown restriction: no_ethernet_settings
09-26 12:14:50.301 E/UserRestrictionsUtils(  683): Unknown restriction: no_ethernet_settings
09-26 12:14:50.867 V/ActivityManager(  683): Stopping ActivityRecord{920c386 u0 com.android.settings/.Settings t32}: nowVisible=false waitingVisible=true finishing=false
09-26 12:14:51.010 V/ActivityManager(  683): Stopping ActivityRecord{920c386 u0 com.android.settings/.Settings t32}: nowVisible=true waitingVisible=false finishing=false
09-26 12:14:51.010 V/ActivityManager(  683): Ready to stop: ActivityRecord{920c386 u0 com.android.settings/.Settings t32}
09-26 12:14:51.656 W/SettingsProvider(  683): You shouldn't keep your settings in the secure settings. This will soon become an error.
09-26 12:14:54.142 W/PackageParser( 9121): Ignoring duplicate uses-permissions/uses-permissions-sdk-m: android.permission.CAMERA in package: com.tencent.android.qqdownloader at: Binary XML file line #141
09-26 12:14:54.142 W/PackageParser( 9121): Ignoring duplicate uses-permissions/uses-permissions-sdk-m: android.permission.ACCESS_NETWORK_STATE in package: com.tencent.android.qqdownloader at: Binary XML file line #142
09-26 12:14:54.143 W/PackageParser( 9121): Ignoring duplicate uses-permissions/uses-permissions-sdk-m: android.permission.ACCESS_WIFI_STATE in package: com.tencent.android.qqdownloader at: Binary XML file line #143
09-26 12:14:54.143 W/PackageParser( 9121): Ignoring duplicate uses-permissions/uses-permissions-sdk-m: android.permission.CHANGE_WIFI_STATE in package: com.tencent.android.qqdownloader at: Binary XML file line #144
09-26 12:14:54.183 W/PackageParser( 9121): Ignoring duplicate uses-permissions/uses-permissions-sdk-m: android.permission.CHANGE_NETWORK_STATE in package: com.tencent.android.qqdownloader at: Binary XML file line #146
09-26 12:14:54.183 W/PackageParser( 9121): Ignoring duplicate uses-permissions/uses-permissions-sdk-m: android.permission.BLUETOOTH in package: com.tencent.android.qqdownloader at: Binary XML file line #147
09-26 12:14:54.184 W/PackageParser( 9121): Ignoring duplicate uses-permissions/uses-permissions-sdk-m: android.permission.INTERNET in package: com.tencent.android.qqdownloader at: Binary XML file line #148
09-26 12:14:54.184 W/PackageParser( 9121): Ignoring duplicate uses-permissions/uses-permissions-sdk-m: android.permission.READ_PHONE_STATE in package: com.tencent.android.qqdownloader at: Binary XML file line #149
09-26 12:14:54.184 W/PackageParser( 9121): Ignoring duplicate uses-permissions/uses-permissions-sdk-m: android.permission.WRITE_SMS in package: com.tencent.android.qqdownloader at: Binary XML file line #150
09-26 12:14:54.390 W/PackageParser( 9121): Ignoring duplicate uses-permissions/uses-permissions-sdk-m: android.permission.WRITE_EXTERNAL_STORAGE in package: com.tencent.android.qqdownloader at: Binary XML file line #154
09-26 12:14:54.393 W/PackageParser( 9121): Ignoring duplicate uses-permissions/uses-permissions-sdk-m: android.permission.BLUETOOTH in package: com.tencent.android.qqdownloader at: Binary XML file line #168
09-26 12:14:54.420 W/PackageParser( 9121): Ignoring duplicate uses-permissions/uses-permissions-sdk-m: android.permission.INTERNET in package: com.tencent.android.qqdownloader at: Binary XML file line #182
09-26 12:14:54.420 W/PackageParser( 9121): Ignoring duplicate uses-permissions/uses-permissions-sdk-m: android.permission.ACCESS_NETWORK_STATE in package: com.tencent.android.qqdownloader at: Binary XML file line #183
09-26 12:14:54.421 W/PackageParser( 9121): Ignoring duplicate uses-permissions/uses-permissions-sdk-m: android.permission.ACCESS_WIFI_STATE in package: com.tencent.android.qqdownloader at: Binary XML file line #184
09-26 12:14:54.421 W/PackageParser( 9121): Ignoring duplicate uses-permissions/uses-permissions-sdk-m: android.permission.READ_PHONE_STATE in package: com.tencent.android.qqdownloader at: Binary XML file line #185
09-26 12:14:54.421 W/PackageParser( 9121): Ignoring duplicate uses-permissions/uses-permissions-sdk-m: android.permission.WAKE_LOCK in package: com.tencent.android.qqdownloader at: Binary XML file line #186
09-26 12:14:54.421 W/PackageParser( 9121): Ignoring duplicate uses-permissions/uses-permissions-sdk-m: android.permission.WRITE_EXTERNAL_STORAGE in package: com.tencent.android.qqdownloader at: Binary XML file line #188
09-26 12:14:54.422 W/PackageParser( 9121): Ignoring duplicate uses-permissions/uses-permissions-sdk-m: com.android.launcher.permission.INSTALL_SHORTCUT in package: com.tencent.android.qqdownloader at: Binary XML file line #190
09-26 12:14:54.422 W/PackageParser( 9121): Ignoring duplicate uses-permissions/uses-permissions-sdk-m: android.permission.CHANGE_WIFI_STATE in package: com.tencent.android.qqdownloader at: Binary XML file line #192
09-26 12:14:54.422 W/PackageParser( 9121): Ignoring duplicate uses-permissions/uses-permissions-sdk-m: android.permission.ACCESS_COARSE_LOCATION in package: com.tencent.android.qqdownloader at: Binary XML file line #193
09-26 12:14:54.688 W/PackageParser( 9121): Ignoring duplicate uses-permissions/uses-permissions-sdk-m: android.permission.INTERNET in package: com.tencent.android.qqdownloader at: Binary XML file line #224
09-26 12:14:54.689 W/PackageParser( 9121): Ignoring duplicate uses-permissions/uses-permissions-sdk-m: android.permission.ACCESS_COARSE_LOCATION in package: com.tencent.android.qqdownloader at: Binary XML file line #225
09-26 12:14:54.690 W/PackageParser( 9121): Ignoring duplicate uses-permissions/uses-permissions-sdk-m: android.permission.ACCESS_FINE_LOCATION in package: com.tencent.android.qqdownloader at: Binary XML file line #226
09-26 12:14:54.690 W/PackageParser( 9121): Ignoring duplicate uses-permissions/uses-permissions-sdk-m: android.permission.ACCESS_NETWORK_STATE in package: com.tencent.android.qqdownloader at: Binary XML file line #227
09-26 12:14:54.690 W/PackageParser( 9121): Ignoring duplicate uses-permissions/uses-permissions-sdk-m: android.permission.ACCESS_WIFI_STATE in package: com.tencent.android.qqdownloader at: Binary XML file line #228
09-26 12:14:54.691 W/PackageParser( 9121): Ignoring duplicate uses-permissions/uses-permissions-sdk-m: android.permission.CAMERA in package: com.tencent.android.qqdownloader at: Binary XML file line #230
09-26 12:14:54.691 W/PackageParser( 9121): Ignoring duplicate uses-permissions/uses-permissions-sdk-m: android.permission.WRITE_EXTERNAL_STORAGE in package: com.tencent.android.qqdownloader at: Binary XML file line #231
09-26 12:14:54.700 W/PackageParser( 9121): Ignoring duplicate uses-permissions/uses-permissions-sdk-m: com.huawei.android.launcher.permission.READ_SETTINGS in package: com.tencent.android.qqdownloader at: Binary XML file line #258
09-26 12:14:54.700 W/PackageParser( 9121): Ignoring duplicate uses-permissions/uses-permissions-sdk-m: com.huawei.android.launcher.permission.WRITE_SETTINGS in package: com.tencent.android.qqdownloader at: Binary XML file line #259
09-26 12:14:55.174 W/PackageParser( 9121): No actions in intent filter at /storage/emulated/0/Download/yingyongbao_7272130.apk Binary XML file line #358
09-26 12:14:55.289 W/PackageParser( 9121): No actions in intent filter at /storage/emulated/0/Download/yingyongbao_7272130.apk Binary XML file line #376
09-26 12:14:55.293 W/PackageParser( 9121): No actions in intent filter at /storage/emulated/0/Download/yingyongbao_7272130.apk Binary XML file line #412
09-26 12:14:55.467 W/PackageParser( 9121): No actions in intent filter at /storage/emulated/0/Download/yingyongbao_7272130.apk Binary XML file line #447
09-26 12:14:55.523 W/PackageParser( 9121): No actions in intent filter at /storage/emulated/0/Download/yingyongbao_7272130.apk Binary XML file line #482
09-26 12:14:55.525 W/PackageParser( 9121): No actions in intent filter at /storage/emulated/0/Download/yingyongbao_7272130.apk Binary XML file line #517
09-26 12:14:57.722 I/WindowManager(  683): Input event dispatching timed out sending to com.android.settings/com.android.settings.Settings$WirelessSettingsActivity.  Reason: Waiting to send key event because the focused window has not finished processing all of the input events that were previously delivered to it.  Outbound queue length: 0.  Wait queue length: 2.
09-26 12:14:57.763 W/InputManager(  683): Input event injection from pid 683 timed out.
09-26 12:14:57.810 W/ActivityManager(  683): Missing app error report, app = com.android.settings crashing = false notResponding = true
09-26 12:14:57.880 W/ActivityManager(  683): Missing app error report, app = com.android.settings crashing = false notResponding = true
09-26 12:14:57.932 W/ActivityManager(  683): Missing app error report, app = com.android.settings crashing = false notResponding = true
09-26 12:14:57.984 W/ActivityManager(  683): Missing app error report, app = com.android.settings crashing = false notResponding = true
09-26 12:14:58.036 W/ActivityManager(  683): Missing app error report, app = com.android.settings crashing = false notResponding = true
09-26 12:14:58.080 W/ActivityManager(  683): Missing app error report, app = com.android.settings crashing = false notResponding = true
09-26 12:14:58.088 W/ActivityManager(  683): Missing app error report, app = com.android.settings crashing = false notResponding = true
09-26 12:14:58.140 W/ActivityManager(  683): Missing app error report, app = com.android.settings crashing = false notResponding = true
09-26 12:14:58.192 W/ActivityManager(  683): Missing app error report, app = com.android.settings crashing = false notResponding = true
09-26 12:14:58.224 W/ActivityManager(  683): Missing app error report, app = com.android.settings crashing = false notResponding = true
09-26 12:14:58.252 W/ActivityManager(  683): Missing app error report, app = com.android.settings crashing = false notResponding = true
09-26 12:14:58.305 W/ActivityManager(  683): Missing app error report, app = com.android.settings crashing = false notResponding = true
09-26 12:14:58.318 W/ActivityManager(  683): Missing app error report, app = com.android.settings crashing = false notResponding = true
09-26 12:14:58.368 W/ActivityManager(  683): Missing app error report, app = com.android.settings crashing = false notResponding = true
09-26 12:14:58.404 W/ActivityManager(  683): Missing app error report, app = com.android.settings crashing = false notResponding = true
09-26 12:14:58.456 W/ActivityManager(  683): Missing app error report, app = com.android.settings crashing = false notResponding = true
09-26 12:14:58.467 W/ActivityManager(  683): Missing app error report, app = com.android.settings crashing = false notResponding = true
09-26 12:14:58.493 W/ActivityManager(  683): Missing app error report, app = com.android.settings crashing = false notResponding = true
09-26 12:14:58.507 W/ActivityManager(  683): Missing app error report, app = com.android.settings crashing = false notResponding = true
09-26 12:14:58.559 W/ActivityManager(  683): Missing app error report, app = com.android.settings crashing = false notResponding = true
09-26 12:14:58.610 W/ActivityManager(  683): Missing app error report, app = com.android.settings crashing = false notResponding = true
09-26 12:14:58.646 W/ActivityManager(  683): Missing app error report, app = com.android.settings crashing = false notResponding = true
09-26 12:14:58.662 W/ActivityManager(  683): Missing app error report, app = com.android.settings crashing = false notResponding = true
09-26 12:14:58.675 W/ActivityManager(  683): Missing app error report, app = com.android.settings crashing = false notResponding = true
09-26 12:14:58.716 W/ActivityManager(  683): Missing app error report, app = com.android.settings crashing = false notResponding = true
09-26 12:14:58.761 W/ActivityManager(  683): Missing app error report, app = com.android.settings crashing = false notResponding = true
09-26 12:14:58.774 W/ActivityManager(  683): Missing app error report, app = com.android.settings crashing = false notResponding = true
09-26 12:14:58.811 W/ActivityManager(  683): Missing app error report, app = com.android.settings crashing = false notResponding = true
09-26 12:14:58.835 W/ActivityManager(  683): Missing app error report, app = com.android.settings crashing = false notResponding = true
09-26 12:14:58.858 W/ActivityManager(  683): Missing app error report, app = com.android.settings crashing = false notResponding = true
09-26 12:14:58.873 W/ActivityManager(  683): Missing app error report, app = com.android.settings crashing = false notResponding = true
09-26 12:14:58.897 W/ActivityManager(  683): Missing app error report, app = com.android.settings crashing = false notResponding = true
09-26 12:14:58.949 W/ActivityManager(  683): Missing app error report, app = com.android.settings crashing = false notResponding = true
09-26 12:14:59.001 W/ActivityManager(  683): Missing app error report, app = com.android.settings crashing = false notResponding = true
09-26 12:14:59.033 W/ActivityManager(  683): Missing app error report, app = com.android.settings crashing = false notResponding = true
09-26 12:14:59.055 W/ActivityManager(  683): Missing app error report, app = com.android.settings crashing = false notResponding = true
09-26 12:14:59.107 W/ActivityManager(  683): Missing app error report, app = com.android.settings crashing = false notResponding = true
09-26 12:14:59.158 W/ActivityManager(  683): Missing app error report, app = com.android.settings crashing = false notResponding = true
09-26 12:14:59.186 W/ActivityManager(  683): Missing app error report, app = com.android.settings crashing = false notResponding = true
09-26 12:14:59.210 W/ActivityManager(  683): Missing app error report, app = com.android.settings crashing = false notResponding = true
09-26 12:14:59.260 W/ActivityManager(  683): Missing app error report, app = com.android.settings crashing = false notResponding = true
09-26 12:14:59.312 W/ActivityManager(  683): Missing app error report, app = com.android.settings crashing = false notResponding = true
09-26 12:14:59.316 W/ActivityManager(  683): Missing app error report, app = com.android.settings crashing = false notResponding = true
09-26 12:14:59.364 W/ActivityManager(  683): Missing app error report, app = com.android.settings crashing = false notResponding = true
09-26 12:14:59.415 W/ActivityManager(  683): Missing app error report, app = com.android.settings crashing = false notResponding = true
09-26 12:14:59.467 W/ActivityManager(  683): Missing app error report, app = com.android.settings crashing = false notResponding = true
09-26 12:14:59.476 W/PackageParser( 9121): No actions in intent filter at /storage/emulated/0/Download/yingyongbao_7272130.apk Binary XML file line #1749
09-26 12:14:59.517 W/ActivityManager(  683): Missing app error report, app = com.android.settings crashing = false notResponding = true
09-26 12:14:59.568 W/ActivityManager(  683): Missing app error report, app = com.android.settings crashing = false notResponding = true
09-26 12:14:59.573 W/ActivityManager(  683): Missing app error report, app = com.android.settings crashing = false notResponding = true
09-26 12:14:59.619 W/ActivityManager(  683): Missing app error report, app = com.android.settings crashing = false notResponding = true
09-26 12:14:59.670 W/ActivityManager(  683): Missing app error report, app = com.android.settings crashing = false notResponding = true
09-26 12:14:59.722 W/ActivityManager(  683): Missing app error report, app = com.android.settings crashing = false notResponding = true
09-26 12:14:59.727 W/ActivityManager(  683): Missing app error report, app = com.android.settings crashing = false notResponding = true
09-26 12:14:59.774 W/ActivityManager(  683): Missing app error report, app = com.android.settings crashing = false notResponding = true
09-26 12:14:59.826 W/ActivityManager(  683): Missing app error report, app = com.android.settings crashing = false notResponding = true
09-26 12:14:59.877 W/ActivityManager(  683): Missing app error report, app = com.android.settings crashing = false notResponding = true
09-26 12:14:59.909 W/ActivityManager(  683): Missing app error report, app = com.android.settings crashing = false notResponding = true
09-26 12:14:59.929 W/ActivityManager(  683): Missing app error report, app = com.android.settings crashing = false notResponding = true
09-26 12:14:59.980 W/ActivityManager(  683): Missing app error report, app = com.android.settings crashing = false notResponding = true
09-26 12:15:00.031 W/ActivityManager(  683): Missing app error report, app = com.android.settings crashing = false notResponding = true
09-26 12:15:00.082 W/ActivityManager(  683): Missing app error report, app = com.android.settings crashing = false notResponding = true
09-26 12:15:00.133 W/ActivityManager(  683): Missing app error report, app = com.android.settings crashing = false notResponding = true
09-26 12:15:00.183 W/ActivityManager(  683): Missing app error report, app = com.android.settings crashing = false notResponding = true
09-26 12:15:00.234 W/ActivityManager(  683): Missing app error report, app = com.android.settings crashing = false notResponding = true
09-26 12:15:00.265 W/ActivityManager(  683): Missing app error report, app = com.android.settings crashing = false notResponding = true
09-26 12:15:00.285 W/ActivityManager(  683): Missing app error report, app = com.android.settings crashing = false notResponding = true
09-26 12:15:00.337 W/ActivityManager(  683): Missing app error report, app = com.android.settings crashing = false notResponding = true
09-26 12:15:00.388 W/ActivityManager(  683): Missing app error report, app = com.android.settings crashing = false notResponding = true
09-26 12:15:00.439 W/ActivityManager(  683): Missing app error report, app = com.android.settings crashing = false notResponding = true
09-26 12:15:00.451 W/ActivityManager(  683): Missing app error report, app = com.android.settings crashing = false notResponding = true
09-26 12:15:00.490 W/ActivityManager(  683): Missing app error report, app = com.android.settings crashing = false notResponding = true
09-26 12:15:00.541 W/ActivityManager(  683): Missing app error report, app = com.android.settings crashing = false notResponding = true
09-26 12:15:00.593 W/ActivityManager(  683): Missing app error report, app = com.android.settings crashing = false notResponding = true
09-26 12:15:00.645 W/ActivityManager(  683): Missing app error report, app = com.android.settings crashing = false notResponding = true
09-26 12:15:00.697 W/ActivityManager(  683): Missing app error report, app = com.android.settings crashing = false notResponding = true
09-26 12:15:00.748 W/ActivityManager(  683): Missing app error report, app = com.android.settings crashing = false notResponding = true
09-26 12:15:00.799 W/ActivityManager(  683): Missing app error report, app = com.android.settings crashing = false notResponding = true
09-26 12:15:00.806 W/ActivityManager(  683): Missing app error report, app = com.android.settings crashing = false notResponding = true
09-26 12:15:00.850 W/ActivityManager(  683): Missing app error report, app = com.android.settings crashing = false notResponding = true
09-26 12:15:00.901 W/ActivityManager(  683): Missing app error report, app = com.android.settings crashing = false notResponding = true
09-26 12:15:00.995 W/ActivityManager(  683): Missing app error report, app = com.android.settings crashing = false notResponding = true
09-26 12:15:01.345 W/ActivityManager(  683): Missing app error report, app = com.android.settings crashing = false notResponding = true
09-26 12:15:01.418 W/ActivityManager(  683): Missing app error report, app = com.android.settings crashing = false notResponding = true
09-26 12:15:01.536 W/ActivityManager(  683): Missing app error report, app = com.android.settings crashing = false notResponding = true
09-26 12:15:01.886 W/ActivityManager(  683): Missing app error report, app = com.android.settings crashing = false notResponding = true
09-26 12:15:02.076 W/ActivityManager(  683): Missing app error report, app = com.android.settings crashing = false notResponding = true
09-26 12:15:02.426 W/ActivityManager(  683): Missing app error report, app = com.android.settings crashing = false notResponding = true
09-26 12:15:02.615 W/ActivityManager(  683): Missing app error report, app = com.android.settings crashing = false notResponding = true
09-26 12:15:02.773 I/WindowManager(  683): Input event dispatching timed out sending to com.android.settings/com.android.settings.Settings$WirelessSettingsActivity.  Reason: Waiting to send key event because the focused window has not finished processing all of the input events that were previously delivered to it.  Outbound queue length: 0.  Wait queue length: 2.
09-26 12:15:02.996 W/ActivityManager(  683): Missing app error report, app = com.android.settings crashing = false notResponding = true
09-26 12:15:03.071 W/ActivityManager(  683): Missing app error report, app = com.android.settings crashing = false notResponding = true
09-26 12:15:03.123 W/ActivityManager(  683): Missing app error report, app = com.android.settings crashing = false notResponding = true
09-26 12:15:03.156 W/ActivityManager(  683): Missing app error report, app = com.android.settings crashing = false notResponding = true
09-26 12:15:03.174 W/ActivityManager(  683): Missing app error report, app = com.android.settings crashing = false notResponding = true
09-26 12:15:03.226 W/ActivityManager(  683): Missing app error report, app = com.android.settings crashing = false notResponding = true
09-26 12:15:03.277 W/ActivityManager(  683): Missing app error report, app = com.android.settings crashing = false notResponding = true
09-26 12:15:03.316 W/ActivityManager(  683): Missing app error report, app = com.android.settings crashing = false notResponding = true
09-26 12:15:03.327 W/ActivityManager(  683): Missing app error report, app = com.android.settings crashing = false notResponding = true
09-26 12:15:03.378 W/ActivityManager(  683): Missing app error report, app = com.android.settings crashing = false notResponding = true
09-26 12:15:03.429 W/ActivityManager(  683): Missing app error report, app = com.android.settings crashing = false notResponding = true
09-26 12:15:03.481 W/ActivityManager(  683): Missing app error report, app = com.android.settings crashing = false notResponding = true
09-26 12:15:03.532 W/ActivityManager(  683): Missing app error report, app = com.android.settings crashing = false notResponding = true
09-26 12:15:03.583 W/ActivityManager(  683): Missing app error report, app = com.android.settings crashing = false notResponding = true
09-26 12:15:03.600 W/ActivityManager(  683): Missing app error report, app = com.android.settings crashing = false notResponding = true
09-26 12:15:03.634 W/ActivityManager(  683): Missing app error report, app = com.android.settings crashing = false notResponding = true
09-26 12:15:03.685 W/ActivityManager(  683): Missing app error report, app = com.android.settings crashing = false notResponding = true
09-26 12:15:03.698 W/ActivityManager(  683): Missing app error report, app = com.android.settings crashing = false notResponding = true
09-26 12:15:03.705 W/ActivityManager(  683): Missing app error report, app = com.android.settings crashing = false notResponding = true
09-26 12:15:03.736 W/ActivityManager(  683): Missing app error report, app = com.android.settings crashing = false notResponding = true
09-26 12:15:03.787 W/ActivityManager(  683): Missing app error report, app = com.android.settings crashing = false notResponding = true
09-26 12:15:03.838 W/ActivityManager(  683): Missing app error report, app = com.android.settings crashing = false notResponding = true
09-26 12:15:03.860 W/ActivityManager(  683): Missing app error report, app = com.android.settings crashing = false notResponding = true
09-26 12:15:03.890 W/ActivityManager(  683): Missing app error report, app = com.android.settings crashing = false notResponding = true
09-26 12:15:03.942 W/ActivityManager(  683): Missing app error report, app = com.android.settings crashing = false notResponding = true
09-26 12:15:03.953 W/PackageParser( 9121): Ignoring duplicate uses-permissions/uses-permissions-sdk-m: android.permission.CAMERA in package: com.tencent.android.qqdownloader at: Binary XML file line #141
