09-26 12:25:13.404 D/NativeWindowBuffer(  357): registered graphic buffer with ID 0x4a (pointer = 0xe65876a0 , 0xe6587600) phy_addr = 0 buftype = 1
09-26 12:25:13.404 D/GRALLOC-ROCKCHIP(  251): enter, w : 1280, h : 720, format : 0x15, usage : 0x2930.
09-26 12:25:13.407 D/GRALLOC-ROCKCHIP(  357): enter, w : 1280, h : 720, format : 0x15, usage : 0x2930.
09-26 12:25:13.408 D/NativeWindowBuffer(  357): registered graphic buffer with ID 0x4c (pointer = 0xe6587880 , 0xe65877e0) phy_addr = 0 buftype = 1
09-26 12:25:13.408 D/GRALLOC-ROCKCHIP(  251): enter, w : 1280, h : 720, format : 0x15, usage : 0x2930.
09-26 12:25:13.411 D/GRALLOC-ROCKCHIP(  357): enter, w : 1280, h : 720, format : 0x15, usage : 0x2930.
09-26 12:25:13.411 D/NativeWindowBuffer(  357): registered graphic buffer with ID 0x4e (pointer = 0xe6587a60 , 0xe65879c0) phy_addr = 0 buftype = 1
09-26 12:25:13.411 D/GRALLOC-ROCKCHIP(  251): enter, w : 1280, h : 720, format : 0x15, usage : 0x2930.
09-26 12:25:13.414 D/GRALLOC-ROCKCHIP(  357): enter, w : 1280, h : 720, format : 0x15, usage : 0x2930.
09-26 12:25:13.415 D/NativeWindowBuffer(  357): registered graphic buffer with ID 0x50 (pointer = 0xe6587c40 , 0xe6587ba0) phy_addr = 0 buftype = 1
09-26 12:25:13.415 D/GRALLOC-ROCKCHIP(  251): enter, w : 1280, h : 720, format : 0x15, usage : 0x2930.
09-26 12:25:13.418 D/GRALLOC-ROCKCHIP(  357): enter, w : 1280, h : 720, format : 0x15, usage : 0x2930.
09-26 12:25:13.418 D/NativeWindowBuffer(  357): registered graphic buffer with ID 0x52 (pointer = 0xe6587e20 , 0xe6587d80) phy_addr = 0 buftype = 1
09-26 12:25:13.418 D/GRALLOC-ROCKCHIP(  251): enter, w : 1280, h : 720, format : 0x15, usage : 0x2930.
09-26 12:25:13.422 D/GRALLOC-ROCKCHIP(  357): enter, w : 1280, h : 720, format : 0x15, usage : 0x2930.
09-26 12:25:13.422 D/NativeWindowBuffer(  357): registered graphic buffer with ID 0x54 (pointer = 0xe5e71000 , 0xe6587f60) phy_addr = 0 buftype = 1
09-26 12:25:13.422 D/NativeWindowBuffer(  357): Calling cancelBuffer on buffer 0x16 hanlde( 0xe6584540 )
09-26 12:25:13.422 D/NativeWindowBuffer(  357): Calling cancelBuffer on buffer 0x18 hanlde( 0xe65847c0 )
09-26 12:25:13.422 D/NativeWindowBuffer(  357): Calling cancelBuffer on buffer 0x1a hanlde( 0xe65849a0 )
09-26 12:25:13.423 D/NativeWindowBuffer(  357): Calling cancelBuffer on buffer 0x1c hanlde( 0xe6584b80 )
09-26 12:25:13.423 D/RenderBase(  357): setBufferResolution: bufWidth: 1280, bufHeight: 720
09-26 12:25:13.423 D/RockFFPlayerBase(  357): mOutputPorBuffers = 0xe6654dd4 mNativeWindowBufferAlloctor->getBufferInfo() =0xe6654dd4
09-26 12:25:13.423 D/FrameManage(  357): setBufferInfo mOutPutBuffer = 0xe6654dd4
09-26 12:25:13.423 E/FrameManage(  357): Priority scheduling not supported
09-26 12:25:13.423 D/FFMpegThread(  357): startAsync:threadname=DecoderVideo
09-26 12:25:13.423 D/FFMpegThread(  357): DecoderVideo:starting thread
09-26 12:25:13.423 D/DecodeVideo(  357): Prepare video decoder in
09-26 12:25:13.423 D/RockFFPlayer(  357): doStart(): mSeekTimeUs = -1
09-26 12:25:13.423 D/DecodeVideo(  357): Use the new Vpu Framework
09-26 12:25:13.423 D/RockFFPlayer(  357): doStart ok
09-26 12:25:13.423 D/RockFFPlayer(  357): run : dequeueMessage Message 2 OK
09-26 12:25:13.423 E/TraceThread(  357):    RkFrameManage(tid = 3828873504)--> [UID=60fa82a5] RkFrameManage::Threadproc
09-26 12:25:13.423 D/RockFFPlayer(  357): Messagecomplete type [2]
09-26 12:25:13.423 D/RockFFPlayer(  357): run : Message 2 complete
09-26 12:25:13.423 D/RockFFPlayer(  357): enqueueMessage:sync wait ok
09-26 12:25:13.423 D/vpu_api (  357): vpu_open_context in
09-26 12:25:13.423 D/DecodeVideo(  357): hwprepare: codec init_extradata(ctx:0xe6604980) size = 39, offset = 0
09-26 12:25:13.423 D/vpu_api (  357): vpu_api_init in, extra_size: 39
09-26 12:25:13.425 I/H264_DEBUG(  357): init done status 0, ts_en = 3 debug 0
09-26 12:25:13.426 D/DecodeVideo(  357): hwprepare: codec init_extradata(ctx:0xe6604980) ok
09-26 12:25:13.426 D/vpu_api (  357): codec 0xe6604980 work thread created
09-26 12:25:13.426 D/DecodeVideo(  357): CommitBuffer2VpuPool dupshared_fd = 0x5b share_fd = 0x1e
09-26 12:25:13.427 D/DecodeVideo(  357): CommitBuffer2VpuPool dupshared_fd = 0x5c share_fd = 0x20
09-26 12:25:13.427 D/DecodeVideo(  357): CommitBuffer2VpuPool dupshared_fd = 0x5d share_fd = 0x22
09-26 12:25:13.427 D/DecodeVideo(  357): CommitBuffer2VpuPool dupshared_fd = 0x5e share_fd = 0x24
09-26 12:25:13.427 D/DecodeVideo(  357): CommitBuffer2VpuPool dupshared_fd = 0x5f share_fd = 0x26
09-26 12:25:13.427 D/DecodeVideo(  357): CommitBuffer2VpuPool dupshared_fd = 0x60 share_fd = 0x28
09-26 12:25:13.427 D/DecodeVideo(  357): CommitBuffer2VpuPool dupshared_fd = 0x61 share_fd = 0x2a
09-26 12:25:13.427 D/DecodeVideo(  357): CommitBuffer2VpuPool dupshared_fd = 0x62 share_fd = 0x2c
09-26 12:25:13.428 D/DecodeVideo(  357): CommitBuffer2VpuPool dupshared_fd = 0x63 share_fd = 0x2e
09-26 12:25:13.428 D/DecodeVideo(  357): CommitBuffer2VpuPool dupshared_fd = 0x64 share_fd = 0x30
09-26 12:25:13.428 D/DecodeVideo(  357): CommitBuffer2VpuPool dupshared_fd = 0x65 share_fd = 0x32
09-26 12:25:13.428 D/DecodeVideo(  357): CommitBuffer2VpuPool dupshared_fd = 0x66 share_fd = 0x34
09-26 12:25:13.428 D/DecodeVideo(  357): CommitBuffer2VpuPool dupshared_fd = 0x67 share_fd = 0x36
09-26 12:25:13.428 D/DecodeVideo(  357): CommitBuffer2VpuPool dupshared_fd = 0x68 share_fd = 0x38
09-26 12:25:13.429 D/DecodeVideo(  357): CommitBuffer2VpuPool dupshared_fd = 0x69 share_fd = 0x3a
09-26 12:25:13.429 D/DecodeVideo(  357): CommitBuffer2VpuPool dupshared_fd = 0x6a share_fd = 0x3c
09-26 12:25:13.429 D/DecodeVideo(  357): CommitBuffer2VpuPool dupshared_fd = 0x6b share_fd = 0x3e
09-26 12:25:13.429 D/DecodeVideo(  357): CommitBuffer2VpuPool dupshared_fd = 0x6c share_fd = 0x40
09-26 12:25:13.429 D/DecodeVideo(  357): Prepare video decoder ok
09-26 12:25:13.429 E/TraceThread(  357):     DecoderVideo(tid = 3827300640)--> [UID=60fa82a5] DecoderVideo::decode
09-26 12:25:13.429 E/DecodeVideo(  357): send first picture data!
09-26 12:25:13.429 E/DecodeVideo(  357): RkMark DecoderVideo ctx->no_thread send ts stream first time!
09-26 12:25:13.431 I/H264_DEBUG(  357): decoded width 1280  decoded height 720
09-26 12:25:13.431 I/H264_DEBUG(  357): display width 1280, display height 720
09-26 12:25:13.438 E/kaka    ( 6557): totalFree:2038419456
09-26 12:25:13.440 D/RockFFPlayer(  357): set videoFirstFrame=0
09-26 12:25:13.440 E/RockFFPlayer(  357): RkMark decode video push frame for the first time
09-26 12:25:13.442 D/RockFFPlayer(  357): onDisplayEvent(): FIRST_FRAME 
09-26 12:25:13.442 E/RockFFPlayerBase(  357): ********************* printKeyPerformanceIndicator *********************
09-26 12:25:13.442 D/DumpPlayer(  357): Module Name: Time for Switch Channel 
09-26 12:25:13.442 D/DumpPlayer(  357): 12:25:13.052 OP:SetDataSource            value: 2884283
09-26 12:25:13.442 D/DumpPlayer(  357): 12:25:13.064 OP:PrepareDataSource        value: 2884295(12)
09-26 12:25:13.442 D/DumpPlayer(  357): 12:25:13.075 OP:ProbeOut                 value: 2884307(11)
09-26 12:25:13.442 D/DumpPlayer(  357): 12:25:13.423 OP:AllocBuffer              value: 2884654(347)
09-26 12:25:13.442 D/DumpPlayer(  357): 12:25:13.440 OP:FirstSendHW              value: 2884660(6)
09-26 12:25:13.442 D/DumpPlayer(  357): 12:25:13.442 OP:FirstFrame               value: 2884673(12)
09-26 12:25:13.442 D/DumpPlayer(  357): OP:Totaltime                value: 388 
09-26 12:25:13.442 D/DumpPlayer(  357):  
09-26 12:25:13.442 E/RockFFPlayerBase(  357): ************************************************************************
09-26 12:25:13.442 D/RockFFPlayer(  357): *****************onDisplayEvent:audio flush set timeus=0
09-26 12:25:13.442 D/RockFFPlayerBase(  357): renderFrame: render frame num: 1
09-26 12:25:13.442 D/RockFFPlayer(  357): Notify media info event <rendering start>
09-26 12:25:13.443 D/RockFFPlayer(  357): Channel switched use time 390 ms
09-26 12:25:13.443 D/RockFFPlayer(  357): onDisplayProcess(4187) render first frame
09-26 12:25:13.443 W/MediaPlayer( 9886): info/warning (3, 0)
09-26 12:25:13.446 D/GRALLOC-ROCKCHIP(  251): enter, w : 1080, h : 1920, format : 0x1, usage : 0xb00.
09-26 12:25:13.453 D/DecodeVideo(  357): commitHdl2Vpu dupshared_fd = 0x6e shared_fd = 0x16 
09-26 12:25:13.460 D/GRALLOC-ROCKCHIP( 9886): enter, w : 1080, h : 1920, format : 0x1, usage : 0xb00.
09-26 12:25:13.466 D/GRALLOC-ROCKCHIP(  251): enter, w : 1080, h : 1920, format : 0x15, usage : 0x33.
09-26 12:25:13.467 D/GRALLOC-ROCKCHIP(  251): [File] : hardware/rockchip/libgralloc/gralloc_drm_rockchip.c; [Line] : 1315; [Func] : drm_gem_rockchip_alloc;
09-26 12:25:13.467 D/GRALLOC-ROCKCHIP(  251): to ask for cachable buffer for CPU read, usage : 0x33
09-26 12:25:13.471 D/RockFFPlayerBase(  357): renderFrame: render frame num: 2
09-26 12:25:13.482 D/GRALLOC-ROCKCHIP(  251): enter, w : 1080, h : 1920, format : 0x15, usage : 0x33.
09-26 12:25:13.482 D/GRALLOC-ROCKCHIP(  251): [File] : hardware/rockchip/libgralloc/gralloc_drm_rockchip.c; [Line] : 1315; [Func] : drm_gem_rockchip_alloc;
09-26 12:25:13.482 D/GRALLOC-ROCKCHIP(  251): to ask for cachable buffer for CPU read, usage : 0x33
09-26 12:25:13.484 D/DecodeVideo(  357): commitHdl2Vpu dupshared_fd = 0x6f shared_fd = 0x18 
09-26 12:25:13.499 D/GRALLOC-ROCKCHIP(  251): enter, w : 1080, h : 1920, format : 0x15, usage : 0x33.
09-26 12:25:13.499 D/GRALLOC-ROCKCHIP(  251): [File] : hardware/rockchip/libgralloc/gralloc_drm_rockchip.c; [Line] : 1315; [Func] : drm_gem_rockchip_alloc;
09-26 12:25:13.499 D/GRALLOC-ROCKCHIP(  251): to ask for cachable buffer for CPU read, usage : 0x33
09-26 12:25:13.501 V/ActivityManager(  683): Stopping ActivityRecord{ee7e3d0 u0 android/com.android.internal.app.ResolverActivity t39 f}: nowVisible=true waitingVisible=false finishing=true
09-26 12:25:13.501 V/ActivityManager(  683): Ready to stop: ActivityRecord{ee7e3d0 u0 android/com.android.internal.app.ResolverActivity t39 f}
09-26 12:25:13.501 D/DecodeVideo(  357): commitHdl2Vpu dupshared_fd = 0x70 shared_fd = 0x1a 
09-26 12:25:13.508 E/kaka    (10122): totalFree:2038038528
09-26 12:25:13.534 D/DecodeVideo(  357): commitHdl2Vpu dupshared_fd = 0x71 shared_fd = 0x1c 
09-26 12:25:14.276 I/ConnectDebug( 5713): (1537935914276) 1537935914275cmd rate 0.79 KB
09-26 12:25:14.433 D/RockFFPlayer(  357): url_feof=0,err=0
09-26 12:25:14.433 I/RockFFPlayer(  357): av_read_frame end of stream ret = -541478725
09-26 12:25:14.620 E/ContextUtil( 5713): dji.go.v4 5713
09-26 12:25:14.624 E/DJIStreamLocalSocket( 5713): ExitSocket =  ContextUtil.isAppBroughtToBackground()
09-26 12:25:14.734 I/DJILocationManager( 5713): Attempting to get last known location from default providers...
09-26 12:25:14.924 E/RockFFPlayer(  357): doGetTrackInfo: track size = 1
09-26 12:25:15.448 E/RKDebugManager(  357): RkPerfStat Sync:60 Display:80 Video:40Frames(1004-2007ms) FPS:44 Audio:(1004-2006ms)
09-26 12:25:15.631 D/alsa_route(  362): route_set_controls() set route 24
09-26 12:25:15.631 D/AudioHardwareTiny(  362): close device
09-26 12:25:15.972 D/abc     ( 1191): ========================================================
09-26 12:25:15.972 D/abc     ( 1191): change@/devices/platform/virtual_battery/power_supply/dji-bat
09-26 12:25:15.972 D/abc     ( 1191): ACTION=change
09-26 12:25:15.972 D/abc     ( 1191): DEVPATH=/devices/platform/virtual_battery/power_supply/dji-bat
09-26 12:25:15.972 D/abc     ( 1191): SUBSYSTEM=power_supply
09-26 12:25:15.972 D/abc     ( 1191): POWER_SUPPLY_NAME=dji-bat
09-26 12:25:15.972 D/abc     ( 1191): POWER_SUPPLY_CAPACITY=78
09-26 12:25:15.972 D/abc     ( 1191): POWER_SUPPLY_STATUS=Unknown
09-26 12:25:15.972 D/abc     ( 1191): POWER_SUPPLY_HEALTH=Good
09-26 12:25:15.972 D/abc     ( 1191): POWER_SUPPLY_PRESENT=1
09-26 12:25:15.972 D/abc     ( 1191): POWER_SUPPLY_VOLTAGE_NOW=7776000
09-26 12:25:15.972 D/abc     ( 1191): POWER_SUPPLY_TIME_TO_EMPTY_NOW=0
09-26 12:25:15.972 D/abc     ( 1191): POWER_SUPPLY_TECHNOLOGY=Li-ion
09-26 12:25:15.972 D/abc     ( 1191): POWER_SUPPLY_TEMP=37
09-26 12:25:15.972 D/abc     ( 1191): POWER_SUPPLY_CHARGE_ENABLED=1
09-26 12:25:15.972 D/abc     ( 1191): SEQNUM=3184
09-26 12:25:15.972 D/abc     ( 1191): event { action = 'change', path = '/devices/platform/virtual_battery/power_supply/dji-bat', subsystem = 'power_supply', firmware = '', major = -1, minor = -1 , devname = '', devtype = ''}
09-26 12:25:16.158 E/ContextUtil( 5713): dji.go.v4 5713
09-26 12:25:16.160 E/DJIStreamLocalSocket( 5713): ExitSocket =  ContextUtil.isAppBroughtToBackground()
09-26 12:25:16.279 I/ConnectDebug( 5713): (1537935916279) 1537935916279cmd rate 0.99 KB
09-26 12:25:16.338 I/System.out( 9886): +++++++++++++++++++++++++++++++++mMediaPlayer.pause() ms
09-26 12:25:16.340 I/chatty  (  683): uid=1000(system) Binder:683_14 expire 4 lines
09-26 12:25:16.369 D/RockFFPlayer(  357): onDisplayEvent atime 2927274 vtime 2925111 latenessUs 2163 rawpts 2925111
09-26 12:25:16.371 D/RockFFPlayer(  357): pause: in
09-26 12:25:16.371 D/RockFFPlayerBase(  357): dumpStatus(): Started
09-26 12:25:16.371 D/RockFFPlayer(  357): enter enqueueMessage
09-26 12:25:16.371 D/RockFFPlayer(  357): enqueueMessage:****1
09-26 12:25:16.371 D/RockFFPlayer(  357): enqueueMessage:****2
09-26 12:25:16.371 D/RockFFPlayer(  357): enqueueMessage:****3
09-26 12:25:16.371 D/RockFFPlayer(  357): enqueueMessage:Message 1,set signal
09-26 12:25:16.371 D/RockFFPlayer(  357): enqueueMessage:sync wait
09-26 12:25:16.371 D/RockFFPlayer(  357): deliverMessage 
09-26 12:25:16.371 D/RockFFPlayer(  357): run : dequeueMessage Message 5
09-26 12:25:16.371 D/RockFFPlayer(  357): CMD_PAUSE
09-26 12:25:16.371 D/RockFFPlayer(  357): doPause
09-26 12:25:16.371 D/RockFFPlayerBase(  357): dumpStatus(): Paused
09-26 12:25:16.371 D/RockFFPlayer(  357): doPause**1
09-26 12:25:16.371 D/DecodeVideo(  357): Pause video decoder in state 4
09-26 12:25:16.371 D/DecodeVideo(  357): Pause video decoder ok
09-26 12:25:16.371 D/RockFFPlayer(  357): doPause**2
09-26 12:25:16.371 D/RockFFPlayer(  357): doPause**3
09-26 12:25:16.372 D/RockFFPlayer(  357): doPause**4
09-26 12:25:16.372 D/RockFFPlayer(  357): doPause**5
09-26 12:25:16.372 D/RockFFPlayer(  357): run : dequeueMessage Message 5 OK
09-26 12:25:16.372 D/RockFFPlayer(  357): Messagecomplete type [5]
09-26 12:25:16.372 D/RockFFPlayer(  357): run : Message 5 complete
09-26 12:25:16.372 D/RockFFPlayer(  357): enqueueMessage:sync wait ok
09-26 12:25:16.375 I/chatty  (  683): uid=1000(system) Binder:683_A expire 22 lines
09-26 12:25:16.458 W/ViewRootImpl[VideoPlayActivity]( 9886): Cancelling event due to no window focus: KeyEvent { action=ACTION_UP, keyCode=KEYCODE_BACK, scanCode=158, metaState=0, flags=0x28, repeatCount=0, eventTime=2887646, downTime=2887559, deviceId=0, source=0x101 }
09-26 12:25:16.458 W/ViewRootImpl[VideoPlayActivity]( 9886): Cancelling event due to no window focus: KeyEvent { action=ACTION_UP, keyCode=KEYCODE_BACK, scanCode=158, metaState=0, flags=0x28, repeatCount=0, eventTime=2887646, downTime=2887559, deviceId=0, source=0x101 }
09-26 12:25:16.458 W/ViewRootImpl[VideoPlayActivity]( 9886): Cancelling event due to no window focus: KeyEvent { action=ACTION_UP, keyCode=KEYCODE_BACK, scanCode=158, metaState=0, flags=0x28, repeatCount=0, eventTime=2887646, downTime=2887559, deviceId=0, source=0x101 }
09-26 12:25:16.477 I/DualScreen( 9886): onKeyUp->keyCode:4
09-26 12:25:16.477 W/ViewRootImpl[VideoPlayActivity]( 9886): Cancelling event due to no window focus: KeyEvent { action=ACTION_UP, keyCode=KEYCODE_BACK, scanCode=158, metaState=0, flags=0x28, repeatCount=0, eventTime=2887646, downTime=2887559, deviceId=0, source=0x101 }
09-26 12:25:16.478 W/ViewRootImpl[VideoPlayActivity]( 9886): Cancelling event due to no window focus: KeyEvent { action=ACTION_UP, keyCode=KEYCODE_BACK, scanCode=158, metaState=0, flags=0x28, repeatCount=0, eventTime=2887646, downTime=2887559, deviceId=0, source=0x101 }
09-26 12:25:16.478 W/ViewRootImpl[VideoPlayActivity]( 9886): Cancelling event due to no window focus: KeyEvent { action=ACTION_UP, keyCode=KEYCODE_BACK, scanCode=158, metaState=0, flags=0x28, repeatCount=0, eventTime=2887646, downTime=2887559, deviceId=0, source=0x101 }
09-26 12:25:16.478 D/GRALLOC-ROCKCHIP(  251): enter, w : 1920, h : 1080, format : 0x1, usage : 0x900.
09-26 12:25:16.490 D/GRALLOC-ROCKCHIP(  251): enter, w : 1920, h : 1080, format : 0x1, usage : 0x900.
09-26 12:25:16.500 I/chatty  (  683): uid=1000(system) InputReader expire 1 line
09-26 12:25:16.504 D/GRALLOC-ROCKCHIP(  251): enter, w : 1920, h : 1080, format : 0x1, usage : 0x900.
09-26 12:25:16.517 D/GRALLOC-ROCKCHIP(  251): enter, w : 1920, h : 1080, format : 0x1, usage : 0x900.
09-26 12:25:16.530 E/BufferQueueProducer(  251): [com.android.documentsui/com.dji.documentsui.ui.activity.DJICategoriesStackActivity] connect: already connected (cur=1 req=1)
09-26 12:25:16.531 D/mali_winsys(10043): EGLint new_window_surface(egl_winsys_display*, void*, EGLSurface, EGLConfig, egl_winsys_surface**, egl_color_buffer_format*, EGLBoolean) returns 0x3000
09-26 12:25:16.543 D/GRALLOC-ROCKCHIP(  251): enter, w : 1080, h : 1920, format : 0x1, usage : 0xb00.
09-26 12:25:16.555 D/GRALLOC-ROCKCHIP(10043): enter, w : 1080, h : 1920, format : 0x1, usage : 0xb00.
09-26 12:25:16.564 D/GRALLOC-ROCKCHIP(  251): enter, w : 1080, h : 1920, format : 0x1, usage : 0xb00.
09-26 12:25:16.578 D/GRALLOC-ROCKCHIP(10043): enter, w : 1080, h : 1920, format : 0x1, usage : 0xb00.
09-26 12:25:16.589 I/chatty  (  683): uid=1000(system) android.display expire 2 lines
09-26 12:25:16.606 V/ActivityManager(  683): Stopping ActivityRecord{c505232 u0 android.rk.RockVideoPlayer/.VideoPlayActivity t39 f}: nowVisible=true waitingVisible=true finishing=true
09-26 12:25:16.607 V/ActivityManager(  683): Before stopping, can hide: ActivityRecord{c505232 u0 android.rk.RockVideoPlayer/.VideoPlayActivity t39 f}
09-26 12:25:16.610 D/RockFFPlayer(  357): reset: in
09-26 12:25:16.610 D/RockFFPlayerBase(  357): dumpStatus(): Paused
09-26 12:25:16.610 D/RockFFPlayer(  357): reset: stop_l in
09-26 12:25:16.610 D/RockFFPlayer(  357): stop_l: in
09-26 12:25:16.610 D/RockFFPlayer(  357): enter enqueueMessage
09-26 12:25:16.610 D/RockFFPlayer(  357): enqueueMessage:****1
09-26 12:25:16.610 D/RockFFPlayer(  357): enqueueMessage:****2
09-26 12:25:16.610 D/RockFFPlayer(  357): enqueueMessage:****3
09-26 12:25:16.610 D/RockFFPlayer(  357): enqueueMessage:Message 1,set signal
09-26 12:25:16.610 D/RockFFPlayer(  357): enqueueMessage:sync wait
09-26 12:25:16.610 D/RockFFPlayer(  357): deliverMessage 
09-26 12:25:16.610 D/RockFFPlayer(  357): run : dequeueMessage Message 4
09-26 12:25:16.610 D/RockFFPlayer(  357): CMD_STOP
09-26 12:25:16.610 D/RockFFPlayer(  357): doStop: in
09-26 12:25:16.610 D/RockFFPlayerBase(  357): dumpStatus(): Paused
09-26 12:25:16.610 D/RockFFPlayerBase(  357): dumpStatus(): Stopped
09-26 12:25:16.610 D/RockFFPlayer(  357): doRelease: in
09-26 12:25:16.610 I/FFIDecoder(  357): waiting on end of decoder thread
09-26 12:25:16.610 E/FFMpegThread(  357): DecoderVideo,wait
09-26 12:25:16.610 D/FFMpegThread(  357): DecoderVideo:wait at pthread_join
09-26 12:25:16.610 E/TraceThread(  357):     DecoderVideo(tid = 3827300640)--> [UID=60fa82a5] pthread_join begin
09-26 12:25:16.610 I/RockFFPlayer(  357): readthread end of playing
09-26 12:25:16.611 D/FFMpegThread(  357): DecoderVideo:thread ended
09-26 12:25:16.611 E/TraceThread(  357):     DecoderVideo(tid = 3827300640)--> [UID=60fa82a5] pthread_join end
09-26 12:25:16.611 E/FFMpegThread(  357): DecoderVideo:wait ok mThreadStatus=-1
09-26 12:25:16.611 D/GRALLOC-ROCKCHIP(  251): enter, w : 1080, h : 1920, format : 0x1, usage : 0xb00.
09-26 12:25:16.616 E/RockFFPlayerBase(  357): FFMPlayerBase::flushRenderQueue in
09-26 12:25:16.616 E/RockFFPlayerBase(  357): FFMPlayerBase::flushRenderQueue out
09-26 12:25:16.616 E/TraceThread(  357):    RkFrameManage(tid = 3828873504)--> [UID=60fa82a5] pthread_join begin
09-26 12:25:16.617 D/FrameManage(  357): FrameQueueManage::Displayframe stoped
09-26 12:25:16.618 E/TraceThread(  357):    RkFrameManage(tid = 3828873504)--> [UID=60fa82a5] pthread_join end
09-26 12:25:16.618 D/HdmiDrmParser(  357): ~DrmHdmiManager
09-26 12:25:16.618 D/RenderBase(  357): powerControl write: 0,width=1280,height=720,ishevc=0,videoFramerate=0,streamBitrate=8
09-26 12:25:16.618 E/RenderShared(  357): ~RkRenderer in
09-26 12:25:16.619 D/RenderBase(  357): renderBlackFrame:width = 1280,height = 720
09-26 12:25:16.619 I/RenderBase(  357): renderBlackFrame, set buffer black, bitDepth: 8, format: 21
09-26 12:25:16.620 E/RenderShared(  357): ~RkRenderer out
09-26 12:25:16.620 D/NativeWindowBuffer(  357): Calling cancelBuffer on buffer 0x16 hanlde( 0xe6584540 )
09-26 12:25:16.620 D/NativeWindowBuffer(  357): Calling cancelBuffer on buffer 0x18 hanlde( 0xe65847c0 )
09-26 12:25:16.621 D/NativeWindowBuffer(  357): Calling cancelBuffer on buffer 0x1a hanlde( 0xe65849a0 )
09-26 12:25:16.621 D/NativeWindowBuffer(  357): Calling cancelBuffer on buffer 0x1c hanlde( 0xe6584b80 )
09-26 12:25:16.621 D/NativeWindowBuffer(  357): Calling cancelBuffer on buffer 0x1e hanlde( 0xe6584d60 )
09-26 12:25:16.621 D/NativeWindowBuffer(  357): Calling cancelBuffer on buffer 0x20 hanlde( 0xe6584ea0 )
09-26 12:25:16.621 D/NativeWindowBuffer(  357): Calling cancelBuffer on buffer 0x22 hanlde( 0xe6585080 )
09-26 12:25:16.621 D/NativeWindowBuffer(  357): Calling cancelBuffer on buffer 0x24 hanlde( 0xe6585260 )
09-26 12:25:16.621 D/NativeWindowBuffer(  357): Calling cancelBuffer on buffer 0x26 hanlde( 0xe6585440 )
09-26 12:25:16.622 D/NativeWindowBuffer(  357): Calling cancelBuffer on buffer 0x28 hanlde( 0xe6585620 )
09-26 12:25:16.622 D/NativeWindowBuffer(  357): Calling cancelBuffer on buffer 0x2a hanlde( 0xe6585800 )
09-26 12:25:16.622 D/NativeWindowBuffer(  357): Calling cancelBuffer on buffer 0x2c hanlde( 0xe65859e0 )
09-26 12:25:16.622 D/NativeWindowBuffer(  357): Calling cancelBuffer on buffer 0x2e hanlde( 0xe6585bc0 )
09-26 12:25:16.622 D/NativeWindowBuffer(  357): Calling cancelBuffer on buffer 0x30 hanlde( 0xe6585da0 )
09-26 12:25:16.622 D/NativeWindowBuffer(  357): Calling cancelBuffer on buffer 0x32 hanlde( 0xe6585f80 )
09-26 12:25:16.622 D/NativeWindowBuffer(  357): Calling cancelBuffer on buffer 0x34 hanlde( 0xe6586160 )
09-26 12:25:16.623 D/NativeWindowBuffer(  357): buffer already Cancled 0x36 handle( 0xe6586340 )
09-26 12:25:16.623 D/NativeWindowBuffer(  357): buffer already Cancled 0x38 handle( 0xe6586520 )
09-26 12:25:16.623 D/NativeWindowBuffer(  357): buffer already Cancled 0x3a handle( 0xe6586700 )
09-26 12:25:16.623 D/NativeWindowBuffer(  357): buffer already Cancled 0x3c handle( 0xe65868e0 )
09-26 12:25:16.623 D/NativeWindowBuffer(  357): Calling cancelBuffer on buffer 0x3e hanlde( 0xe6586ac0 )
09-26 12:25:16.623 D/NativeWindowBuffer(  357): Calling cancelBuffer on buffer 0x40 hanlde( 0xe6586ca0 )
09-26 12:25:16.623 D/NativeWindowBuffer(  357): Calling cancelBuffer on buffer 0x42 hanlde( 0xe6586e80 )
09-26 12:25:16.623 D/NativeWindowBuffer(  357): Calling cancelBuffer on buffer 0x44 hanlde( 0xe6587060 )
09-26 12:25:16.623 D/NativeWindowBuffer(  357): Calling cancelBuffer on buffer 0x46 hanlde( 0xe6587240 )
09-26 12:25:16.623 D/NativeWindowBuffer(  357): Calling cancelBuffer on buffer 0x48 hanlde( 0xe6587420 )
09-26 12:25:16.623 D/NativeWindowBuffer(  357): Calling cancelBuffer on buffer 0x4a hanlde( 0xe6587600 )
09-26 12:25:16.623 D/NativeWindowBuffer(  357): Calling cancelBuffer on buffer 0x4c hanlde( 0xe65877e0 )
09-26 12:25:16.623 D/NativeWindowBuffer(  357): Calling cancelBuffer on buffer 0x4e hanlde( 0xe65879c0 )
09-26 12:25:16.624 D/NativeWindowBuffer(  357): Calling cancelBuffer on buffer 0x50 hanlde( 0xe6587ba0 )
09-26 12:25:16.624 D/NativeWindowBuffer(  357): Calling cancelBuffer on buffer 0x52 hanlde( 0xe6587d80 )
09-26 12:25:16.624 D/NativeWindowBuffer(  357): Calling cancelBuffer on buffer 0x54 hanlde( 0xe6587f60 )
09-26 12:25:16.624 D/RockFFPlayer(  357): doRelease: ok
09-26 12:25:16.624 D/RockFFPlayer(  357): doStop: ok
09-26 12:25:16.624 D/RockFFPlayer(  357): run : dequeueMessage Message 4 OK
09-26 12:25:16.624 D/RockFFPlayer(  357): Messagecomplete type [4]
09-26 12:25:16.624 D/RockFFPlayer(  357): run : Message 4 complete
09-26 12:25:16.624 D/RockFFPlayer(  357): enqueueMessage:sync wait ok
09-26 12:25:16.624 D/RockFFPlayer(  357): stop_l: clear queue ok
09-26 12:25:16.624 D/RockFFPlayer(  357): stop_l: create cancel thread ok
09-26 12:25:16.624 D/RockFFPlayer(  357): CancelThread: in
09-26 12:25:16.624 D/RockFFPlayer(  357): stop_l: ok
09-26 12:25:16.624 D/RockFFPlayer(  357): enter enqueueMessage
09-26 12:25:16.624 D/RockFFPlayer(  357): enqueueMessage:****1
09-26 12:25:16.624 D/RockFFPlayer(  357): enqueueMessage:****2
09-26 12:25:16.624 D/RockFFPlayer(  357): enqueueMessage:****3
09-26 12:25:16.624 D/RockFFPlayer(  357): enqueueMessage:Message 1,set signal
09-26 12:25:16.624 D/RockFFPlayer(  357): enqueueMessage:sync wait
09-26 12:25:16.624 D/RockFFPlayer(  357): deliverMessage 
09-26 12:25:16.624 D/RockFFPlayer(  357): run : dequeueMessage Message 11
09-26 12:25:16.624 D/RockFFPlayer(  357): CMD_RESET
09-26 12:25:16.624 D/RockFFPlayerBase(  357): dumpStatus(): Idle
09-26 12:25:16.624 D/RockFFPlayer(  357): doReset ok
09-26 12:25:16.624 D/RockFFPlayer(  357): run : dequeueMessage Message 11 OK
09-26 12:25:16.624 D/RockFFPlayer(  357): Messagecomplete type [11]
09-26 12:25:16.624 D/RockFFPlayer(  357): run : Message 11 complete
09-26 12:25:16.624 D/RockFFPlayer(  357): enqueueMessage:sync wait ok
09-26 12:25:16.625 D/RockFFPlayer(  357): reset: do reset ok
09-26 12:25:16.625 D/RockFFPlayer(  357): processAsyncExit: wait message thread
09-26 12:25:16.625 D/RockFFPlayer(  357): signal thread out
09-26 12:25:16.625 D/RockFFPlayer(  357): sched_thread out
09-26 12:25:16.625 D/RockFFPlayer(  357): stop:wait is ok
09-26 12:25:16.625 D/RockFFPlayer(  357): stop:ok
09-26 12:25:16.626 D/RockFFPlayer(  357): ~RkMessageQueue
09-26 12:25:16.626 D/RockFFPlayer(  357): reset: reset ok
09-26 12:25:16.626 I/FrameManage(  357): RkFrameManage::~RkFrameManage end!
09-26 12:25:16.627 D/vpu_api (  357): vpu_close_context in
09-26 12:25:16.627 D/vpu_api (  357): codec thread thread_stop in
09-26 12:25:16.627 D/RockFFPlayer(  357): reset: in
09-26 12:25:16.627 D/RockFFPlayerBase(  357): dumpStatus(): Idle
09-26 12:25:16.627 D/RockFFPlayer(  357): reset: in idle status, already reset
09-26 12:25:16.627 D/GRALLOC-ROCKCHIP(10043): enter, w : 1080, h : 1920, format : 0x1, usage : 0xb00.
09-26 12:25:16.628 D/vpu_api (  357): codec 0xe6604980 work thread end
09-26 12:25:16.628 D/vpu_api (  357): codec thread thread_stop ok
09-26 12:25:16.632 V/ActivityManager(  683): Stopping ActivityRecord{c505232 u0 android.rk.RockVideoPlayer/.VideoPlayActivity t39 f}: nowVisible=true waitingVisible=false finishing=true
09-26 12:25:16.632 V/ActivityManager(  683): Ready to stop: ActivityRecord{c505232 u0 android.rk.RockVideoPlayer/.VideoPlayActivity t39 f}
09-26 12:25:16.638 E/FFPlayer(  357): ~FFPlayer
09-26 12:25:16.638 D/RockFFPlayer(  357): reset: in
09-26 12:25:16.638 D/RockFFPlayerBase(  357): dumpStatus(): Idle
09-26 12:25:16.638 D/RockFFPlayer(  357): reset: in idle status, already reset
09-26 12:25:16.638 D/RockFFPlayer(  357): ~FFMPlayer in
09-26 12:25:16.638 D/RockFFPlayer(  357): reset: in
09-26 12:25:16.638 D/RockFFPlayerBase(  357): dumpStatus(): Idle
09-26 12:25:16.638 D/RockFFPlayer(  357): reset: in idle status, already reset
09-26 12:25:16.642 I/H264_DEBUG(  357): deinit DONE
09-26 12:25:16.642 D/vpu_api (  357): vpu_close_context ok
09-26 12:25:16.642 I/vpu_api (  357): org vpu_close_context ok
09-26 12:25:16.646 E/kaka    ( 9886): totalFree:2030383104
09-26 12:25:16.647 E/kaka    (10063): totalFree:2030383104
09-26 12:25:16.653 D/FFMpegThread(  357): DecoderVideo:~PlayerThread enter mThreadStatus=-1
09-26 12:25:16.653 E/RockFFPlayerBase(  357): closeContext : in
09-26 12:25:16.653 E/RockFFPlayerBase(  357): closeContext : out
09-26 12:25:16.653 D/RockFFPlayer(  357): CancelThread: ok
09-26 12:25:16.654 D/RockFFPlayer(  357): ~FFMediaSource
09-26 12:25:16.654 D/RockFFPlayer(  357): FFMediaSource context null. 
09-26 12:25:16.654 E/TraceThread(  357):     VsyncReciver(tid = 3835689248)--> [UID=60fa82a5] pthread_join begin-->player = 0xe6018800
09-26 12:25:16.656 I/chatty  (  683): uid=1000 system_server expire 1 line
09-26 12:25:16.656 E/TraceThread(  357):     VsyncReciver(tid = 3835689248)--> [UID=60fa82a5] pthread_join   end-->player = 0xe6018800
09-26 12:25:16.656 D/VsyncReciver(  357): stop_l:vsyncThread down
09-26 12:25:16.657 D/RockFFPlayer(  357): ~FFMPlayer clear native window
09-26 12:25:16.693 D/GRALLOC-ROCKCHIP(  251): enter, w : 1080, h : 1920, format : 0x1, usage : 0xb00.
09-26 12:25:16.709 E/TraceThread(  357):     RockFFPlayer(tid = 3849845024)--> [UID=60fa82a5] ~FFMPlayer Destruction; object=0xe6018800
09-26 12:25:16.709 D/GRALLOC-ROCKCHIP(10043): enter, w : 1080, h : 1920, format : 0x1, usage : 0xb00.
09-26 12:25:16.709 D/RockFFPlayer(  357): ~FFMPlayer ok
09-26 12:25:16.710 D/RockFFPlayerBase(  357): ~FFMPlayerBase(():mDequeueThread down
09-26 12:25:16.710 D/RockFFPlayerBase(  357): ~RkMessageHandler
09-26 12:25:16.779 W/Settings( 9886): Setting stay_on_while_plugged_in has moved from android.provider.Settings.System to android.provider.Settings.Global, value is unchanged.
09-26 12:25:16.790 W/Settings( 9886): Setting stay_on_while_plugged_in has moved from android.provider.Settings.System to android.provider.Settings.Global, value is unchanged.
09-26 12:25:16.812 I/DJILocationManager( 5713): Attempting to get last known location from default providers...
09-26 12:25:17.236 I/chatty  ( 2309): uid=1010(wifi) /system/bin/wpa_supplicant expire 10 lines
09-26 12:25:17.603 D/NotificationService( 1036): @@@dji@@@onEventMainThread, NotificationEvent=REQ_NUM
09-26 12:25:17.622 D/NotificationService( 1036): @@@dji@@@onEventMainThread,event=mOp=RES_NUM,mData7
09-26 12:25:17.623 D/NotificationService( 1036): @@@dji@@@onEventMainThread, NotificationEvent=REQ_UPDATE
09-26 12:25:17.638 D/NotificationService( 1036): @@@dji@@@onEventMainThread,event=mOp=RES_UPDATE,mDatanull
09-26 12:25:17.696 E/ContextUtil( 5713): dji.go.v4 5713
09-26 12:25:17.697 E/DJIStreamLocalSocket( 5713): ExitSocket =  ContextUtil.isAppBroughtToBackground()
09-26 12:25:17.921 D/AudioHardwareTiny(  362): out_set_parameters: kvpairs = routing=2
09-26 12:25:17.921 D/AudioHardwareTiny(  362): start_output_stream
09-26 12:25:17.922 D/alsa_route(  362): route_info->sound_card 0, route_info->devices 0  
09-26 12:25:17.922 D/alsa_route(  362): route_set_controls() set route 0
09-26 12:25:17.946 I/chatty  (  683): uid=1000(system) Binder:683_D expire 18 lines
09-26 12:25:18.023 D/GRALLOC-ROCKCHIP(  251): enter, w : 1920, h : 1080, format : 0x1, usage : 0x900.
09-26 12:25:18.037 D/GRALLOC-ROCKCHIP(  251): enter, w : 1920, h : 1080, format : 0x1, usage : 0x900.
09-26 12:25:18.050 D/GRALLOC-ROCKCHIP(  251): enter, w : 1920, h : 1080, format : 0x1, usage : 0x900.
09-26 12:25:18.062 D/GRALLOC-ROCKCHIP(  251): enter, w : 1920, h : 1080, format : 0x1, usage : 0x900.
09-26 12:25:18.075 E/BufferQueueProducer(  251): [com.android.documentsui/com.dji.documentsui.ui.activity.DJIExplorerActivity] connect: already connected (cur=1 req=1)
09-26 12:25:18.075 D/mali_winsys(10043): EGLint new_window_surface(egl_winsys_display*, void*, EGLSurface, EGLConfig, egl_winsys_surface**, egl_color_buffer_format*, EGLBoolean) returns 0x3000
09-26 12:25:18.161 D/GRALLOC-ROCKCHIP(  251): enter, w : 1080, h : 1920, format : 0x1, usage : 0xb00.
09-26 12:25:18.173 D/GRALLOC-ROCKCHIP(10043): enter, w : 1080, h : 1920, format : 0x1, usage : 0xb00.
09-26 12:25:18.193 D/GRALLOC-ROCKCHIP(  251): enter, w : 1080, h : 1920, format : 0x1, usage : 0xb00.
09-26 12:25:18.209 D/GRALLOC-ROCKCHIP(10043): enter, w : 1080, h : 1920, format : 0x1, usage : 0xb00.
09-26 12:25:18.326 V/ActivityManager(  683): Stopping ActivityRecord{c3a92a0 u0 com.android.documentsui/com.dji.documentsui.ui.activity.DJICategoriesStackActivity t39 f}: nowVisible=false waitingVisible=true finishing=true
09-26 12:25:18.389 I/ConnectDebug( 5713): (1537935918386) 1537935918385cmd rate 1.00 KB
09-26 12:25:18.555 I/chatty  (  683): uid=1000(system) android.display expire 3 lines
09-26 12:25:18.578 V/ActivityManager(  683): Stopping ActivityRecord{c3a92a0 u0 com.android.documentsui/com.dji.documentsui.ui.activity.DJICategoriesStackActivity t39 f}: nowVisible=true waitingVisible=false finishing=true
09-26 12:25:18.578 V/ActivityManager(  683): Ready to stop: ActivityRecord{c3a92a0 u0 com.android.documentsui/com.dji.documentsui.ui.activity.DJICategoriesStackActivity t39 f}
09-26 12:25:18.617 E/kaka    ( 6557): totalFree:2029821952
09-26 12:25:18.892 I/DJILocationManager( 5713): Attempting to get last known location from default providers...
09-26 12:25:18.978 D/abc     ( 1191): ========================================================
09-26 12:25:18.978 D/abc     ( 1191): change@/devices/platform/virtual_battery/power_supply/dji-bat
09-26 12:25:18.978 D/abc     ( 1191): ACTION=change
09-26 12:25:18.978 D/abc     ( 1191): DEVPATH=/devices/platform/virtual_battery/power_supply/dji-bat
09-26 12:25:18.978 D/abc     ( 1191): SUBSYSTEM=power_supply
09-26 12:25:18.978 D/abc     ( 1191): POWER_SUPPLY_NAME=dji-bat
09-26 12:25:18.978 D/abc     ( 1191): POWER_SUPPLY_CAPACITY=78
09-26 12:25:18.978 D/abc     ( 1191): POWER_SUPPLY_STATUS=Unknown
09-26 12:25:18.978 D/abc     ( 1191): POWER_SUPPLY_HEALTH=Good
09-26 12:25:18.978 D/abc     ( 1191): POWER_SUPPLY_PRESENT=1
09-26 12:25:18.978 D/abc     ( 1191): POWER_SUPPLY_VOLTAGE_NOW=7780000
09-26 12:25:18.978 D/abc     ( 1191): POWER_SUPPLY_TIME_TO_EMPTY_NOW=0
09-26 12:25:18.979 D/abc     ( 1191): POWER_SUPPLY_TECHNOLOGY=Li-ion
09-26 12:25:18.979 D/abc     ( 1191): POWER_SUPPLY_TEMP=37
09-26 12:25:18.979 D/abc     ( 1191): POWER_SUPPLY_CHARGE_ENABLED=1
09-26 12:25:18.979 D/abc     ( 1191): SEQNUM=3185
09-26 12:25:18.979 D/abc     ( 1191): event { action = 'change', path = '/devices/platform/virtual_battery/power_supply/dji-bat', subsystem = 'power_supply', firmware = '', major = -1, minor = -1 , devname = '', devtype = ''}
09-26 12:25:19.235 E/ContextUtil( 5713): dji.go.v4 5713
09-26 12:25:19.238 E/DJIStreamLocalSocket( 5713): ExitSocket =  ContextUtil.isAppBroughtToBackground()
09-26 12:25:20.433 I/ConnectDebug( 5713): (1537935920433) 1537935920432cmd rate 0.80 KB
09-26 12:25:20.774 E/ContextUtil( 5713): dji.go.v4 5713
09-26 12:25:20.775 E/DJIStreamLocalSocket( 5713): ExitSocket =  ContextUtil.isAppBroughtToBackground()
09-26 12:25:20.972 I/DJILocationManager( 5713): Attempting to get last known location from default providers...
09-26 12:25:21.158 D/alsa_route(  362): route_set_controls() set route 24
09-26 12:25:21.158 D/AudioHardwareTiny(  362): close device
09-26 12:25:21.985 D/abc     ( 1191): ========================================================
09-26 12:25:21.985 D/abc     ( 1191): change@/devices/platform/virtual_battery/power_supply/dji-bat
09-26 12:25:21.985 D/abc     ( 1191): ACTION=change
09-26 12:25:21.985 D/abc     ( 1191): DEVPATH=/devices/platform/virtual_battery/power_supply/dji-bat
09-26 12:25:21.985 D/abc     ( 1191): SUBSYSTEM=power_supply
09-26 12:25:21.985 D/abc     ( 1191): POWER_SUPPLY_NAME=dji-bat
09-26 12:25:21.985 D/abc     ( 1191): POWER_SUPPLY_CAPACITY=78
09-26 12:25:21.985 D/abc     ( 1191): POWER_SUPPLY_STATUS=Unknown
09-26 12:25:21.985 D/abc     ( 1191): POWER_SUPPLY_HEALTH=Good
09-26 12:25:21.985 D/abc     ( 1191): POWER_SUPPLY_PRESENT=1
09-26 12:25:21.985 D/abc     ( 1191): POWER_SUPPLY_VOLTAGE_NOW=7779000
09-26 12:25:21.985 D/abc     ( 1191): POWER_SUPPLY_TIME_TO_EMPTY_NOW=0
09-26 12:25:21.985 D/abc     ( 1191): POWER_SUPPLY_TECHNOLOGY=Li-ion
09-26 12:25:21.985 D/abc     ( 1191): POWER_SUPPLY_TEMP=37
09-26 12:25:21.985 D/abc     ( 1191): POWER_SUPPLY_CHARGE_ENABLED=1
09-26 12:25:21.985 D/abc     ( 1191): SEQNUM=3186
09-26 12:25:21.985 D/abc     ( 1191): event { action = 'change', path = '/devices/platform/virtual_battery/power_supply/dji-bat', subsystem = 'power_supply', firmware = '', major = -1, minor = -1 , devname = '', devtype = ''}
09-26 12:25:22.314 E/ContextUtil( 5713): dji.go.v4 5713
09-26 12:25:22.314 E/DJIStreamLocalSocket( 5713): ExitSocket =  ContextUtil.isAppBroughtToBackground()
09-26 12:25:22.436 I/ConnectDebug( 5713): (1537935922435) 1537935922435cmd rate 0.96 KB
09-26 12:25:23.052 I/DJILocationManager( 5713): Attempting to get last known location from default providers...
09-26 12:25:23.854 E/ContextUtil( 5713): dji.go.v4 5713
09-26 12:25:23.854 E/DJIStreamLocalSocket( 5713): ExitSocket =  ContextUtil.isAppBroughtToBackground()
09-26 12:25:24.592 I/ConnectDebug( 5713): (1537935924592) 1537935924592cmd rate 0.84 KB
09-26 12:25:24.992 D/abc     ( 1191): ========================================================
09-26 12:25:24.992 D/abc     ( 1191): change@/devices/platform/virtual_battery/power_supply/dji-bat
09-26 12:25:24.992 D/abc     ( 1191): ACTION=change
09-26 12:25:24.992 D/abc     ( 1191): DEVPATH=/devices/platform/virtual_battery/power_supply/dji-bat
09-26 12:25:24.992 D/abc     ( 1191): SUBSYSTEM=power_supply
09-26 12:25:24.992 D/abc     ( 1191): POWER_SUPPLY_NAME=dji-bat
09-26 12:25:24.992 D/abc     ( 1191): POWER_SUPPLY_CAPACITY=78
09-26 12:25:24.992 D/abc     ( 1191): POWER_SUPPLY_STATUS=Unknown
09-26 12:25:24.992 D/abc     ( 1191): POWER_SUPPLY_HEALTH=Good
09-26 12:25:24.992 D/abc     ( 1191): POWER_SUPPLY_PRESENT=1
09-26 12:25:24.992 D/abc     ( 1191): POWER_SUPPLY_VOLTAGE_NOW=7778000
09-26 12:25:24.992 D/abc     ( 1191): POWER_SUPPLY_TIME_TO_EMPTY_NOW=0
09-26 12:25:24.992 D/abc     ( 1191): POWER_SUPPLY_TECHNOLOGY=Li-ion
09-26 12:25:24.992 D/abc     ( 1191): POWER_SUPPLY_TEMP=37
09-26 12:25:24.992 D/abc     ( 1191): POWER_SUPPLY_CHARGE_ENABLED=1
09-26 12:25:24.992 D/abc     ( 1191): SEQNUM=3187
09-26 12:25:24.992 D/abc     ( 1191): event { action = 'change', path = '/devices/platform/virtual_battery/power_supply/dji-bat', subsystem = 'power_supply', firmware = '', major = -1, minor = -1 , devname = '', devtype = ''}
09-26 12:25:25.132 I/DJILocationManager( 5713): Attempting to get last known location from default providers...
09-26 12:25:25.390 E/ContextUtil( 5713): dji.go.v4 5713
09-26 12:25:25.391 E/DJIStreamLocalSocket( 5713): ExitSocket =  ContextUtil.isAppBroughtToBackground()
09-26 12:25:26.289 I/chatty  (  683): uid=1000(system) WifiStateMachin expire 15 lines
09-26 12:25:26.289 D/ConnectivityService(  683): notifyType CAP_CHANGED for NetworkAgentInfo [WIFI () - 107]
09-26 12:25:26.290 D/ConnectivityService(  683):  sending notification for NetworkRequest [ REQUEST id=1, [ Capabilities: INTERNET&NOT_RESTRICTED&TRUSTED&NOT_VPN] ]
09-26 12:25:26.290 D/ConnectivityService(  683):  sending notification for NetworkRequest [ LISTEN id=3, [] ]
09-26 12:25:26.296 D/ConnectivityService(  683): sending notification CAP_CHANGED for NetworkRequest [ LISTEN id=3, [] ]
09-26 12:25:26.297 D/ConnectivityService(  683):  sending notification for NetworkRequest [ LISTEN id=4, [ Transports: CELLULAR|WIFI Capabilities: NOT_RESTRICTED&TRUSTED&NOT_VPN] ]
09-26 12:25:26.298 D/ConnectivityService(  683): sending notification CAP_CHANGED for NetworkRequest [ LISTEN id=4, [ Transports: CELLULAR|WIFI Capabilities: NOT_RESTRICTED&TRUSTED&NOT_VPN] ]
09-26 12:25:26.309 D/ConnectivityService(  683):  sending notification for NetworkRequest [ LISTEN id=5, [] ]
09-26 12:25:26.310 D/ConnectivityService(  683): sending notification CAP_CHANGED for NetworkRequest [ LISTEN id=5, [] ]
09-26 12:25:26.316 D/ConnectivityService(  683):  sending notification for NetworkRequest [ LISTEN id=13, [ Transports: WIFI Capabilities: NOT_RESTRICTED&TRUSTED&NOT_VPN] ]
09-26 12:25:26.317 E/kaka    ( 6751): totalFree:2033197056
09-26 12:25:26.317 D/ConnectivityService(  683): sending notification CAP_CHANGED for NetworkRequest [ LISTEN id=13, [ Transports: WIFI Capabilities: NOT_RESTRICTED&TRUSTED&NOT_VPN] ]
09-26 12:25:26.318 D/DJIMessageReceiver( 6751): DJIMessageReceiver android.net.wifi.RSSI_CHANGED
09-26 12:25:26.319 D/ConnectivityService(  683):  sending notification for NetworkRequest [ LISTEN id=14, [ Capabilities: INTERNET&NOT_RESTRICTED&TRUSTED] ]
09-26 12:25:26.320 D/ConnectivityService(  683): sending notification CAP_CHANGED for NetworkRequest [ LISTEN id=14, [ Capabilities: INTERNET&NOT_RESTRICTED&TRUSTED] ]
09-26 12:25:26.322 D/ConnectivityService(  683):  sending notification for NetworkRequest [ LISTEN id=15, [ Capabilities: INTERNET&NOT_RESTRICTED&TRUSTED] ]
09-26 12:25:26.323 D/ConnectivityService(  683): sending notification CAP_CHANGED for NetworkRequest [ LISTEN id=15, [ Capabilities: INTERNET&NOT_RESTRICTED&TRUSTED] ]
09-26 12:25:26.325 D/ConnectivityService(  683):  sending notification for NetworkRequest [ LISTEN id=16, [ Capabilities: INTERNET&NOT_RESTRICTED&TRUSTED] ]
09-26 12:25:26.326 D/ConnectivityService(  683): sending notification CAP_CHANGED for NetworkRequest [ LISTEN id=16, [ Capabilities: INTERNET&NOT_RESTRICTED&TRUSTED] ]
09-26 12:25:26.327 D/ConnectivityService(  683):  sending notification for NetworkRequest [ LISTEN id=17, [ Capabilities: INTERNET&NOT_RESTRICTED&TRUSTED] ]
09-26 12:25:26.329 D/ConnectivityService(  683): sending notification CAP_CHANGED for NetworkRequest [ LISTEN id=17, [ Capabilities: INTERNET&NOT_RESTRICTED&TRUSTED] ]
09-26 12:25:26.329 E/kaka    ( 6751): totalFree:2033197056
09-26 12:25:26.508 D/abc     ( 1191): ========================================================
09-26 12:25:26.508 D/abc     ( 1191): change@/devices/virtual/xt_idletimer/timers
09-26 12:25:26.508 D/abc     ( 1191): ACTION=change
09-26 12:25:26.508 D/abc     ( 1191): DEVPATH=/devices/virtual/xt_idletimer/timers
09-26 12:25:26.508 D/abc     ( 1191): SUBSYSTEM=xt_idletimer
09-26 12:25:26.508 D/abc     ( 1191): INTERFACE=1
09-26 12:25:26.508 D/abc     ( 1191): STATE=active
09-26 12:25:26.508 D/abc     ( 1191): TIME_NS=2897739485755
09-26 12:25:26.508 D/abc     ( 1191): UID=0
09-26 12:25:26.508 D/abc     ( 1191): SEQNUM=3188
09-26 12:25:26.508 D/abc     ( 1191): event { action = 'change', path = '/devices/virtual/xt_idletimer/timers', subsystem = 'xt_idletimer', firmware = '', major = -1, minor = -1 , devname = '', devtype = ''}
09-26 12:25:26.515 E/BatteryStatsService(  683): no controller energy info supplied
09-26 12:25:26.646 I/ConnectDebug( 5713): (1537935926646) 1537935926645cmd rate 1.00 KB
09-26 12:25:26.928 E/ContextUtil( 5713): dji.go.v4 5713
09-26 12:25:26.929 E/DJIStreamLocalSocket( 5713): ExitSocket =  ContextUtil.isAppBroughtToBackground()
09-26 12:25:27.212 I/DJILocationManager( 5713): Attempting to get last known location from default providers...
09-26 12:25:28.002 D/abc     ( 1191): ========================================================
09-26 12:25:28.002 D/abc     ( 1191): change@/devices/platform/virtual_battery/power_supply/dji-bat
09-26 12:25:28.002 D/abc     ( 1191): ACTION=change
09-26 12:25:28.002 D/abc     ( 1191): DEVPATH=/devices/platform/virtual_battery/power_supply/dji-bat
09-26 12:25:28.002 D/abc     ( 1191): SUBSYSTEM=power_supply
09-26 12:25:28.002 D/abc     ( 1191): POWER_SUPPLY_NAME=dji-bat
09-26 12:25:28.002 D/abc     ( 1191): POWER_SUPPLY_CAPACITY=78
09-26 12:25:28.002 D/abc     ( 1191): POWER_SUPPLY_STATUS=Unknown
09-26 12:25:28.002 D/abc     ( 1191): POWER_SUPPLY_HEALTH=Good
09-26 12:25:28.002 D/abc     ( 1191): POWER_SUPPLY_PRESENT=1
09-26 12:25:28.002 D/abc     ( 1191): POWER_SUPPLY_VOLTAGE_NOW=7777000
09-26 12:25:28.002 D/abc     ( 1191): POWER_SUPPLY_TIME_TO_EMPTY_NOW=0
09-26 12:25:28.002 D/abc     ( 1191): POWER_SUPPLY_TECHNOLOGY=Li-ion
09-26 12:25:28.002 D/abc     ( 1191): POWER_SUPPLY_TEMP=37
09-26 12:25:28.002 D/abc     ( 1191): POWER_SUPPLY_CHARGE_ENABLED=1
09-26 12:25:28.002 D/abc     ( 1191): SEQNUM=3189
09-26 12:25:28.002 D/abc     ( 1191): event { action = 'change', path = '/devices/platform/virtual_battery/power_supply/dji-bat', subsystem = 'power_supply', firmware = '', major = -1, minor = -1 , devname = '', devtype = ''}
09-26 12:25:28.467 E/ContextUtil( 5713): dji.go.v4 5713
09-26 12:25:28.468 E/DJIStreamLocalSocket( 5713): ExitSocket =  ContextUtil.isAppBroughtToBackground()
09-26 12:25:28.766 I/ConnectDebug( 5713): (1537935928766) 1537935928765cmd rate 1.00 KB
09-26 12:25:29.292 I/DJILocationManager( 5713): Attempting to get last known location from default providers...
09-26 12:25:29.321 D/ConnectivityService(  683): updateNetworkScore for NetworkAgentInfo [WIFI () - 107] to 56
09-26 12:25:29.321 D/ConnectivityService(  683): rematching NetworkAgentInfo [WIFI () - 107]
09-26 12:25:29.322 D/ConnectivityService(  683):  network has: [ Transports: WIFI Capabilities: NOT_METERED&INTERNET&NOT_RESTRICTED&TRUSTED&NOT_VPN&VALIDATED&FOREGROUND LinkUpBandwidth>=1048576Kbps LinkDnBandwidth>=1048576Kbps SignalStrength: -60]
09-26 12:25:29.322 D/ConnectivityService(  683): Network NetworkAgentInfo [WIFI () - 107] was already satisfying request 1. No change.
09-26 12:25:29.323 D/ConnectivityService(  683): rematching NetworkAgentInfo [Ethernet () - 100]
09-26 12:25:29.324 D/ConnectivityService(  683):  network has: [ Transports: ETHERNET Capabilities: INTERNET&NOT_RESTRICTED&TRUSTED&NOT_VPN&VALIDATED&FOREGROUND LinkUpBandwidth>=100000Kbps LinkDnBandwidth>=100000Kbps]
09-26 12:25:29.325 D/ConnectivityService(  683):   checking if request is satisfied: NetworkRequest [ REQUEST id=1, [ Capabilities: INTERNET&NOT_RESTRICTED&TRUSTED&NOT_VPN] ]
09-26 12:25:29.325 D/ConnectivityService(  683): currentScore = 56, newScore = 30
09-26 12:25:29.326 D/ConnectivityService(  683): Reaping NetworkAgentInfo [Ethernet () - 100]
09-26 12:25:29.326 D/ConnectivityService(  683): Skip teardownUnneededNetwork: NetworkAgentInfo [Ethernet () - 100]
09-26 12:25:29.327 D/ConnectivityService(  683): sending new Min Network Score(56): NetworkRequest [ REQUEST id=1, [ Capabilities: INTERNET&NOT_RESTRICTED&TRUSTED&NOT_VPN] ]
09-26 12:25:29.332 I/chatty  (  683): uid=1000(system) EthernetService expire 2 lines
09-26 12:25:30.008 E/ContextUtil( 5713): dji.go.v4 5713
09-26 12:25:30.011 E/DJIStreamLocalSocket( 5713): ExitSocket =  ContextUtil.isAppBroughtToBackground()
09-26 12:25:30.812 I/ConnectDebug( 5713): (1537935930812) 1537935930812cmd rate 0.80 KB
09-26 12:25:31.005 D/abc     ( 1191): ========================================================
09-26 12:25:31.005 D/abc     ( 1191): change@/devices/platform/virtual_battery/power_supply/dji-bat
09-26 12:25:31.005 D/abc     ( 1191): ACTION=change
09-26 12:25:31.005 D/abc     ( 1191): DEVPATH=/devices/platform/virtual_battery/power_supply/dji-bat
09-26 12:25:31.005 D/abc     ( 1191): SUBSYSTEM=power_supply
09-26 12:25:31.005 D/abc     ( 1191): POWER_SUPPLY_NAME=dji-bat
09-26 12:25:31.005 D/abc     ( 1191): POWER_SUPPLY_CAPACITY=78
09-26 12:25:31.005 D/abc     ( 1191): POWER_SUPPLY_STATUS=Unknown
09-26 12:25:31.005 D/abc     ( 1191): POWER_SUPPLY_HEALTH=Good
09-26 12:25:31.005 D/abc     ( 1191): POWER_SUPPLY_PRESENT=1
09-26 12:25:31.005 D/abc     ( 1191): POWER_SUPPLY_VOLTAGE_NOW=7778000
09-26 12:25:31.005 D/abc     ( 1191): POWER_SUPPLY_TIME_TO_EMPTY_NOW=0
09-26 12:25:31.005 D/abc     ( 1191): POWER_SUPPLY_TECHNOLOGY=Li-ion
09-26 12:25:31.005 D/abc     ( 1191): POWER_SUPPLY_TEMP=37
09-26 12:25:31.005 D/abc     ( 1191): POWER_SUPPLY_CHARGE_ENABLED=1
09-26 12:25:31.005 D/abc     ( 1191): SEQNUM=3190
09-26 12:25:31.005 D/abc     ( 1191): event { action = 'change', path = '/devices/platform/virtual_battery/power_supply/dji-bat', subsystem = 'power_supply', firmware = '', major = -1, minor = -1 , devname = '', devtype = ''}
09-26 12:25:31.372 I/DJILocationManager( 5713): Attempting to get last known location from default providers...
09-26 12:25:31.547 E/ContextUtil( 5713): dji.go.v4 5713
09-26 12:25:31.548 E/DJIStreamLocalSocket( 5713): ExitSocket =  ContextUtil.isAppBroughtToBackground()
09-26 12:25:32.034 I/chatty  ( 2309): uid=1010(wifi) /system/bin/wpa_supplicant expire 2153 lines
09-26 12:25:32.292 D/NotificationService( 1036): @@@dji@@@onEventMainThread, NotificationEvent=REQ_NUM
09-26 12:25:32.320 D/NotificationService( 1036): @@@dji@@@onEventMainThread,event=mOp=RES_NUM,mData7
09-26 12:25:32.320 D/NotificationService( 1036): @@@dji@@@onEventMainThread, NotificationEvent=REQ_UPDATE
09-26 12:25:32.324 D/ConnectivityService(  683): notifyType CAP_CHANGED for NetworkAgentInfo [WIFI () - 107]
09-26 12:25:32.325 D/ConnectivityService(  683):  sending notification for NetworkRequest [ REQUEST id=1, [ Capabilities: INTERNET&NOT_RESTRICTED&TRUSTED&NOT_VPN] ]
09-26 12:25:32.325 D/ConnectivityService(  683):  sending notification for NetworkRequest [ LISTEN id=3, [] ]
09-26 12:25:32.326 D/ConnectivityService(  683): sending notification CAP_CHANGED for NetworkRequest [ LISTEN id=3, [] ]
09-26 12:25:32.328 D/ConnectivityService(  683):  sending notification for NetworkRequest [ LISTEN id=4, [ Transports: CELLULAR|WIFI Capabilities: NOT_RESTRICTED&TRUSTED&NOT_VPN] ]
09-26 12:25:32.329 D/ConnectivityService(  683): sending notification CAP_CHANGED for NetworkRequest [ LISTEN id=4, [ Transports: CELLULAR|WIFI Capabilities: NOT_RESTRICTED&TRUSTED&NOT_VPN] ]
09-26 12:25:32.330 D/ConnectivityService(  683):  sending notification for NetworkRequest [ LISTEN id=5, [] ]
09-26 12:25:32.332 D/ConnectivityService(  683): sending notification CAP_CHANGED for NetworkRequest [ LISTEN id=5, [] ]
09-26 12:25:32.333 D/ConnectivityService(  683):  sending notification for NetworkRequest [ LISTEN id=13, [ Transports: WIFI Capabilities: NOT_RESTRICTED&TRUSTED&NOT_VPN] ]
09-26 12:25:32.334 D/ConnectivityService(  683): sending notification CAP_CHANGED for NetworkRequest [ LISTEN id=13, [ Transports: WIFI Capabilities: NOT_RESTRICTED&TRUSTED&NOT_VPN] ]
