09-26 12:25:32.335 D/NotificationService( 1036): @@@dji@@@onEventMainThread,event=mOp=RES_UPDATE,mDatanull
09-26 12:25:32.336 D/ConnectivityService(  683):  sending notification for NetworkRequest [ LISTEN id=14, [ Capabilities: INTERNET&NOT_RESTRICTED&TRUSTED] ]
09-26 12:25:32.337 D/ConnectivityService(  683): sending notification CAP_CHANGED for NetworkRequest [ LISTEN id=14, [ Capabilities: INTERNET&NOT_RESTRICTED&TRUSTED] ]
09-26 12:25:32.338 D/ConnectivityService(  683):  sending notification for NetworkRequest [ LISTEN id=15, [ Capabilities: INTERNET&NOT_RESTRICTED&TRUSTED] ]
09-26 12:25:32.339 D/ConnectivityService(  683): sending notification CAP_CHANGED for NetworkRequest [ LISTEN id=15, [ Capabilities: INTERNET&NOT_RESTRICTED&TRUSTED] ]
09-26 12:25:32.340 D/ConnectivityService(  683):  sending notification for NetworkRequest [ LISTEN id=16, [ Capabilities: INTERNET&NOT_RESTRICTED&TRUSTED] ]
09-26 12:25:32.341 D/ConnectivityService(  683): sending notification CAP_CHANGED for NetworkRequest [ LISTEN id=16, [ Capabilities: INTERNET&NOT_RESTRICTED&TRUSTED] ]
09-26 12:25:32.342 D/ConnectivityService(  683):  sending notification for NetworkRequest [ LISTEN id=17, [ Capabilities: INTERNET&NOT_RESTRICTED&TRUSTED] ]
09-26 12:25:32.343 D/ConnectivityService(  683): sending notification CAP_CHANGED for NetworkRequest [ LISTEN id=17, [ Capabilities: INTERNET&NOT_RESTRICTED&TRUSTED] ]
09-26 12:25:32.344 D/ConnectivityService(  683): updateNetworkScore for NetworkAgentInfo [WIFI () - 107] to 50
09-26 12:25:32.344 D/ConnectivityService(  683): rematching NetworkAgentInfo [WIFI () - 107]
09-26 12:25:32.345 D/ConnectivityService(  683):  network has: [ Transports: WIFI Capabilities: NOT_METERED&INTERNET&NOT_RESTRICTED&TRUSTED&NOT_VPN&VALIDATED&FOREGROUND LinkUpBandwidth>=1048576Kbps LinkDnBandwidth>=1048576Kbps]
09-26 12:25:32.346 D/ConnectivityService(  683): Network NetworkAgentInfo [WIFI () - 107] was already satisfying request 1. No change.
09-26 12:25:32.347 D/ConnectivityService(  683): rematching NetworkAgentInfo [Ethernet () - 100]
09-26 12:25:32.347 D/ConnectivityService(  683):  network has: [ Transports: ETHERNET Capabilities: INTERNET&NOT_RESTRICTED&TRUSTED&NOT_VPN&VALIDATED&FOREGROUND LinkUpBandwidth>=100000Kbps LinkDnBandwidth>=100000Kbps]
09-26 12:25:32.348 D/ConnectivityService(  683):   checking if request is satisfied: NetworkRequest [ REQUEST id=1, [ Capabilities: INTERNET&NOT_RESTRICTED&TRUSTED&NOT_VPN] ]
09-26 12:25:32.348 D/ConnectivityService(  683): currentScore = 50, newScore = 30
09-26 12:25:32.350 D/ConnectivityService(  683): Reaping NetworkAgentInfo [Ethernet () - 100]
09-26 12:25:32.350 D/ConnectivityService(  683): Skip teardownUnneededNetwork: NetworkAgentInfo [Ethernet () - 100]
09-26 12:25:32.350 D/ConnectivityService(  683): sending new Min Network Score(50): NetworkRequest [ REQUEST id=1, [ Capabilities: INTERNET&NOT_RESTRICTED&TRUSTED&NOT_VPN] ]
09-26 12:25:32.876 I/ConnectDebug( 5713): (1537935932875) 1537935932875cmd rate 1.02 KB
09-26 12:25:33.087 E/ContextUtil( 5713): dji.go.v4 5713
09-26 12:25:33.089 E/DJIStreamLocalSocket( 5713): ExitSocket =  ContextUtil.isAppBroughtToBackground()
09-26 12:25:33.453 I/DJILocationManager( 5713): Attempting to get last known location from default providers...
09-26 12:25:34.012 D/abc     ( 1191): ========================================================
09-26 12:25:34.012 D/abc     ( 1191): change@/devices/platform/virtual_battery/power_supply/dji-bat
09-26 12:25:34.012 D/abc     ( 1191): ACTION=change
09-26 12:25:34.012 D/abc     ( 1191): DEVPATH=/devices/platform/virtual_battery/power_supply/dji-bat
09-26 12:25:34.012 D/abc     ( 1191): SUBSYSTEM=power_supply
09-26 12:25:34.012 D/abc     ( 1191): POWER_SUPPLY_NAME=dji-bat
09-26 12:25:34.012 D/abc     ( 1191): POWER_SUPPLY_CAPACITY=78
09-26 12:25:34.012 D/abc     ( 1191): POWER_SUPPLY_STATUS=Unknown
09-26 12:25:34.012 D/abc     ( 1191): POWER_SUPPLY_HEALTH=Good
09-26 12:25:34.012 D/abc     ( 1191): POWER_SUPPLY_PRESENT=1
09-26 12:25:34.012 D/abc     ( 1191): POWER_SUPPLY_VOLTAGE_NOW=7774000
09-26 12:25:34.012 D/abc     ( 1191): POWER_SUPPLY_TIME_TO_EMPTY_NOW=0
09-26 12:25:34.012 D/abc     ( 1191): POWER_SUPPLY_TECHNOLOGY=Li-ion
09-26 12:25:34.012 D/abc     ( 1191): POWER_SUPPLY_TEMP=37
09-26 12:25:34.012 D/abc     ( 1191): POWER_SUPPLY_CHARGE_ENABLED=1
09-26 12:25:34.012 D/abc     ( 1191): SEQNUM=3191
09-26 12:25:34.012 D/abc     ( 1191): event { action = 'change', path = '/devices/platform/virtual_battery/power_supply/dji-bat', subsystem = 'power_supply', firmware = '', major = -1, minor = -1 , devname = '', devtype = ''}
09-26 12:25:34.627 E/ContextUtil( 5713): dji.go.v4 5713
09-26 12:25:34.628 E/DJIStreamLocalSocket( 5713): ExitSocket =  ContextUtil.isAppBroughtToBackground()
09-26 12:25:34.879 I/ConnectDebug( 5713): (1537935934879) 1537935934878cmd rate 0.98 KB
09-26 12:25:35.339 D/ConnectivityService(  683): updateNetworkScore for NetworkAgentInfo [WIFI () - 107] to 48
09-26 12:25:35.339 D/ConnectivityService(  683): rematching NetworkAgentInfo [WIFI () - 107]
09-26 12:25:35.340 D/ConnectivityService(  683):  network has: [ Transports: WIFI Capabilities: NOT_METERED&INTERNET&NOT_RESTRICTED&TRUSTED&NOT_VPN&VALIDATED&FOREGROUND LinkUpBandwidth>=1048576Kbps LinkDnBandwidth>=1048576Kbps]
09-26 12:25:35.341 D/ConnectivityService(  683): Network NetworkAgentInfo [WIFI () - 107] was already satisfying request 1. No change.
09-26 12:25:35.341 D/ConnectivityService(  683): rematching NetworkAgentInfo [Ethernet () - 100]
09-26 12:25:35.342 D/ConnectivityService(  683):  network has: [ Transports: ETHERNET Capabilities: INTERNET&NOT_RESTRICTED&TRUSTED&NOT_VPN&VALIDATED&FOREGROUND LinkUpBandwidth>=100000Kbps LinkDnBandwidth>=100000Kbps]
09-26 12:25:35.343 D/ConnectivityService(  683):   checking if request is satisfied: NetworkRequest [ REQUEST id=1, [ Capabilities: INTERNET&NOT_RESTRICTED&TRUSTED&NOT_VPN] ]
09-26 12:25:35.343 D/ConnectivityService(  683): currentScore = 48, newScore = 30
09-26 12:25:35.345 D/ConnectivityService(  683): Reaping NetworkAgentInfo [Ethernet () - 100]
09-26 12:25:35.345 D/ConnectivityService(  683): Skip teardownUnneededNetwork: NetworkAgentInfo [Ethernet () - 100]
09-26 12:25:35.346 D/ConnectivityService(  683): sending new Min Network Score(48): NetworkRequest [ REQUEST id=1, [ Capabilities: INTERNET&NOT_RESTRICTED&TRUSTED&NOT_VPN] ]
09-26 12:25:35.532 I/DJILocationManager( 5713): Attempting to get last known location from default providers...
09-26 12:25:36.065 D/ConnectivityService(  683): NetworkAgentInfo [WIFI () - 107] EVENT_NETWORK_INFO_CHANGED, going from CONNECTED to DISCONNECTED
09-26 12:25:36.065 D/ConnectivityService(  683): NetworkAgentInfo [WIFI () - 107] got DISCONNECTED, was satisfying 9
09-26 12:25:36.074 I/chatty  (  683): uid=1000(system) IpManager.wlan0 expire 5 lines
09-26 12:25:36.085 I/chatty  (  683): uid=1000 system_server expire 1 line
09-26 12:25:36.102 D/CommandListener(  369): Setting iface cfg
09-26 12:25:36.105 I/Netd    (  369): Destroyed 16 sockets on 172.20.10.7 in 1.2 ms
09-26 12:25:36.115 I/chatty  (  683): uid=1000 system_server expire 1 line
09-26 12:25:36.161 E/kaka    ( 6751): totalFree:2032734208
09-26 12:25:36.163 D/DJIMessageReceiver( 6751): DJIMessageReceiver android.net.wifi.STATE_CHANGE
09-26 12:25:36.163 D/CommandListener(  369): Clearing all IP addresses on wlan0
09-26 12:25:36.166 W/f-0-socket-read( 8111): socket read error & close the socket, code:-4 info:
09-26 12:25:36.167 E/kaka    ( 6751): totalFree:2032607232
09-26 12:25:36.177 E/ContextUtil( 5713): dji.go.v4 5713
09-26 12:25:36.179 E/DJIStreamLocalSocket( 5713): ExitSocket =  ContextUtil.isAppBroughtToBackground()
09-26 12:25:36.183 D/ConnectivityService(  683): notifyType LOST for NetworkAgentInfo [WIFI () - 107]
09-26 12:25:36.184 D/ConnectivityService(  683):  sending notification for NetworkRequest [ REQUEST id=1, [ Capabilities: INTERNET&NOT_RESTRICTED&TRUSTED&NOT_VPN] ]
09-26 12:25:36.184 D/ConnectivityService(  683):  sending notification for NetworkRequest [ LISTEN id=3, [] ]
09-26 12:25:36.189 D/ConnectivityService(  683): sending notification LOST for NetworkRequest [ LISTEN id=3, [] ]
09-26 12:25:36.190 D/ConnectivityService(  683):  sending notification for NetworkRequest [ LISTEN id=4, [ Transports: CELLULAR|WIFI Capabilities: NOT_RESTRICTED&TRUSTED&NOT_VPN] ]
09-26 12:25:36.191 D/ConnectivityService(  683): sending notification LOST for NetworkRequest [ LISTEN id=4, [ Transports: CELLULAR|WIFI Capabilities: NOT_RESTRICTED&TRUSTED&NOT_VPN] ]
09-26 12:25:36.191 D/ConnectivityService(  683):  sending notification for NetworkRequest [ LISTEN id=5, [] ]
09-26 12:25:36.192 W/beacon  ( 8111): onUserAction return false, because eventName:[HLDisconnEvent] is not allowed in server strategy!
09-26 12:25:36.192 D/ConnectivityService(  683): sending notification LOST for NetworkRequest [ LISTEN id=5, [] ]
09-26 12:25:36.194 D/ConnectivityService(  683):  sending notification for NetworkRequest [ LISTEN id=13, [ Transports: WIFI Capabilities: NOT_RESTRICTED&TRUSTED&NOT_VPN] ]
09-26 12:25:36.195 D/ConnectivityService(  683): sending notification LOST for NetworkRequest [ LISTEN id=13, [ Transports: WIFI Capabilities: NOT_RESTRICTED&TRUSTED&NOT_VPN] ]
09-26 12:25:36.196 D/ConnectivityService(  683):  sending notification for NetworkRequest [ LISTEN id=14, [ Capabilities: INTERNET&NOT_RESTRICTED&TRUSTED] ]
09-26 12:25:36.197 D/ConnectivityService(  683): sending notification LOST for NetworkRequest [ LISTEN id=14, [ Capabilities: INTERNET&NOT_RESTRICTED&TRUSTED] ]
09-26 12:25:36.198 D/ConnectivityService(  683):  sending notification for NetworkRequest [ LISTEN id=15, [ Capabilities: INTERNET&NOT_RESTRICTED&TRUSTED] ]
09-26 12:25:36.200 D/ConnectivityService(  683): sending notification LOST for NetworkRequest [ LISTEN id=15, [ Capabilities: INTERNET&NOT_RESTRICTED&TRUSTED] ]
09-26 12:25:36.201 D/ConnectivityService(  683):  sending notification for NetworkRequest [ LISTEN id=16, [ Capabilities: INTERNET&NOT_RESTRICTED&TRUSTED] ]
09-26 12:25:36.202 D/ConnectivityService(  683): sending notification LOST for NetworkRequest [ LISTEN id=16, [ Capabilities: INTERNET&NOT_RESTRICTED&TRUSTED] ]
09-26 12:25:36.202 D/ConnectivityService(  683):  sending notification for NetworkRequest [ LISTEN id=17, [ Capabilities: INTERNET&NOT_RESTRICTED&TRUSTED] ]
09-26 12:25:36.203 D/ConnectivityService(  683): sending notification LOST for NetworkRequest [ LISTEN id=17, [ Capabilities: INTERNET&NOT_RESTRICTED&TRUSTED] ]
09-26 12:25:36.203 D/ConnectivityService(  683): sending new Min Network Score(0): NetworkRequest [ REQUEST id=1, [ Capabilities: INTERNET&NOT_RESTRICTED&TRUSTED&NOT_VPN] ]
09-26 12:25:36.226 E/kaka    ( 6751): totalFree:2032058368
09-26 12:25:36.227 D/DJIMessageReceiver( 6751): DJIMessageReceiver android.net.wifi.STATE_CHANGE
09-26 12:25:36.227 V/IdletimerController(  369): runCmd(/system/bin/ip6tables -w -t raw -D idletimer_raw_PREROUTING -i wlan0 -j IDLETIMER --timeout 15 --label 1 --send_nl_msg 1) res_ipv4=0, res_ipv6=0
09-26 12:25:36.232 E/kaka    ( 6751): totalFree:2032185344
09-26 12:25:36.244 V/IdletimerController(  369): runCmd(/system/bin/ip6tables -w -t mangle -D idletimer_mangle_POSTROUTING -o wlan0 -j IDLETIMER --timeout 15 --label 1 --send_nl_msg 1) res_ipv4=0, res_ipv6=0
09-26 12:25:36.247 D/ConnectivityService(  683): Sending DISCONNECTED broadcast for type 1 NetworkAgentInfo [WIFI () - 107] isDefaultNetwork=true
09-26 12:25:36.247 D/ConnectivityService(  683): sendStickyBroadcast: action=android.net.conn.CONNECTIVITY_CHANGE
09-26 12:25:36.253 I/chatty  (  683): uid=1000(system) WifiStateMachin expire 10 lines
09-26 12:25:36.258 D/ActivityManager(  683): skip for com.lenovo.anyshare
09-26 12:25:36.258 D/ConnectivityService(  683): rematching NetworkAgentInfo [Ethernet () - 100]
09-26 12:25:36.259 D/ConnectivityService(  683):  network has: [ Transports: ETHERNET Capabilities: INTERNET&NOT_RESTRICTED&TRUSTED&NOT_VPN&VALIDATED&FOREGROUND LinkUpBandwidth>=100000Kbps LinkDnBandwidth>=100000Kbps]
09-26 12:25:36.259 D/ConnectivityService(  683):   checking if request is satisfied: NetworkRequest [ REQUEST id=1, [ Capabilities: INTERNET&NOT_RESTRICTED&TRUSTED&NOT_VPN] ]
09-26 12:25:36.259 D/ConnectivityService(  683): currentScore = 0, newScore = 30
09-26 12:25:36.260 D/ConnectivityService(  683): rematch for NetworkAgentInfo [Ethernet () - 100]
09-26 12:25:36.260 D/ConnectivityService(  683):    accepting network in place of null
09-26 12:25:36.261 D/ConnectivityService(  683): sending new Min Network Score(30): NetworkRequest [ REQUEST id=1, [ Capabilities: INTERNET&NOT_RESTRICTED&TRUSTED&NOT_VPN] ]
09-26 12:25:36.261 I/chatty  (  683): uid=1000(system) android.io expire 2 lines
09-26 12:25:36.273 D/ConnectivityService(  683): Switching to new default network: NetworkAgentInfo{ ni{[type: Ethernet[], state: CONNECTED/CONNECTED, reason: (unspecified), extra: 4e:01:f5:73:7a:70, failover: false, available: true, roaming: false, metered: false]}  network{100}  nethandle{429513165534}  lp{{InterfaceName: usb0 LinkAddresses: [192.168.42.8/24,]  Routes: [192.168.42.0/24 -> 0.0.0.0 usb0,0.0.0.0/0 -> 192.168.42.1 usb0,] DnsAddresses: [0.0.0.0,] Domains: null MTU: 0}}  nc{[ Transports: ETHERNET Capabilities: INTERNET&NOT_RESTRICTED&TRUSTED&NOT_VPN&VALIDATED&FOREGROUND LinkUpBandwidth>=100000Kbps LinkDnBandwidth>=100000Kbps]}  Score{30}  everValidated{true}  lastValidated{true}  created{true} lingering{false} explicitlySelected{false} acceptUnvalidated{false} everCaptivePortalDetected{false} lastCaptivePortalDetected{false} }
09-26 12:25:36.284 D/ConnectivityService(  683): Invalid tcpBufferSizes string: null, using defaults
09-26 12:25:36.284 D/ConnectivityService(  683): Setting tx/rx TCP buffers to 4096,87380,110208,4096,16384,110208
09-26 12:25:36.290 D/ConnectivityService(  683): Sending CONNECTED broadcast for type 9 NetworkAgentInfo [Ethernet () - 100] isDefaultNetwork=true
09-26 12:25:36.290 D/ConnectivityService(  683): sendStickyBroadcast: action=android.net.conn.CONNECTIVITY_CHANGE
09-26 12:25:36.302 D/ActivityManager(  683): skip for com.lenovo.anyshare
09-26 12:25:36.305 D/com.qq.connect( 8432): android.net.conn.CONNECTIVITY_CHANGE
09-26 12:25:36.308 E/BatteryStatsService(  683): no controller energy info supplied
09-26 12:25:36.376 E/Netd    (  369): netlink response contains error (No such file or directory)
09-26 12:25:36.381 D/ConnectivityService(  683): EVENT_NETWORK_INFO_CHANGED from unknown NetworkAgent
09-26 12:25:36.431 D/a       ( 5713): ProbeNetworkState NetState is MOBILE_CONN
09-26 12:25:36.431 D/a       ( 5713): mIsBaseInfoSent is true
09-26 12:25:36.443 D/a       ( 5713): ProbeNetworkState NetState is MOBILE_CONN
09-26 12:25:36.443 D/a       ( 5713): mIsBaseInfoSent is true
09-26 12:25:36.471 W/art     ( 8498): No image location found for Dex2Oat.
09-26 12:25:36.552 W/beacon  ( 8498): onUserAction return false, because eventName:[new_PluginLoaderSecureVerify] is not allowed in server strategy!
09-26 12:25:36.584 D/SanityUtil( 8498): check proguard ok
09-26 12:25:36.610 D/NotificationService( 1036): @@@dji@@@onEventMainThread, NotificationEvent=REQ_NUM
09-26 12:25:36.634 D/NotificationService( 1036): @@@dji@@@onEventMainThread,event=mOp=RES_NUM,mData7
09-26 12:25:36.635 D/NotificationService( 1036): @@@dji@@@onEventMainThread, NotificationEvent=REQ_UPDATE
09-26 12:25:36.655 D/NotificationService( 1036): @@@dji@@@onEventMainThread,event=mOp=RES_UPDATE,mDatanull
09-26 12:25:36.911 I/ConnectDebug( 5713): (1537935936911) 1537935936906cmd rate 0.78 KB
09-26 12:25:36.973 D/a       ( 5713): NetState is mobile_conn
09-26 12:25:37.018 D/abc     ( 1191): ========================================================
09-26 12:25:37.018 D/abc     ( 1191): change@/devices/platform/virtual_battery/power_supply/dji-bat
09-26 12:25:37.018 D/abc     ( 1191): ACTION=change
09-26 12:25:37.018 D/abc     ( 1191): DEVPATH=/devices/platform/virtual_battery/power_supply/dji-bat
09-26 12:25:37.018 D/abc     ( 1191): SUBSYSTEM=power_supply
09-26 12:25:37.018 D/abc     ( 1191): POWER_SUPPLY_NAME=dji-bat
09-26 12:25:37.018 D/abc     ( 1191): POWER_SUPPLY_CAPACITY=78
09-26 12:25:37.018 D/abc     ( 1191): POWER_SUPPLY_STATUS=Unknown
09-26 12:25:37.018 D/abc     ( 1191): POWER_SUPPLY_HEALTH=Good
09-26 12:25:37.018 D/abc     ( 1191): POWER_SUPPLY_PRESENT=1
09-26 12:25:37.019 D/abc     ( 1191): POWER_SUPPLY_VOLTAGE_NOW=7782000
09-26 12:25:37.019 D/abc     ( 1191): POWER_SUPPLY_TIME_TO_EMPTY_NOW=0
09-26 12:25:37.019 D/abc     ( 1191): POWER_SUPPLY_TECHNOLOGY=Li-ion
09-26 12:25:37.019 D/abc     ( 1191): POWER_SUPPLY_TEMP=37
09-26 12:25:37.019 D/abc     ( 1191): POWER_SUPPLY_CHARGE_ENABLED=1
09-26 12:25:37.019 D/abc     ( 1191): SEQNUM=3192
09-26 12:25:37.019 D/abc     ( 1191): event { action = 'change', path = '/devices/platform/virtual_battery/power_supply/dji-bat', subsystem = 'power_supply', firmware = '', major = -1, minor = -1 , devname = '', devtype = ''}
09-26 12:25:37.084 D/com.qq.connect( 8432): android.net.conn.CONNECTIVITY_CHANGE
09-26 12:25:37.250 E/kaka    ( 6751): totalFree:2025566208
09-26 12:25:37.251 D/DJIMessageReceiver( 6751): DJIMessageReceiver android.net.wifi.STATE_CHANGE
09-26 12:25:37.267 E/kaka    ( 6751): totalFree:2025517056
09-26 12:25:37.292 D/ConnectivityService(  683): NetTransition Wakelock (NetworkAgentInfo [WIFI () - 107] cleared because we found a replacement network
09-26 12:25:37.610 I/DJILocationManager( 5713): Attempting to get last known location from default providers...
09-26 12:25:37.707 E/ContextUtil( 5713): dji.go.v4 5713
09-26 12:25:37.708 E/DJIStreamLocalSocket( 5713): ExitSocket =  ContextUtil.isAppBroughtToBackground()
09-26 12:25:38.719 D/NotificationService( 1036): @@@dji@@@onEventMainThread, NotificationEvent=REQ_NUM
09-26 12:25:38.770 I/chatty  (  683): uid=1000(system) Binder:683_16 expire 2 lines
09-26 12:25:38.771 D/NotificationService( 1036): @@@dji@@@onEventMainThread,event=mOp=RES_NUM,mData7
09-26 12:25:38.773 D/NotificationService( 1036): @@@dji@@@onEventMainThread, NotificationEvent=REQ_UPDATE
09-26 12:25:38.775 E/kaka    ( 6557): totalFree:2025455616
09-26 12:25:38.798 E/kaka    ( 6751): totalFree:2025201664
09-26 12:25:38.808 D/DJIMessageReceiver( 6751): DJIMessageReceiver android.net.wifi.STATE_CHANGE
09-26 12:25:38.811 D/NotificationService( 1036): @@@dji@@@onEventMainThread,event=mOp=RES_UPDATE,mDatanull
09-26 12:25:38.814 E/kaka    ( 6751): totalFree:2024820736
09-26 12:25:39.003 I/ConnectDebug( 5713): (1537935939003) 1537935938999cmd rate 1.01 KB
09-26 12:25:39.012 I/chatty  (  683): uid=1000 system_server expire 36 lines
09-26 12:25:39.059 I/chatty  (  683): uid=1000(system) Binder:683_4 expire 3 lines
09-26 12:25:39.068 E/kaka    ( 6751): totalFree:2023092224
09-26 12:25:39.079 D/DJIMessageReceiver( 6751): DJIMessageReceiver android.net.wifi.STATE_CHANGE
09-26 12:25:39.084 E/kaka    ( 6751): totalFree:2022531072
09-26 12:25:39.160 E/kaka    ( 6751): totalFree:2023325696
09-26 12:25:39.171 D/DJIMessageReceiver( 6751): DJIMessageReceiver android.net.wifi.STATE_CHANGE
09-26 12:25:39.174 E/kaka    ( 6751): totalFree:2023464960
09-26 12:25:39.246 E/ContextUtil( 5713): dji.go.v4 5713
09-26 12:25:39.247 E/DJIStreamLocalSocket( 5713): ExitSocket =  ContextUtil.isAppBroughtToBackground()
09-26 12:25:39.249 W/art     ( 8498): Long monitor contention with owner com.tmsdk.common-on-check-result (10329) at int java.lang.Integer.compare(int, int)(Integer.java:1063) waiters=0 in void tmsdkobf.ee.d(java.util.List) for 185ms
09-26 12:25:39.300 I/chatty  (  683): uid=1000(system) WifiStateMachin expire 7 lines
09-26 12:25:39.349 E/kaka    ( 6751): totalFree:2022817792
09-26 12:25:39.351 D/DJIMessageReceiver( 6751): DJIMessageReceiver android.net.wifi.STATE_CHANGE
09-26 12:25:39.354 E/kaka    ( 6751): totalFree:2022969344
09-26 12:25:39.354 D/NotificationService( 1036): @@@dji@@@onEventMainThread, NotificationEvent=REQ_NUM
09-26 12:25:39.396 I/WCDB.SQLiteConnection( 5913): Opened connection 0xe1996808 with label '/data/user/0/com.tencent.qqpimsecure/databases/fea_tunnel_en.db'
09-26 12:25:39.397 I/WCDB.SQLiteConnection( 5913): sqlite3_key verification passed.
09-26 12:25:39.404 E/kaka    ( 6751): totalFree:2023006208
09-26 12:25:39.408 D/DJIMessageReceiver( 6751): DJIMessageReceiver android.net.wifi.STATE_CHANGE
09-26 12:25:39.450 E/kaka    ( 6751): totalFree:2022780928
09-26 12:25:39.465 D/NotificationService( 1036): @@@dji@@@onEventMainThread,event=mOp=RES_NUM,mData7
09-26 12:25:39.468 D/NotificationService( 1036): @@@dji@@@onEventMainThread, NotificationEvent=REQ_UPDATE
09-26 12:25:39.485 D/NotificationService( 1036): @@@dji@@@onEventMainThread,event=mOp=RES_UPDATE,mDatanull
09-26 12:25:39.506 D/NotificationService( 1036): @@@dji@@@onEventMainThread, NotificationEvent=REQ_NUM
09-26 12:25:39.510 W/beacon  ( 8498):  err BF 3R! num:1
09-26 12:25:39.523 D/NotificationService( 1036): @@@dji@@@onEventMainThread,event=mOp=RES_NUM,mData7
09-26 12:25:39.524 D/NotificationService( 1036): @@@dji@@@onEventMainThread, NotificationEvent=REQ_UPDATE
09-26 12:25:39.542 D/NotificationService( 1036): @@@dji@@@onEventMainThread,event=mOp=RES_UPDATE,mDatanull
09-26 12:25:39.688 I/DJILocationManager( 5713): Attempting to get last known location from default providers...
09-26 12:25:39.708 D/NotificationService( 1036): @@@dji@@@onEventMainThread, NotificationEvent=REQ_NUM
09-26 12:25:39.766 D/NotificationService( 1036): @@@dji@@@onEventMainThread,event=mOp=RES_NUM,mData7
09-26 12:25:39.766 D/NotificationService( 1036): @@@dji@@@onEventMainThread, NotificationEvent=REQ_UPDATE
09-26 12:25:39.791 D/NotificationService( 1036): @@@dji@@@onEventMainThread,event=mOp=RES_UPDATE,mDatanull
09-26 12:25:39.841 D/NotificationService( 1036): @@@dji@@@onEventMainThread, NotificationEvent=REQ_NUM
09-26 12:25:39.857 D/NotificationService( 1036): @@@dji@@@onEventMainThread,event=mOp=RES_NUM,mData7
09-26 12:25:39.858 D/NotificationService( 1036): @@@dji@@@onEventMainThread, NotificationEvent=REQ_UPDATE
09-26 12:25:39.875 D/NotificationService( 1036): @@@dji@@@onEventMainThread,event=mOp=RES_UPDATE,mDatanull
09-26 12:25:40.025 D/abc     ( 1191): ========================================================
09-26 12:25:40.025 D/abc     ( 1191): change@/devices/platform/virtual_battery/power_supply/dji-bat
09-26 12:25:40.025 D/abc     ( 1191): ACTION=change
09-26 12:25:40.025 D/abc     ( 1191): DEVPATH=/devices/platform/virtual_battery/power_supply/dji-bat
09-26 12:25:40.025 D/abc     ( 1191): SUBSYSTEM=power_supply
09-26 12:25:40.025 D/abc     ( 1191): POWER_SUPPLY_NAME=dji-bat
09-26 12:25:40.025 D/abc     ( 1191): POWER_SUPPLY_CAPACITY=78
09-26 12:25:40.025 D/abc     ( 1191): POWER_SUPPLY_STATUS=Unknown
09-26 12:25:40.025 D/abc     ( 1191): POWER_SUPPLY_HEALTH=Good
09-26 12:25:40.025 D/abc     ( 1191): POWER_SUPPLY_PRESENT=1
09-26 12:25:40.025 D/abc     ( 1191): POWER_SUPPLY_VOLTAGE_NOW=7777000
09-26 12:25:40.025 D/abc     ( 1191): POWER_SUPPLY_TIME_TO_EMPTY_NOW=0
09-26 12:25:40.025 D/abc     ( 1191): POWER_SUPPLY_TECHNOLOGY=Li-ion
09-26 12:25:40.025 D/abc     ( 1191): POWER_SUPPLY_TEMP=37
09-26 12:25:40.025 D/abc     ( 1191): POWER_SUPPLY_CHARGE_ENABLED=1
09-26 12:25:40.025 D/abc     ( 1191): SEQNUM=3193
09-26 12:25:40.025 D/abc     ( 1191): event { action = 'change', path = '/devices/platform/virtual_battery/power_supply/dji-bat', subsystem = 'power_supply', firmware = '', major = -1, minor = -1 , devname = '', devtype = ''}
09-26 12:25:40.485 I/chatty  (  683): uid=1000(system) WifiScanningSer expire 2 lines
09-26 12:25:40.787 E/ContextUtil( 5713): dji.go.v4 5713
09-26 12:25:40.788 E/DJIStreamLocalSocket( 5713): ExitSocket =  ContextUtil.isAppBroughtToBackground()
09-26 12:25:41.022 I/ConnectDebug( 5713): (1537935941022) 1537935941022cmd rate 0.79 KB
09-26 12:25:41.556 W/art     ( 8111): Long monitor contention with owner pool-1-temporary-thread-2 (8154) at void android.database.CursorWindow.recordNewWindow(int, long)(CursorWindow.java:723) waiters=2 in void android.database.CursorWindow.recordNewWindow(int, long) for 105ms
09-26 12:25:41.629 W/art     ( 8111): Long monitor contention with owner pool-1-temporary-thread-2 (8154) at void android.database.CursorWindow.recordNewWindow(int, long)(CursorWindow.java:723) waiters=0 in void android.database.CursorWindow.recordNewWindow(int, long) for 179ms
09-26 12:25:41.761 I/DJILocationManager( 5713): Attempting to get last known location from default providers...
09-26 12:25:42.327 E/ContextUtil( 5713): dji.go.v4 5713
09-26 12:25:42.329 E/DJIStreamLocalSocket( 5713): ExitSocket =  ContextUtil.isAppBroughtToBackground()
09-26 12:25:43.032 D/abc     ( 1191): ========================================================
09-26 12:25:43.032 D/abc     ( 1191): change@/devices/platform/virtual_battery/power_supply/dji-bat
09-26 12:25:43.032 D/abc     ( 1191): ACTION=change
09-26 12:25:43.032 D/abc     ( 1191): DEVPATH=/devices/platform/virtual_battery/power_supply/dji-bat
09-26 12:25:43.032 D/abc     ( 1191): SUBSYSTEM=power_supply
09-26 12:25:43.032 D/abc     ( 1191): POWER_SUPPLY_NAME=dji-bat
09-26 12:25:43.032 D/abc     ( 1191): POWER_SUPPLY_CAPACITY=78
09-26 12:25:43.032 D/abc     ( 1191): POWER_SUPPLY_STATUS=Unknown
09-26 12:25:43.032 D/abc     ( 1191): POWER_SUPPLY_HEALTH=Good
09-26 12:25:43.032 D/abc     ( 1191): POWER_SUPPLY_PRESENT=1
09-26 12:25:43.032 D/abc     ( 1191): POWER_SUPPLY_VOLTAGE_NOW=7778000
09-26 12:25:43.032 D/abc     ( 1191): POWER_SUPPLY_TIME_TO_EMPTY_NOW=0
09-26 12:25:43.032 D/abc     ( 1191): POWER_SUPPLY_TECHNOLOGY=Li-ion
09-26 12:25:43.032 D/abc     ( 1191): POWER_SUPPLY_TEMP=37
09-26 12:25:43.032 D/abc     ( 1191): POWER_SUPPLY_CHARGE_ENABLED=1
09-26 12:25:43.032 D/abc     ( 1191): SEQNUM=3194
09-26 12:25:43.032 D/abc     ( 1191): event { action = 'change', path = '/devices/platform/virtual_battery/power_supply/dji-bat', subsystem = 'power_supply', firmware = '', major = -1, minor = -1 , devname = '', devtype = ''}
09-26 12:25:43.096 I/ConnectDebug( 5713): (1537935943096) 1537935943095cmd rate 0.99 KB
09-26 12:25:43.842 I/DJILocationManager( 5713): Attempting to get last known location from default providers...
09-26 12:25:43.866 E/ContextUtil( 5713): dji.go.v4 5713
09-26 12:25:43.867 E/DJIStreamLocalSocket( 5713): ExitSocket =  ContextUtil.isAppBroughtToBackground()
09-26 12:25:45.024 I/AThreadDump( 5713): pid: 5713 {summary.native-heap=0, summary.system=0, summary.total-swap=0, summary.graphics=0, summary.java-heap=0, summary.total-pss=0, summary.private-other=0, summary.code=0, summary.stack=0}
09-26 12:25:45.125 I/ConnectDebug( 5713): (1537935945125) 1537935945125cmd rate 0.79 KB
09-26 12:25:45.408 E/ContextUtil( 5713): dji.go.v4 5713
09-26 12:25:45.410 E/DJIStreamLocalSocket( 5713): ExitSocket =  ContextUtil.isAppBroughtToBackground()
09-26 12:25:45.922 I/DJILocationManager( 5713): Attempting to get last known location from default providers...
09-26 12:25:46.038 D/abc     ( 1191): ========================================================
09-26 12:25:46.038 D/abc     ( 1191): change@/devices/platform/virtual_battery/power_supply/dji-bat
09-26 12:25:46.038 D/abc     ( 1191): ACTION=change
09-26 12:25:46.038 D/abc     ( 1191): DEVPATH=/devices/platform/virtual_battery/power_supply/dji-bat
09-26 12:25:46.038 D/abc     ( 1191): SUBSYSTEM=power_supply
09-26 12:25:46.038 D/abc     ( 1191): POWER_SUPPLY_NAME=dji-bat
09-26 12:25:46.038 D/abc     ( 1191): POWER_SUPPLY_CAPACITY=78
09-26 12:25:46.038 D/abc     ( 1191): POWER_SUPPLY_STATUS=Unknown
09-26 12:25:46.038 D/abc     ( 1191): POWER_SUPPLY_HEALTH=Good
09-26 12:25:46.039 D/abc     ( 1191): POWER_SUPPLY_PRESENT=1
09-26 12:25:46.039 D/abc     ( 1191): POWER_SUPPLY_VOLTAGE_NOW=7777000
09-26 12:25:46.039 D/abc     ( 1191): POWER_SUPPLY_TIME_TO_EMPTY_NOW=0
09-26 12:25:46.039 D/abc     ( 1191): POWER_SUPPLY_TECHNOLOGY=Li-ion
09-26 12:25:46.039 D/abc     ( 1191): POWER_SUPPLY_TEMP=37
09-26 12:25:46.039 D/abc     ( 1191): POWER_SUPPLY_CHARGE_ENABLED=1
09-26 12:25:46.039 D/abc     ( 1191): SEQNUM=3195
09-26 12:25:46.039 D/abc     ( 1191): event { action = 'change', path = '/devices/platform/virtual_battery/power_supply/dji-bat', subsystem = 'power_supply', firmware = '', major = -1, minor = -1 , devname = '', devtype = ''}
09-26 12:25:46.947 E/ContextUtil( 5713): dji.go.v4 5713
09-26 12:25:46.949 E/DJIStreamLocalSocket( 5713): ExitSocket =  ContextUtil.isAppBroughtToBackground()
09-26 12:25:47.143 I/ConnectDebug( 5713): (1537935947142) 1537935947142cmd rate 0.99 KB
09-26 12:25:48.003 I/DJILocationManager( 5713): Attempting to get last known location from default providers...
09-26 12:25:48.487 E/ContextUtil( 5713): dji.go.v4 5713
09-26 12:25:48.489 E/DJIStreamLocalSocket( 5713): ExitSocket =  ContextUtil.isAppBroughtToBackground()
09-26 12:25:49.045 D/abc     ( 1191): ========================================================
09-26 12:25:49.045 D/abc     ( 1191): change@/devices/platform/virtual_battery/power_supply/dji-bat
09-26 12:25:49.045 D/abc     ( 1191): ACTION=change
09-26 12:25:49.045 D/abc     ( 1191): DEVPATH=/devices/platform/virtual_battery/power_supply/dji-bat
09-26 12:25:49.045 D/abc     ( 1191): SUBSYSTEM=power_supply
09-26 12:25:49.045 D/abc     ( 1191): POWER_SUPPLY_NAME=dji-bat
09-26 12:25:49.045 D/abc     ( 1191): POWER_SUPPLY_CAPACITY=78
09-26 12:25:49.045 D/abc     ( 1191): POWER_SUPPLY_STATUS=Unknown
09-26 12:25:49.045 D/abc     ( 1191): POWER_SUPPLY_HEALTH=Good
09-26 12:25:49.045 D/abc     ( 1191): POWER_SUPPLY_PRESENT=1
09-26 12:25:49.045 D/abc     ( 1191): POWER_SUPPLY_VOLTAGE_NOW=7779000
09-26 12:25:49.045 D/abc     ( 1191): POWER_SUPPLY_TIME_TO_EMPTY_NOW=0
09-26 12:25:49.045 D/abc     ( 1191): POWER_SUPPLY_TECHNOLOGY=Li-ion
09-26 12:25:49.045 D/abc     ( 1191): POWER_SUPPLY_TEMP=37
09-26 12:25:49.045 D/abc     ( 1191): POWER_SUPPLY_CHARGE_ENABLED=1
09-26 12:25:49.045 D/abc     ( 1191): SEQNUM=3196
09-26 12:25:49.045 D/abc     ( 1191): event { action = 'change', path = '/devices/platform/virtual_battery/power_supply/dji-bat', subsystem = 'power_supply', firmware = '', major = -1, minor = -1 , devname = '', devtype = ''}
09-26 12:25:49.070 D/abc     ( 1191): ========================================================
09-26 12:25:49.070 D/abc     ( 1191): change@/devices/platform/ff3d0000.i2c/i2c-4/4-0022/extcon/extcon1
09-26 12:25:49.070 D/abc     ( 1191): ACTION=change
09-26 12:25:49.070 D/abc     ( 1191): DEVPATH=/devices/platform/ff3d0000.i2c/i2c-4/4-0022/extcon/extcon1
09-26 12:25:49.070 D/abc     ( 1191): SUBSYSTEM=extcon
09-26 12:25:49.070 D/abc     ( 1191): NAME=4-0022
09-26 12:25:49.070 D/abc     ( 1191): STATE=USB=1
09-26 12:25:49.070 D/abc     ( 1191): USB_HOST=0
09-26 12:25:49.070 D/abc     ( 1191): USB_VBUS_EN=0
09-26 12:25:49.070 D/abc     ( 1191): SDP=0
09-26 12:25:49.070 D/abc     ( 1191): CDP=0
09-26 12:25:49.070 D/abc     ( 1191): DCP=0
09-26 12:25:49.070 D/abc     ( 1191): SLOW-CHARGER=0
09-26 12:25:49.070 D/abc     ( 1191): FAST-CHARGER=0
09-26 12:25:49.070 D/abc     ( 1191): DP=0
09-26 12:25:49.070 D/abc     ( 1191): DEVTYPE=extcon1
09-26 12:25:49.070 D/abc     ( 1191): SEQNUM=3197
09-26 12:25:49.070 D/abc     ( 1191): event { action = 'change', path = '/devices/platform/ff3d0000.i2c/i2c-4/4-0022/extcon/extcon1', subsystem = 'extcon', firmware = '', major = -1, minor = -1 , devname = '', devtype = 'extcon1'}
09-26 12:25:49.070 D/abc     ( 1191): ========================================================
09-26 12:25:49.070 D/abc     ( 1191): change@/devices/platform/ff3d0000.i2c/i2c-4/4-0022/extcon/extcon1
09-26 12:25:49.070 D/abc     ( 1191): ACTION=change
09-26 12:25:49.070 D/abc     ( 1191): DEVPATH=/devices/platform/ff3d0000.i2c/i2c-4/4-0022/extcon/extcon1
09-26 12:25:49.070 D/abc     ( 1191): SUBSYSTEM=extcon
09-26 12:25:49.070 D/abc     ( 1191): NAME=4-0022
09-26 12:25:49.070 D/abc     ( 1191): STATE=USB=1
09-26 12:25:49.070 D/abc     ( 1191): USB_HOST=0
09-26 12:25:49.070 D/abc     ( 1191): USB_VBUS_EN=0
09-26 12:25:49.070 D/abc     ( 1191): SDP=0
09-26 12:25:49.070 D/abc     ( 1191): CDP=0
09-26 12:25:49.070 D/abc     ( 1191): DCP=0
09-26 12:25:49.070 D/abc     ( 1191): SLOW-CHARGER=0
09-26 12:25:49.070 D/abc     ( 1191): FAST-CHARGER=0
09-26 12:25:49.070 D/abc     ( 1191): DP=0
09-26 12:25:49.070 D/abc     ( 1191): DEVTYPE=extcon1
09-26 12:25:49.070 D/abc     ( 1191): SEQNUM=3198
09-26 12:25:49.070 D/abc     ( 1191): event { action = 'change', path = '/devices/platform/ff3d0000.i2c/i2c-4/4-0022/extcon/extcon1', subsystem = 'extcon', firmware = '', major = -1, minor = -1 , devname = '', devtype = 'extcon1'}
09-26 12:25:49.070 D/abc     ( 1191): ========================================================
09-26 12:25:49.070 D/abc     ( 1191): change@/devices/platform/ff3d0000.i2c/i2c-4/4-0022/extcon/extcon1
09-26 12:25:49.070 D/abc     ( 1191): ACTION=change
09-26 12:25:49.070 D/abc     ( 1191): DEVPATH=/devices/platform/ff3d0000.i2c/i2c-4/4-0022/extcon/extcon1
09-26 12:25:49.070 D/abc     ( 1191): SUBSYSTEM=extcon
09-26 12:25:49.070 D/abc     ( 1191): NAME=4-0022
09-26 12:25:49.070 D/abc     ( 1191): STATE=USB=1
09-26 12:25:49.070 D/abc     ( 1191): USB_HOST=0
09-26 12:25:49.070 D/abc     ( 1191): USB_VBUS_EN=0
09-26 12:25:49.070 D/abc     ( 1191): SDP=0
09-26 12:25:49.070 D/abc     ( 1191): CDP=0
09-26 12:25:49.070 D/abc     ( 1191): DCP=0
09-26 12:25:49.070 D/abc     ( 1191): SLOW-CHARGER=0
09-26 12:25:49.070 D/abc     ( 1191): FAST-CHARGER=0
09-26 12:25:49.070 D/abc     ( 1191): DP=0
09-26 12:25:49.070 D/abc     ( 1191): DEVTYPE=extcon1
09-26 12:25:49.070 D/abc     ( 1191): SEQNUM=3199
09-26 12:25:49.070 D/abc     ( 1191): event { action = 'change', path = '/devices/platform/ff3d0000.i2c/i2c-4/4-0022/extcon/extcon1', subsystem = 'extcon', firmware = '', major = -1, minor = -1 , devname = '', devtype = 'extcon1'}
09-26 12:25:49.292 I/ConnectDebug( 5713): (1537935949292) 1537935949292cmd rate 1.01 KB
09-26 12:25:49.422 D/abc     ( 1191): ========================================================
09-26 12:25:49.422 D/abc     ( 1191): change@/devices/platform/ff3d0000.i2c/i2c-4/4-0022/extcon/extcon1
09-26 12:25:49.422 D/abc     ( 1191): ACTION=change
09-26 12:25:49.422 D/abc     ( 1191): DEVPATH=/devices/platform/ff3d0000.i2c/i2c-4/4-0022/extcon/extcon1
09-26 12:25:49.422 D/abc     ( 1191): SUBSYSTEM=extcon
09-26 12:25:49.422 D/abc     ( 1191): NAME=4-0022
09-26 12:25:49.422 D/abc     ( 1191): STATE=USB=1
09-26 12:25:49.422 D/abc     ( 1191): USB_HOST=0
09-26 12:25:49.422 D/abc     ( 1191): USB_VBUS_EN=0
09-26 12:25:49.422 D/abc     ( 1191): SDP=0
09-26 12:25:49.422 D/abc     ( 1191): CDP=0
09-26 12:25:49.422 D/abc     ( 1191): DCP=1
09-26 12:25:49.422 D/abc     ( 1191): SLOW-CHARGER=0
09-26 12:25:49.422 D/abc     ( 1191): FAST-CHARGER=0
09-26 12:25:49.422 D/abc     ( 1191): DP=0
09-26 12:25:49.422 D/abc     ( 1191): DEVTYPE=extcon1
09-26 12:25:49.422 D/abc     ( 1191): SEQNUM=3200
09-26 12:25:49.422 D/abc     ( 1191): event { action = 'change', path = '/devices/platform/ff3d0000.i2c/i2c-4/4-0022/extcon/extcon1', subsystem = 'extcon', firmware = '', major = -1, minor = -1 , devname = '', devtype = 'extcon1'}
09-26 12:25:49.495 I/chatty  ( 2309): uid=1010(wifi) /system/bin/wpa_supplicant expire 3608 lines
09-26 12:25:50.027 E/ContextUtil( 5713): dji.go.v4 5713
09-26 12:25:50.028 E/DJIStreamLocalSocket( 5713): ExitSocket =  ContextUtil.isAppBroughtToBackground()
09-26 12:25:50.075 I/DJILocationManager( 5713): Attempting to get last known location from default providers...
09-26 12:25:51.117 D/UsbObserver(  358): kaka (159) change@/devices/virtual/android_usb/android0
09-26 12:25:51.117 D/abc     ( 1191): ========================================================
09-26 12:25:51.117 D/abc     ( 1191): change@/devices/virtual/android_usb/android0
09-26 12:25:51.117 D/abc     ( 1191): ACTION=change
09-26 12:25:51.117 D/abc     ( 1191): DEVPATH=/devices/virtual/android_usb/android0
09-26 12:25:51.118 D/abc     ( 1191): SUBSYSTEM=android_usb
09-26 12:25:51.118 D/abc     ( 1191): USB_STATE=CONNECTED
09-26 12:25:51.118 D/abc     ( 1191): SEQNUM=3201
09-26 12:25:51.120 E/Listener(  358): add listener for 57
09-26 12:25:51.120 D/abc     ( 1191): event { action = 'change', path = '/devices/virtual/android_usb/android0', subsystem = 'android_usb', firmware = '', major = -1, minor = -1 , devname = '', devtype = ''}
09-26 12:25:51.120 W/ContextImpl(  683): Calling a method in the system process without a qualified user: android.app.ContextImpl.startActivity:768 com.dji.DjiServicesHelper.showUsbModeChooserActivity:235 com.android.server.usb.UsbDeviceManager$UsbHandler.updateUsbNotification:894 com.android.server.usb.UsbDeviceManager$UsbHandler.handleMessage:772 android.os.Handler.dispatchMessage:102 
09-26 12:25:51.120 W/ContextImpl(  683): Calling a method in the system process without a qualified user: android.app.ContextImpl.startActivity:780 android.app.ContextImpl.startActivity:769 com.dji.DjiServicesHelper.showUsbModeChooserActivity:235 com.android.server.usb.UsbDeviceManager$UsbHandler.updateUsbNotification:894 com.android.server.usb.UsbDeviceManager$UsbHandler.handleMessage:772 
09-26 12:25:51.121 I/ActivityManager(  683): START u0 {act=android.intent.action.MAIN cat=[android.intent.category.LAUNCHER] flg=0x10008000 cmp=com.android.settings/.deviceinfo.UsbModeChooserActivity} from uid 1000 on display 0
09-26 12:25:51.124 D/abc     ( 1191): ========================================================
09-26 12:25:51.124 D/abc     ( 1191): change@/devices/virtual/android_usb/android0
09-26 12:25:51.124 D/abc     ( 1191): ACTION=change
09-26 12:25:51.124 D/abc     ( 1191): DEVPATH=/devices/virtual/android_usb/android0
09-26 12:25:51.124 D/abc     ( 1191): SUBSYSTEM=android_usb
09-26 12:25:51.124 D/abc     ( 1191): USB_STATE=CONFIGURED
09-26 12:25:51.124 D/abc     ( 1191): SEQNUM=3202
09-26 12:25:51.124 D/abc     ( 1191): event { action = 'change', path = '/devices/virtual/android_usb/android0', subsystem = 'android_usb', firmware = '', major = -1, minor = -1 , devname = '', devtype = ''}
09-26 12:25:51.124 D/UsbObserver(  358): kaka (160) change@/devices/virtual/android_usb/android0
09-26 12:25:51.124 E/DJILink (  358): remove listener 57
09-26 12:25:51.125 E/UartLinkHandler(  358): close 57 for /dev/ttyGS0
09-26 12:25:51.126 I/chatty  (  683): uid=1000(system) android.fg expire 15 lines
09-26 12:25:51.136 I/chatty  (  683): uid=1000(system) Binder:683_20 expire 21 lines
09-26 12:25:51.144 I/chatty  (  683): uid=1000(system) android.display expire 5 lines
09-26 12:25:51.155 D/GRALLOC-ROCKCHIP(  251): enter, w : 1152, h : 648, format : 0x1, usage : 0x333.
09-26 12:25:51.155 D/GRALLOC-ROCKCHIP(  251): [File] : hardware/rockchip/libgralloc/gralloc_drm_rockchip.c; [Line] : 1315; [Func] : drm_gem_rockchip_alloc;
09-26 12:25:51.155 D/GRALLOC-ROCKCHIP(  251): to ask for cachable buffer for CPU read, usage : 0x333
09-26 12:25:51.162 D/GRALLOC-ROCKCHIP(  251): enter, w : 1152, h : 648, format : 0x1, usage : 0x333.
09-26 12:25:51.163 D/GRALLOC-ROCKCHIP(  251): [File] : hardware/rockchip/libgralloc/gralloc_drm_rockchip.c; [Line] : 1315; [Func] : drm_gem_rockchip_alloc;
09-26 12:25:51.163 D/GRALLOC-ROCKCHIP(  251): to ask for cachable buffer for CPU read, usage : 0x333
09-26 12:25:51.226 V/ActivityManager(  683): Stopping ActivityRecord{3a00b58 u0 com.android.documentsui/com.dji.documentsui.ui.activity.DJIExplorerActivity t39}: nowVisible=false waitingVisible=true finishing=false
09-26 12:25:51.277 D/RKUpdateReceiver( 1650): action = android.hardware.usb.action.USB_STATE
09-26 12:25:51.291 E/kaka    ( 6557): totalFree:2022658048
09-26 12:25:51.303 E/DJIUsbAccessoryReceiver( 5713): android.hardware.usb.action.USB_STATE
09-26 12:25:51.304 E/kaka    ( 6557): totalFree:2022404096
09-26 12:25:51.310 D/RKUpdateReceiver( 1650): action = android.hardware.usb.action.USB_STATE
09-26 12:25:51.312 I/ConnectDebug( 5713): (1537935951306) DJIUsbAccessoryReceiver android.hardware.usb.action.USB_STATE
09-26 12:25:51.313 E/DJIUsbAccessoryReceiver( 5713): android.hardware.usb.action.USB_STATE: is connected
09-26 12:25:51.313 I/ConnectDebug( 5713): (1537935951313) DJIUsbAccessoryReceiver android.hardware.usb.action.USB_STATE: is connected
09-26 12:25:51.313 E/DJIUsbAccessoryReceiver( 5713): android.hardware.usb.action.USB_STATE
09-26 12:25:51.315 I/ConnectDebug( 5713): (1537935951315) DJIUsbAccessoryReceiver android.hardware.usb.action.USB_STATE
09-26 12:25:51.316 E/DJIUsbAccessoryReceiver( 5713): android.hardware.usb.action.USB_STATE: is connected
09-26 12:25:51.316 I/ConnectDebug( 5713): (1537935951316) DJIUsbAccessoryReceiver android.hardware.usb.action.USB_STATE: is connected
09-26 12:25:51.338 E/kaka    ( 6557): totalFree:2021265408
09-26 12:25:51.344 I/ConnectDebug( 5713): (1537935951343) 1537935951343cmd rate 0.80 KB
09-26 12:25:51.362 E/kaka    ( 6557): totalFree:2023112704
09-26 12:25:51.367 I/getprop (10393): type=1400 audit(0.0:255): avc: denied { open } for path="/dev/__properties__/u:object_r:wc_transport_prop:s0" dev="tmpfs" ino=13099 scontext=u:r:shell:s0 tcontext=u:object_r:wc_transport_prop:s0 tclass=file permissive=1
09-26 12:25:51.367 I/getprop (10393): type=1400 audit(0.0:256): avc: denied { getattr } for path="/dev/__properties__/u:object_r:wc_transport_prop:s0" dev="tmpfs" ino=13099 scontext=u:r:shell:s0 tcontext=u:object_r:wc_transport_prop:s0 tclass=file permissive=1
09-26 12:25:51.367 I/getprop (10393): type=1400 audit(0.0:257): avc: denied { open } for path="/dev/__properties__/u:object_r:secureboot_prop:s0" dev="tmpfs" ino=13100 scontext=u:r:shell:s0 tcontext=u:object_r:secureboot_prop:s0 tclass=file permissive=1
09-26 12:25:51.367 I/getprop (10393): type=1400 audit(0.0:258): avc: denied { getattr } for path="/dev/__properties__/u:object_r:secureboot_prop:s0" dev="tmpfs" ino=13100 scontext=u:r:shell:s0 tcontext=u:object_r:secureboot_prop:s0 tclass=file permissive=1
09-26 12:25:51.367 I/getprop (10393): type=1400 audit(0.0:259): avc: denied { open } for path="/dev/__properties__/u:object_r:pppoe_prop:s0" dev="tmpfs" ino=13101 scontext=u:r:shell:s0 tcontext=u:object_r:pppoe_prop:s0 tclass=file permissive=1
09-26 12:25:51.367 I/getprop (10393): type=1400 audit(0.0:260): avc: denied { getattr } for path="/dev/__properties__/u:object_r:pppoe_prop:s0" dev="tmpfs" ino=13101 scontext=u:r:shell:s0 tcontext=u:object_r:pppoe_prop:s0 tclass=file permissive=1
09-26 12:25:51.465 D/GRALLOC-ROCKCHIP(  251): enter, w : 1408, h : 971, format : 0x1, usage : 0x900.
09-26 12:25:51.476 D/GRALLOC-ROCKCHIP(  251): enter, w : 1408, h : 971, format : 0x1, usage : 0x900.
09-26 12:25:51.486 D/GRALLOC-ROCKCHIP(  251): enter, w : 1408, h : 971, format : 0x1, usage : 0x900.
09-26 12:25:51.495 D/GRALLOC-ROCKCHIP(  251): enter, w : 1408, h : 971, format : 0x1, usage : 0x900.
09-26 12:25:51.505 E/BufferQueueProducer(  251): [com.android.settings/com.android.settings.deviceinfo.UsbModeChooserActivity] connect: already connected (cur=1 req=1)
09-26 12:25:51.506 D/mali_winsys( 9342): EGLint new_window_surface(egl_winsys_display*, void*, EGLSurface, EGLConfig, egl_winsys_surface**, egl_color_buffer_format*, EGLBoolean) returns 0x3000
09-26 12:25:51.526 D/NotificationService( 1036): @@@dji@@@onEventMainThread, NotificationEvent=REQ_NUM
09-26 12:25:51.534 D/GRALLOC-ROCKCHIP(  251): enter, w : 1920, h : 1080, format : 0x1, usage : 0x900.
09-26 12:25:51.546 D/GRALLOC-ROCKCHIP(  251): enter, w : 1920, h : 1080, format : 0x1, usage : 0x900.
09-26 12:25:51.546 D/NotificationService( 1036): @@@dji@@@onEventMainThread,event=mOp=RES_NUM,mData9
09-26 12:25:51.546 D/NotificationService( 1036): @@@dji@@@onEventMainThread, NotificationEvent=REQ_UPDATE
09-26 12:25:51.556 D/GRALLOC-ROCKCHIP(  251): enter, w : 1920, h : 1080, format : 0x1, usage : 0x900.
09-26 12:25:51.564 D/NotificationService( 1036): @@@dji@@@onEventMainThread,event=mOp=RES_UPDATE,mDatanull
09-26 12:25:51.566 E/ContextUtil( 5713): dji.go.v4 5713
09-26 12:25:51.567 D/GRALLOC-ROCKCHIP(  251): enter, w : 1920, h : 1080, format : 0x1, usage : 0x900.
09-26 12:25:51.568 E/DJIStreamLocalSocket( 5713): ExitSocket =  ContextUtil.isAppBroughtToBackground()
09-26 12:25:51.576 E/BufferQueueProducer(  251): [com.android.settings/com.android.settings.deviceinfo.UsbModeChooserActivity] connect: already connected (cur=1 req=1)
09-26 12:25:51.577 D/mali_winsys( 9342): EGLint new_window_surface(egl_winsys_display*, void*, EGLSurface, EGLConfig, egl_winsys_surface**, egl_color_buffer_format*, EGLBoolean) returns 0x3000
09-26 12:25:51.595 D/GRALLOC-ROCKCHIP(  251): enter, w : 971, h : 1408, format : 0x1, usage : 0xb00.
09-26 12:25:51.604 D/GRALLOC-ROCKCHIP( 9342): enter, w : 971, h : 1408, format : 0x1, usage : 0xb00.
09-26 12:25:51.665 I/chatty  (  683): uid=1000(system) WifiScanningSer expire 1 line
09-26 12:25:51.666 I/chatty  (  683): uid=1000(system) WifiStateMachin expire 2 lines
09-26 12:25:51.709 D/GRALLOC-ROCKCHIP(  251): enter, w : 971, h : 1408, format : 0x1, usage : 0xb00.
09-26 12:25:51.717 D/GRALLOC-ROCKCHIP( 9342): enter, w : 971, h : 1408, format : 0x1, usage : 0xb00.
09-26 12:25:51.730 D/GRALLOC-ROCKCHIP(  251): enter, w : 1080, h : 1920, format : 0x1, usage : 0xb00.
09-26 12:25:51.745 D/GRALLOC-ROCKCHIP( 9342): enter, w : 1080, h : 1920, format : 0x1, usage : 0xb00.
09-26 12:25:51.755 D/GRALLOC-ROCKCHIP(  251): enter, w : 1080, h : 1920, format : 0x1, usage : 0xb00.
09-26 12:25:51.756 E/kaka    ( 6751): totalFree:2013323264
09-26 12:25:51.758 D/DJIMessageReceiver( 6751): DJIMessageReceiver android.net.wifi.STATE_CHANGE
09-26 12:25:51.763 E/kaka    ( 6751): totalFree:2013425664
09-26 12:25:51.770 D/GRALLOC-ROCKCHIP( 9342): enter, w : 1080, h : 1920, format : 0x1, usage : 0xb00.
09-26 12:25:51.804 I/VosMCThread( 2299): type=1400 audit(0.0:261): avc: denied { append } for name="tcp_use_userconfig" dev="proc" ino=68975 scontext=u:r:kernel:s0 tcontext=u:object_r:proc_net:s0 tclass=file permissive=1
09-26 12:25:51.804 I/VosMCThread( 2299): type=1400 audit(0.0:262): avc: denied { dac_override } for capability=1 scontext=u:r:kernel:s0 tcontext=u:r:kernel:s0 tclass=capability permissive=1
09-26 12:25:51.839 D/GRALLOC-ROCKCHIP(  251): enter, w : 971, h : 1408, format : 0x1, usage : 0xb00.
09-26 12:25:51.840 I/chatty  (  683): uid=1000(system) Binder:683_16 expire 1 line
09-26 12:25:51.848 D/GRALLOC-ROCKCHIP( 9342): enter, w : 971, h : 1408, format : 0x1, usage : 0xb00.
09-26 12:25:51.866 D/GRALLOC-ROCKCHIP(  251): enter, w : 1080, h : 1920, format : 0x1, usage : 0xb00.
09-26 12:25:51.872 I/art     ( 5913): Background sticky concurrent mark sweep GC freed 19363(1176KB) AllocSpace objects, 2(40KB) LOS objects, 36% free, 3MB/5MB, paused 6.006ms total 37.637ms
09-26 12:25:51.892 D/GRALLOC-ROCKCHIP( 9342): enter, w : 1080, h : 1920, format : 0x1, usage : 0xb00.
09-26 12:25:52.015 D/GRALLOC-ROCKCHIP(  251): enter, w : 1080, h : 1920, format : 0x1, usage : 0xb00.
09-26 12:25:52.031 D/GRALLOC-ROCKCHIP( 9342): enter, w : 1080, h : 1920, format : 0x1, usage : 0xb00.
09-26 12:25:52.052 D/abc     ( 1191): ========================================================
09-26 12:25:52.052 D/abc     ( 1191): change@/devices/platform/virtual_battery/power_supply/dji-bat
09-26 12:25:52.052 D/abc     ( 1191): ACTION=change
09-26 12:25:52.052 D/abc     ( 1191): DEVPATH=/devices/platform/virtual_battery/power_supply/dji-bat
09-26 12:25:52.052 D/abc     ( 1191): SUBSYSTEM=power_supply
09-26 12:25:52.052 D/abc     ( 1191): POWER_SUPPLY_NAME=dji-bat
09-26 12:25:52.052 D/abc     ( 1191): POWER_SUPPLY_CAPACITY=78
09-26 12:25:52.052 D/abc     ( 1191): POWER_SUPPLY_STATUS=Charging
09-26 12:25:52.052 D/abc     ( 1191): POWER_SUPPLY_HEALTH=Good
09-26 12:25:52.052 D/abc     ( 1191): POWER_SUPPLY_PRESENT=1
09-26 12:25:52.052 D/abc     ( 1191): POWER_SUPPLY_VOLTAGE_NOW=7788000
09-26 12:25:52.052 D/abc     ( 1191): POWER_SUPPLY_TIME_TO_EMPTY_NOW=0
09-26 12:25:52.052 D/abc     ( 1191): POWER_SUPPLY_TECHNOLOGY=Li-ion
09-26 12:25:52.052 D/abc     ( 1191): POWER_SUPPLY_TEMP=37
09-26 12:25:52.052 D/abc     ( 1191): POWER_SUPPLY_CHARGE_ENABLED=1
09-26 12:25:52.052 D/abc     ( 1191): SEQNUM=3203
09-26 12:25:52.052 D/abc     ( 1191): event { action = 'change', path = '/devices/platform/virtual_battery/power_supply/dji-bat', subsystem = 'power_supply', firmware = '', major = -1, minor = -1 , devname = '', devtype = ''}
09-26 12:25:52.055 I/chatty  (  683): uid=1000(system) Binder:683_1A expire 1 line
09-26 12:25:52.088 I/MediaPlayerService(  357): processName cmdline:/proc/683/cmdline
09-26 12:25:52.088 E/MediaPlayerService(  357): Obtain calling ProcessName failed
09-26 12:25:52.096 I/AccessibilityDispatcher( 5913): isServerStart: false
09-26 12:25:52.137 V/ActivityManager(  683): Stopping ActivityRecord{3a00b58 u0 com.android.documentsui/com.dji.documentsui.ui.activity.DJIExplorerActivity t39}: nowVisible=false waitingVisible=true finishing=false
09-26 12:25:52.138 D/com.qq.connect( 8432): android.intent.action.ACTION_POWER_CONNECTED
09-26 12:25:52.144 D/NuPlayerDriver(  357): notifyListener_l(0xe6607480), (1, 0, 0), loop setting(0, 0)
09-26 12:25:52.145 I/chatty  (  683): uid=1000 system_server expire 4 lines
09-26 12:25:52.147 D/NotificationService( 1036): @@@dji@@@onEventMainThread, NotificationEvent=REQ_NUM
09-26 12:25:52.157 I/DJILocationManager( 5713): Attempting to get last known location from default providers...
09-26 12:25:52.160 D/NuPlayerDriver(  357): reset(0xe6607480) at state 4
09-26 12:25:52.160 D/NuPlayerDriver(  357): notifyListener_l(0xe6607480), (8, 0, 0), loop setting(0, 0)
09-26 12:25:52.160 D/NuPlayerDriver(  357): notifyResetComplete(0xe6607480)
09-26 12:25:52.161 D/NuPlayerDriver(  357): reset(0xe6607480) at state 0
09-26 12:25:52.171 I/ActivityManager(  683): START u0 {flg=0x10000000 cmp=com.tencent.android.qqdownloader/com.qq.AppService.StartApp} from uid 10047 on display 0
09-26 12:25:52.181 D/NotificationService( 1036): @@@dji@@@onEventMainThread,event=mOp=RES_NUM,mData9
