09-26 12:18:20.580 E/BatteryStatsService(  683): no controller energy info supplied
09-26 12:18:38.432 E/kaka    ( 7815): totalFree:2055323648
09-26 12:18:43.760 E/BatteryStatsService(  683): no controller energy info supplied
09-26 12:18:55.740 E/BatteryStatsService(  683): no controller energy info supplied
09-26 12:19:00.089 E/kaka    ( 9766): totalFree:2053967872
09-26 12:19:00.119 E/kaka    ( 9766): totalFree:2053984256
09-26 12:19:00.617 I/ActivityManager(  683): Process com.tencent.qqpimsecure:fore (pid 7815) has died
09-26 12:19:00.617 D/ActivityManager(  683): cleanUpApplicationRecord -- 7815
09-26 12:19:10.498 W/ViewRootImpl[VideoPlayActivity]( 9886): Cancelling event due to no window focus: KeyEvent { action=ACTION_UP, keyCode=KEYCODE_BACK, scanCode=158, metaState=0, flags=0x28, repeatCount=0, eventTime=2521718, downTime=2521676, deviceId=0, source=0x101 }
09-26 12:19:10.498 W/ViewRootImpl[VideoPlayActivity]( 9886): Cancelling event due to no window focus: KeyEvent { action=ACTION_UP, keyCode=KEYCODE_BACK, scanCode=158, metaState=0, flags=0x28, repeatCount=0, eventTime=2521718, downTime=2521676, deviceId=0, source=0x101 }
09-26 12:19:10.498 W/ViewRootImpl[VideoPlayActivity]( 9886): Cancelling event due to no window focus: KeyEvent { action=ACTION_UP, keyCode=KEYCODE_BACK, scanCode=158, metaState=0, flags=0x28, repeatCount=0, eventTime=2521718, downTime=2521676, deviceId=0, source=0x101 }
09-26 12:19:10.622 W/ViewRootImpl[VideoPlayActivity]( 9886): Cancelling event due to no window focus: KeyEvent { action=ACTION_UP, keyCode=KEYCODE_BACK, scanCode=158, metaState=0, flags=0x28, repeatCount=0, eventTime=2521718, downTime=2521676, deviceId=0, source=0x101 }
09-26 12:19:10.623 W/ViewRootImpl[VideoPlayActivity]( 9886): Cancelling event due to no window focus: KeyEvent { action=ACTION_UP, keyCode=KEYCODE_BACK, scanCode=158, metaState=0, flags=0x28, repeatCount=0, eventTime=2521718, downTime=2521676, deviceId=0, source=0x101 }
09-26 12:19:10.623 W/ViewRootImpl[VideoPlayActivity]( 9886): Cancelling event due to no window focus: KeyEvent { action=ACTION_UP, keyCode=KEYCODE_BACK, scanCode=158, metaState=0, flags=0x28, repeatCount=0, eventTime=2521718, downTime=2521676, deviceId=0, source=0x101 }
09-26 12:19:10.625 W/ViewRootImpl[VideoPlayActivity]( 9886): Cancelling event due to no window focus: KeyEvent { action=ACTION_UP, keyCode=KEYCODE_BACK, scanCode=158, metaState=0, flags=0x28, repeatCount=0, eventTime=2521718, downTime=2521676, deviceId=0, source=0x101 }
09-26 12:19:10.626 W/ViewRootImpl[VideoPlayActivity]( 9886): Cancelling event due to no window focus: KeyEvent { action=ACTION_UP, keyCode=KEYCODE_BACK, scanCode=158, metaState=0, flags=0x28, repeatCount=0, eventTime=2521718, downTime=2521676, deviceId=0, source=0x101 }
09-26 12:19:10.626 W/ViewRootImpl[VideoPlayActivity]( 9886): Cancelling event due to no window focus: KeyEvent { action=ACTION_UP, keyCode=KEYCODE_BACK, scanCode=158, metaState=0, flags=0x28, repeatCount=0, eventTime=2521718, downTime=2521676, deviceId=0, source=0x101 }
09-26 12:19:10.715 W/ContextImpl( 9470): Calling a method in the system process without a qualified user: android.app.ContextImpl.sendBroadcast:878 android.content.ContextWrapper.sendBroadcast:421 com.dpad.launcher.util.AppUtils$1.handleMessage:48 android.os.Handler.dispatchMessage:98 android.os.Looper.loop:154 
09-26 12:19:10.817 V/ActivityManager(  683): Stopping ActivityRecord{7adbef5 u0 android.rk.RockVideoPlayer/.VideoPlayActivity t36 f}: nowVisible=true waitingVisible=true finishing=true
09-26 12:19:10.817 V/ActivityManager(  683): Before stopping, can hide: ActivityRecord{7adbef5 u0 android.rk.RockVideoPlayer/.VideoPlayActivity t36 f}
09-26 12:19:10.825 V/ActivityManager(  683): Stopping ActivityRecord{7adbef5 u0 android.rk.RockVideoPlayer/.VideoPlayActivity t36 f}: nowVisible=true waitingVisible=false finishing=true
09-26 12:19:10.825 V/ActivityManager(  683): Ready to stop: ActivityRecord{7adbef5 u0 android.rk.RockVideoPlayer/.VideoPlayActivity t36 f}
09-26 12:19:10.838 E/kaka    ( 9886): totalFree:2130096128
09-26 12:19:13.296 I/ActivityManager(  683): START u0 {flg=0x10000000 cmp=com.wandoujia.phoenix2/com.pp.assistant.activity.PPMainActivity} from uid 1000 on display 0
09-26 12:19:13.519 I/ActivityManager(  683): Config changes=480 {1.0 dualscreenflag=ENABLE ?mcc?mnc [zh_CN_#Hans,en_US,zh_TW_#Hant,ja_JP] ldltr sw432dp w432dp h744dp 400dpi nrml long port finger -keyb/v/h -nav/h s.40}
09-26 12:19:13.520 D/CryptdConnector(  683): SND -> {13 cryptfs setfield SystemLocale zh-Hans-CN}
09-26 12:19:13.527 D/CryptdConnector(  683): RCV <- {200 13 0}
09-26 12:19:13.570 V/ActivityManager(  683): Stopping ActivityRecord{e51ef83 u0 com.dpad.launcher/.Launcher t34}: nowVisible=false waitingVisible=true finishing=false
09-26 12:19:13.604 D/ActivityManager(  683): could not start service for wdj.accessibility
09-26 12:19:13.704 W/ContextImpl( 9470): Calling a method in the system process without a qualified user: android.app.ContextImpl.sendBroadcast:878 android.content.ContextWrapper.sendBroadcast:421 com.dpad.launcher.util.AppUtils$1.handleMessage:48 android.os.Handler.dispatchMessage:98 android.os.Looper.loop:154 
09-26 12:19:13.817 V/ActivityManager(  683): Stopping ActivityRecord{e51ef83 u0 com.dpad.launcher/.Launcher t34}: nowVisible=true waitingVisible=true finishing=false
09-26 12:19:13.838 I/WindowManager(  683): Screen frozen for +417ms due to Window{7bfe8e6 u0 StatusBar}
09-26 12:19:14.222 V/ActivityManager(  683): Stopping ActivityRecord{e51ef83 u0 com.dpad.launcher/.Launcher t34}: nowVisible=true waitingVisible=false finishing=false
09-26 12:19:14.222 V/ActivityManager(  683): Ready to stop: ActivityRecord{e51ef83 u0 com.dpad.launcher/.Launcher t34}
09-26 12:19:22.130 I/ActivityManager(  683): START u0 {act=android.intent.action.MAIN cat=[android.intent.category.HOME] flg=0x10200000 cmp=com.dpad.launcher/.Launcher (has extras)} from uid 1000 on display 0
09-26 12:19:22.398 I/ActivityManager(  683): Config changes=480 {1.0 dualscreenflag=ENABLE ?mcc?mnc [zh_CN_#Hans,en_US,zh_TW_#Hant,ja_JP] ldltr sw432dp w768dp h408dp 400dpi nrml long land finger -keyb/v/h -nav/h s.41}
09-26 12:19:22.400 D/CryptdConnector(  683): SND -> {14 cryptfs setfield SystemLocale zh-Hans-CN}
09-26 12:19:22.406 D/CryptdConnector(  683): RCV <- {200 14 0}
09-26 12:19:22.501 V/ActivityManager(  683): Stopping ActivityRecord{8fed311 u0 com.wandoujia.phoenix2/com.pp.assistant.activity.PPMainActivity t31}: nowVisible=false waitingVisible=true finishing=false
09-26 12:19:22.622 W/ContextImpl( 9470): Calling a method in the system process without a qualified user: android.app.ContextImpl.sendBroadcast:878 android.content.ContextWrapper.sendBroadcast:421 com.dpad.launcher.util.AppUtils$1.handleMessage:48 android.os.Handler.dispatchMessage:98 android.os.Looper.loop:154 
09-26 12:19:22.721 V/ActivityManager(  683): Stopping ActivityRecord{8fed311 u0 com.wandoujia.phoenix2/com.pp.assistant.activity.PPMainActivity t31}: nowVisible=false waitingVisible=true finishing=false
09-26 12:19:22.735 V/ActivityManager(  683): Stopping ActivityRecord{8fed311 u0 com.wandoujia.phoenix2/com.pp.assistant.activity.PPMainActivity t31}: nowVisible=true waitingVisible=false finishing=false
09-26 12:19:22.735 V/ActivityManager(  683): Ready to stop: ActivityRecord{8fed311 u0 com.wandoujia.phoenix2/com.pp.assistant.activity.PPMainActivity t31}
09-26 12:19:22.744 E/kaka    ( 8556): totalFree:2133979136
09-26 12:19:22.753 E/kaka    ( 8582): totalFree:2133864448
09-26 12:19:22.766 I/WindowManager(  683): Screen frozen for +488ms due to Window{7232348 u0 com.dpad.launcher/com.dpad.launcher.Launcher}
09-26 12:19:24.094 W/ContextImpl( 9470): Calling a method in the system process without a qualified user: android.app.ContextImpl.startActivity:768 android.content.ContextWrapper.startActivity:356 com.dpad.launcher.apps.AppsMgr.startApp:213 com.dpad.launcher.apps.AppsMgr.startApp:180 com.dpad.launcher.widget.Hotseat.onClick:44 
09-26 12:19:24.095 W/ContextImpl( 9470): Calling a method in the system process without a qualified user: android.app.ContextImpl.startActivity:780 android.app.ContextImpl.startActivity:769 android.content.ContextWrapper.startActivity:356 com.dpad.launcher.apps.AppsMgr.startApp:213 com.dpad.launcher.apps.AppsMgr.startApp:180 
09-26 12:19:24.097 I/ActivityManager(  683): START u0 {act=android.intent.action.MAIN cat=[android.intent.category.LAUNCHER] flg=0x10200000 cmp=com.android.settings/.Settings} from uid 1000 on display 0
09-26 12:19:24.233 V/ActivityManager(  683): Stopping ActivityRecord{e51ef83 u0 com.dpad.launcher/.Launcher t34}: nowVisible=false waitingVisible=true finishing=false
09-26 12:19:24.468 W/ContextImpl( 9470): Calling a method in the system process without a qualified user: android.app.ContextImpl.sendBroadcast:878 android.content.ContextWrapper.sendBroadcast:421 com.dpad.launcher.util.AppUtils$1.handleMessage:48 android.os.Handler.dispatchMessage:98 android.os.Looper.loop:154 
09-26 12:19:24.567 W/StorageManager( 9342): Could not read /sys/block/mmcblk1/size
09-26 12:19:24.567 W/StorageManager( 9342): java.io.FileNotFoundException: /sys/block/mmcblk1/size (No such file or directory)
09-26 12:19:24.567 W/StorageManager( 9342): 	at java.io.FileInputStream.open(Native Method)
09-26 12:19:24.567 W/StorageManager( 9342): 	at java.io.FileInputStream.<init>(FileInputStream.java:146)
09-26 12:19:24.567 W/StorageManager( 9342): 	at java.io.FileInputStream.<init>(FileInputStream.java:99)
09-26 12:19:24.567 W/StorageManager( 9342): 	at android.os.storage.StorageManager.readLong(StorageManager.java:962)
09-26 12:19:24.567 W/StorageManager( 9342): 	at android.os.storage.StorageManager.getPrimaryStorageSize(StorageManager.java:944)
09-26 12:19:24.567 W/StorageManager( 9342): 	at com.android.settingslib.deviceinfo.StorageManagerVolumeProvider.getPrimaryStorageSize(StorageManagerVolumeProvider.java:37)
09-26 12:19:24.567 W/StorageManager( 9342): 	at com.android.settingslib.deviceinfo.PrivateStorageInfo.getPrivateStorageInfo(PrivateStorageInfo.java:40)
09-26 12:19:24.567 W/StorageManager( 9342): 	at com.android.settings.deviceinfo.StorageSettings$SummaryProvider.updateSummary(StorageSettings.java:516)
09-26 12:19:24.567 W/StorageManager( 9342): 	at com.android.settings.deviceinfo.StorageSettings$SummaryProvider.setListening(StorageSettings.java:509)
09-26 12:19:24.567 W/StorageManager( 9342): 	at com.android.settings.dashboard.SummaryLoader.setListeningW(SummaryLoader.java:192)
09-26 12:19:24.567 W/StorageManager( 9342): 	at com.android.settings.dashboard.SummaryLoader.-wrap2(SummaryLoader.java)
09-26 12:19:24.567 W/StorageManager( 9342): 	at com.android.settings.dashboard.SummaryLoader$Worker.handleMessage(SummaryLoader.java:253)
09-26 12:19:24.567 W/StorageManager( 9342): 	at android.os.Handler.dispatchMessage(Handler.java:102)
09-26 12:19:24.567 W/StorageManager( 9342): 	at android.os.Looper.loop(Looper.java:154)
09-26 12:19:24.567 W/StorageManager( 9342): 	at android.os.HandlerThread.run(HandlerThread.java:61)
09-26 12:19:24.572 W/StorageManager( 9342): Could not read /sys/block/rknand_userdata/size
09-26 12:19:24.572 W/StorageManager( 9342): java.io.FileNotFoundException: /sys/block/rknand_userdata/size (No such file or directory)
09-26 12:19:24.572 W/StorageManager( 9342): 	at java.io.FileInputStream.open(Native Method)
09-26 12:19:24.572 W/StorageManager( 9342): 	at java.io.FileInputStream.<init>(FileInputStream.java:146)
09-26 12:19:24.572 W/StorageManager( 9342): 	at java.io.FileInputStream.<init>(FileInputStream.java:99)
09-26 12:19:24.572 W/StorageManager( 9342): 	at android.os.storage.StorageManager.readLong(StorageManager.java:962)
09-26 12:19:24.572 W/StorageManager( 9342): 	at android.os.storage.StorageManager.getPrimaryStorageSize(StorageManager.java:944)
09-26 12:19:24.572 W/StorageManager( 9342): 	at com.android.settingslib.deviceinfo.StorageManagerVolumeProvider.getPrimaryStorageSize(StorageManagerVolumeProvider.java:37)
09-26 12:19:24.572 W/StorageManager( 9342): 	at com.android.settingslib.deviceinfo.PrivateStorageInfo.getPrivateStorageInfo(PrivateStorageInfo.java:40)
09-26 12:19:24.572 W/StorageManager( 9342): 	at com.android.settings.deviceinfo.StorageSettings$SummaryProvider.updateSummary(StorageSettings.java:516)
09-26 12:19:24.572 W/StorageManager( 9342): 	at com.android.settings.deviceinfo.StorageSettings$SummaryProvider.setListening(StorageSettings.java:509)
09-26 12:19:24.572 W/StorageManager( 9342): 	at com.android.settings.dashboard.SummaryLoader.setListeningW(SummaryLoader.java:192)
09-26 12:19:24.572 W/StorageManager( 9342): 	at com.android.settings.dashboard.SummaryLoader.-wrap2(SummaryLoader.java)
09-26 12:19:24.572 W/StorageManager( 9342): 	at com.android.settings.dashboard.SummaryLoader$Worker.handleMessage(SummaryLoader.java:253)
09-26 12:19:24.572 W/StorageManager( 9342): 	at android.os.Handler.dispatchMessage(Handler.java:102)
09-26 12:19:24.572 W/StorageManager( 9342): 	at android.os.Looper.loop(Looper.java:154)
09-26 12:19:24.572 W/StorageManager( 9342): 	at android.os.HandlerThread.run(HandlerThread.java:61)
09-26 12:19:24.600 V/ActivityManager(  683): Stopping ActivityRecord{e51ef83 u0 com.dpad.launcher/.Launcher t34}: nowVisible=true waitingVisible=true finishing=false
09-26 12:19:24.787 V/ActivityManager(  683): Stopping ActivityRecord{e51ef83 u0 com.dpad.launcher/.Launcher t34}: nowVisible=true waitingVisible=false finishing=false
09-26 12:19:24.787 V/ActivityManager(  683): Ready to stop: ActivityRecord{e51ef83 u0 com.dpad.launcher/.Launcher t34}
09-26 12:19:24.850 E/BatteryStatsService(  683): no controller energy info supplied
09-26 12:19:24.850 E/BatteryStatsService(  683): no controller energy info supplied
09-26 12:19:24.876 E/BatteryStatsService(  683): modem info is invalid: ModemActivityInfo{ mTimestamp=0 mSleepTimeMs=0 mIdleTimeMs=0 mTxTimeMs[]=[0, 0, 0, 0, 0] mRxTimeMs=0 mEnergyUsed=0}
09-26 12:19:25.505 I/ActivityManager(  683): START u0 {flg=0x8000 cmp=com.android.settings/.Settings$WirelessSettingsActivity (has extras)} from uid 1000 on display 0
09-26 12:19:25.611 V/ActivityManager(  683): Stopping ActivityRecord{586346f u0 com.android.settings/.Settings t37}: nowVisible=false waitingVisible=true finishing=false
09-26 12:19:25.710 E/UserRestrictionsUtils(  683): Unknown restriction: null
09-26 12:19:25.726 E/UserRestrictionsUtils(  683): Unknown restriction: no_ethernet_settings
09-26 12:19:25.727 E/UserRestrictionsUtils(  683): Unknown restriction: no_ethernet_settings
09-26 12:19:26.362 V/ActivityManager(  683): Stopping ActivityRecord{586346f u0 com.android.settings/.Settings t37}: nowVisible=false waitingVisible=true finishing=false
09-26 12:19:26.527 V/ActivityManager(  683): Stopping ActivityRecord{586346f u0 com.android.settings/.Settings t37}: nowVisible=true waitingVisible=false finishing=false
09-26 12:19:26.527 V/ActivityManager(  683): Ready to stop: ActivityRecord{586346f u0 com.android.settings/.Settings t37}
09-26 12:19:32.607 W/StorageManager( 9342): Could not read /sys/block/mmcblk1/size
09-26 12:19:32.607 W/StorageManager( 9342): java.io.FileNotFoundException: /sys/block/mmcblk1/size (No such file or directory)
09-26 12:19:32.607 W/StorageManager( 9342): 	at java.io.FileInputStream.open(Native Method)
09-26 12:19:32.607 W/StorageManager( 9342): 	at java.io.FileInputStream.<init>(FileInputStream.java:146)
09-26 12:19:32.607 W/StorageManager( 9342): 	at java.io.FileInputStream.<init>(FileInputStream.java:99)
09-26 12:19:32.607 W/StorageManager( 9342): 	at android.os.storage.StorageManager.readLong(StorageManager.java:962)
09-26 12:19:32.607 W/StorageManager( 9342): 	at android.os.storage.StorageManager.getPrimaryStorageSize(StorageManager.java:944)
09-26 12:19:32.607 W/StorageManager( 9342): 	at com.android.settingslib.deviceinfo.StorageManagerVolumeProvider.getPrimaryStorageSize(StorageManagerVolumeProvider.java:37)
09-26 12:19:32.607 W/StorageManager( 9342): 	at com.android.settingslib.deviceinfo.PrivateStorageInfo.getPrivateStorageInfo(PrivateStorageInfo.java:40)
09-26 12:19:32.607 W/StorageManager( 9342): 	at com.android.settings.deviceinfo.StorageSettings$SummaryProvider.updateSummary(StorageSettings.java:516)
09-26 12:19:32.607 W/StorageManager( 9342): 	at com.android.settings.deviceinfo.StorageSettings$SummaryProvider.setListening(StorageSettings.java:509)
09-26 12:19:32.607 W/StorageManager( 9342): 	at com.android.settings.dashboard.SummaryLoader.setListeningW(SummaryLoader.java:192)
09-26 12:19:32.607 W/StorageManager( 9342): 	at com.android.settings.dashboard.SummaryLoader.-wrap2(SummaryLoader.java)
09-26 12:19:32.607 W/StorageManager( 9342): 	at com.android.settings.dashboard.SummaryLoader$Worker.handleMessage(SummaryLoader.java:253)
09-26 12:19:32.607 W/StorageManager( 9342): 	at android.os.Handler.dispatchMessage(Handler.java:102)
09-26 12:19:32.607 W/StorageManager( 9342): 	at android.os.Looper.loop(Looper.java:154)
09-26 12:19:32.607 W/StorageManager( 9342): 	at android.os.HandlerThread.run(HandlerThread.java:61)
09-26 12:19:32.610 W/StorageManager( 9342): Could not read /sys/block/rknand_userdata/size
09-26 12:19:32.610 W/StorageManager( 9342): java.io.FileNotFoundException: /sys/block/rknand_userdata/size (No such file or directory)
09-26 12:19:32.610 W/StorageManager( 9342): 	at java.io.FileInputStream.open(Native Method)
09-26 12:19:32.610 W/StorageManager( 9342): 	at java.io.FileInputStream.<init>(FileInputStream.java:146)
09-26 12:19:32.610 W/StorageManager( 9342): 	at java.io.FileInputStream.<init>(FileInputStream.java:99)
09-26 12:19:32.610 W/StorageManager( 9342): 	at android.os.storage.StorageManager.readLong(StorageManager.java:962)
09-26 12:19:32.610 W/StorageManager( 9342): 	at android.os.storage.StorageManager.getPrimaryStorageSize(StorageManager.java:944)
09-26 12:19:32.610 W/StorageManager( 9342): 	at com.android.settingslib.deviceinfo.StorageManagerVolumeProvider.getPrimaryStorageSize(StorageManagerVolumeProvider.java:37)
09-26 12:19:32.610 W/StorageManager( 9342): 	at com.android.settingslib.deviceinfo.PrivateStorageInfo.getPrivateStorageInfo(PrivateStorageInfo.java:40)
09-26 12:19:32.610 W/StorageManager( 9342): 	at com.android.settings.deviceinfo.StorageSettings$SummaryProvider.updateSummary(StorageSettings.java:516)
09-26 12:19:32.610 W/StorageManager( 9342): 	at com.android.settings.deviceinfo.StorageSettings$SummaryProvider.setListening(StorageSettings.java:509)
09-26 12:19:32.610 W/StorageManager( 9342): 	at com.android.settings.dashboard.SummaryLoader.setListeningW(SummaryLoader.java:192)
09-26 12:19:32.610 W/StorageManager( 9342): 	at com.android.settings.dashboard.SummaryLoader.-wrap2(SummaryLoader.java)
09-26 12:19:32.610 W/StorageManager( 9342): 	at com.android.settings.dashboard.SummaryLoader$Worker.handleMessage(SummaryLoader.java:253)
09-26 12:19:32.610 W/StorageManager( 9342): 	at android.os.Handler.dispatchMessage(Handler.java:102)
09-26 12:19:32.610 W/StorageManager( 9342): 	at android.os.Looper.loop(Looper.java:154)
09-26 12:19:32.610 W/StorageManager( 9342): 	at android.os.HandlerThread.run(HandlerThread.java:61)
09-26 12:19:32.770 E/BatteryStatsService(  683): no controller energy info supplied
09-26 12:19:32.770 E/BatteryStatsService(  683): no controller energy info supplied
09-26 12:19:32.784 V/ActivityManager(  683): Stopping ActivityRecord{262ebd1 u0 com.android.settings/.Settings$WirelessSettingsActivity t37 f}: nowVisible=false waitingVisible=true finishing=true
09-26 12:19:32.802 E/BatteryStatsService(  683): modem info is invalid: ModemActivityInfo{ mTimestamp=0 mSleepTimeMs=0 mIdleTimeMs=0 mTxTimeMs[]=[0, 0, 0, 0, 0] mRxTimeMs=0 mEnergyUsed=0}
09-26 12:19:32.959 V/ActivityManager(  683): Stopping ActivityRecord{262ebd1 u0 com.android.settings/.Settings$WirelessSettingsActivity t37 f}: nowVisible=true waitingVisible=false finishing=true
09-26 12:19:32.960 V/ActivityManager(  683): Ready to stop: ActivityRecord{262ebd1 u0 com.android.settings/.Settings$WirelessSettingsActivity t37 f}
09-26 12:19:33.743 I/ActivityManager(  683): START u0 {flg=0x8000 cmp=com.android.settings/.Settings$BluetoothSettingsActivity (has extras)} from uid 1000 on display 0
09-26 12:19:33.834 V/ActivityManager(  683): Stopping ActivityRecord{586346f u0 com.android.settings/.Settings t37}: nowVisible=false waitingVisible=true finishing=false
09-26 12:19:34.300 V/ActivityManager(  683): Stopping ActivityRecord{586346f u0 com.android.settings/.Settings t37}: nowVisible=false waitingVisible=true finishing=false
09-26 12:19:34.468 V/ActivityManager(  683): Stopping ActivityRecord{586346f u0 com.android.settings/.Settings t37}: nowVisible=true waitingVisible=false finishing=false
09-26 12:19:34.468 V/ActivityManager(  683): Ready to stop: ActivityRecord{586346f u0 com.android.settings/.Settings t37}
09-26 12:19:35.108 W/StorageManager( 9342): Could not read /sys/block/mmcblk1/size
09-26 12:19:35.108 W/StorageManager( 9342): java.io.FileNotFoundException: /sys/block/mmcblk1/size (No such file or directory)
09-26 12:19:35.108 W/StorageManager( 9342): 	at java.io.FileInputStream.open(Native Method)
09-26 12:19:35.108 W/StorageManager( 9342): 	at java.io.FileInputStream.<init>(FileInputStream.java:146)
09-26 12:19:35.108 W/StorageManager( 9342): 	at java.io.FileInputStream.<init>(FileInputStream.java:99)
09-26 12:19:35.108 W/StorageManager( 9342): 	at android.os.storage.StorageManager.readLong(StorageManager.java:962)
09-26 12:19:35.108 W/StorageManager( 9342): 	at android.os.storage.StorageManager.getPrimaryStorageSize(StorageManager.java:944)
09-26 12:19:35.108 W/StorageManager( 9342): 	at com.android.settingslib.deviceinfo.StorageManagerVolumeProvider.getPrimaryStorageSize(StorageManagerVolumeProvider.java:37)
09-26 12:19:35.108 W/StorageManager( 9342): 	at com.android.settingslib.deviceinfo.PrivateStorageInfo.getPrivateStorageInfo(PrivateStorageInfo.java:40)
09-26 12:19:35.108 W/StorageManager( 9342): 	at com.android.settings.deviceinfo.StorageSettings$SummaryProvider.updateSummary(StorageSettings.java:516)
09-26 12:19:35.108 W/StorageManager( 9342): 	at com.android.settings.deviceinfo.StorageSettings$SummaryProvider.setListening(StorageSettings.java:509)
09-26 12:19:35.108 W/StorageManager( 9342): 	at com.android.settings.dashboard.SummaryLoader.setListeningW(SummaryLoader.java:192)
09-26 12:19:35.108 W/StorageManager( 9342): 	at com.android.settings.dashboard.SummaryLoader.-wrap2(SummaryLoader.java)
09-26 12:19:35.108 W/StorageManager( 9342): 	at com.android.settings.dashboard.SummaryLoader$Worker.handleMessage(SummaryLoader.java:253)
09-26 12:19:35.108 W/StorageManager( 9342): 	at android.os.Handler.dispatchMessage(Handler.java:102)
09-26 12:19:35.108 W/StorageManager( 9342): 	at android.os.Looper.loop(Looper.java:154)
09-26 12:19:35.108 W/StorageManager( 9342): 	at android.os.HandlerThread.run(HandlerThread.java:61)
09-26 12:19:35.110 W/StorageManager( 9342): Could not read /sys/block/rknand_userdata/size
09-26 12:19:35.110 W/StorageManager( 9342): java.io.FileNotFoundException: /sys/block/rknand_userdata/size (No such file or directory)
09-26 12:19:35.110 W/StorageManager( 9342): 	at java.io.FileInputStream.open(Native Method)
09-26 12:19:35.110 W/StorageManager( 9342): 	at java.io.FileInputStream.<init>(FileInputStream.java:146)
09-26 12:19:35.110 W/StorageManager( 9342): 	at java.io.FileInputStream.<init>(FileInputStream.java:99)
09-26 12:19:35.110 W/StorageManager( 9342): 	at android.os.storage.StorageManager.readLong(StorageManager.java:962)
09-26 12:19:35.110 W/StorageManager( 9342): 	at android.os.storage.StorageManager.getPrimaryStorageSize(StorageManager.java:944)
09-26 12:19:35.110 W/StorageManager( 9342): 	at com.android.settingslib.deviceinfo.StorageManagerVolumeProvider.getPrimaryStorageSize(StorageManagerVolumeProvider.java:37)
09-26 12:19:35.110 W/StorageManager( 9342): 	at com.android.settingslib.deviceinfo.PrivateStorageInfo.getPrivateStorageInfo(PrivateStorageInfo.java:40)
09-26 12:19:35.110 W/StorageManager( 9342): 	at com.android.settings.deviceinfo.StorageSettings$SummaryProvider.updateSummary(StorageSettings.java:516)
09-26 12:19:35.110 W/StorageManager( 9342): 	at com.android.settings.deviceinfo.StorageSettings$SummaryProvider.setListening(StorageSettings.java:509)
09-26 12:19:35.110 W/StorageManager( 9342): 	at com.android.settings.dashboard.SummaryLoader.setListeningW(SummaryLoader.java:192)
09-26 12:19:35.110 W/StorageManager( 9342): 	at com.android.settings.dashboard.SummaryLoader.-wrap2(SummaryLoader.java)
09-26 12:19:35.110 W/StorageManager( 9342): 	at com.android.settings.dashboard.SummaryLoader$Worker.handleMessage(SummaryLoader.java:253)
09-26 12:19:35.110 W/StorageManager( 9342): 	at android.os.Handler.dispatchMessage(Handler.java:102)
09-26 12:19:35.110 W/StorageManager( 9342): 	at android.os.Looper.loop(Looper.java:154)
09-26 12:19:35.110 W/StorageManager( 9342): 	at android.os.HandlerThread.run(HandlerThread.java:61)
09-26 12:19:35.209 E/BatteryStatsService(  683): no controller energy info supplied
09-26 12:19:35.209 E/BatteryStatsService(  683): no controller energy info supplied
09-26 12:19:35.234 E/BatteryStatsService(  683): modem info is invalid: ModemActivityInfo{ mTimestamp=0 mSleepTimeMs=0 mIdleTimeMs=0 mTxTimeMs[]=[0, 0, 0, 0, 0] mRxTimeMs=0 mEnergyUsed=0}
09-26 12:19:35.391 V/ActivityManager(  683): Stopping ActivityRecord{58cfb5d u0 com.android.settings/.Settings$BluetoothSettingsActivity t37 f}: nowVisible=false waitingVisible=true finishing=true
09-26 12:19:35.522 V/ActivityManager(  683): Stopping ActivityRecord{58cfb5d u0 com.android.settings/.Settings$BluetoothSettingsActivity t37 f}: nowVisible=true waitingVisible=false finishing=true
09-26 12:19:35.522 V/ActivityManager(  683): Ready to stop: ActivityRecord{58cfb5d u0 com.android.settings/.Settings$BluetoothSettingsActivity t37 f}
09-26 12:19:38.525 I/ActivityManager(  683): START u0 {flg=0x8000 cmp=com.android.settings/.Settings$CompassSettingsActivity (has extras)} from uid 1000 on display 0
09-26 12:19:38.623 V/ActivityManager(  683): Stopping ActivityRecord{586346f u0 com.android.settings/.Settings t37}: nowVisible=false waitingVisible=true finishing=false
09-26 12:19:39.926 V/ActivityManager(  683): Stopping ActivityRecord{586346f u0 com.android.settings/.Settings t37}: nowVisible=false waitingVisible=true finishing=false
09-26 12:19:40.061 V/ActivityManager(  683): Stopping ActivityRecord{586346f u0 com.android.settings/.Settings t37}: nowVisible=true waitingVisible=false finishing=false
09-26 12:19:40.061 V/ActivityManager(  683): Ready to stop: ActivityRecord{586346f u0 com.android.settings/.Settings t37}
09-26 12:19:46.621 W/StorageManager( 9342): Could not read /sys/block/mmcblk1/size
09-26 12:19:46.621 W/StorageManager( 9342): java.io.FileNotFoundException: /sys/block/mmcblk1/size (No such file or directory)
09-26 12:19:46.621 W/StorageManager( 9342): 	at java.io.FileInputStream.open(Native Method)
09-26 12:19:46.621 W/StorageManager( 9342): 	at java.io.FileInputStream.<init>(FileInputStream.java:146)
09-26 12:19:46.621 W/StorageManager( 9342): 	at java.io.FileInputStream.<init>(FileInputStream.java:99)
09-26 12:19:46.621 W/StorageManager( 9342): 	at android.os.storage.StorageManager.readLong(StorageManager.java:962)
09-26 12:19:46.621 W/StorageManager( 9342): 	at android.os.storage.StorageManager.getPrimaryStorageSize(StorageManager.java:944)
09-26 12:19:46.621 W/StorageManager( 9342): 	at com.android.settingslib.deviceinfo.StorageManagerVolumeProvider.getPrimaryStorageSize(StorageManagerVolumeProvider.java:37)
09-26 12:19:46.621 W/StorageManager( 9342): 	at com.android.settingslib.deviceinfo.PrivateStorageInfo.getPrivateStorageInfo(PrivateStorageInfo.java:40)
09-26 12:19:46.621 W/StorageManager( 9342): 	at com.android.settings.deviceinfo.StorageSettings$SummaryProvider.updateSummary(StorageSettings.java:516)
09-26 12:19:46.621 W/StorageManager( 9342): 	at com.android.settings.deviceinfo.StorageSettings$SummaryProvider.setListening(StorageSettings.java:509)
09-26 12:19:46.621 W/StorageManager( 9342): 	at com.android.settings.dashboard.SummaryLoader.setListeningW(SummaryLoader.java:192)
09-26 12:19:46.621 W/StorageManager( 9342): 	at com.android.settings.dashboard.SummaryLoader.-wrap2(SummaryLoader.java)
09-26 12:19:46.621 W/StorageManager( 9342): 	at com.android.settings.dashboard.SummaryLoader$Worker.handleMessage(SummaryLoader.java:253)
09-26 12:19:46.621 W/StorageManager( 9342): 	at android.os.Handler.dispatchMessage(Handler.java:102)
09-26 12:19:46.621 W/StorageManager( 9342): 	at android.os.Looper.loop(Looper.java:154)
09-26 12:19:46.621 W/StorageManager( 9342): 	at android.os.HandlerThread.run(HandlerThread.java:61)
09-26 12:19:46.623 W/StorageManager( 9342): Could not read /sys/block/rknand_userdata/size
09-26 12:19:46.623 W/StorageManager( 9342): java.io.FileNotFoundException: /sys/block/rknand_userdata/size (No such file or directory)
09-26 12:19:46.623 W/StorageManager( 9342): 	at java.io.FileInputStream.open(Native Method)
09-26 12:19:46.623 W/StorageManager( 9342): 	at java.io.FileInputStream.<init>(FileInputStream.java:146)
09-26 12:19:46.623 W/StorageManager( 9342): 	at java.io.FileInputStream.<init>(FileInputStream.java:99)
09-26 12:19:46.623 W/StorageManager( 9342): 	at android.os.storage.StorageManager.readLong(StorageManager.java:962)
09-26 12:19:46.623 W/StorageManager( 9342): 	at android.os.storage.StorageManager.getPrimaryStorageSize(StorageManager.java:944)
09-26 12:19:46.623 W/StorageManager( 9342): 	at com.android.settingslib.deviceinfo.StorageManagerVolumeProvider.getPrimaryStorageSize(StorageManagerVolumeProvider.java:37)
09-26 12:19:46.623 W/StorageManager( 9342): 	at com.android.settingslib.deviceinfo.PrivateStorageInfo.getPrivateStorageInfo(PrivateStorageInfo.java:40)
09-26 12:19:46.623 W/StorageManager( 9342): 	at com.android.settings.deviceinfo.StorageSettings$SummaryProvider.updateSummary(StorageSettings.java:516)
09-26 12:19:46.623 W/StorageManager( 9342): 	at com.android.settings.deviceinfo.StorageSettings$SummaryProvider.setListening(StorageSettings.java:509)
09-26 12:19:46.623 W/StorageManager( 9342): 	at com.android.settings.dashboard.SummaryLoader.setListeningW(SummaryLoader.java:192)
09-26 12:19:46.623 W/StorageManager( 9342): 	at com.android.settings.dashboard.SummaryLoader.-wrap2(SummaryLoader.java)
09-26 12:19:46.623 W/StorageManager( 9342): 	at com.android.settings.dashboard.SummaryLoader$Worker.handleMessage(SummaryLoader.java:253)
09-26 12:19:46.623 W/StorageManager( 9342): 	at android.os.Handler.dispatchMessage(Handler.java:102)
09-26 12:19:46.623 W/StorageManager( 9342): 	at android.os.Looper.loop(Looper.java:154)
09-26 12:19:46.623 W/StorageManager( 9342): 	at android.os.HandlerThread.run(HandlerThread.java:61)
09-26 12:19:46.840 E/BatteryStatsService(  683): no controller energy info supplied
09-26 12:19:46.840 E/BatteryStatsService(  683): no controller energy info supplied
09-26 12:19:46.867 E/BatteryStatsService(  683): modem info is invalid: ModemActivityInfo{ mTimestamp=0 mSleepTimeMs=0 mIdleTimeMs=0 mTxTimeMs[]=[0, 0, 0, 0, 0] mRxTimeMs=0 mEnergyUsed=0}
09-26 12:19:46.920 V/ActivityManager(  683): Stopping ActivityRecord{7d927eb u0 com.android.settings/.Settings$CompassSettingsActivity t37 f}: nowVisible=false waitingVisible=true finishing=true
09-26 12:19:47.065 V/ActivityManager(  683): Stopping ActivityRecord{7d927eb u0 com.android.settings/.Settings$CompassSettingsActivity t37 f}: nowVisible=true waitingVisible=false finishing=true
09-26 12:19:47.065 V/ActivityManager(  683): Ready to stop: ActivityRecord{7d927eb u0 com.android.settings/.Settings$CompassSettingsActivity t37 f}
09-26 12:19:47.386 W/ViewRootImpl[Launcher]( 9470): Dropping event due to no window focus: KeyEvent { action=ACTION_DOWN, keyCode=KEYCODE_BACK, scanCode=158, metaState=0, flags=0x8, repeatCount=0, eventTime=2558606, downTime=2558606, deviceId=0, source=0x101 }
09-26 12:19:47.387 W/ContextImpl( 9470): Calling a method in the system process without a qualified user: android.app.ContextImpl.sendBroadcast:878 android.content.ContextWrapper.sendBroadcast:421 com.dpad.launcher.util.AppUtils$1.handleMessage:48 android.os.Handler.dispatchMessage:98 android.os.Looper.loop:154 
09-26 12:19:47.449 V/ActivityManager(  683): Stopping ActivityRecord{586346f u0 com.android.settings/.Settings t37 f}: nowVisible=false waitingVisible=true finishing=true
09-26 12:19:47.663 V/ActivityManager(  683): Stopping ActivityRecord{586346f u0 com.android.settings/.Settings t37 f}: nowVisible=true waitingVisible=false finishing=true
09-26 12:19:47.663 V/ActivityManager(  683): Ready to stop: ActivityRecord{586346f u0 com.android.settings/.Settings t37 f}
09-26 12:19:47.669 E/kaka    ( 9342): totalFree:2122530816
09-26 12:19:53.265 W/ContextImpl( 9470): Calling a method in the system process without a qualified user: android.app.ContextImpl.startActivity:768 android.content.ContextWrapper.startActivity:356 com.dpad.launcher.apps.AppsMgr.startApp:213 com.dpad.launcher.apps.AppsMgr.startApp:180 com.dpad.launcher.widget.Hotseat.onClick:44 
09-26 12:19:53.265 W/ContextImpl( 9470): Calling a method in the system process without a qualified user: android.app.ContextImpl.startActivity:780 android.app.ContextImpl.startActivity:769 android.content.ContextWrapper.startActivity:356 com.dpad.launcher.apps.AppsMgr.startApp:213 com.dpad.launcher.apps.AppsMgr.startApp:180 
09-26 12:19:53.267 I/ActivityManager(  683): START u0 {act=android.intent.action.MAIN cat=[android.intent.category.LAUNCHER] flg=0x10200000 cmp=com.android.documentsui/com.dji.documentsui.ui.activity.DJIExplorerActivity} from uid 1000 on display 0
09-26 12:19:53.334 D/ActivityManager(  683): system memory is ok
09-26 12:19:53.355 I/ActivityManager(  683): Start proc 10043:com.android.documentsui/1000 for activity com.android.documentsui/com.dji.documentsui.ui.activity.DJIExplorerActivity
09-26 12:19:53.403 V/ActivityManager(  683): Stopping ActivityRecord{e51ef83 u0 com.dpad.launcher/.Launcher t34}: nowVisible=false waitingVisible=true finishing=false
09-26 12:19:53.580 W/ContextImpl( 9470): Calling a method in the system process without a qualified user: android.app.ContextImpl.sendBroadcast:878 android.content.ContextWrapper.sendBroadcast:421 com.dpad.launcher.util.AppUtils$1.handleMessage:48 android.os.Handler.dispatchMessage:98 android.os.Looper.loop:154 
09-26 12:19:54.158 D/ActivityManager(  683): system memory is ok
09-26 12:19:54.173 I/ActivityManager(  683): Start proc 10063:com.android.externalstorage/u0a16 for content provider com.android.externalstorage/.ExternalStorageProvider
09-26 12:19:54.348 V/ActivityManager(  683): Stopping ActivityRecord{e51ef83 u0 com.dpad.launcher/.Launcher t34}: nowVisible=false waitingVisible=true finishing=false
09-26 12:19:54.359 V/ActivityManager(  683): Stopping ActivityRecord{e51ef83 u0 com.dpad.launcher/.Launcher t34}: nowVisible=true waitingVisible=false finishing=false
09-26 12:19:54.359 V/ActivityManager(  683): Ready to stop: ActivityRecord{e51ef83 u0 com.dpad.launcher/.Launcher t34}
09-26 12:19:54.399 E/kaka    (10063): totalFree:2112557056
09-26 12:19:54.412 E/kaka    ( 6557): totalFree:2112618496
09-26 12:19:54.424 D/ActivityManager(  683): system memory is ok
09-26 12:19:54.439 I/ActivityManager(  683): Start proc 10092:com.android.mtp/u0a4 for content provider com.android.mtp/.MtpDocumentsProvider
09-26 12:19:54.601 D/VoldConnector(  683): SND -> {39 appfuse mount 10004 10092 MtpDocumentsProvider}
09-26 12:19:54.607 D/VoldConnector(  683): RCV <- {200 39 AppFuse command succeeded}
09-26 12:19:54.636 E/kaka    (10092): totalFree:2106867712
09-26 12:19:54.932 E/kaka    ( 6557): totalFree:2103402496
09-26 12:19:54.976 E/kaka    (10092): totalFree:2103255040
09-26 12:19:59.061 I/ActivityManager(  683): START u0 {cmp=com.android.documentsui/com.dji.documentsui.ui.activity.DJICategoriesStackActivity (has extras)} from uid 1000 on display 0
09-26 12:19:59.151 V/ActivityManager(  683): Stopping ActivityRecord{e133c1c u0 com.android.documentsui/com.dji.documentsui.ui.activity.DJIExplorerActivity t38}: nowVisible=false waitingVisible=true finishing=false
09-26 12:19:59.583 V/ActivityManager(  683): Stopping ActivityRecord{e133c1c u0 com.android.documentsui/com.dji.documentsui.ui.activity.DJIExplorerActivity t38}: nowVisible=false waitingVisible=true finishing=false
09-26 12:19:59.819 V/ActivityManager(  683): Stopping ActivityRecord{e133c1c u0 com.android.documentsui/com.dji.documentsui.ui.activity.DJIExplorerActivity t38}: nowVisible=true waitingVisible=false finishing=false
09-26 12:19:59.819 V/ActivityManager(  683): Ready to stop: ActivityRecord{e133c1c u0 com.android.documentsui/com.dji.documentsui.ui.activity.DJIExplorerActivity t38}
09-26 12:20:00.111 E/kaka    ( 9766): totalFree:2101014528
09-26 12:20:00.143 E/kaka    ( 9766): totalFree:2101014528
09-26 12:20:00.824 V/ActivityManager(  683): Stopping ActivityRecord{4e5c505 u0 com.android.documentsui/com.dji.documentsui.ui.activity.DJICategoriesStackActivity t38 f}: nowVisible=false waitingVisible=true finishing=true
09-26 12:20:01.168 V/ActivityManager(  683): Stopping ActivityRecord{4e5c505 u0 com.android.documentsui/com.dji.documentsui.ui.activity.DJICategoriesStackActivity t38 f}: nowVisible=true waitingVisible=false finishing=true
09-26 12:20:01.168 V/ActivityManager(  683): Ready to stop: ActivityRecord{4e5c505 u0 com.android.documentsui/com.dji.documentsui.ui.activity.DJICategoriesStackActivity t38 f}
09-26 12:20:04.356 I/ActivityManager(  683): START u0 {cmp=com.android.documentsui/com.dji.documentsui.ui.activity.DJICategoriesStackActivity (has extras)} from uid 1000 on display 0
09-26 12:20:04.446 V/ActivityManager(  683): Stopping ActivityRecord{e133c1c u0 com.android.documentsui/com.dji.documentsui.ui.activity.DJIExplorerActivity t38}: nowVisible=false waitingVisible=true finishing=false
09-26 12:20:04.727 E/kaka    (10063): totalFree:2102431744
09-26 12:20:04.921 V/ActivityManager(  683): Stopping ActivityRecord{e133c1c u0 com.android.documentsui/com.dji.documentsui.ui.activity.DJIExplorerActivity t38}: nowVisible=false waitingVisible=true finishing=false
09-26 12:20:05.157 V/ActivityManager(  683): Stopping ActivityRecord{e133c1c u0 com.android.documentsui/com.dji.documentsui.ui.activity.DJIExplorerActivity t38}: nowVisible=true waitingVisible=false finishing=false
09-26 12:20:05.157 V/ActivityManager(  683): Ready to stop: ActivityRecord{e133c1c u0 com.android.documentsui/com.dji.documentsui.ui.activity.DJIExplorerActivity t38}
09-26 12:20:07.250 I/ActivityManager(  683): Waited long enough for: ServiceRecord{84bd8ee u0 com.wandoujia.phoenix2/com.pp.assistant.oomadj.OOMADJNotificationService}
09-26 12:20:09.267 E/BatteryStatsService(  683): no controller energy info supplied
09-26 12:20:09.267 E/BatteryStatsService(  683): no controller energy info supplied
09-26 12:20:09.331 E/BatteryStatsService(  683): modem info is invalid: ModemActivityInfo{ mTimestamp=0 mSleepTimeMs=0 mIdleTimeMs=0 mTxTimeMs[]=[0, 0, 0, 0, 0] mRxTimeMs=0 mEnergyUsed=0}
09-26 12:20:22.233 E/kaka    (10092): totalFree:2096148480
09-26 12:20:22.235 E/kaka    ( 6557): totalFree:2096148480
09-26 12:20:26.205 I/ActivityManager(  683): START u0 {act=android.intent.action.VIEW dat=content://com.android.externalstorage.documents/document/primary:Movies/Screen/0926-121327.mp4 typ=video/mp4 flg=0x3 cmp=android/com.android.internal.app.ResolverActivity} from uid 1000 on display 0
09-26 12:20:26.271 D/ActivityManager(  683): system memory is ok
09-26 12:20:26.290 I/ActivityManager(  683): Start proc 10122:system:ui/1000 for activity android/com.android.internal.app.ResolverActivity
09-26 12:20:31.653 I/PackageManager(  683): Setting last chosen activity android.rk.RockVideoPlayer/.VideoPlayActivity for user 0:
09-26 12:20:31.661 I/ActivityManager(  683): START u0 {act=android.intent.action.VIEW dat=content://com.android.externalstorage.documents/document/primary:Movies/Screen/0926-121327.mp4 typ=video/mp4 flg=0x3000003 cmp=android.rk.RockVideoPlayer/.VideoPlayActivity} from uid 1000 on display 0
09-26 12:20:31.858 V/ActivityManager(  683): Stopping ActivityRecord{2a6c97b u0 com.android.documentsui/com.dji.documentsui.ui.activity.DJICategoriesStackActivity t38}: nowVisible=false waitingVisible=false finishing=false
09-26 12:20:31.859 V/ActivityManager(  683): Ready to stop: ActivityRecord{2a6c97b u0 com.android.documentsui/com.dji.documentsui.ui.activity.DJICategoriesStackActivity t38}
09-26 12:20:31.859 V/ActivityManager(  683): Stopping ActivityRecord{9e65655 u0 android/com.android.internal.app.ResolverActivity t38 f}: nowVisible=false waitingVisible=true finishing=true
09-26 12:20:31.895 E/kaka    (10043): totalFree:2059571200
09-26 12:20:31.910 E/kaka    (10063): totalFree:2059603968
09-26 12:20:32.196 E/kaka    ( 6557): totalFree:2055938048
09-26 12:20:32.577 E/kaka    (10063): totalFree:2059984896
09-26 12:20:32.579 V/ActivityManager(  683): Stopping ActivityRecord{9e65655 u0 android/com.android.internal.app.ResolverActivity t38 f}: nowVisible=true waitingVisible=true finishing=true
09-26 12:20:32.579 V/ActivityManager(  683): Before stopping, can hide: ActivityRecord{9e65655 u0 android/com.android.internal.app.ResolverActivity t38 f}
09-26 12:20:32.751 E/kaka    ( 6557): totalFree:2061066240
09-26 12:20:32.800 V/ActivityManager(  683): Stopping ActivityRecord{9e65655 u0 android/com.android.internal.app.ResolverActivity t38 f}: nowVisible=true waitingVisible=false finishing=true
09-26 12:20:32.800 V/ActivityManager(  683): Ready to stop: ActivityRecord{9e65655 u0 android/com.android.internal.app.ResolverActivity t38 f}
09-26 12:20:32.813 E/kaka    (10122): totalFree:2059513856
09-26 12:21:00.018 E/kaka    ( 6557): totalFree:2059165696
09-26 12:21:00.139 E/kaka    ( 9766): totalFree:2059165696
09-26 12:21:00.181 E/kaka    ( 9766): totalFree:2059198464
09-26 12:21:16.251 W/ViewRootImpl[VideoPlayActivity]( 9886): Cancelling event due to no window focus: KeyEvent { action=ACTION_UP, keyCode=KEYCODE_BACK, scanCode=158, metaState=0, flags=0x28, repeatCount=0, eventTime=2647442, downTime=2647349, deviceId=0, source=0x101 }
09-26 12:21:16.251 W/ViewRootImpl[VideoPlayActivity]( 9886): Cancelling event due to no window focus: KeyEvent { action=ACTION_UP, keyCode=KEYCODE_BACK, scanCode=158, metaState=0, flags=0x28, repeatCount=0, eventTime=2647442, downTime=2647349, deviceId=0, source=0x101 }
09-26 12:21:16.252 W/ViewRootImpl[VideoPlayActivity]( 9886): Cancelling event due to no window focus: KeyEvent { action=ACTION_UP, keyCode=KEYCODE_BACK, scanCode=158, metaState=0, flags=0x28, repeatCount=0, eventTime=2647442, downTime=2647349, deviceId=0, source=0x101 }
09-26 12:21:16.257 W/ViewRootImpl[VideoPlayActivity]( 9886): Cancelling event due to no window focus: KeyEvent { action=ACTION_UP, keyCode=KEYCODE_BACK, scanCode=158, metaState=0, flags=0x28, repeatCount=0, eventTime=2647442, downTime=2647349, deviceId=0, source=0x101 }
09-26 12:21:16.257 W/ViewRootImpl[VideoPlayActivity]( 9886): Cancelling event due to no window focus: KeyEvent { action=ACTION_UP, keyCode=KEYCODE_BACK, scanCode=158, metaState=0, flags=0x28, repeatCount=0, eventTime=2647442, downTime=2647349, deviceId=0, source=0x101 }
09-26 12:21:16.257 W/ViewRootImpl[VideoPlayActivity]( 9886): Cancelling event due to no window focus: KeyEvent { action=ACTION_UP, keyCode=KEYCODE_BACK, scanCode=158, metaState=0, flags=0x28, repeatCount=0, eventTime=2647442, downTime=2647349, deviceId=0, source=0x101 }
09-26 12:21:16.418 V/ActivityManager(  683): Stopping ActivityRecord{7f6974b u0 android.rk.RockVideoPlayer/.VideoPlayActivity t38 f}: nowVisible=true waitingVisible=true finishing=true
09-26 12:21:16.418 V/ActivityManager(  683): Before stopping, can hide: ActivityRecord{7f6974b u0 android.rk.RockVideoPlayer/.VideoPlayActivity t38 f}
09-26 12:21:16.458 V/ActivityManager(  683): Stopping ActivityRecord{7f6974b u0 android.rk.RockVideoPlayer/.VideoPlayActivity t38 f}: nowVisible=true waitingVisible=false finishing=true
09-26 12:21:16.458 V/ActivityManager(  683): Ready to stop: ActivityRecord{7f6974b u0 android.rk.RockVideoPlayer/.VideoPlayActivity t38 f}
09-26 12:21:16.462 E/kaka    ( 9886): totalFree:2061488128
09-26 12:21:17.040 E/BatteryStatsService(  683): no controller energy info supplied
09-26 12:21:20.690 E/BatteryStatsService(  683): no controller energy info supplied
09-26 12:21:22.312 V/ActivityManager(  683): Stopping ActivityRecord{2a6c97b u0 com.android.documentsui/com.dji.documentsui.ui.activity.DJICategoriesStackActivity t38 f}: nowVisible=false waitingVisible=true finishing=true
09-26 12:21:22.665 V/ActivityManager(  683): Stopping ActivityRecord{2a6c97b u0 com.android.documentsui/com.dji.documentsui.ui.activity.DJICategoriesStackActivity t38 f}: nowVisible=true waitingVisible=false finishing=true
09-26 12:21:22.665 V/ActivityManager(  683): Ready to stop: ActivityRecord{2a6c97b u0 com.android.documentsui/com.dji.documentsui.ui.activity.DJICategoriesStackActivity t38 f}
09-26 12:21:22.746 E/kaka    (10063): totalFree:2060230656
09-26 12:21:23.685 I/ActivityManager(  683): START u0 {cmp=com.android.documentsui/com.dji.documentsui.ui.activity.DJICategoriesStackActivity (has extras)} from uid 1000 on display 0
09-26 12:21:23.762 V/ActivityManager(  683): Stopping ActivityRecord{e133c1c u0 com.android.documentsui/com.dji.documentsui.ui.activity.DJIExplorerActivity t38}: nowVisible=false waitingVisible=true finishing=false
09-26 12:21:23.975 E/kaka    (10063): totalFree:2060529664
09-26 12:21:24.395 V/ActivityManager(  683): Stopping ActivityRecord{e133c1c u0 com.android.documentsui/com.dji.documentsui.ui.activity.DJIExplorerActivity t38}: nowVisible=false waitingVisible=true finishing=false
09-26 12:21:24.402 V/ActivityManager(  683): Stopping ActivityRecord{e133c1c u0 com.android.documentsui/com.dji.documentsui.ui.activity.DJIExplorerActivity t38}: nowVisible=true waitingVisible=false finishing=false
09-26 12:21:24.402 V/ActivityManager(  683): Ready to stop: ActivityRecord{e133c1c u0 com.android.documentsui/com.dji.documentsui.ui.activity.DJIExplorerActivity t38}
09-26 12:21:37.626 E/BatteryStatsService(  683): no controller energy info supplied
09-26 12:21:49.320 E/BatteryStatsService(  683): no controller energy info supplied
09-26 12:22:00.120 E/kaka    ( 9766): totalFree:2047430656
09-26 12:22:00.162 E/kaka    ( 9766): totalFree:2047397888
09-26 12:22:28.988 E/BatteryStatsService(  683): no controller energy info supplied
09-26 12:22:31.926 E/kaka    (10063): totalFree:2053070848
09-26 12:22:34.913 E/BatteryStatsService(  683): no controller energy info supplied
09-26 12:22:44.487 V/ActivityManager(  683): Stopping ActivityRecord{23747d2 u0 com.android.documentsui/com.dji.documentsui.ui.activity.DJICategoriesStackActivity t38 f}: nowVisible=false waitingVisible=true finishing=true
09-26 12:22:44.720 V/ActivityManager(  683): Stopping ActivityRecord{23747d2 u0 com.android.documentsui/com.dji.documentsui.ui.activity.DJICategoriesStackActivity t38 f}: nowVisible=true waitingVisible=false finishing=true
09-26 12:22:44.720 V/ActivityManager(  683): Ready to stop: ActivityRecord{23747d2 u0 com.android.documentsui/com.dji.documentsui.ui.activity.DJICategoriesStackActivity t38 f}
09-26 12:22:46.487 I/ActivityManager(  683): START u0 {cmp=com.android.documentsui/com.dji.documentsui.ui.activity.DJICategoriesStackActivity (has extras)} from uid 1000 on display 0
09-26 12:22:46.571 V/ActivityManager(  683): Stopping ActivityRecord{e133c1c u0 com.android.documentsui/com.dji.documentsui.ui.activity.DJIExplorerActivity t38}: nowVisible=false waitingVisible=true finishing=false
09-26 12:22:46.890 V/ActivityManager(  683): Stopping ActivityRecord{e133c1c u0 com.android.documentsui/com.dji.documentsui.ui.activity.DJIExplorerActivity t38}: nowVisible=false waitingVisible=true finishing=false
09-26 12:22:47.126 V/ActivityManager(  683): Stopping ActivityRecord{e133c1c u0 com.android.documentsui/com.dji.documentsui.ui.activity.DJIExplorerActivity t38}: nowVisible=true waitingVisible=false finishing=false
09-26 12:22:47.127 V/ActivityManager(  683): Ready to stop: ActivityRecord{e133c1c u0 com.android.documentsui/com.dji.documentsui.ui.activity.DJIExplorerActivity t38}
09-26 12:22:48.486 E/kaka    (10063): totalFree:2052075520
09-26 12:22:48.590 V/ActivityManager(  683): Stopping ActivityRecord{3e21692 u0 com.android.documentsui/com.dji.documentsui.ui.activity.DJICategoriesStackActivity t38 f}: nowVisible=false waitingVisible=true finishing=true
09-26 12:22:48.826 V/ActivityManager(  683): Stopping ActivityRecord{3e21692 u0 com.android.documentsui/com.dji.documentsui.ui.activity.DJICategoriesStackActivity t38 f}: nowVisible=true waitingVisible=false finishing=true
09-26 12:22:48.826 V/ActivityManager(  683): Ready to stop: ActivityRecord{3e21692 u0 com.android.documentsui/com.dji.documentsui.ui.activity.DJICategoriesStackActivity t38 f}
09-26 12:22:49.690 I/ActivityManager(  683): START u0 {cmp=com.android.documentsui/com.dji.documentsui.ui.activity.DJICategoriesStackActivity (has extras)} from uid 1000 on display 0
09-26 12:22:49.798 V/ActivityManager(  683): Stopping ActivityRecord{e133c1c u0 com.android.documentsui/com.dji.documentsui.ui.activity.DJIExplorerActivity t38}: nowVisible=false waitingVisible=true finishing=false
09-26 12:22:50.127 V/ActivityManager(  683): Stopping ActivityRecord{e133c1c u0 com.android.documentsui/com.dji.documentsui.ui.activity.DJIExplorerActivity t38}: nowVisible=false waitingVisible=true finishing=false
09-26 12:22:50.379 V/ActivityManager(  683): Stopping ActivityRecord{e133c1c u0 com.android.documentsui/com.dji.documentsui.ui.activity.DJIExplorerActivity t38}: nowVisible=true waitingVisible=false finishing=false
