06-22 12:11:31.181 D/alsa_route(  169): route_set_controls() set route 24
06-22 12:11:31.256 D/AudioHardwareTiny(  169): close device
06-22 12:11:31.646 E/popup   (29961): 167app_version=4.1.0&type=0&loc=22.536819 lng=113.952394&nation_code=& @Thu Jun 22 12:11:31 GMT+08:00 2017
06-22 12:11:31.670 E/popup   (29961):  193 unknownHostExceptioncan't resolve host @Thu Jun 22 12:11:31 GMT+08:00 2017
06-22 12:11:31.868 D/TaskPersister(  503): removeObsoleteFile: deleting file=10_task.xml
06-22 12:11:33.632 I/BatteryCheck(29961): Get invalid battery list
06-22 12:11:36.701 W/System.err(29961): java.net.UnknownHostException: Unable to resolve host "adash.m.taobao.com": No address associated with hostname
06-22 12:11:36.702 W/System.err(29961): 	at java.net.InetAddress.lookupHostByName(InetAddress.java:457)
06-22 12:11:36.702 W/System.err(29961): 	at java.net.InetAddress.getAllByNameImpl(InetAddress.java:252)
06-22 12:11:36.702 W/System.err(29961): 	at java.net.InetAddress.getAllByName(InetAddress.java:215)
06-22 12:11:36.702 W/System.err(29961): 	at com.android.okhttp.HostResolver$1.getAllByName(HostResolver.java:29)
06-22 12:11:36.702 W/System.err(29961): 	at com.android.okhttp.internal.http.RouteSelector.resetNextInetSocketAddress(RouteSelector.java:232)
06-22 12:11:36.702 W/System.err(29961): 	at com.android.okhttp.internal.http.RouteSelector.next(RouteSelector.java:124)
06-22 12:11:36.702 W/System.err(29961): 	at com.android.okhttp.internal.http.HttpEngine.connect(HttpEngine.java:272)
06-22 12:11:36.702 W/System.err(29961): 	at com.android.okhttp.internal.http.HttpEngine.sendRequest(HttpEngine.java:211)
06-22 12:11:36.702 W/System.err(29961): 	at com.android.okhttp.internal.http.HttpURLConnectionImpl.execute(HttpURLConnectionImpl.java:382)
06-22 12:11:36.703 W/System.err(29961): 	at com.android.okhttp.internal.http.HttpURLConnectionImpl.connect(HttpURLConnectionImpl.java:106)
06-22 12:11:36.703 W/System.err(29961): 	at com.ut.mini.d.d.a(Unknown Source)
06-22 12:11:36.703 W/System.err(29961): 	at com.ut.mini.core.e.a.b$a.run(Unknown Source)
06-22 12:11:36.703 W/System.err(29961): Caused by: android.system.GaiException: android_getaddrinfo failed: EAI_NODATA (No address associated with hostname)
06-22 12:11:36.704 W/System.err(29961): 	at libcore.io.Posix.android_getaddrinfo(Native Method)
06-22 12:11:36.704 W/System.err(29961): 	at libcore.io.ForwardingOs.android_getaddrinfo(ForwardingOs.java:55)
06-22 12:11:36.704 W/System.err(29961): 	at java.net.InetAddress.lookupHostByName(InetAddress.java:438)
06-22 12:11:36.704 W/System.err(29961): 	... 11 more
06-22 12:11:48.875 D/        (29961): click single
06-22 12:11:48.930 I/ActivityStackSupervisor(  503): START u0 {cmp=yck.kdapp.v4/yck.pilot2.newlibrary.landscape.activity.LandscapeLibraryActivity} from uid 10002 on display 0
06-22 12:11:48.932 I/System.out(  503): yck.pilot2.newlibrary.landscape.activity.LandscapeLibraryActivityaddAppToken taskId:11
06-22 12:11:48.933 D/WindowManagerService(  503): null  ==========setInputFocusLw ==========  =======
06-22 12:11:48.935 E/yckCsMainActivity(29961): onPause
06-22 12:11:48.954 D/AudioHardwareTiny(  169): start_output_stream
06-22 12:11:48.954 D/alsa_route(  169): route_info->sound_card 0, route_info->devices 0
06-22 12:11:48.955 D/alsa_route(  169): route_set_controls() set route 0
06-22 12:11:48.957 D/ViewRootImpl(  895): 2048<<<<<< BACK FROM relayoutnull
06-22 12:11:48.996 D/Sync-Jackson(29961): 2017-06-22 12:11:48:  cameraActivity:falseisEnableBgDownload:truesdCardActivity:falseisPullSDcardFile:falseactiveActivity:falsePhotoOrgDownloadIng:falseisDownFirmwareActivity:false
06-22 12:11:49.002 D/Sync-Jackson(29961): 2017-06-22 12:11:49:  commomtState:false
06-22 12:11:49.049 D/ProjectRecord(29961): getAllProjectFile start
06-22 12:11:49.049 I/ProjectRecord(29961): readRecord start
06-22 12:11:49.049 I/ProjectRecord(29961): readRecord exception = java.io.EOFException
06-22 12:11:49.049 E/ProjectRecord(29961): there is a broken save file:.nomedia
06-22 12:11:49.051 D/ProjectRecord(29961): getAllProjectFile end,result.size = 0
06-22 12:11:49.077 V/WindowManagerService(  503): Adding window Window{22463bf8 u0 yck.kdapp.v4/yck.pilot2.newlibrary.landscape.activity.LandscapeLibraryActivity} at 4 of 7 (after Window{8adfdf1 u0 yck.kdapp.v4/yck.pilot.home.cs.activity.yckCsMainActivity})
06-22 12:11:49.079 D/ViewRootImpl(29961): onAttachToWindow register content observer attrs=WM.LayoutParams{(0,0)(fillxfill)mPosX=0mPosY=0mHScale=1.0mVScale=1.0 align=UNDEFINE taskId=11 sim=#100 ty=1 fl=#5810100 wanim=0x10303e5 or=0 vsysui=0x1707 surfaceInsets=Rect(0, 0 - 0, 0) needsMenuKey=2packageName=yck.kdapp.v4token=android.os.BinderProxy@474e9f3}
06-22 12:11:49.084 D/WindowManagerService(  503): Window{22463bf8 u0 yck.kdapp.v4/yck.pilot2.newlibrary.landscape.activity.LandscapeLibraryActivity}  ==========setInputFocusLw ==========  =======
06-22 12:11:49.092 W/linker  (29961): libvideoLib.so: unused DT entry: type 0x6ffffffe arg 0xc0e20
06-22 12:11:49.092 W/linker  (29961): libvideoLib.so: unused DT entry: type 0x6fffffff arg 0x3
06-22 12:11:49.096 D/ViewRootImpl(29961): 2048<<<<<< BACK FROM relayoutWM.LayoutParams{(0,0)(fillxfill)mPosX=0mPosY=0mHScale=1.0mVScale=1.0 align=UNDEFINE taskId=11 sim=#110 ty=1 fl=#5810100 wanim=0x10303e5 or=0 vsysui=0x1707 surfaceInsets=Rect(0, 0 - 0, 0) needsMenuKey=2packageName=yck.kdapp.v4token=android.os.BinderProxy@474e9f3}
06-22 12:11:49.114 I/videofilter(29961): enter getFilterData inputNum =2
06-22 12:11:49.183 I/videofilter(29961): leave getFilterData1024,1024
06-22 12:11:49.197 D/InputMethodManagerService(  503): --- calledFromForegroundUserOrSystemProcess ? calling uid = 10002 system uid = 1000 calling userId = 0, foreground user id = 0, calling pid = 29961com.android.server.InputMethodManagerService.windowGainedFocus(InputMethodManagerService.java:2027)
06-22 12:11:49.197 V/InputMethodManagerService(  503): windowGainedFocus: android.os.BinderProxy@1936367c controlFlags=#105 softInputMode=#110 windowFlags=#5810100
06-22 12:11:49.201 V/InputMethodManagerService(  503): Unspecified window will hide input
06-22 12:11:49.203 I/ActivityManagerService(  503): Displayed yck.kdapp.v4/yck.pilot2.newlibrary.landscape.activity.LandscapeLibraryActivity: +266ms
06-22 12:11:49.204 I/videofilter(29961): enter getFilterData inputNum =3
06-22 12:11:49.207 I/videofilter(29961): leave getFilterData256,256
06-22 12:11:49.208 I/videofilter(29961): enter getFilterData inputNum =4
06-22 12:11:49.209 I/videofilter(29961): leave getFilterData256,3
06-22 12:11:49.209 I/videofilter(29961): enter getFilterData inputNum =2
06-22 12:11:49.212 D/ViewRootImpl(  895): 2048<<<<<< BACK FROM relayoutnull
06-22 12:11:49.256 E/libEGL  (29961): call to OpenGL ES API with no current context (logged once per thread)
06-22 12:11:49.276 I/videofilter(29961): leave getFilterData1024,1024
06-22 12:11:49.297 I/videofilter(29961): enter getFilterData inputNum =3
06-22 12:11:49.300 I/videofilter(29961): leave getFilterData256,256
06-22 12:11:49.302 I/videofilter(29961): enter getFilterData inputNum =4
06-22 12:11:49.303 I/videofilter(29961): leave getFilterData256,3
06-22 12:11:49.303 I/videofilter(29961): enter getFilterData inputNum =2
06-22 12:11:49.347 D/ViewRootImpl(29961): 2048<<<<<< BACK FROM relayoutnull
06-22 12:11:49.358 I/videofilter(29961): leave getFilterData1024,1024
06-22 12:11:49.374 I/videofilter(29961): enter getFilterData inputNum =3
06-22 12:11:49.376 I/videofilter(29961): leave getFilterData256,256
06-22 12:11:49.378 I/videofilter(29961): enter getFilterData inputNum =4
06-22 12:11:49.378 I/videofilter(29961): leave getFilterData256,3
06-22 12:11:49.379 I/videofilter(29961): enter getFilterData inputNum =2
06-22 12:11:49.425 I/videofilter(29961): leave getFilterData1024,1024
06-22 12:11:49.441 I/videofilter(29961): enter getFilterData inputNum =3
06-22 12:11:49.444 I/videofilter(29961): leave getFilterData256,256
06-22 12:11:49.445 I/videofilter(29961): enter getFilterData inputNum =4
06-22 12:11:49.446 I/videofilter(29961): leave getFilterData256,1
06-22 12:11:49.446 I/videofilter(29961): enter getFilterData inputNum =2
06-22 12:11:49.447 I/videofilter(29961): leave getFilterData256,3
06-22 12:11:49.447 I/videofilter(29961): enter getFilterData inputNum =3
06-22 12:11:49.450 I/videofilter(29961): leave getFilterData256,256
06-22 12:11:49.451 I/videofilter(29961): enter getFilterData inputNum =2
06-22 12:11:49.452 I/videofilter(29961): leave getFilterData256,3
06-22 12:11:49.452 I/videofilter(29961): enter getFilterData inputNum =3
06-22 12:11:49.455 I/videofilter(29961): leave getFilterData255,255
06-22 12:11:49.457 I/videofilter(29961): enter getFilterData inputNum =2
06-22 12:11:49.457 I/videofilter(29961): leave getFilterData256,1
06-22 12:11:49.457 I/videofilter(29961): enter getFilterData inputNum =3
06-22 12:11:49.458 I/videofilter(29961): leave getFilterData256,1
06-22 12:11:49.458 I/videofilter(29961): enter getFilterData inputNum =4
06-22 12:11:49.461 I/videofilter(29961): leave getFilterData255,255
06-22 12:11:49.462 I/videofilter(29961): enter getFilterData inputNum =5
06-22 12:11:49.463 I/videofilter(29961): leave getFilterData256,1
06-22 12:11:49.463 I/videofilter(29961): enter getFilterData inputNum =6
06-22 12:11:49.464 I/videofilter(29961): leave getFilterData256,1
06-22 12:11:49.464 I/videofilter(29961): enter getFilterData inputNum =2
06-22 12:11:49.517 I/videofilter(29961): leave getFilterData1024,1024
06-22 12:11:49.533 I/videofilter(29961): enter getFilterData inputNum =3
06-22 12:11:49.534 I/videofilter(29961): leave getFilterData256,3
06-22 12:11:49.534 I/videofilter(29961): enter getFilterData inputNum =4
06-22 12:11:49.535 I/videofilter(29961): leave getFilterData255,1
06-22 12:11:49.535 I/videofilter(29961): enter getFilterData inputNum =5
06-22 12:11:49.537 I/videofilter(29961): leave getFilterData256,256
06-22 12:11:49.539 I/videofilter(29961): enter getFilterData inputNum =6
06-22 12:11:49.589 I/videofilter(29961): leave getFilterData1024,1024
06-22 12:11:49.605 I/videofilter(29961): enter getFilterData inputNum =2
06-22 12:11:49.605 I/videofilter(29961): leave getFilterData256,3
06-22 12:11:49.606 I/videofilter(29961): enter getFilterData inputNum =2
06-22 12:11:49.606 I/videofilter(29961): leave getFilterData256,3
06-22 12:11:50.927 I/zc      (29961): get file path :/mnt/external_sd1/DCIM/100MEDIA/yck_0018.MP4
06-22 12:11:50.934 I/bitmap  (29961): no
06-22 12:11:50.934 I/zc      (29961): get file path :/mnt/external_sd1/DCIM/100MEDIA/yck_0017.MP4
06-22 12:11:50.940 I/bitmap  (29961): no
06-22 12:11:50.940 I/zc      (29961): get file path :/mnt/external_sd1/DCIM/100MEDIA/yck_0013.MP4
06-22 12:11:50.944 I/bitmap  (29961): no
06-22 12:11:50.953 I/zc      (29961): get file path :/mnt/external_sd1/DCIM/100MEDIA/yck_0012.MP4
06-22 12:11:50.957 I/bitmap  (29961): no
06-22 12:11:50.957 I/zc      (29961): get file path :/mnt/external_sd1/DCIM/100MEDIA/yck_0011.MP4
06-22 12:11:50.961 I/bitmap  (29961): no
06-22 12:11:50.962 I/zc      (29961): get file path :/mnt/external_sd1/DCIM/100MEDIA/yck_0010.MP4
06-22 12:11:50.966 I/bitmap  (29961): no
06-22 12:11:50.966 I/zc      (29961): get file path :/mnt/external_sd1/DCIM/100MEDIA/yck_0009.MP4
06-22 12:11:50.971 I/bitmap  (29961): no
06-22 12:11:50.979 I/zc      (29961): get file path :/mnt/external_sd1/DCIM/100MEDIA/yck_0001.MP4
06-22 12:11:50.983 I/bitmap  (29961): no
06-22 12:11:52.075 D/Sync-Jackson(29961): 2017-06-22 12:11:52:  beginSync
06-22 12:11:52.077 D/Sync-Jackson(29961): 2017-06-22 12:11:52:  pIsSyncing:false
06-22 12:11:52.080 D/Sync-Jackson(29961): 2017-06-22 12:11:52:  cameraActivity:falseisEnableBgDownload:truesdCardActivity:falseisPullSDcardFile:falseactiveActivity:falsePhotoOrgDownloadIng:falseisDownFirmwareActivity:false
06-22 12:11:52.082 D/Sync-Jackson(29961): 2017-06-22 12:11:52:  commomtState:false
06-22 12:11:52.083 D/Sync-Jackson(29961): 2017-06-22 12:11:52:  isCanPullFile:false
06-22 12:11:52.085 D/Sync-Jackson(29961): 2017-06-22 12:11:52:  cameraActivity:falseisEnableBgDownload:truesdCardActivity:falseisPullSDcardFile:falseactiveActivity:falsePhotoOrgDownloadIng:falseisDownFirmwareActivity:false
06-22 12:11:52.087 D/Sync-Jackson(29961): 2017-06-22 12:11:52:  commomtState:false
06-22 12:11:52.710 W/System.err(29961): java.net.UnknownHostException: Unable to resolve host "adash.m.taobao.com": No address associated with hostname
06-22 12:11:52.710 W/System.err(29961): 	at java.net.InetAddress.lookupHostByName(InetAddress.java:457)
06-22 12:11:52.710 W/System.err(29961): 	at java.net.InetAddress.getAllByNameImpl(InetAddress.java:252)
06-22 12:11:52.710 W/System.err(29961): 	at java.net.InetAddress.getAllByName(InetAddress.java:215)
06-22 12:11:52.710 W/System.err(29961): 	at com.android.okhttp.HostResolver$1.getAllByName(HostResolver.java:29)
06-22 12:11:52.710 W/System.err(29961): 	at com.android.okhttp.internal.http.RouteSelector.resetNextInetSocketAddress(RouteSelector.java:232)
06-22 12:11:52.710 W/System.err(29961): 	at com.android.okhttp.internal.http.RouteSelector.next(RouteSelector.java:124)
06-22 12:11:52.710 W/System.err(29961): 	at com.android.okhttp.internal.http.HttpEngine.connect(HttpEngine.java:272)
06-22 12:11:52.710 W/System.err(29961): 	at com.android.okhttp.internal.http.HttpEngine.sendRequest(HttpEngine.java:211)
06-22 12:11:52.710 W/System.err(29961): 	at com.android.okhttp.internal.http.HttpURLConnectionImpl.execute(HttpURLConnectionImpl.java:382)
06-22 12:11:52.711 W/System.err(29961): 	at com.android.okhttp.internal.http.HttpURLConnectionImpl.connect(HttpURLConnectionImpl.java:106)
06-22 12:11:52.711 W/System.err(29961): 	at com.ut.mini.d.d.a(Unknown Source)
06-22 12:11:52.711 W/System.err(29961): 	at com.ut.mini.core.e.a.b$a.run(Unknown Source)
06-22 12:11:52.711 W/System.err(29961): Caused by: android.system.GaiException: android_getaddrinfo failed: EAI_NODATA (No address associated with hostname)
06-22 12:11:52.711 W/System.err(29961): 	at libcore.io.Posix.android_getaddrinfo(Native Method)
06-22 12:11:52.711 W/System.err(29961): 	at libcore.io.ForwardingOs.android_getaddrinfo(ForwardingOs.java:55)
06-22 12:11:52.711 W/System.err(29961): 	at java.net.InetAddress.lookupHostByName(InetAddress.java:438)
06-22 12:11:52.711 W/System.err(29961): 	... 11 more
06-22 12:11:53.012 V/u-blox  (  503): suplCheckPendingActions: SUPL Timer expired
06-22 12:11:53.012 V/u-blox  (  503): suplSM: SM entry with Id = 1006 in state NO_NETWORK (1) with command 1
06-22 12:11:53.012 V/u-blox  (  503): suplSM: Handling NO_NETWORK
06-22 12:11:53.012 V/u-blox  (  503): suplSM: SM exit with Id = 1006 in state NO_NETWORK (1) with value -1
06-22 12:11:53.012 V/u-blox  (  503): freeSuplHandler: deallocate handler
06-22 12:11:53.012 V/u-blox  (  503): freeSuplHandler: handler deallocated
06-22 12:11:55.418 D/alsa_route(  169): route_set_controls() set route 24
06-22 12:11:55.493 D/AudioHardwareTiny(  169): close device
06-22 12:12:00.052 D/ViewRootImpl(  712): 2048<<<<<< BACK FROM relayoutnull
06-22 12:12:24.727 W/System.err(29961): java.net.UnknownHostException: Unable to resolve host "adash.m.taobao.com": No address associated with hostname
06-22 12:12:24.728 W/System.err(29961): 	at java.net.InetAddress.lookupHostByName(InetAddress.java:457)
06-22 12:12:24.728 W/System.err(29961): 	at java.net.InetAddress.getAllByNameImpl(InetAddress.java:252)
06-22 12:12:24.728 W/System.err(29961): 	at java.net.InetAddress.getAllByName(InetAddress.java:215)
06-22 12:12:24.729 W/System.err(29961): 	at com.android.okhttp.HostResolver$1.getAllByName(HostResolver.java:29)
06-22 12:12:24.729 W/System.err(29961): 	at com.android.okhttp.internal.http.RouteSelector.resetNextInetSocketAddress(RouteSelector.java:232)
06-22 12:12:24.729 W/System.err(29961): 	at com.android.okhttp.internal.http.RouteSelector.next(RouteSelector.java:124)
06-22 12:12:24.730 W/System.err(29961): 	at com.android.okhttp.internal.http.HttpEngine.connect(HttpEngine.java:272)
06-22 12:12:24.730 W/System.err(29961): 	at com.android.okhttp.internal.http.HttpEngine.sendRequest(HttpEngine.java:211)
06-22 12:12:24.731 W/System.err(29961): 	at com.android.okhttp.internal.http.HttpURLConnectionImpl.execute(HttpURLConnectionImpl.java:382)
06-22 12:12:24.731 W/System.err(29961): 	at com.android.okhttp.internal.http.HttpURLConnectionImpl.connect(HttpURLConnectionImpl.java:106)
06-22 12:12:24.731 W/System.err(29961): 	at com.ut.mini.d.d.a(Unknown Source)
06-22 12:12:24.731 W/System.err(29961): 	at com.ut.mini.core.e.a.b$a.run(Unknown Source)
06-22 12:12:24.731 W/System.err(29961): Caused by: android.system.GaiException: android_getaddrinfo failed: EAI_NODATA (No address associated with hostname)
06-22 12:12:24.733 W/System.err(29961): 	at libcore.io.Posix.android_getaddrinfo(Native Method)
06-22 12:12:24.733 W/System.err(29961): 	at libcore.io.ForwardingOs.android_getaddrinfo(ForwardingOs.java:55)
06-22 12:12:24.733 W/System.err(29961): 	at java.net.InetAddress.lookupHostByName(InetAddress.java:438)
06-22 12:12:24.733 W/System.err(29961): 	... 11 more
06-22 12:12:28.944 E/getNetWorkStatus(29961): networkInfo null
06-22 12:12:46.985 I/art     (29961): Background partial concurrent mark sweep GC freed 21316(1255KB) AllocSpace objects, 40(17MB) LOS objects, 20% free, 62MB/78MB, paused 1.464ms total 110.031ms
06-22 12:13:00.037 D/ViewRootImpl(  712): 2048<<<<<< BACK FROM relayoutnull
06-22 12:13:28.947 E/getNetWorkStatus(29961): networkInfo null
06-22 12:14:00.047 D/ViewRootImpl(  712): 2048<<<<<< BACK FROM relayoutnull
06-22 12:14:28.949 E/getNetWorkStatus(29961): networkInfo null
06-22 12:15:00.040 D/ViewRootImpl(  712): 2048<<<<<< BACK FROM relayoutnull
06-22 12:15:28.951 E/getNetWorkStatus(29961): networkInfo null
06-22 12:16:00.045 D/ViewRootImpl(  712): 2048<<<<<< BACK FROM relayoutnull
06-22 12:16:28.953 E/getNetWorkStatus(29961): networkInfo null
06-22 12:17:00.042 D/ViewRootImpl(  712): 2048<<<<<< BACK FROM relayoutnull
06-22 12:17:28.956 E/getNetWorkStatus(29961): networkInfo null
06-22 12:18:00.026 D/ViewRootImpl(  712): 2048<<<<<< BACK FROM relayoutnull
06-22 12:18:28.958 E/getNetWorkStatus(29961): networkInfo null
06-22 12:18:44.796 D/WindowManagerService(  503): null  ==========setInputFocusLw ==========  =======
06-22 12:18:44.799 D/AudioHardwareTiny(  169): start_output_stream
06-22 12:18:44.800 D/alsa_route(  169): route_info->sound_card 0, route_info->devices 0
06-22 12:18:44.800 D/alsa_route(  169): route_set_controls() set route 0
06-22 12:18:44.802 D/ViewRootImpl(  895): 2048<<<<<< BACK FROM relayoutnull
06-22 12:18:44.814 D/WindowManagerService(  503): Window{8adfdf1 u0 yck.kdapp.v4/yck.pilot.home.cs.activity.yckCsMainActivity}  ==========setInputFocusLw ==========  =======
06-22 12:18:44.816 D/ViewRootImpl(29961): 2048<<<<<< BACK FROM relayoutnull
06-22 12:18:44.856 D/InputMethodManagerService(  503): --- calledFromForegroundUserOrSystemProcess ? calling uid = 10002 system uid = 1000 calling userId = 0, foreground user id = 0, calling pid = 29961com.android.server.InputMethodManagerService.windowGainedFocus(InputMethodManagerService.java:2027)
06-22 12:18:44.856 V/InputMethodManagerService(  503): windowGainedFocus: android.os.BinderProxy@1936367c controlFlags=#104 softInputMode=#20 windowFlags=#d810500
06-22 12:18:44.857 V/InputMethodManagerService(  503): Unspecified window will hide input
06-22 12:18:44.912 D/ViewRootImpl(29961): 2048<<<<<< BACK FROM relayoutWM.LayoutParams{(0,0)(fillxfill)mPosX=0mPosY=0mHScale=1.0mVScale=1.0 align=UNDEFINE taskId=11 sim=#10 ty=1 fl=#5810100 wanim=0x10303e5 or=0 vsysui=0x1702 surfaceInsets=Rect(0, 0 - 0, 0) needsMenuKey=2packageName=yck.kdapp.v4token=android.os.BinderProxy@474e9f3}
06-22 12:18:44.947 D/ViewRootImpl(29961): 2048<<<<<< BACK FROM relayoutnull
06-22 12:18:44.952 D/ViewRootImpl(29961): onDetachedFromWindow ungister contentObserver
06-22 12:18:46.364 D/        (29961): click single
06-22 12:18:46.494 I/ActivityStackSupervisor(  503): START u0 {cmp=yck.kdapp.v4/yck.pilot.main.activity.yckHubActivity (has extras)} from uid 10002 on display 0
06-22 12:18:46.497 I/System.out(  503): yck.pilot.main.activity.yckHubActivityaddAppToken taskId:11
06-22 12:18:46.498 D/WindowManagerService(  503): null  ==========setInputFocusLw ==========  =======
06-22 12:18:46.511 E/yckCsMainActivity(29961): onPause
06-22 12:18:46.535 D/yckHubActivity(29961): onCreate
06-22 12:18:46.536 I/ActivityStackSupervisor(  503): START u0 {cmp=yck.kdapp.v4/yck.pilot.fpv.activity.yckPreviewActivityOrange2 (has extras)} from uid 10002 on display 0
06-22 12:18:46.537 I/System.out(  503): yck.pilot.fpv.activity.yckPreviewActivityOrange2addAppToken taskId:11
06-22 12:18:46.539 D/yckHubActivity(29961): onStart
06-22 12:18:46.539 D/yckHubActivity(29961): onResume
06-22 12:18:46.544 V/WindowManagerService(  503): Adding window Window{100a81e6 u0 yck.kdapp.v4/yck.pilot.main.activity.yckHubActivity} at 4 of 7 (after Window{8adfdf1 u0 yck.kdapp.v4/yck.pilot.home.cs.activity.yckCsMainActivity})
06-22 12:18:46.547 D/ViewRootImpl(29961): onAttachToWindow register content observer attrs=WM.LayoutParams{(0,0)(fillxfill)mPosX=0mPosY=0mHScale=1.0mVScale=1.0 align=UNDEFINE taskId=11 sim=#100 ty=1 fl=#1810500 wanim=0x10303e5 or=0 vsysui=0x1602 surfaceInsets=Rect(0, 0 - 0, 0) needsMenuKey=2packageName=yck.kdapp.v4token=android.os.BinderProxy@c75973}
06-22 12:18:46.576 D/ViewRootImpl(29961): 2048<<<<<< BACK FROM relayoutWM.LayoutParams{(0,0)(fillxfill)mPosX=0mPosY=0mHScale=1.0mVScale=1.0 align=UNDEFINE taskId=11 sim=#120 ty=1 fl=#1810500 wanim=0x10303e5 or=0 vsysui=0x1602 surfaceInsets=Rect(0, 0 - 0, 0) needsMenuKey=2packageName=yck.kdapp.v4token=android.os.BinderProxy@c75973}
06-22 12:18:46.606 D/yckHubActivity(29961): onPause
06-22 12:18:46.706 I/Min3D   (29961): ManagedLightList.reset()
06-22 12:18:46.979 E/pm820   (29961): ***on nosmart battery voltage get fail!
06-22 12:18:47.122 E/Camera  (29961): width-200
06-22 12:18:47.162 E/SpotlightLeftbar(29961): init
06-22 12:18:47.162 E/SpotlightLeftbar(29961): init show
06-22 12:18:47.203 I/CJComment(29961): AllBeginner hide
06-22 12:18:47.211 E/LeftMenu(29961): RcMode[OTHER;Orange2;false;CHANNEL_UNKNOWN]
06-22 12:18:47.419 I/System.out(29961): VideoSurfaceView lcd
06-22 12:18:47.421 I/System.out(29961): VideoSurfaceView lcd
06-22 12:18:47.421 E/In2FpvLiveView(29961): addCallback
06-22 12:18:47.433 E/yckPreviewActivityOrange2(29961): insertIndex : 3
06-22 12:18:47.433 D/yckPreviewActivityOrange2(29961): onCreate
06-22 12:18:47.436 E/        (29961): angleTmp start
06-22 12:18:47.440 E/u       (29961): isIntervalShooting-false
06-22 12:18:47.442 E/Visual  (29961): FixWing State-NON_MATCH
06-22 12:18:47.444 E/        (29961): Product[Orange2]
06-22 12:18:47.445 E/SpotlightController(29961): type : Orange2
06-22 12:18:47.445 E/SpotlightController(29961): support
06-22 12:18:47.445 E/SpotlightController(29961): changeStatus status : null
06-22 12:18:47.445 E/SpotlightController(29961): changeStatus newStatus : Disable
06-22 12:18:47.447 E/LeftMenu(29961): RcMode[OTHER;Orange2;false;CHANNEL_UNKNOWN]
06-22 12:18:47.458 W/EventBus(29961): Subscriber to unregister was not registered before: class yck.pilot.fpv.view.yckGimbalRollFineTuneView
06-22 12:18:47.464 W/EventBus(29961): Subscriber to unregister was not registered before: class yck.pilot.fpv.view.yckGimbalPitchFineTuneView
06-22 12:18:47.474 E/yckPackManager(29961): ConnectCheck delayConnectLose 6000
06-22 12:18:47.476 D/SensorsHal(  503): MagSensor::setDelay=66ms
06-22 12:18:47.476 D/SensorsHal(  503): MagSensor::setDelay=66ms
06-22 12:18:47.476 D/yckPreviewActivityOrange2(29961): RecordReceiver
06-22 12:18:47.478 I/istd83xx_daemon(30762): IST83xx Daemon for Open Source v20140324.
06-22 12:18:47.478 I/istd83xx_daemon(30762): IST83xx Daemon build time Mar 29 2017 22:03:51
06-22 12:18:47.531 E/onresume(29961): Preview onResumeyck.pilot.fpv.activity.yckPreviewActivityOrange2@34145030
06-22 12:18:47.544 E/yckCommonReportManager(29961): OnHere initAllWifiFreqRanges:HereMap
06-22 12:18:47.545 E/getNetWorkStatus(29961): networkInfo null
06-22 12:18:47.545 D/b       (29961): yckA logEvent <here_map_sn_report>
06-22 12:18:47.547 I/istd83xx_daemon(30762): istd : Compass Opened.
06-22 12:18:47.547 D/istd83xx_daemon(30762): istd : Load parameters
06-22 12:18:47.726 D/AndroidRuntime(30769): >>>>>> START com.android.internal.os.RuntimeInit uid 1000 <<<<<<
06-22 12:18:47.729 D/AndroidRuntime(30769): CheckJNI is OFF
06-22 12:18:47.729 I/AndroidRuntime(30769): JNI options: '-Xjniopts:warnonly'
06-22 12:18:47.777 I/CJComment(29961): AllBeginner hide
06-22 12:18:47.781 V/WindowManagerService(  503): Adding window Window{3ed3096 u0 yck.kdapp.v4/yck.pilot.fpv.activity.yckPreviewActivityOrange2} at 5 of 8 (after Window{100a81e6 u0 yck.kdapp.v4/yck.pilot.main.activity.yckHubActivity})
06-22 12:18:47.782 E/memtrack(30769): Couldn't load memtrack module (No such file or directory)
06-22 12:18:47.782 E/android.os.Debug(30769): failed to load memtrack module: -2
06-22 12:18:47.785 I/CJComment(29961): AllBeginner hide
06-22 12:18:47.785 I/Choreographer(29961): Skipped 34 frames!  The application may be doing too much work on its main thread.
06-22 12:18:47.797 D/CJComment(29961): NORMAL
06-22 12:18:47.797 E/Visual  (29961): flightMode-NORMAL
06-22 12:18:47.800 D/ArTapGroundDisplayView(29961): onAttachedToWindow: wudi
06-22 12:18:47.805 E/LB2VideoController(29961): encodeMode : DUAL
06-22 12:18:47.805 E/LB2VideoController(29961): dual bandwidth : 10
06-22 12:18:47.805 E/LB2VideoController(29961): curDualType : HDMI
06-22 12:18:47.806 E/a       (29961): Connection-false
06-22 12:18:47.807 E/a       (29961): CameraMode-null
06-22 12:18:47.807 E/a       (29961): exposuremode-null
06-22 12:18:47.808 E/a       (29961): isStoring-false
06-22 12:18:47.808 E/a       (29961): isRecording-false;isShootingPhoto-false;isShootingIntervalPhoto-false;true
06-22 12:18:47.809 E/a       (29961): isRecording-false;isShootingPhoto-false;isShootingIntervalPhoto-false;true;false
06-22 12:18:47.809 E/Camera  (29961): TakePhoto-SINGLE;0
06-22 12:18:47.810 E/a       (29961): isShootEnabled-true;isShootingPhoto-false;isShootingIntervalPhoto-false;
06-22 12:18:47.810 E/Camera  (29961): conn-false;OTHER;false;true
06-22 12:18:47.811 E/a       (29961): updateIsShootingPhoto: isRecording-false;isShootingPhoto-false;isShootingIntervalPhoto-false;true
06-22 12:18:47.811 E/Camera  (29961): conn-false;OTHER;false;true
06-22 12:18:47.811 E/a       (29961): isRecording-false;isShootingPhoto-false;isShootingIntervalPhoto-false;null
06-22 12:18:47.811 E/a       (29961): recordTime-0
06-22 12:18:47.811 E/Camera  (29961): TakePhoto-SINGLE;0
06-22 12:18:47.814 D/AndroidRuntime(30769): Calling main entry com.android.commands.am.Am
06-22 12:18:47.818 D/AndroidRuntime(30769): Shutting down VM
06-22 12:18:47.830 I/CJComment(29961): AllBeginner hide
06-22 12:18:47.830 D/ViewRootImpl(29961): onAttachToWindow register content observer attrs=WM.LayoutParams{(0,0)(fillxfill)mPosX=0mPosY=0mHScale=1.0mVScale=1.0 align=UNDEFINE taskId=11 sim=#120 ty=1 fl=#d810580 wanim=0x10303e5 or=0 vsysui=0x1702 surfaceInsets=Rect(0, 0 - 0, 0) needsMenuKey=2packageName=yck.kdapp.v4token=android.os.BinderProxy@904c749}
06-22 12:18:47.848 D/WindowManagerService(  503): Window{3ed3096 u0 yck.kdapp.v4/yck.pilot.fpv.activity.yckPreviewActivityOrange2}  ==========setInputFocusLw ==========  =======
06-22 12:18:47.875 D/ViewRootImpl(29961): 2048<<<<<< BACK FROM relayoutWM.LayoutParams{(0,0)(fillxfill)mPosX=0mPosY=0mHScale=1.0mVScale=1.0 align=UNDEFINE taskId=11 sim=#120 ty=1 fl=#d810580 fmt=-3 wanim=0x10303e5 or=0 vsysui=0x1702 surfaceInsets=Rect(0, 0 - 0, 0) needsMenuKey=2packageName=yck.kdapp.v4token=android.os.BinderProxy@904c749}
06-22 12:18:47.907 V/WindowManagerService(  503): Adding window Window{a4b4004 u0 SurfaceView} at 5 of 9 (before Window{3ed3096 u0 yck.kdapp.v4/yck.pilot.fpv.activity.yckPreviewActivityOrange2})
06-22 12:18:47.911 I/GLYUVSurface(29961): viewWidth=2048 viewHeight=1536
06-22 12:18:47.911 I/GLYUVSurface(29961): Thread main calls GLRenderManager's init()
06-22 12:18:47.912 I/GLContextMgr17(29961): OpenGL init Surface/pBuffer/Context successful!
06-22 12:18:47.912 I/GLContextMgr17(29961): OpenGL init Surface/pBuffer/Context successful!
06-22 12:18:47.936 I/GLYUVSurface(29961):  create renders done
06-22 12:18:47.936 E/mali_so (29961): encounter the first gles_error : 0x0001 : failed to allocate CPU memory (gles_texture_tex_parameteri at hardware/arm/maliT760/driver/product/gles/src/texture/mali_gles_texture_api.c:1771)
06-22 12:18:47.936 E/mali_so (29961): to dump the call_stack of the first error :
06-22 12:18:47.956 D/mali_so (29961): #00 pc 00431df4  /system/vendor/lib/egl/rk3288/libGLES_mali.so
06-22 12:18:47.956 D/mali_so (29961): #01 pc 00440d9c  /system/vendor/lib/egl/rk3288/libGLES_mali.so
06-22 12:18:47.956 D/mali_so (29961): #02 pc 00cc17b3  /system/framework/arm/boot.oat
06-22 12:18:47.956 E/GLUtil  (29961): glTexParameter: glError 1280
06-22 12:18:47.956 I/GLYUVSurface(29961): gen inputSurfaceTexture() done
06-22 12:18:47.958 I/GLYUVSurface(29961): init GLYUVSurface successful!
06-22 12:18:47.958 I/System.out(29961): xxxgbac glsurface
06-22 12:18:47.963 E/MediaLogger(29961): new a yckVideoDecoder = yck.midware.media.yckVideoDecoder@2ac81a67
06-22 12:18:47.964 D/yckVideoDecoder(29961): yckDecodeInoutHandlerThread STARTED.
06-22 12:18:47.965 E/yckVideoDecoder(29961): start yckDecodeInoutThread() create
06-22 12:18:47.966 E/MediaLogger(29961): GLYUVSresizeSurface: width=2048 height=1536
06-22 12:18:47.968 V/WindowManagerService(  503): Adding window Window{1bc3c022 u0 SurfaceView} at 6 of 10 (before Window{3ed3096 u0 yck.kdapp.v4/yck.pilot.fpv.activity.yckPreviewActivityOrange2})
06-22 12:18:47.971 I/GLYUVSurface(29961): viewWidth=478 viewHeight=358
06-22 12:18:47.971 I/GLYUVSurface(29961): Thread main calls GLRenderManager's init()
06-22 12:18:47.971 E/MediaLogger(29961): new a yckVideoDecoder = yck.midware.media.yckVideoDecoder@2fee0bd
06-22 12:18:47.971 D/yckVideoDecoder(29961): yckDecodeInoutHandlerThread STARTED.
06-22 12:18:47.972 E/yckVideoDecoder(29961): start yckDecodeInoutThread() create
06-22 12:18:47.972 E/In2FpvLiveView(29961): surfaceChanged
06-22 12:18:47.972 E/MediaLogger(29961): GLYUVSresizeSurface: width=478 height=358
06-22 12:18:47.979 D/ViewRootImpl(29961): 2048<<<<<< BACK FROM relayoutWM.LayoutParams{(0,0)(fillxfill)mPosX=0mPosY=0mHScale=1.0mVScale=1.0 align=UNDEFINE taskId=11 sim=#120 ty=1 fl=#d810580 fmt=-3 wanim=0x10303e5 or=0 vsysui=0x1702 surfaceInsets=Rect(0, 0 - 0, 0) needsMenuKey=2packageName=yck.kdapp.v4token=android.os.BinderProxy@904c749}
06-22 12:18:47.997 E/yckMarqueeTextView(29961): LineW-221.0;633;
06-22 12:18:48.027 D/SensorsHal(  503): Orientation:Mag_status=3
06-22 12:18:48.106 E/SpotlightDroneDataView(29961): mode : null
06-22 12:18:48.106 E/SpotlightDroneDataView(29961): exception : null
06-22 12:18:48.106 E/SpotlightDroneDataView(29961): rect : null
06-22 12:18:48.106 E/SpotlightDroneDataView(29961): it didn't make sense
06-22 12:18:48.111 D/InputMethodManagerService(  503): --- calledFromForegroundUserOrSystemProcess ? calling uid = 10002 system uid = 1000 calling userId = 0, foreground user id = 0, calling pid = 29961com.android.server.InputMethodManagerService.windowGainedFocus(InputMethodManagerService.java:2027)
06-22 12:18:48.112 V/InputMethodManagerService(  503): windowGainedFocus: android.os.BinderProxy@1936367c controlFlags=#104 softInputMode=#120 windowFlags=#d810580
06-22 12:18:48.112 V/InputMethodManagerService(  503): Unspecified window will hide input
06-22 12:18:48.114 I/ActivityManagerService(  503): Displayed yck.kdapp.v4/yck.pilot.fpv.activity.yckPreviewActivityOrange2: +1s506ms (total +1s600ms)
06-22 12:18:48.130 E/yckMarqueeTextView(29961): LineW-221.0;633;
06-22 12:18:48.163 D/SurfaceFlinger(  161): gpuClockLock::locked
06-22 12:18:48.418 E/yckPreviewActivityOrange2(29961): upgrade step OTHER
06-22 12:18:48.558 E/nfz     (29961): 15.0
06-22 12:18:48.598 D/AndroidRuntime(30806): >>>>>> START com.android.internal.os.RuntimeInit uid 1000 <<<<<<
06-22 12:18:48.601 D/AndroidRuntime(30806): CheckJNI is OFF
06-22 12:18:48.601 I/AndroidRuntime(30806): JNI options: '-Xjniopts:warnonly'
06-22 12:18:48.671 E/memtrack(30806): Couldn't load memtrack module (No such file or directory)
06-22 12:18:48.671 E/android.os.Debug(30806): failed to load memtrack module: -2
06-22 12:18:48.709 D/AndroidRuntime(30806): Calling main entry com.android.commands.am.Am
06-22 12:18:48.714 D/AndroidRuntime(30806): Shutting down VM
06-22 12:18:48.795 D/u-blox  (  503): CGpsIf::setPositionMode: (3077035136): mode=1(GPS_POSITION_MODE_MS_BASED) recurrence=0(GPS_POSITION_RECURRENCE_PERIODIC) min_interval=1000 preferred_accuracy=0 preferred_time=0
06-22 12:18:48.795 V/u-blox  (  503): CUbxGpsState::putRate: Put Rate rate=1000
06-22 12:18:48.795 V/u-blox  (  503): CUbxGpsState::writeUbxCfgRate: Send CFG-RATE rate=1000
06-22 12:18:48.798 V/u-blox  (  503): CUbxGpsState::saveAiding: Saving aiding data to /data/persistence.agnss
06-22 12:18:48.799 V/u-blox  (  503): CUbxGpsState::saveDatabase: Encoded Measurement rate!
06-22 12:18:48.799 V/u-blox  (  503): CUbxGpsState::saveDatabase: Encoded LEG Receiver Aiding State data!
06-22 12:18:48.799 V/u-blox  (  503): CUbxGpsState::saveDatabase: Create file structure for encoded data!
06-22 12:18:48.799 V/u-blox  (  503): CUbxGpsState::saveAiding: Aiding data saved succesfully
06-22 12:18:48.818 D/        (29961): simwifi http://lbs.amap.com/api/android-location-sdk/guide/utilities/errorcode/.
06-22 12:18:48.843 E/BluetoothAdapter(29961): Bluetooth binder is null
06-22 12:18:48.878 W/System.err(29961): java.net.UnknownHostException: Unable to resolve host "restapi.amap.com": No address associated with hostname
06-22 12:18:48.878 W/System.err(29961): 	at java.net.InetAddress.lookupHostByName(InetAddress.java:457)
06-22 12:18:48.878 W/System.err(29961): 	at java.net.InetAddress.getAllByNameImpl(InetAddress.java:252)
06-22 12:18:48.878 W/System.err(29961): 	at java.net.InetAddress.getAllByName(InetAddress.java:215)
06-22 12:18:48.878 W/System.err(29961): 	at com.android.okhttp.HostResolver$1.getAllByName(HostResolver.java:29)
06-22 12:18:48.878 W/System.err(29961): 	at com.android.okhttp.internal.http.RouteSelector.resetNextInetSocketAddress(RouteSelector.java:232)
06-22 12:18:48.878 W/System.err(29961): 	at com.android.okhttp.internal.http.RouteSelector.next(RouteSelector.java:124)
06-22 12:18:48.878 W/System.err(29961): 	at com.android.okhttp.internal.http.HttpEngine.connect(HttpEngine.java:272)
06-22 12:18:48.878 W/System.err(29961): 	at com.android.okhttp.internal.http.HttpEngine.sendRequest(HttpEngine.java:211)
06-22 12:18:48.878 W/System.err(29961): 	at com.android.okhttp.internal.http.HttpURLConnectionImpl.execute(HttpURLConnectionImpl.java:382)
06-22 12:18:48.878 W/System.err(29961): 	at com.android.okhttp.internal.http.HttpURLConnectionImpl.connect(HttpURLConnectionImpl.java:106)
06-22 12:18:48.878 W/System.err(29961): 	at com.android.okhttp.internal.http.HttpURLConnectionImpl.getOutputStream(HttpURLConnectionImpl.java:217)
06-22 12:18:48.878 W/System.err(29961): 	at com.android.okhttp.internal.http.DelegatingHttpsURLConnection.getOutputStream(DelegatingHttpsURLConnection.java:218)
06-22 12:18:48.878 W/System.err(29961): 	at com.android.okhttp.internal.http.HttpsURLConnectionImpl.getOutputStream(HttpsURLConnectionImpl.java:25)
06-22 12:18:48.878 W/System.err(29961): 	at com.amap.api.col.gj.a(Unknown Source)
06-22 12:18:48.878 W/System.err(29961): 	at com.amap.api.col.gg.a(Unknown Source)
06-22 12:18:48.878 W/System.err(29961): 	at com.amap.api.col.eh.a(Unknown Source)
06-22 12:18:48.878 W/System.err(29961): 	at com.amap.api.col.ht.a(Unknown Source)
06-22 12:18:48.878 W/System.err(29961): 	at com.amap.api.col.gx.b(Unknown Source)
06-22 12:18:48.878 W/System.err(29961): 	at com.amap.api.col.e.b(Unknown Source)
06-22 12:18:48.878 W/System.err(29961): 	at com.amap.api.col.e.b(Unknown Source)
06-22 12:18:48.878 W/System.err(29961): 	at com.amap.api.col.e.a(Unknown Source)
06-22 12:18:48.878 W/System.err(29961): 	at com.amap.api.col.e$a.handleMessage(Unknown Source)
06-22 12:18:48.878 W/System.err(29961): 	at android.os.Handler.dispatchMessage(Handler.java:102)
06-22 12:18:48.878 W/System.err(29961): 	at android.os.Looper.loop(Looper.java:135)
06-22 12:18:48.878 W/System.err(29961): 	at android.os.HandlerThread.run(HandlerThread.java:61)
06-22 12:18:48.878 W/System.err(29961): Caused by: android.system.GaiException: android_getaddrinfo failed: EAI_NODATA (No address associated with hostname)
06-22 12:18:48.879 W/System.err(29961): 	at libcore.io.Posix.android_getaddrinfo(Native Method)
06-22 12:18:48.879 W/System.err(29961): 	at libcore.io.ForwardingOs.android_getaddrinfo(ForwardingOs.java:55)
06-22 12:18:48.879 W/System.err(29961): 	at java.net.InetAddress.lookupHostByName(InetAddress.java:438)
06-22 12:18:48.879 W/System.err(29961): 	... 24 more
06-22 12:18:48.907 W/ActivityManagerService(  503): Unable to start service Intent { cmp=com.autonavi.minimap/com.amap.api.service.AMapService (has extras) } U=0: not found
06-22 12:18:48.907 W/ActivityManagerService(  503): Unable to start service Intent { cmp=com.autonavi.minimap/.LBSConnectionService (has extras) } U=0: not found
06-22 12:18:48.928 D/SensorsHal(  503): Orientation:Mag_status=0
06-22 12:18:49.292 E/SFpvController(29961): isShowing : true
06-22 12:18:49.293 E/yckPreviewActivityOrange2(29961): width= 2048 height= 1536
06-22 12:18:49.293 E/yckPreviewActivityOrange2(29961): width= 2048 height= 1536
06-22 12:18:49.293 E/SFpvController(29961): isShowing : true
06-22 12:18:49.294 E/SmallFpvLayout(29961): switchToNormalMode
06-22 12:18:49.294 E/SFpvController(29961): sFpvRect : RectF(1568.0, 1176.0, 2048.0, 1536.0)
06-22 12:18:49.294 E/yckPreviewActivityOrange2(29961): width= 2048 height= 1536
06-22 12:18:49.294 E/SFpvController(29961): sFpvMode : Normal
06-22 12:18:49.754 D/alsa_route(  169): route_set_controls() set route 24
06-22 12:18:49.813 D/AudioHardwareTiny(  169): close device
06-22 12:18:50.620 W/Vibrator(  503): Failed to vibrate; no vibrator service.
06-22 12:18:50.621 W/BatteryStatsImpl(  503): Unknown user activity type 3 was specified.
06-22 12:18:50.621 W/BatteryStatsImpl(  503): java.lang.Throwable
06-22 12:18:50.621 W/BatteryStatsImpl(  503): 	at com.android.internal.os.BatteryStatsImpl$Uid.noteUserActivityLocked(BatteryStatsImpl.java:4617)
06-22 12:18:50.621 W/BatteryStatsImpl(  503): 	at com.android.internal.os.BatteryStatsImpl.noteUserActivityLocked(BatteryStatsImpl.java:3115)
06-22 12:18:50.621 W/BatteryStatsImpl(  503): 	at com.android.server.am.BatteryStatsService.noteUserActivity(BatteryStatsService.java:358)
06-22 12:18:50.621 W/BatteryStatsImpl(  503): 	at com.android.server.power.Notifier.onUserActivity(Notifier.java:360)
06-22 12:18:50.621 W/BatteryStatsImpl(  503): 	at com.android.server.power.PowerManagerService.userActivityNoUpdateLocked(PowerManagerService.java:1192)
06-22 12:18:50.621 W/BatteryStatsImpl(  503): 	at com.android.server.power.PowerManagerService.userActivityInternal(PowerManagerService.java:1167)
06-22 12:18:50.621 W/BatteryStatsImpl(  503): 	at com.android.server.power.PowerManagerService.userActivityFromNative(PowerManagerService.java:1162)
06-22 12:18:50.622 D/DisplayPowerController(  503): button lights toggle
06-22 12:18:50.623 E/Lights  (  503): write_int failed to open sys/class/leds/rk29_key_led/brightness
06-22 12:18:50.623 I/Lights  (  503): >>> Enter set_keyboard_light
06-22 12:18:50.623 D/DisplayPowerController(  503): send timeout msg after 1500
06-22 12:18:50.623 D/DisplayPowerController(  503): send timeout msg after 1500
06-22 12:18:50.802 E/yckPreviewActivityOrange2(29961): on finishThis() start
06-22 12:18:50.803 D/Decoder_Server(29961): releaseDecoder() start
06-22 12:18:50.803 D/Decoder_Server(29961): releaseDecoder() end
06-22 12:18:50.803 E/Lightbridge(29961): startStream videoCtlobjet == NULL
06-22 12:18:50.803 D/yckVideoDecoder(29961): stopVideoDecoder()
06-22 12:18:50.806 E/GLContextMgr17(29961): OpenGL destoryed
06-22 12:18:50.806 E/GLYUVSurface(29961): OpenGL destoryed
06-22 12:18:50.816 E/yckPreviewActivityOrange2(29961): on finishThis() end
06-22 12:18:50.835 D/WindowManagerService(  503): Window{100a81e6 u0 yck.kdapp.v4/yck.pilot.main.activity.yckHubActivity}  ==========setInputFocusLw ==========  =======
06-22 12:18:50.852 D/WindowManagerService(  503): Window{8adfdf1 u0 yck.kdapp.v4/yck.pilot.home.cs.activity.yckCsMainActivity}  ==========setInputFocusLw ==========  =======
06-22 12:18:50.859 E/In2FpvLiveView(29961): surfaceChanged
06-22 12:18:50.860 D/Decoder_Server(29961): releaseDecoder() start
06-22 12:18:50.860 D/Decoder_Server(29961): releaseDecoder() end
06-22 12:18:50.860 D/yckVideoDecoder(29961): stopVideoDecoder()
06-22 12:18:50.860 E/GLYUVSurface(29961): OpenGL destoryed
06-22 12:18:50.879 D/ViewRootImpl(29961): 2048<<<<<< BACK FROM relayoutnull
06-22 12:18:50.879 D/SurfaceFlinger(  161): gpuClockLock::unlocked
06-22 12:18:50.880 D/InputMethodManagerService(  503): --- calledFromForegroundUserOrSystemProcess ? calling uid = 10002 system uid = 1000 calling userId = 0, foreground user id = 0, calling pid = 29961com.android.server.InputMethodManagerService.windowGainedFocus(InputMethodManagerService.java:2027)
06-22 12:18:50.880 V/InputMethodManagerService(  503): windowGainedFocus: android.os.BinderProxy@1936367c controlFlags=#104 softInputMode=#120 windowFlags=#1810500
06-22 12:18:50.880 V/InputMethodManagerService(  503): Unspecified window will hide input
06-22 12:18:50.892 D/InputMethodManagerService(  503): --- calledFromForegroundUserOrSystemProcess ? calling uid = 10002 system uid = 1000 calling userId = 0, foreground user id = 0, calling pid = 29961com.android.server.InputMethodManagerService.windowGainedFocus(InputMethodManagerService.java:2027)
06-22 12:18:50.892 V/InputMethodManagerService(  503): windowGainedFocus: android.os.BinderProxy@1936367c controlFlags=#100 softInputMode=#20 windowFlags=#d810500
06-22 12:18:50.892 V/InputMethodManagerService(  503): Unspecified window will hide input
06-22 12:18:50.899 I/istd83xx_daemon(30762): IST83xx for Android end.
06-22 12:18:50.916 D/ViewRootImpl(29961): 2048<<<<<< BACK FROM relayoutnull
06-22 12:18:50.924 D/b       (29961): dispose:
06-22 12:18:50.925 W/Vibrator(29961): Failed to vibrate; no vibrator service.
06-22 12:18:50.927 E/        (29961): angleTmp stop
06-22 12:18:50.927 W/EventBus(29961): Subscriber to unregister was not registered before: class yck.gs.b.b
06-22 12:18:50.927 D/yckPreviewActivityOrange2(29961): onDestroy start
06-22 12:18:50.927 D/yckPreviewActivityOrange2(29961): onDestroyyck.pilot.fpv.activity.yckPreviewActivityOrange2@34145030
06-22 12:18:50.929 D/u-blox  (  503): CGpsIf::setPositionMode: (3077035136): mode=1(GPS_POSITION_MODE_MS_BASED) recurrence=0(GPS_POSITION_RECURRENCE_PERIODIC) min_interval=1000 preferred_accuracy=0 preferred_time=0
06-22 12:18:50.929 V/u-blox  (  503): CUbxGpsState::putRate: Put Rate rate=1000
06-22 12:18:50.929 V/u-blox  (  503): CUbxGpsState::writeUbxCfgRate: Send CFG-RATE rate=1000
06-22 12:18:50.932 V/u-blox  (  503): CUbxGpsState::saveAiding: Saving aiding data to /data/persistence.agnss
06-22 12:18:50.932 V/u-blox  (  503): CUbxGpsState::saveDatabase: Encoded Measurement rate!
06-22 12:18:50.933 V/u-blox  (  503): CUbxGpsState::saveDatabase: Encoded LEG Receiver Aiding State data!
06-22 12:18:50.933 V/u-blox  (  503): CUbxGpsState::saveDatabase: Create file structure for encoded data!
06-22 12:18:50.933 V/u-blox  (  503): CUbxGpsState::saveAiding: Aiding data saved succesfully
06-22 12:18:50.939 E/MediaLogger(29961): RecorderMp4 will be destroyed asynchronously
06-22 12:18:50.939 E/MediaLogger(29961): RecorderAudioMp4 will be destroyed asynchronously
06-22 12:18:50.939 E/MediaLogger(29961): RecorderH264 is destroyed
06-22 12:18:50.940 E/MediaLogger(29961): RecorderGop is destroyed
06-22 12:18:50.940 E/MediaLogger(29961): RecorderFullFrame will be destroyed asynchronously
06-22 12:18:50.940 E/MediaLogger(29961): RecorderFullFrame will be destroyed asynchronously
06-22 12:18:50.942 E/MediaLogger(29961): RecorderMp4 will be destroyed asynchronously
06-22 12:18:50.942 E/MediaLogger(29961): RecorderAudioMp4 will be destroyed asynchronously
06-22 12:18:50.942 E/MediaLogger(29961): RecorderH264 is destroyed
06-22 12:18:50.942 E/MediaLogger(29961): RecorderGop is destroyed
06-22 12:18:50.942 E/MediaLogger(29961): RecorderFullFrame will be destroyed asynchronously
06-22 12:18:50.942 E/MediaLogger(29961): RecorderFullFrame will be destroyed asynchronously
06-22 12:18:50.950 W/Vibrator(  503): Failed to vibrate; no vibrator service.
06-22 12:18:50.952 D/ViewRootImpl(29961): onDetachedFromWindow ungister contentObserver
06-22 12:18:50.955 D/yckHubActivity(29961): onStop
06-22 12:18:50.956 D/yckHubActivity(29961): onDestroy
06-22 12:18:50.956 D/ViewRootImpl(29961): onDetachedFromWindow ungister contentObserver
06-22 12:18:51.130 W/BatteryStatsImpl(  503): Unknown user activity type 3 was specified.
06-22 12:18:51.130 W/BatteryStatsImpl(  503): java.lang.Throwable
06-22 12:18:51.130 W/BatteryStatsImpl(  503): 	at com.android.internal.os.BatteryStatsImpl$Uid.noteUserActivityLocked(BatteryStatsImpl.java:4617)
06-22 12:18:51.130 W/BatteryStatsImpl(  503): 	at com.android.internal.os.BatteryStatsImpl.noteUserActivityLocked(BatteryStatsImpl.java:3115)
06-22 12:18:51.130 W/BatteryStatsImpl(  503): 	at com.android.server.am.BatteryStatsService.noteUserActivity(BatteryStatsService.java:358)
06-22 12:18:51.130 W/BatteryStatsImpl(  503): 	at com.android.server.power.Notifier.onUserActivity(Notifier.java:360)
06-22 12:18:51.130 W/BatteryStatsImpl(  503): 	at com.android.server.power.PowerManagerService.userActivityNoUpdateLocked(PowerManagerService.java:1192)
06-22 12:18:51.130 W/BatteryStatsImpl(  503): 	at com.android.server.power.PowerManagerService.userActivityInternal(PowerManagerService.java:1167)
06-22 12:18:51.130 W/BatteryStatsImpl(  503): 	at com.android.server.power.PowerManagerService.userActivityFromNative(PowerManagerService.java:1162)
06-22 12:18:51.131 D/DisplayPowerController(  503): button lights toggle
06-22 12:18:51.131 D/DisplayPowerController(  503): send timeout msg after 1500
06-22 12:18:51.131 D/DisplayPowerController(  503): send timeout msg after 1500
06-22 12:18:51.155 D/ViewRootImpl(29961): onAttachToWindow register content observer attrs=WM.LayoutParams{(0,128)(wrapxwrap)mPosX=0mPosY=0mHScale=1.0mVScale=1.0 align=UNDEFINE taskId=-1 gr=#51 ty=2005 fl=#1000098 fmt=-3 wanim=0x1030004 or=0 surfaceInsets=Rect(0, 0 - 0, 0)packageName=yck.kdapp.v4token=null}
06-22 12:18:51.175 D/ViewRootImpl(29961): 340<<<<<< BACK FROM relayoutWM.LayoutParams{(0,128)(wrapxwrap)mPosX=0mPosY=0mHScale=1.0mVScale=1.0 align=UNDEFINE taskId=-1 gr=#51 sim=#20 ty=2005 fl=#1000098 fmt=-3 wanim=0x1030004 or=0 surfaceInsets=Rect(0, 0 - 0, 0)packageName=yck.kdapp.v4token=null}
06-22 12:18:51.220 V/RenderScript(29961): 0xb8a47820 Launching thread(s), CPUs 4
06-22 12:18:51.240 W/Vibrator(  503): Failed to vibrate; no vibrator service.
06-22 12:18:51.382 E/yckCsMainActivity(29961): onPause
06-22 12:18:51.384 D/Previewer.cpp(29961): Previewer::stopParseThread()
06-22 12:18:51.384 D/Previewer.cpp(29961): Previewer::stopParseThread()
06-22 12:18:51.384 E/UsbAccessoryService(29961): final destroy() 71
06-22 12:18:51.384 D/H264ESParser(29961): stop CDecoder.
06-22 12:18:51.384 D/H264ESParser(29961): stop CDecoder.
06-22 12:18:51.471 W/Vibrator(  503): Failed to vibrate; no vibrator service.
06-22 12:18:51.484 E/UsbAccessoryService(29961): final destroy() 72
06-22 12:18:51.484 E/wm220   (29961): ****resetSwitchFromWifiFlag
06-22 12:18:51.484 E/yckUsbAccessoryReceiver(29961): receiver destroySession
06-22 12:18:51.484 E/UsbAccessoryService(29961): final destroy() 73
06-22 12:18:51.485 E/UsbAccessoryService(29961): final destroy() 75
06-22 12:18:51.485 E/UsbAccessoryService(29961): final destroy() 76
06-22 12:18:51.485 E/BulkAccessoryService(29961): final destroy() 71
06-22 12:18:51.585 E/BulkAccessoryService(29961): final destroy() 72
06-22 12:18:51.585 E/BulkAccessoryService(29961): final destroy() 73
06-22 12:18:51.585 E/BulkAccessoryService(29961): final destroy() 75
06-22 12:18:51.585 E/BulkAccessoryService(29961): final destroy() 76
06-22 12:18:51.586 E/d       (29961): ycksocket destroy
06-22 12:18:51.586 E/daemon  (29961): destroy wifi 1
06-22 12:18:51.586 E/b       (29961): ycksocket destroy
06-22 12:18:51.586 E/daemon  (29961): destroy wifi 2
06-22 12:18:51.586 E/c       (29961): udt destroy 1 9000
06-22 12:18:51.587 E/c       (29961): udt destroy 2 9000
06-22 12:18:51.587 E/daemon  (29961): destroy wifi 3
06-22 12:18:51.587 E/a       (29961): udt destroy 1 9001
06-22 12:18:51.587 E/a       (29961): udt destroy 2 9001
06-22 12:18:51.587 E/daemon  (29961): destroy wifi 4
06-22 12:18:51.587 E/daemon  (29961): destroy wifi 5
06-22 12:18:51.587 E/b       (29961): ycksocket destroy
06-22 12:18:51.587 E/daemon  (29961): destroy wifi 6
06-22 12:18:51.587 E/a       (29961): ycksocket destroy
06-22 12:18:51.587 E/daemon  (29961): destroy wifi 7
06-22 12:18:51.589 E/yckPublicUtil(29961): killMySelf: packagename = yck.kdapp.v4
06-22 12:18:51.589 E/yckPublicUtil(29961): killMySelf: 0 yck.kdapp.v4
06-22 12:18:51.589 E/yckPublicUtil(29961): killMySelf: 1 yck.system.launcher
06-22 12:18:51.589 E/yckPublicUtil(29961): killMySelf: 2 yck.kdapp.v4:pushcore
06-22 12:18:51.590 W/ActivityManagerService(  503): Invalid packageName: yck.kdapp.v4:pushcore
06-22 12:18:51.590 I/Process (29961): Sending signal. PID: 29900 SIG: 9
06-22 12:18:51.590 E/yckPublicUtil(29961): killMySelf yck.kdapp.v4:pushcore
06-22 12:18:51.590 E/yckPublicUtil(29961): killMySelf: 3 yck.Here.Map.Service.v2
