06-21 18:20:27.624 E/yck_GO-VerPhone(28755):  Thread: yck_background_thread
06-21 18:20:27.624 E/yck_GO-VerPhone(28755): 
06-21 18:20:27.624 E/yck_GO-VerPhone(28755):  Method.invoke  (Method.java:-2)
06-21 18:20:27.624 E/yck_GO-VerPhone(28755):     yckVerifyPhoneManager.onEvent3BackgroundThread  (null:191)
06-21 18:20:27.624 E/yck_GO-VerPhone(28755):        yckVerifyPhoneManager.b  (null:693)
06-21 18:20:27.624 E/yck_GO-VerPhone(28755): 
06-21 18:20:27.624 E/yck_GO-VerPhone(28755):  ConnectLose status=ConnectLose
06-21 18:20:27.624 E/yck_GO-VerPhone(28755): 
06-21 18:20:27.628 E/        (28755): DataCameraEvent=ConnectLose
06-21 18:20:27.629 E/ACTIVATE_NEW(28755): 2017-06-21 06:20:27:628 @DataCameraEvent=ConnectLose
06-21 18:20:27.706 W/Vibrator(  503): Failed to vibrate; no vibrator service.
06-21 18:20:27.721 E/UsbAccessoryService(28755): final destroy() 72
06-21 18:20:27.721 E/wm220   (28755): ****resetSwitchFromWifiFlag
06-21 18:20:27.721 E/yckUsbAccessoryReceiver(28755): receiver destroySession
06-21 18:20:27.721 E/UsbAccessoryService(28755): final destroy() 73
06-21 18:20:27.721 E/UsbAccessoryService(28755): final destroy() 75
06-21 18:20:27.721 E/UsbAccessoryService(28755): final destroy() 76
06-21 18:20:27.721 E/d       (28755): ycksocket destroy
06-21 18:20:27.721 E/daemon  (28755): destroy wifi 1
06-21 18:20:27.721 E/b       (28755): ycksocket destroy
06-21 18:20:27.721 E/daemon  (28755): destroy wifi 2
06-21 18:20:27.721 E/c       (28755): udt destroy 1 9000
06-21 18:20:27.722 E/c       (28755): udt destroy 2 9000
06-21 18:20:27.722 E/daemon  (28755): destroy wifi 3
06-21 18:20:27.722 E/a       (28755): udt destroy 1 9001
06-21 18:20:27.723 E/a       (28755): udt destroy 2 9001
06-21 18:20:27.723 E/daemon  (28755): destroy wifi 4
06-21 18:20:27.723 E/daemon  (28755): destroy wifi 5
06-21 18:20:27.724 E/b       (28755): ycksocket destroy
06-21 18:20:27.724 E/daemon  (28755): destroy wifi 6
06-21 18:20:27.725 E/a       (28755): ycksocket destroy
06-21 18:20:27.725 E/daemon  (28755): destroy wifi 7
06-21 18:20:27.727 E/yckPublicUtil(28755): killMySelf: packagename = yck.kdapp.v4
06-21 18:20:27.727 E/yckPublicUtil(28755): killMySelf: 0 yck.kdapp.v4
06-21 18:20:27.727 E/yckPublicUtil(28755): killMySelf: 1 yck.kdapp.v4:pushcore
06-21 18:20:27.727 W/ActivityManagerService(  503): Invalid packageName: yck.kdapp.v4:pushcore
06-21 18:20:27.727 I/Process (28755): Sending signal. PID: 28719 SIG: 9
06-21 18:20:27.728 E/yckPublicUtil(28755): killMySelf yck.kdapp.v4:pushcore
06-21 18:20:27.728 E/yckPublicUtil(28755): killMySelf: 2 yck.system.launcher
06-21 18:20:27.728 E/yckPublicUtil(28755): killMySelf: 3 yck.Here.Map.Service.v2
06-21 18:20:27.728 W/ActivityManagerService(  503): Invalid packageName: yck.Here.Map.Service.v2
06-21 18:20:27.728 I/Process (28755): Sending signal. PID: 28840 SIG: 9
06-21 18:20:27.729 E/yckPublicUtil(28755): killMySelf yck.Here.Map.Service.v2
06-21 18:20:27.729 E/yckPublicUtil(28755): killMySelf: 4 android.rockchip.update.service
06-21 18:20:27.729 E/yckPublicUtil(28755): killMySelf: 5 yck.Here.Map.Service.v2
06-21 18:20:27.729 W/ActivityManagerService(  503): Invalid packageName: yck.Here.Map.Service.v2
06-21 18:20:27.729 I/Process (28755): Sending signal. PID: 1116 SIG: 9
06-21 18:20:27.729 E/yckPublicUtil(28755): killMySelf yck.Here.Map.Service.v2
06-21 18:20:27.729 E/yckPublicUtil(28755): killMySelf: 6 com.android.gallery3d
06-21 18:20:27.729 E/yckPublicUtil(28755): killMySelf: 7 com.android.musicfx
06-21 18:20:27.729 E/yckPublicUtil(28755): killMySelf: 8 com.svox.pico
06-21 18:20:27.729 E/yckPublicUtil(28755): killMySelf: 9 com.android.keychain
06-21 18:20:27.729 E/yckPublicUtil(28755): killMySelf: 10 com.android.defcontainer
06-21 18:20:27.729 E/yckPublicUtil(28755): killMySelf: 11 android.process.acore
06-21 18:20:27.729 E/yckPublicUtil(28755): killMySelf: 12 yck.pilot:xg_service_v2
06-21 18:20:27.729 E/yckPublicUtil(28755): killMySelf: 13 com.android.settings
06-21 18:20:27.729 E/yckPublicUtil(28755): killMySelf: 14 com.android.onetimeinitializer
06-21 18:20:27.729 E/yckPublicUtil(28755): killMySelf: 15 com.android.managedprovisioning
06-21 18:20:27.729 E/yckPublicUtil(28755): killMySelf: 16 yck.system.upgrade
06-21 18:20:27.729 E/yckPublicUtil(28755): killMySelf: 17 com.android.systemui
06-21 18:20:27.729 E/yckPublicUtil(28755): killMySelf: 18 com.android.phone
06-21 18:20:27.729 E/yckPublicUtil(28755): killMySelf: 19 com.cghs.stresstest
06-21 18:20:27.729 E/yckPublicUtil(28755): killMySelf: 20 com.android.inputmethod.latin
06-21 18:20:27.729 E/yckPublicUtil(28755): killMySelf: 21 android.process.media
06-21 18:20:27.729 E/yckPublicUtil(28755): killMySelf: 22 system
06-21 18:20:27.731 I/Process (28755): Sending signal. PID: 28755 SIG: 9
06-21 18:20:27.743 I/ActivityManagerService(  503): Process yck.kdapp.v4:pushcore (pid 28719) has died
06-21 18:20:27.743 W/ActivityManagerService(  503): Scheduling restart of crashed service yck.kdapp.v4/cn.jpush.android.service.PushService in 1000ms
06-21 18:20:27.756 I/ActivityManagerService(  503): Process yck.Here.Map.Service.v2 (pid 28840) has died
06-21 18:20:27.757 W/ActivityManagerService(  503): Scheduling restart of crashed service yck.kdapp.v4/com.here.android.mpa.service.MapService in 8631314ms
06-21 18:20:27.845 W/Vibrator(  503): Failed to vibrate; no vibrator service.
06-21 18:20:27.903 D/WifiService(  503): Client connection lost with reason: 4
06-21 18:20:27.903 D/InputMethodManagerService(  503): --- calledFromForegroundUserOrSystemProcess ? calling uid = 1000 system uid = 1000 calling userId = 0, foreground user id = 0, calling pid = 503android.os.BinderProxy.sendDeathNotice(Binder.java:551)
06-21 18:20:27.904 I/WindowState(  503): WIN DEATH: Window{155f6b u0 yck.kdapp.v4/yck.pilot.home.cs.activity.yckCsMainActivity}
06-21 18:20:27.907 D/WindowManagerService(  503): null  ==========setInputFocusLw ==========  =======
06-21 18:20:27.907 I/WindowState(  503): WIN DEATH: Window{2a9b3f63 u0 Toast}
06-21 18:20:28.015 W/Vibrator(  503): Failed to vibrate; no vibrator service.
06-21 18:20:28.109 I/ActivityManagerService(  503): Process yck.kdapp.v4 (pid 28755) has died
06-21 18:20:28.110 W/ActivityManagerService(  503): Scheduling restart of crashed service yck.kdapp.v4/yck.dbox.upgrade.p4.statemachine.yckUpgradeService in 10634ms
06-21 18:20:28.110 W/ActivityManagerService(  503): Scheduling restart of crashed service yck.kdapp.v4/yck.pilot2.newlibrary.sync.PhotoSyncService in 10633ms
06-21 18:20:28.110 W/ActivityManagerService(  503): Scheduling restart of crashed service yck.kdapp.v4/yck.pilot2.flymonitor.service.FlyMonitorService in 10633ms
06-21 18:20:28.111 W/ActivityManagerService(  503): Force removing ActivityRecord{28f81503 u0 yck.kdapp.v4/yck.pilot.home.cs.activity.yckCsMainActivity t10}: app died, no saved state
06-21 18:20:28.111 D/WindowManagerService(  503): Window{3891fa17 u0 yck.system.launcher/yck.system.launcher.Launcher}  ==========setInputFocusLw ==========  =======
06-21 18:20:28.111 W/ViewRootImpl(  895): Dropping event due to no window focus: KeyEvent { action=ACTION_DOWN, keyCode=KEYCODE_BACK, scanCode=158, metaState=0, flags=0x8, repeatCount=0, eventTime=5731530, downTime=5731530, deviceId=0, source=0x101 }
06-21 18:20:28.111 D/ActivityManagerService(  503): moveHomeStackTaskToTop: moving TaskRecord{1cbf898c #3 A=yck.system.launcher U=0 sz=1}
06-21 18:20:28.112 W/BatteryStatsImpl(  503): Unknown user activity type 3 was specified.
06-21 18:20:28.112 W/BatteryStatsImpl(  503): java.lang.Throwable
06-21 18:20:28.112 W/BatteryStatsImpl(  503): 	at com.android.internal.os.BatteryStatsImpl$Uid.noteUserActivityLocked(BatteryStatsImpl.java:4617)
06-21 18:20:28.112 W/BatteryStatsImpl(  503): 	at com.android.internal.os.BatteryStatsImpl.noteUserActivityLocked(BatteryStatsImpl.java:3115)
06-21 18:20:28.112 W/BatteryStatsImpl(  503): 	at com.android.server.am.BatteryStatsService.noteUserActivity(BatteryStatsService.java:358)
06-21 18:20:28.112 W/BatteryStatsImpl(  503): 	at com.android.server.power.Notifier.onUserActivity(Notifier.java:360)
06-21 18:20:28.112 W/BatteryStatsImpl(  503): 	at com.android.server.power.PowerManagerService.userActivityNoUpdateLocked(PowerManagerService.java:1192)
06-21 18:20:28.112 W/BatteryStatsImpl(  503): 	at com.android.server.power.PowerManagerService.userActivityInternal(PowerManagerService.java:1167)
06-21 18:20:28.112 W/BatteryStatsImpl(  503): 	at com.android.server.power.PowerManagerService.userActivityFromNative(PowerManagerService.java:1162)
06-21 18:20:28.112 D/DisplayPowerController(  503): button lights toggle
06-21 18:20:28.112 D/DisplayPowerController(  503): send timeout msg after 1500
06-21 18:20:28.112 D/InputMethodManagerService(  503): --- calledFromForegroundUserOrSystemProcess ? calling uid = 1000 system uid = 1000 calling userId = 0, foreground user id = 0, calling pid = 895com.android.server.InputMethodManagerService.windowGainedFocus(InputMethodManagerService.java:2027)
06-21 18:20:28.112 D/DisplayPowerController(  503): send timeout msg after 1500
06-21 18:20:28.112 V/InputMethodManagerService(  503): windowGainedFocus: android.os.BinderProxy@3c31f9b1 controlFlags=#104 softInputMode=#20 windowFlags=#d810500
06-21 18:20:28.113 V/InputMethodManagerService(  503): Unspecified window will hide input
06-21 18:20:28.113 V/InputMethodManagerService(  503): unbindCurrentInputLocked: client = android.os.BinderProxy@32239175
06-21 18:20:28.113 W/InputMethodManagerService(  503): Got RemoteException sending setActive(false) notification to pid 28755 uid 10002
06-21 18:20:28.113 V/InputMethodManagerService(  503): Hide switching menu
06-21 18:20:28.113 V/InputMethodManagerService(  503): switching to client: client = android.os.BinderProxy@3c31f9b1 keyguard=false
06-21 18:20:28.113 V/InputMethodManagerService(  503): Enabling: SessionState{uid 1000 pid 895 method 28fa62 session 1788a7f3 channel ClientState{3c3a5fff uid 1000 pid 895} (server)}
06-21 18:20:28.114 I/PhoneWindow(  895): 4Key up: repeat=0 flags=0x8
06-21 18:20:28.116 W/ContextImpl(  895): Calling a method in the system process without a qualified user: android.app.ContextImpl.sendBroadcast:1344 android.content.ContextWrapper.sendBroadcast:377 yck.system.launcher.Launcher.hideNavigationBar:241 yck.system.launcher.Launcher.onResume:180 android.app.Instrumentation.callActivityOnResume:1257
06-21 18:20:28.118 D/u-blox  (  503): CGpsIf::setPositionMode: (3077035136): mode=1(GPS_POSITION_MODE_MS_BASED) recurrence=0(GPS_POSITION_RECURRENCE_PERIODIC) min_interval=1000 preferred_accuracy=0 preferred_time=0
06-21 18:20:28.118 V/u-blox  (  503): CUbxGpsState::putRate: Put Rate rate=1000
06-21 18:20:28.118 V/u-blox  (  503): CUbxGpsState::writeUbxCfgRate: Send CFG-RATE rate=1000
06-21 18:20:28.120 V/u-blox  (  503): CGpsIf::stop: (3077035136):
06-21 18:20:28.120 V/u-blox  (  503): handleCmdInput: (3079106440): Cmd received (2)
06-21 18:20:28.120 V/u-blox  (  503): CAndroidDatabase::decPublish: count now 0
06-21 18:20:28.120 V/u-blox  (  503): engineStop: (Begin) Client count 1
06-21 18:20:28.120 V/u-blox  (  503): CGpsIf::gpsStatus: GPS status change: 1 (GPS_STATUS_SESSION_BEGIN) => 2 (GPS_STATUS_SESSION_END)
06-21 18:20:28.120 V/u-blox  (  503): engineStop: (End) Client count 0
06-21 18:20:28.120 V/u-blox  (  503): checkShutdownState: Command the receiver to turn off!
06-21 18:20:28.120 V/u-blox  (  503): CUbxGpsState::changeState: A receiver state change has been detected. Turn receiver Off!
06-21 18:20:28.120 V/u-blox  (  503): CUbxGpsState::printStd: LEG: Successfully scheduled Poll of Receiver Aiding State data
06-21 18:20:28.122 V/u-blox  (  503): CUbxGpsState::saveAiding: Saving aiding data to /data/persistence.agnss
06-21 18:20:28.122 V/u-blox  (  503): CUbxGpsState::printStd: LEG: Starting Receiver Aiding State Poll!
06-21 18:20:28.122 V/u-blox  (  503): CUbxGpsState::printStd: LEG: Sending the Poll request for Receiver Aiding State
06-21 18:20:28.122 V/u-blox  (  503): CUbxGpsState::printStd: LEG: Sent the Poll request for Receiver Aiding State
06-21 18:20:28.122 V/u-blox  (  503): CUbxGpsState::saveDatabase: Encoded Measurement rate!
06-21 18:20:28.122 V/u-blox  (  503): CUbxGpsState::saveDatabase: Encoded LEG Receiver Aiding State data!
06-21 18:20:28.122 V/u-blox  (  503): CUbxGpsState::saveDatabase: Create file structure for encoded data!
06-21 18:20:28.122 V/u-blox  (  503): CUbxGpsState::saveAiding: Aiding data saved succesfully
06-21 18:20:28.131 D/ViewRootImpl(  895): 2048<<<<<< BACK FROM relayoutWM.LayoutParams{(0,0)(fillxfill)mPosX=0mPosY=0mHScale=1.0mVScale=1.0 align=UNDEFINE taskId=3 sim=#120 ty=1 fl=#d810500 wanim=0x1030001 or=0 vsysui=0xf06 surfaceInsets=Rect(0, 0 - 0, 0) needsMenuKey=2packageName=yck.system.launchertoken=android.os.BinderProxy@fd4ba2b}
06-21 18:20:28.184 W/ResourceType(  712): No package identifier when getting value for resource number 0x00000000
06-21 18:20:28.184 W/PackageManager(  712): Failure retrieving resources for yck.kdapp.v4: Resource ID #0x0
06-21 18:20:28.204 D/ViewRootImpl(  712): 2048<<<<<< BACK FROM relayoutnull
06-21 18:20:28.216 V/u-blox  (  503): CUbxGpsState::printStd: LEG: Received all required data for the poll request for Receiver Aiding State
06-21 18:20:28.217 V/u-blox  (  503): CUbxGpsState::printStd: LEG: Successfully save the data extracted from the poll request for Receiver Aiding State
06-21 18:20:28.217 V/u-blox  (  503): CUbxGpsState::printStd: LEG: Receiver Aiding State Poll finished successfully!
06-21 18:20:28.217 V/u-blox  (  503): CUbxGpsState::finished: Poll of Receiver Aiding State has been successful!
06-21 18:20:28.217 V/u-blox  (  503): CUbxGpsState::finished: Polled Receiver Aiding State data identical to already transferred one. Do nothing.
06-21 18:20:28.642 V/PhoneWindowManager(  503): truehungUp=false, mScreenshotChordVolumeDownKeyTriggered=false, mScreenshotChordVolumeDownKeyTriggered=false
06-21 18:20:28.642 D/PhoneWindowManager(  503): interceptPowerKeyDown =================  =======
06-21 18:20:28.777 D/PhoneWindowManager(  503): cancelPendingPowerKeyAction =================  =======
06-21 18:20:28.778 I/PowerManagerService(  503): Going to sleep due to power button (uid 1000)...
06-21 18:20:28.822 I/ActivityManagerService(  503): Start proc 29900:yck.kdapp.v4:pushcore/u0a2 for service yck.kdapp.v4/cn.jpush.android.service.PushService
06-21 18:20:28.825 E/WifiStateMachine(  503): ACTION_SCREEN_ON...
06-21 18:20:28.834 I/PowerManagerService(  503): Sleeping (uid 1000)...
06-21 18:20:28.841 W/AudioFlinger(  169): uid 10013 tried to pass itself off as 1000
06-21 18:20:28.842 I/art     (  175): Explicit concurrent mark sweep GC freed 707(30KB) AllocSpace objects, 0(0B) LOS objects, 82% free, 219KB/1243KB, paused 297us total 20.431ms
06-21 18:20:28.847 D/yckService assistant(  999): MyBroadcastReceiverandroid.intent.action.SCREEN_ON
06-21 18:20:28.847 D/yckService assistant(  999): xx ACTION_SCREEN_ON
06-21 18:20:28.851 E/system.upgrade(87)( 1204): ccmanager,onReceive,action=android.intent.action.SCREEN_ON
06-21 18:20:28.858 E/WifiStateMachine(  503): cancelDelayedScan -> 1
06-21 18:20:28.858 E/WifiStateMachine(  503): wifi network checker is off.
06-21 18:20:28.859 D/WifiStateMachine(  503): backgroundScan enabled=false startBackgroundScanIfNeeded:false
06-21 18:20:28.859 I/art     (  175): Explicit concurrent mark sweep GC freed 5(160B) AllocSpace objects, 0(0B) LOS objects, 82% free, 219KB/1243KB, paused 218us total 15.816ms
06-21 18:20:28.859 E/WifiStateMachine(  503): handleScreenStateChanged Exit: true
06-21 18:20:28.860 E/WifiStateMachine(  503): setSuspendOptimizations: 4 false
06-21 18:20:28.860 E/WifiStateMachine(  503): mSuspendOptNeedsDisabled 4
06-21 18:20:28.867 D/AudioHardwareTiny(  169): start_output_stream
06-21 18:20:28.868 D/alsa_route(  169): route_info->sound_card 0, route_info->devices 0
06-21 18:20:28.869 D/alsa_route(  169): route_set_controls() set route 0
06-21 18:20:28.870 I/art     (  175): Explicit concurrent mark sweep GC freed 5(160B) AllocSpace objects, 0(0B) LOS objects, 82% free, 219KB/1243KB, paused 175us total 10.845ms
06-21 18:20:28.885 D/u-blox  (  503): CGpsIf::setPositionMode: (3077035136): mode=1(GPS_POSITION_MODE_MS_BASED) recurrence=0(GPS_POSITION_RECURRENCE_PERIODIC) min_interval=300000 preferred_accuracy=0 preferred_time=0
06-21 18:20:28.886 W/u-blox  (  503): gps_state_set_interval: Interval (300000) too big - Driver will intervene
06-21 18:20:28.886 V/u-blox  (  503): CUbxGpsState::putRate: Put Rate rate=1000
06-21 18:20:28.886 V/u-blox  (  503): CGpsIf::start: (3077035136):
06-21 18:20:28.886 V/u-blox  (  503): handleCmdInput: (3079106440): Cmd received (1)
06-21 18:20:28.886 V/u-blox  (  503): engineStart: (Begin) Client count 0
06-21 18:20:28.886 V/u-blox  (  503): CUbxGpsState::changeState: A receiver state change has been detected. Turn receiver on!
06-21 18:20:28.886 V/u-blox  (  503): CUbxGpsState::loadAiding: Loading last aiding data from /data/persistence.agnss
06-21 18:20:28.886 V/u-blox  (  503): CUbxGpsState::loadDatabase: Interpret file structure for encoded data!
06-21 18:20:28.886 V/u-blox  (  503): CUbxGpsState::loadDatabase: Decoded Measurement rate!
06-21 18:20:28.886 V/u-blox  (  503): CUbxGpsState::loadDatabase: No position information found in the file!
06-21 18:20:28.886 V/u-blox  (  503): CUbxGpsState::loadDatabase: Decoded and stored LEG Receiver Aiding State information!
06-21 18:20:28.886 V/u-blox  (  503): CUbxGpsState::loadAiding: Aiding data loaded successfully
06-21 18:20:28.886 V/u-blox  (  503): CUbxGpsState::powerOn: Xandy: placeholder for power ON function
06-21 18:20:28.889 E/WifiStateMachine(  503): ACTION_SCREEN_OFF...
06-21 18:20:28.890 D/InputMethodManagerService(  503): --- calledFromForegroundUserOrSystemProcess ? calling uid = 1000 system uid = 1000 calling userId = 0, foreground user id = 0, calling pid = 895com.android.server.InputMethodManagerService.startInput(InputMethodManagerService.java:1349)
06-21 18:20:28.891 E/WifiStateMachine(  503): cancelDelayedScan -> 2
06-21 18:20:28.891 D/WifiStateMachine(  503): backgroundScan enabled=false startBackgroundScanIfNeeded:false
06-21 18:20:28.891 E/WifiStateMachine(  503): handleScreenStateChanged Exit: false
06-21 18:20:28.892 E/WifiStateMachine(  503): setSuspendOptimizations: 4 true
06-21 18:20:28.892 E/WifiStateMachine(  503): mSuspendOptNeedsDisabled 0
06-21 18:20:28.903 D/yckService assistant(  999): MyBroadcastReceiverandroid.intent.action.SCREEN_OFF
06-21 18:20:28.903 D/yckService assistant(  999): xx ACTION_SCREEN_OFF
06-21 18:20:28.906 E/system.upgrade(87)( 1204): ccmanager,onReceive,action=android.intent.action.SCREEN_OFF
06-21 18:20:28.908 E/system.upgrade(87)( 1204): ccmanager,onReceive,removeUpdates
06-21 18:20:28.911 V/u-blox  (  503): CGpsIf::stop: (3077035136):
06-21 18:20:28.987 W/ResourcesManager(29900): Asset path '/system/framework/com.android.future.usb.accessory.jar' does not exist or contains no resources.
06-21 18:20:29.030 I/MultiDex(29900): VM with version 2.1.0 has multidex support
06-21 18:20:29.030 I/MultiDex(29900): install
06-21 18:20:29.030 I/MultiDex(29900): VM has multidex support, MultiDex support library is disabled.
06-21 18:20:29.032 W/Tinker.TinkerLoader(29900): tryLoadPatchFiles:patch dir not exist:/data/data/yck.kdapp.v4/tinker
06-21 18:20:29.037 D/Tinker.DefaultAppLike(29900): onBaseContextAttached:
06-21 18:20:29.037 E/yckApplicationLike(29900): onBaseContextAttached
06-21 18:20:29.039 D/Tinker.DefaultAppLike(29900): onCreate
06-21 18:20:29.039 E/yckApplicationLike(29900): onCreate
06-21 18:20:29.094 V/u-blox  (  503): CUbxGpsState::writeUbxCfgPort: Send CFG-Port baudrate=115200
06-21 18:20:29.180 D/DisplayPowerController(  503): screen off, so turn off btn && keyboard lights
06-21 18:20:29.180 E/Lights  (  503): write_int failed to open sys/class/leds/rk29_key_led/brightness
06-21 18:20:29.180 I/Lights  (  503): >>> Enter set_keyboard_light
06-21 18:20:29.181 I/DisplayManagerService(  503): Display device changed: DisplayDeviceInfo{"Built-in Screen": uniqueId="local:0", 2048 x 1536, 30.0185 fps, supportedRefreshRates [30.0185], density 320, 160.05908 x 159.89508 dpi, appVsyncOff 0, presDeadline 34312791, touch INTERNAL, rotation 0, type BUILT_IN, state OFF, FLAG_DEFAULT_DISPLAY, FLAG_ROTATES_WITH_CONTENT, FLAG_SECURE, FLAG_SUPPORTS_PROTECTED_BUFFERS}
06-21 18:20:29.181 D/SurfaceFlinger(  161): Set power mode=0, type=0 flinger=0xb7cf6550
06-21 18:20:29.182 I/hwcomposer(  161): hwc_blank dpy[0],blank[1]
06-21 18:20:29.182 V/ActivityStackSupervisor(  503): Display changed displayId=0
06-21 18:20:29.182 W/DisplayD(  159): iface id HDMI screen is 1
06-21 18:20:29.182 D/Displaymanager(  159): [setHDMIDisable] display 1
06-21 18:20:29.182 I/Displaymanager(  159): updatesinkaudioinfo: 0xb8b81150
06-21 18:20:29.182 I/Displaymanager(  159): BUF:
06-21 18:20:29.182 I/Displaymanager(  159):
06-21 18:20:29.183 W/DisplayD(  159): Send msg Iface removed HDMI
06-21 18:20:29.299 V/u-blox  (  503): CUbxGpsState::writeUbxCfgRate: Send CFG-RATE rate=1000
06-21 18:20:29.342 I/yckApplicationLike(29900): EventBus index success!!!
06-21 18:20:29.353 V/u-blox  (  503): CUbxGpsState::writeUbxCfgMsg: Sent CFG-MSG id=01-03 (enable UBX-NAV-STATUS)
06-21 18:20:29.353 V/u-blox  (  503): CUbxGpsState::writeUbxCfgMsg: Sent CFG-MSG id=01-30 (enable UNKNOWN MESSAGE)
06-21 18:20:29.353 V/u-blox  (  503): CUbxGpsState::writeUbxCfgMsg: Sent CFG-MSG id=F0-00 (enable NMEA-GGA)
06-21 18:20:29.353 V/u-blox  (  503): CUbxGpsState::writeUbxCfgMsg: Sent CFG-MSG id=F0-01 (enable NMEA-GLL)
06-21 18:20:29.354 V/u-blox  (  503): CUbxGpsState::writeUbxCfgMsg: Sent CFG-MSG id=F0-02 (enable NMEA-GSA)
06-21 18:20:29.408 V/u-blox  (  503): CUbxGpsState::writeUbxCfgMsg: Sent CFG-MSG id=F0-03 (enable NMEA-GSV)
06-21 18:20:29.408 V/u-blox  (  503): CUbxGpsState::writeUbxCfgMsg: Sent CFG-MSG id=F0-04 (enable NMEA-RMC)
06-21 18:20:29.408 V/u-blox  (  503): CUbxGpsState::writeUbxCfgMsg: Sent CFG-MSG id=F0-05 (enable NMEA-VTG)
06-21 18:20:29.408 V/u-blox  (  503): CUbxGpsState::writeUbxCfgMsg: Sent CFG-MSG id=F0-06 (enable NMEA-GRS)
06-21 18:20:29.439 W/NotificationService(  503): Object died trying to hide notification android.app.ITransientNotification$Stub$Proxy@c7b7e24 in package yck.kdapp.v4
06-21 18:20:29.462 V/u-blox  (  503): CUbxGpsState::writeUbxCfgMsg: Sent CFG-MSG id=F0-07 (enable NMEA-GST)
06-21 18:20:29.462 V/u-blox  (  503): CUbxGpsState::writeUbxCfgMsg: Sent CFG-MSG id=F0-08 (enable NMEA-ZDA)
06-21 18:20:29.462 V/u-blox  (  503): CUbxGpsState::writeUbxCfgMsg: Sent CFG-MSG id=F0-09 (enable NMEA-GBS)
06-21 18:20:29.462 V/u-blox  (  503): CUbxGpsState::writeUbxCfgMsg: Sent CFG-MSG id=F0-0D (enable NMEA-GNS)
06-21 18:20:29.472 D/SurfaceControl(  503): Excessive delay in setPowerMode(): 291ms
06-21 18:20:29.511 D/PowerManagerService-JNI(  503): Excessive delay in setInteractive(false) while turning screen off: 38ms
06-21 18:20:29.516 V/u-blox  (  503): CUbxGpsState::writeUbxCfgMsg: Sent CFG-MSG id=02-12 (enable UBX-RXM-MEAS)
06-21 18:20:29.516 V/u-blox  (  503): CGpsIf::requestUtcTime:
06-21 18:20:29.516 V/u-blox  (  503): engineStart : SUPL Start Set Initiated Action? Yes
06-21 18:20:29.516 V/u-blox  (  503): engineStart: Start Set Initiated Action for the GPS_POSITION_MODE_MS_BASED SUPL mode!
06-21 18:20:29.516 V/u-blox  (  503): CRilIf::requestRefLoc: flags=3(AGPS_RIL_REQUEST_REFLOC_CELLID+AGPS_RIL_REQUEST_REFLOC_MAC)
06-21 18:20:31.004 V/u-blox  (  503): CRilIf::requestSetId: flags=1(AGPS_RIL_REQUEST_SETID_IMSI)
06-21 18:20:31.005 V/u-blox  (  503): CRilIf::setSetId: type=0(AGPS_SETID_TYPE_NONE) setid=''
06-21 18:20:31.005 V/u-blox  (  503): CRilIf::requestSetId: flags=2(AGPS_RIL_REQUEST_SETID_MSISDN)
06-21 18:20:31.007 V/u-blox  (  503): CRilIf::setSetId: type=0(AGPS_SETID_TYPE_NONE) setid=''
06-21 18:20:31.007 V/u-blox  (  503): CAgpsIf::getSuplServerInfo: Address:Port supl.google.com:7276
06-21 18:20:31.007 V/u-blox  (  503): fillDefaultSetId: Type AGPS_SETID_TYPE_NONE
06-21 18:20:31.017 V/u-blox  (  503): CRilIf::getClientIP: 0.0.0.0 (Type = -1)
06-21 18:20:31.017 W/u-blox  (  503): fillDefaultSetId: Cannot set the local address
06-21 18:20:31.017 V/u-blox  (  503): suplSM: SM entry with Id = 1005 in state START (0) with command 3
06-21 18:20:31.017 V/u-blox  (  503): suplSM: Handling START
06-21 18:20:31.017 V/u-blox  (  503): suplSM: No network. Deferring SI until network present
06-21 18:20:31.017 V/u-blox  (  503): suplSM: SM exit with Id = 1005 in state NO_NETWORK (1) with value 0
06-21 18:20:31.017 V/u-blox  (  503): CAndroidDatabase::incPublish: count now 1
06-21 18:20:31.017 V/u-blox  (  503): engineStart: SUPL Set Initiated Action started (mode: GPS_POSITION_MODE_MS_BASED)? Yes
06-21 18:20:31.017 V/u-blox  (  503): CGpsIf::gpsStatus: GPS status change: 2 (GPS_STATUS_SESSION_END) => 1 (GPS_STATUS_SESSION_BEGIN)
06-21 18:20:31.018 V/u-blox  (  503): engineStart: (End) Client count 1
06-21 18:20:31.018 V/u-blox  (  503): ubx_thread: MSG UNKNOWN size 48
06-21 18:20:31.018 V/u-blox  (  503): CUbxGpsState::changeState: The receiver is now turned on
06-21 18:20:31.018 V/u-blox  (  503): CUbxGpsState::saveAiding: Saving aiding data to /data/persistence.agnss
06-21 18:20:31.018 V/u-blox  (  503): CUbxGpsState::saveDatabase: Encoded Measurement rate!
06-21 18:20:31.018 V/u-blox  (  503): CUbxGpsState::saveDatabase: Encoded LEG Receiver Aiding State data!
06-21 18:20:31.018 V/u-blox  (  503): CUbxGpsState::saveDatabase: Create file structure for encoded data!
06-21 18:20:31.018 V/u-blox  (  503): CUbxGpsState::saveAiding: Aiding data saved succesfully
06-21 18:20:31.018 V/u-blox  (  503): CUbxGpsState::printStd: LEG: Successfully scheduled Transfer of Time data
06-21 18:20:31.019 V/u-blox  (  503): CUbxGpsState::initTransferIfReq: Initiated transfer of Time data
06-21 18:20:31.019 V/u-blox  (  503): CUbxGpsState::printStd: LEG: Successfully scheduled Transfer of Receiver Aiding State data
06-21 18:20:31.019 V/u-blox  (  503): CUbxGpsState::initTransferIfReq: Initiated transfer of Receiver Aiding State data
06-21 18:20:31.019 V/u-blox  (  503): handleCmdInput: (3079106440): Cmd received (2)
06-21 18:20:31.019 V/u-blox  (  503): CAndroidDatabase::decPublish: count now 0
06-21 18:20:31.019 V/u-blox  (  503): engineStop: (Begin) Client count 1
06-21 18:20:31.019 V/u-blox  (  503): CGpsIf::gpsStatus: GPS status change: 1 (GPS_STATUS_SESSION_BEGIN) => 2 (GPS_STATUS_SESSION_END)
06-21 18:20:31.019 V/u-blox  (  503): engineStop: (End) Client count 0
06-21 18:20:31.019 V/u-blox  (  503): checkShutdownState: Command the receiver to turn off!
06-21 18:20:31.019 V/u-blox  (  503): CUbxGpsState::changeState: A receiver state change has been detected. Turn receiver Off!
06-21 18:20:31.019 V/u-blox  (  503): CUbxGpsState::printStd: LEG: Successfully scheduled Poll of Receiver Aiding State data
06-21 18:20:31.020 V/u-blox  (  503): CUbxGpsState::printStd: LEG: Starting Receiver Aiding State Poll!
06-21 18:20:31.020 V/u-blox  (  503): CUbxGpsState::printStd: LEG: Sending the Poll request for Receiver Aiding State
06-21 18:20:31.020 V/u-blox  (  503): CUbxGpsState::printStd: LEG: Sent the Poll request for Receiver Aiding State
06-21 18:20:31.054 E/u-blox  (  503): CUbxGpsState::printErr: LEG: Failed to receive all required data for the poll request for Receiver Aiding State
06-21 18:20:31.054 E/u-blox  (  503): CUbxGpsState::printErr: LEG: Receiver Aiding State Poll finished unsuccessfully! Action failed!
06-21 18:20:31.054 E/u-blox  (  503): CUbxGpsState::finished: Poll of Receiver Aiding State data failed!
06-21 18:20:32.261 D/alsa_route(  169): route_set_controls() set route 24
06-21 18:20:32.329 D/AudioHardwareTiny(  169): close device
06-21 18:20:32.330 W/ContextImpl(  503): Calling a method in the system process without a qualified user: android.app.ContextImpl.sendBroadcast:1358 com.android.server.power.PowerManagerService.setLocationMode:2175 com.android.server.power.PowerManagerService.access$2500:96 com.android.server.power.PowerManagerService$4$1.run:2244 java.lang.Thread.run:818
06-21 18:20:32.895 D/GpsNetInitiatedHandler(  503): location enabled :false
06-21 18:20:32.895 D/u-blox  (  503): CGpsIf::cleanup: (3077035136):
06-21 18:20:32.895 V/u-blox  (  503): handleCmdInput: (3079106440): Cmd received (2)
06-21 18:20:32.895 V/u-blox  (  503): CAndroidDatabase::decPublish: count now 0
06-21 18:20:32.895 V/u-blox  (  503): engineStop: (Begin) Client count 0
06-21 18:20:32.895 V/u-blox  (  503): CGpsIf::gpsStatus: current GPS status: (still) 2 (GPS_STATUS_SESSION_END)
06-21 18:20:32.895 V/u-blox  (  503): engineStop: (End) Client count 0
06-21 18:20:41.023 W/u-blox  (  503): CUbxGpsState::onNewMsg: Time for preparing the shutdown run out. Stopping the receiver...
06-21 18:20:41.128 V/u-blox  (  503): CUbxGpsState::forceTurnOff: The receiver output is disabled!
06-21 18:20:41.129 V/u-blox  (  503): CUbxGpsState::powerOff: Xandy: placeholder for power OFF function
06-21 18:20:41.129 V/u-blox  (  503): CUbxGpsState::forceTurnOff: The receiver is powered off!
06-21 18:20:41.129 V/u-blox  (  503): CUbxGpsState::changeState: The receiver is now turned Off
06-21 18:20:41.130 V/u-blox  (  503): checkShutdownState: (Begin)
06-21 18:20:41.130 V/u-blox  (  503): CGpsIf::gpsStatus: GPS status change: 2 (GPS_STATUS_SESSION_END) => 4 (GPS_STATUS_ENGINE_OFF)
06-21 18:20:41.130 V/u-blox  (  503): checkShutdownState: (End)
06-22 12:10:50.023 V/PhoneWindowManager(  503): falsehungUp=false, mScreenshotChordVolumeDownKeyTriggered=false, mScreenshotChordVolumeDownKeyTriggered=false
06-22 12:10:50.023 I/PowerManagerService(  503): Waking up from sleep (uid 1000)...
06-22 12:10:50.024 D/PhoneWindowManager(  503): cancelPendingPowerKeyAction =================  =======
06-22 12:10:50.026 I/DisplayPowerController(  503): Blocking screen on until initial contents have been drawn.
06-22 12:10:50.061 W/ContextImpl(  895): Calling a method in the system process without a qualified user: android.app.ContextImpl.sendBroadcast:1344 android.content.ContextWrapper.sendBroadcast:377 yck.system.launcher.Launcher.hideNavigationBar:241 yck.system.launcher.Launcher.onResume:180 android.app.Instrumentation.callActivityOnResume:1257
06-22 12:10:50.063 V/KeyguardServiceDelegate(  503): onScreenTurnedOn(showListener = com.android.internal.policy.impl.PhoneWindowManager$2@24dbdd8d)
06-22 12:10:50.072 V/ActivityStackSupervisor(  503): Display changed displayId=0
06-22 12:10:50.075 W/AudioFlinger(  169): uid 10013 tried to pass itself off as 1000
06-22 12:10:50.093 E/WifiStateMachine(  503): ACTION_SCREEN_ON...
06-22 12:10:50.094 E/WifiStateMachine(  503): cancelDelayedScan -> 3
06-22 12:10:50.094 E/WifiStateMachine(  503): wifi network checker is off.
06-22 12:10:50.094 D/WifiStateMachine(  503): backgroundScan enabled=false startBackgroundScanIfNeeded:false
06-22 12:10:50.095 E/WifiStateMachine(  503): handleScreenStateChanged Exit: true
06-22 12:10:50.097 E/WifiStateMachine(  503): setSuspendOptimizations: 4 false
06-22 12:10:50.097 E/WifiStateMachine(  503): mSuspendOptNeedsDisabled 4
06-22 12:10:50.098 D/AudioHardwareTiny(  169): start_output_stream
06-22 12:10:50.098 D/alsa_route(  169): route_info->sound_card 0, route_info->devices 0
06-22 12:10:50.099 D/alsa_route(  169): route_set_controls() set route 0
06-22 12:10:50.133 D/yckUpdateService RKUpdateReceiver(  999): UpdateServiceAction = android.intent.action.TIME_SET
06-22 12:10:50.149 E/system.upgrade(87)( 1204): ccmanager,onReceive,action=android.intent.action.USER_PRESENT
06-22 12:10:50.156 D/FirmwareUpdatingActivity assistant(  999):  android.os.Parcel@13b2e812
06-22 12:10:50.156 D/assistant AssistantServer.cpp(  170): recv time 2017 6 22 12 10 50
06-22 12:10:50.156 D/assistant CmdCenter.cpp(  170): ycksync_time sync_set_rtc 2017 6 22 , 12:10:50
06-22 12:10:50.158 D/PowerManagerService-JNI(  503): Excessive delay in setInteractive(true) while turning screen on: 57ms
06-22 12:10:50.159 W/ContextImpl(  503): Calling a method in the system process without a qualified user: android.app.ContextImpl.sendBroadcast:1358 com.android.server.power.PowerManagerService.setLocationMode:2175 com.android.server.power.PowerManagerService.access$2500:96 com.android.server.power.PowerManagerService$4.onDisplayStateChange:2308 com.android.server.display.DisplayManagerService$LocalService$1.requestDisplayState:1461
06-22 12:10:50.182 I/DisplayManagerService(  503): Display device changed: DisplayDeviceInfo{"Built-in Screen": uniqueId="local:0", 2048 x 1536, 30.0185 fps, supportedRefreshRates [30.0185], density 320, 160.05908 x 159.89508 dpi, appVsyncOff 0, presDeadline 34312791, touch INTERNAL, rotation 0, type BUILT_IN, state ON, FLAG_DEFAULT_DISPLAY, FLAG_ROTATES_WITH_CONTENT, FLAG_SECURE, FLAG_SUPPORTS_PROTECTED_BUFFERS}
06-22 12:10:50.182 D/SurfaceFlinger(  161): Set power mode=2, type=0 flinger=0xb7cf6550
06-22 12:10:50.182 I/hwcomposer(  161): hwc_blank dpy[0],blank[0]
06-22 12:10:50.182 D/ViewRootImpl(  712): 2048<<<<<< BACK FROM relayoutnull
06-22 12:10:50.183 V/ActivityStackSupervisor(  503): Display changed displayId=0
06-22 12:10:50.213 V/KeyguardServiceDelegate(  503): **** SHOWN CALLED ****
06-22 12:10:50.213 I/DisplayPowerController(  503): Unblocked screen on after 187 ms
06-22 12:10:50.219 E/libEGL  (  503): call to OpenGL ES API with no current context (logged once per thread)
06-22 12:10:50.282 I/UsageStatsService(  503): User[0] Rolling over usage stats
06-22 12:10:50.282 I/UsageStatsService(  503): User[0] Flushing usage stats to disk
06-22 12:10:50.321 I/UsageStatsService(  503): User[0] Rollover scheduled @ 2017-06-23 08:00:00(1498176000000)
06-22 12:10:50.321 I/UsageStatsService(  503): User[0] Rolling over usage stats complete. Took 38 milliseconds
06-22 12:10:50.322 E/u-blox  (  503): CGpsIf::init: already initialized
06-22 12:10:50.322 E/u-blox  (  503): CXtraIf::init: already initialized
06-22 12:10:50.322 V/u-blox  (  503): CXtraIf::init:
06-22 12:10:50.322 E/u-blox  (  503): CAgpsIf::init: already initialized
06-22 12:10:50.322 V/u-blox  (  503): CAgpsIf::init:
06-22 12:10:50.322 E/u-blox  (  503): CNiIf::init: already initialized
06-22 12:10:50.322 V/u-blox  (  503): CNiIf::init:
06-22 12:10:50.322 E/u-blox  (  503): CRilIf::init: already initialized
06-22 12:10:50.322 V/u-blox  (  503): CRilIf::init:
06-22 12:10:50.322 D/u-blox  (  503): CAgpsIf::setServer: type=1(AGPS_TYPE_SUPL) host=supl.google.com port=7276
06-22 12:10:50.322 D/GpsNetInitiatedHandler(  503): location enabled :true
06-22 12:10:50.605 V/u-blox  (  503): suplCheckPendingActions: SUPL Timer expired
06-22 12:10:50.605 V/u-blox  (  503): suplSM: SM entry with Id = 1005 in state NO_NETWORK (1) with command 1
06-22 12:10:50.605 V/u-blox  (  503): suplSM: Handling NO_NETWORK
06-22 12:10:50.605 V/u-blox  (  503): suplSM: SM exit with Id = 1005 in state NO_NETWORK (1) with value -1
06-22 12:10:50.605 V/u-blox  (  503): freeSuplHandler: deallocate handler
06-22 12:10:50.605 V/u-blox  (  503): freeSuplHandler: handler deallocated
06-22 12:10:50.718 D/yckTrafficManager(  895): yckTrafficManager->handleNextDay()sysTs=2017-06-22
06-22 12:10:50.718 D/yckTrafficManager(  895): yckTrafficManager->handleNextDay()
06-22 12:10:50.731 D/yckTrafficManager(  895): yckTrafficManager->handleNextDay()getTrafficUsedToday=24088264
06-22 12:10:50.831 D/SurfaceControl(  503): Excessive delay in setPowerMode(): 649ms
06-22 12:10:51.163 D/assistant CmdCenter.cpp(  170): sync_set_rtc no ack !!!
06-22 12:10:51.163 D/assistant CmdCenter.cpp(  170): _send to serial 0,sync_set_rtcrtc
06-22 12:10:51.164 D/yckUpdateService RKUpdateReceiver(  999): RKUpdateReceiver recv ACTION_TIME_CHANGED.
06-22 12:10:51.164 D/yckService assistant(  999): MyBroadcastReceiverandroid.intent.action.SCREEN_ON
06-22 12:10:51.165 D/yckService assistant(  999): xx ACTION_SCREEN_ON
06-22 12:10:51.245 I/ActivityManagerService(  503): Start proc 29961:yck.kdapp.v4/u0a2 for broadcast yck.kdapp.v4/cn.jpush.android.service.AlarmReceiver
06-22 12:10:51.250 E/system.upgrade(87)( 1204): ccmanager,onReceive,action=android.intent.action.SCREEN_ON
06-22 12:10:51.254 D/u-blox  (  503): CGpsIf::setPositionMode: (3077035136): mode=1(GPS_POSITION_MODE_MS_BASED) recurrence=0(GPS_POSITION_RECURRENCE_PERIODIC) min_interval=300000 preferred_accuracy=0 preferred_time=0
06-22 12:10:51.254 W/u-blox  (  503): gps_state_set_interval: Interval (300000) too big - Driver will intervene
06-22 12:10:51.254 V/u-blox  (  503): CUbxGpsState::putRate: Put Rate rate=1000
06-22 12:10:51.255 V/u-blox  (  503): CGpsIf::start: (3077035136):
06-22 12:10:51.255 V/u-blox  (  503): handleCmdInput: (3079106440): Cmd received (1)
06-22 12:10:51.255 V/u-blox  (  503): engineStart: (Begin) Client count 0
06-22 12:10:51.255 V/u-blox  (  503): CUbxGpsState::changeState: A receiver state change has been detected. Turn receiver on!
06-22 12:10:51.255 V/u-blox  (  503): CUbxGpsState::loadAiding: Loading last aiding data from /data/persistence.agnss
06-22 12:10:51.255 V/u-blox  (  503): CUbxGpsState::loadDatabase: Interpret file structure for encoded data!
06-22 12:10:51.255 V/u-blox  (  503): CUbxGpsState::loadDatabase: Decoded Measurement rate!
06-22 12:10:51.255 V/u-blox  (  503): CUbxGpsState::loadDatabase: No position information found in the file!
06-22 12:10:51.255 V/u-blox  (  503): CUbxGpsState::loadDatabase: Decoded and stored LEG Receiver Aiding State information!
06-22 12:10:51.255 V/u-blox  (  503): CUbxGpsState::loadAiding: Aiding data loaded successfully
06-22 12:10:51.255 V/u-blox  (  503): CUbxGpsState::powerOn: Xandy: placeholder for power ON function
06-22 12:10:51.464 V/u-blox  (  503): CUbxGpsState::writeUbxCfgPort: Send CFG-Port baudrate=115200
06-22 12:10:51.488 W/ResourcesManager(29961): Asset path '/system/framework/com.android.future.usb.accessory.jar' does not exist or contains no resources.
06-22 12:10:51.534 I/MultiDex(29961): VM with version 2.1.0 has multidex support
06-22 12:10:51.535 I/MultiDex(29961): install
06-22 12:10:51.535 I/MultiDex(29961): VM has multidex support, MultiDex support library is disabled.
06-22 12:10:51.537 W/Tinker.TinkerLoader(29961): tryLoadPatchFiles:patch dir not exist:/data/data/yck.kdapp.v4/tinker
06-22 12:10:51.542 D/Tinker.DefaultAppLike(29961): onBaseContextAttached:
06-22 12:10:51.542 E/yckApplicationLike(29961): onBaseContextAttached
06-22 12:10:51.549 I/Tinker.TinkerPatchListener(29961): application maxMemory:192
06-22 12:10:51.551 W/Tinker.Tinker(29961): tinker patch directory: /data/data/yck.kdapp.v4/tinker
06-22 12:10:51.552 I/Tinker.Tinker(29961): try to install tinker, isEnable: true, version: 1.7.11
06-22 12:10:51.552 I/Tinker.TinkerLoadResult(29961): parseTinkerResult loadCode:-2, process name:yck.kdapp.v4, main process:true, systemOTA:false, oatDir:null, useInterpretMode:false
06-22 12:10:51.552 W/Tinker.TinkerLoadResult(29961): can't find patch file, is ok, just return
06-22 12:10:51.552 I/Tinker.DefaultLoadReporter(29961): patch loadReporter onLoadResult: patch load result, path:/data/data/yck.kdapp.v4/tinker, code: -2, cost: 2ms
06-22 12:10:51.553 W/Tinker.Tinker(29961): tinker load fail!
06-22 12:10:51.558 D/Tinker.DefaultAppLike(29961): onCreate
06-22 12:10:51.558 E/yckApplicationLike(29961): onCreate
06-22 12:10:51.669 V/u-blox  (  503): CUbxGpsState::writeUbxCfgRate: Send CFG-RATE rate=1000
06-22 12:10:51.723 V/u-blox  (  503): CUbxGpsState::writeUbxCfgMsg: Sent CFG-MSG id=01-03 (enable UBX-NAV-STATUS)
06-22 12:10:51.723 V/u-blox  (  503): CUbxGpsState::writeUbxCfgMsg: Sent CFG-MSG id=01-30 (enable UNKNOWN MESSAGE)
06-22 12:10:51.723 V/u-blox  (  503): CUbxGpsState::writeUbxCfgMsg: Sent CFG-MSG id=F0-00 (enable NMEA-GGA)
06-22 12:10:51.723 V/u-blox  (  503): CUbxGpsState::writeUbxCfgMsg: Sent CFG-MSG id=F0-01 (enable NMEA-GLL)
06-22 12:10:51.723 V/u-blox  (  503): CUbxGpsState::writeUbxCfgMsg: Sent CFG-MSG id=F0-02 (enable NMEA-GSA)
06-22 12:10:51.777 V/u-blox  (  503): CUbxGpsState::writeUbxCfgMsg: Sent CFG-MSG id=F0-03 (enable NMEA-GSV)
06-22 12:10:51.778 V/u-blox  (  503): CUbxGpsState::writeUbxCfgMsg: Sent CFG-MSG id=F0-04 (enable NMEA-RMC)
06-22 12:10:51.778 V/u-blox  (  503): CUbxGpsState::writeUbxCfgMsg: Sent CFG-MSG id=F0-05 (enable NMEA-VTG)
06-22 12:10:51.778 V/u-blox  (  503): CUbxGpsState::writeUbxCfgMsg: Sent CFG-MSG id=F0-06 (enable NMEA-GRS)
06-22 12:10:51.832 V/u-blox  (  503): CUbxGpsState::writeUbxCfgMsg: Sent CFG-MSG id=F0-07 (enable NMEA-GST)
06-22 12:10:51.832 V/u-blox  (  503): CUbxGpsState::writeUbxCfgMsg: Sent CFG-MSG id=F0-08 (enable NMEA-ZDA)
06-22 12:10:51.832 V/u-blox  (  503): CUbxGpsState::writeUbxCfgMsg: Sent CFG-MSG id=F0-09 (enable NMEA-GBS)
06-22 12:10:51.832 V/u-blox  (  503): CUbxGpsState::writeUbxCfgMsg: Sent CFG-MSG id=F0-0D (enable NMEA-GNS)
06-22 12:10:51.835 I/yckApplicationLike(29961): EventBus index success!!!
06-22 12:10:51.886 V/u-blox  (  503): CUbxGpsState::writeUbxCfgMsg: Sent CFG-MSG id=02-12 (enable UBX-RXM-MEAS)
06-22 12:10:51.886 V/u-blox  (  503): CGpsIf::requestUtcTime:
06-22 12:10:51.886 V/u-blox  (  503): engineStart : SUPL Start Set Initiated Action? Yes
06-22 12:10:51.886 V/u-blox  (  503): engineStart: Start Set Initiated Action for the GPS_POSITION_MODE_MS_BASED SUPL mode!
06-22 12:10:51.886 V/u-blox  (  503): CRilIf::requestRefLoc: flags=3(AGPS_RIL_REQUEST_REFLOC_CELLID+AGPS_RIL_REQUEST_REFLOC_MAC)
06-22 12:10:51.894 I/CrashReport(29961): native library loaded
06-22 12:10:51.894 I/CrashReport(29961): getted jc_Thread
06-22 12:10:51.894 I/CrashReport(29961): getted jc_StackTraceElement
06-22 12:10:51.894 I/CrashReport(29961): getted jm_currentThread
06-22 12:10:51.894 I/CrashReport(29961): getted jm_getStackTrace
06-22 12:10:51.894 I/CrashReport(29961): backup java method success
06-22 12:10:51.894 I/CrashReport(29961): back up java classes success
06-22 12:10:51.900 I/CrashReport(29961): base = 0xbe7ed000
06-22 12:10:51.900 I/CrashReport(29961): stacksize = 8M
06-22 12:10:51.900 I/CrashReport(29961): guardsize = 0
06-22 12:10:51.901 I/CrashReport(29961): getted buglyline com/tencent/bugly/crashreport/
06-22 12:10:51.901 I/CrashReport(29961): it is default prefix
06-22 12:10:51.901 I/CrashReport(29961): get prefix success com/tencent/bugly/
06-22 12:10:51.901 I/CrashReport(29961): getted jc_NativeCrashHandler
06-22 12:10:51.901 I/CrashReport(29961): getted jc_NativeExceptionHandler
06-22 12:10:51.901 I/CrashReport(29961): getted jm_getInstance
06-22 12:10:51.901 I/CrashReport(29961): getted jm_getMHadle
06-22 12:10:51.901 I/CrashReport(29961): getted jm_handleNativeException2
06-22 12:10:51.901 I/CrashReport(29961): getted jm_handleNativeException
06-22 12:10:51.901 I/CrashReport(29961): register native log methods success
06-22 12:10:51.901 I/CrashReport(29961): register native key-value methods success
06-22 12:10:51.901 I/CrashReport(29961): register native methods success
06-22 12:10:51.901 I/CrashReport(29961): setLogMode 6 current 4
06-22 12:10:51.956 I/DpadProductManager(29961): initBuildConfig cnt = 0
06-22 12:10:51.957 I/DpadProductManager(29961): init(), productType = CrystalSkyB
06-22 12:10:51.959 D/FPVController(29961): try to load libstlport_shared.so
06-22 12:10:51.960 W/linker  (29961): libstlport_shared.so: unused DT entry: type 0x6ffffffe arg 0x1d718
06-22 12:10:51.960 W/linker  (29961): libstlport_shared.so: unused DT entry: type 0x6fffffff arg 0x3
06-22 12:10:51.962 D/FPVController(29961): try to load libyckvideo.so
06-22 12:10:51.966 W/linker  (29961): libyckvideo.so: unused DT entry: type 0x6ffffffe arg 0x1fbc0
06-22 12:10:51.966 W/linker  (29961): libyckvideo.so: unused DT entry: type 0x6fffffff arg 0x3
06-22 12:10:51.968 D/Lightbridge(29961): JNI_OnLoad---------------->
06-22 12:10:51.969 D/Lightbridge(29961): jniRegisterNativeMethods: jniRegisterNativeMethods
06-22 12:10:51.969 D/Lightbridge(29961): jniRegisterNativeMethods: jniRegisterNativeMethods
06-22 12:10:51.970 D/Lightbridge(29961): jniRegisterNativeMethods: jniRegisterNativeMethods
06-22 12:10:51.971 D/Lightbridge(29961): jniRegisterNativeMethods: jniRegisterNativeMethods
06-22 12:10:51.971 D/Lightbridge(29961): jniRegisterNativeMethods: jniRegisterSdrLogRecvNativeMethods
06-22 12:10:51.972 D/Lightbridge(29961): load interface in register_yckCamController()
06-22 12:10:51.973 D/Lightbridge(29961): loaded yckVideoJNI.cpp :JNI_OnLoad() go to end
06-22 12:10:51.983 D/WifiService(  503): New client listening to asynchronous messages
06-22 12:10:51.992 D/Lightbridge(29961): init lib start 29961
06-22 12:10:51.992 D/H264ESParser(29961): CDecoder::CDecoder()
06-22 12:10:52.000 D/AACParser(29961): CDecoder::CDecoder()
06-22 12:10:52.006 D/H264ESParser(29961): CDecoder::CDecoder()
06-22 12:10:52.010 D/AACParser(29961): CDecoder::CDecoder()
06-22 12:10:52.013 D/Lightbridge(29961): init lib end
06-22 12:10:52.017 E/BluetoothAdapter(29961): Bluetooth binder is null
06-22 12:10:52.017 E/BLE     (29961): BLE ERROR::mothod : setContext -> mBluetoothAdapter == null
06-22 12:10:52.039 D/Lightbridge(29961): setDecoderType 0
06-22 12:10:52.041 D/UsbAccessoryService(29961): accessory startStream
06-22 12:10:52.047 D/NativeRcController(29961): x try to load libusbdec.so
06-22 12:10:52.048 E/yckProductManager(29961): lType=Orange2 lrcType=Orange2
06-22 12:10:52.048 W/linker  (29961): libGroudStation.so: unused DT entry: type 0x6ffffffe arg 0x1bd0
06-22 12:10:52.048 D/yckProductManager(29961): yckProductManager register
06-22 12:10:52.048 W/linker  (29961): libGroudStation.so: unused DT entry: type 0x6fffffff arg 0x1
06-22 12:10:52.048 I/onLoad  (29961): loaded onLoad.cpp :JNI_OnLoad() go to end
06-22 12:10:52.049 D/GroudStation(29961): load lib suc
06-22 12:10:52.049 E/yckUsbAccessoryReceiver(29961): start accessory receiver
06-22 12:10:52.054 D/remotectrl.c(29961): load interface in register_yckCamController()
06-22 12:10:52.054 D/remotectrl.c(29961): jniRegisterCBMethods: jniRegisterCBMethods
06-22 12:10:52.054 D/remotectrl.c(29961): JNI_OnLoad() go to endXX
06-22 12:10:52.055 D/FPVController(29961): try to load udt.so
06-22 12:10:52.056 W/linker  (29961): libudt.so: unused DT entry: type 0x6ffffffe arg 0x102f8
06-22 12:10:52.056 W/linker  (29961): libudt.so: unused DT entry: type 0x6fffffff arg 0x2
06-22 12:10:52.056 D/BulkAccessoryService(29961): accessory startStream
06-22 12:10:52.057 E/wm220   (29961): isUSBAoaConnected: false
06-22 12:10:52.057 W/linker  (29961): libudtjni.so: unused DT entry: type 0x6ffffffe arg 0x167c
06-22 12:10:52.057 W/linker  (29961): libudtjni.so: unused DT entry: type 0x6fffffff arg 0x1
06-22 12:10:52.057 D/logWrite.cpp(29961): UDT JNI_OnLoad---------------->
06-22 12:10:52.057 D/logWrite.cpp(29961): UDP jniRegisterNativeMethods: jniRegisterNativeMethods
06-22 12:10:52.057 D/logWrite.cpp(29961): loaded UDT :JNI_OnLoad() go to end
06-22 12:10:52.058 W/libc    (29961): pthread_create sched_setscheduler call failed: Operation not permitted
06-22 12:10:52.058 W/libc    (29961): pthread_create sched_setscheduler call failed: Operation not permitted
06-22 12:10:52.058 E/SwUdpService(29961): SwUdpConnect ...
06-22 12:10:52.061 E/step    (29961): step UDT.startup() start 1498104652061
06-22 12:10:52.061 E/step    (29961): step UDT.startup() end 1498104652061
06-22 12:10:52.065 I/System.out(29961): xxxxxxxxxxxxxx UsbHostServiceRC construct
06-22 12:10:52.065 D/        (29961): xx usb host startStream
06-22 12:10:52.072 D/Lightbridge(29961): setIsNewRate 0
06-22 12:10:52.073 E/a       (29961): request wifi-g snr push-false;false;Orange2;
06-22 12:10:52.073 E/a       (29961): request wifi snr push-false;false;Orange2;
06-22 12:10:52.073 D/Previewer.cpp(29961): Previewer::startParseThread 0
06-22 12:10:52.073 D/Previewer.cpp(29961): Previewer::startParseThread 1 pthread_create
06-22 12:10:52.073 D/Previewer.cpp(29961): Previewer::startParseThread 0
06-22 12:10:52.073 D/Previewer.cpp(29961): Previewer::startParseThread 1 pthread_create
06-22 12:10:52.074 E/yckComponentManager(29961): DataEvent = ConnectLose
06-22 12:10:52.074 I/a       (29961): mKumquat1860Getter inited
06-22 12:10:52.075 E/yckComponentManager(29961): Thu Jun 22 12:10:52 GMT+08:00 2017updateValue
06-22 12:10:52.086 I/yckSDKCache(29961): init
06-22 12:10:52.087 E/yckSDKCacheHWAbstractionLayer(29961): init
06-22 12:10:52.090 I/yckSDKCacheHWAbstraction(29961): init, abstraction : a, component : Product, index : 0
06-22 12:10:52.102 E/yckSDKCacheProductAbstraction(29961): model : null
06-22 12:10:52.103 I/yckSDKCacheHWAbstractionLayer(29961): addCameraAbstraction None None
06-22 12:10:52.104 E/yckSDKCacheHWAbstractionLayer(29961): battery add abstration. platformType = None
06-22 12:10:52.105 I/yckSDKCacheHWAbstraction(29961): init, abstraction : b, component : RemoteController, index : 0
06-22 12:10:52.114 D/yckFlycParamInfoManager(29961): readToMemory size = 673
06-22 12:10:52.147 E/WudiRC  (29961): set on value from setter
06-22 12:10:52.167 D/SensorManager(29961): aidl getSensorManager:null
06-22 12:10:52.287 I/ActivityManagerService(  503): Start proc 30048:yck.Here.Map.Service.v2/u0a2 for service yck.kdapp.v4/com.here.android.mpa.service.MapService
06-22 12:10:52.371 E/getNetWorkStatus(29961): networkInfo null
06-22 12:10:52.391 I/AwesomePlayer(  169): AwesomePlayer::AwesomePlayer()in
06-22 12:10:52.392 I/AwesomePlayer(  169): AwesomePlayer::AwesomePlayer()aftermClient.connect()
06-22 12:10:52.398 I/OMXCodec(  169): --->InstantiateSoftwareCodec create OMX.google.mp3.decoder codec
06-22 12:10:52.399 I/OMXCodec(  169): Successfully allocated OMX node 'OMX.google.mp3.decoder'
06-22 12:10:52.407 I/FrameQueueManage(  169): FrameQueueManage::~FrameQueueManage end!
06-22 12:10:52.408 I/AwesomePlayer(  169): AwesomePlayer::AwesomePlayer()in
06-22 12:10:52.408 I/AwesomePlayer(  169): AwesomePlayer::AwesomePlayer()aftermClient.connect()
06-22 12:10:52.412 I/OMXCodec(  169): --->InstantiateSoftwareCodec create OMX.google.mp3.decoder codec
