06-21 17:02:34.937 V/InputMethodManagerService(  503): Unspecified window will hide input
06-21 17:02:37.031 W/BatteryStatsImpl(  503): Unknown user activity type 3 was specified.
06-21 17:02:37.031 W/BatteryStatsImpl(  503): java.lang.Throwable
06-21 17:02:37.031 W/BatteryStatsImpl(  503): 	at com.android.internal.os.BatteryStatsImpl$Uid.noteUserActivityLocked(BatteryStatsImpl.java:4617)
06-21 17:02:37.031 W/BatteryStatsImpl(  503): 	at com.android.internal.os.BatteryStatsImpl.noteUserActivityLocked(BatteryStatsImpl.java:3115)
06-21 17:02:37.031 W/BatteryStatsImpl(  503): 	at com.android.server.am.BatteryStatsService.noteUserActivity(BatteryStatsService.java:358)
06-21 17:02:37.031 W/BatteryStatsImpl(  503): 	at com.android.server.power.Notifier.onUserActivity(Notifier.java:360)
06-21 17:02:37.031 W/BatteryStatsImpl(  503): 	at com.android.server.power.PowerManagerService.userActivityNoUpdateLocked(PowerManagerService.java:1192)
06-21 17:02:37.031 W/BatteryStatsImpl(  503): 	at com.android.server.power.PowerManagerService.userActivityInternal(PowerManagerService.java:1167)
06-21 17:02:37.031 W/BatteryStatsImpl(  503): 	at com.android.server.power.PowerManagerService.userActivityFromNative(PowerManagerService.java:1162)
06-21 17:02:37.032 D/DisplayPowerController(  503): button lights toggle
06-21 17:02:37.032 D/DisplayPowerController(  503): send timeout msg after 1500
06-21 17:02:37.032 D/DisplayPowerController(  503): send timeout msg after 1500
06-21 17:02:37.796 W/BatteryStatsImpl(  503): Unknown user activity type 3 was specified.
06-21 17:02:37.796 W/BatteryStatsImpl(  503): java.lang.Throwable
06-21 17:02:37.796 W/BatteryStatsImpl(  503): 	at com.android.internal.os.BatteryStatsImpl$Uid.noteUserActivityLocked(BatteryStatsImpl.java:4617)
06-21 17:02:37.796 W/BatteryStatsImpl(  503): 	at com.android.internal.os.BatteryStatsImpl.noteUserActivityLocked(BatteryStatsImpl.java:3115)
06-21 17:02:37.796 W/BatteryStatsImpl(  503): 	at com.android.server.am.BatteryStatsService.noteUserActivity(BatteryStatsService.java:358)
06-21 17:02:37.796 W/BatteryStatsImpl(  503): 	at com.android.server.power.Notifier.onUserActivity(Notifier.java:360)
06-21 17:02:37.796 W/BatteryStatsImpl(  503): 	at com.android.server.power.PowerManagerService.userActivityNoUpdateLocked(PowerManagerService.java:1192)
06-21 17:02:37.796 W/BatteryStatsImpl(  503): 	at com.android.server.power.PowerManagerService.userActivityInternal(PowerManagerService.java:1167)
06-21 17:02:37.796 W/BatteryStatsImpl(  503): 	at com.android.server.power.PowerManagerService.userActivityFromNative(PowerManagerService.java:1162)
06-21 17:02:37.796 D/DisplayPowerController(  503): button lights toggle
06-21 17:02:37.796 D/DisplayPowerController(  503): send timeout msg after 1500
06-21 17:02:37.797 D/DisplayPowerController(  503): send timeout msg after 1500
06-21 17:02:37.946 D/DisplayPowerController(  503): send timeout msg after 1500
06-21 17:02:38.036 W/ActivityManagerService(  503): Invalid packageName: yck.kdapp.v4:pushcore
06-21 17:02:38.037 W/ActivityManagerService(  503): Invalid packageName: yck.Here.Map.Service.v2
06-21 17:02:38.040 W/ActivityManagerService(  503): Invalid packageName: yck.Here.Map.Service.v2
06-21 17:02:38.069 I/ActivityManagerService(  503): Process yck.Here.Map.Service.v2 (pid 2094) has died
06-21 17:02:38.070 W/ActivityManagerService(  503): Scheduling restart of crashed service yck.kdapp.v4/com.here.android.mpa.service.MapService in 1748364ms
06-21 17:02:38.071 I/ActivityManagerService(  503): Process yck.kdapp.v4:pushcore (pid 1946) has died
06-21 17:02:38.086 W/ActivityManagerService(  503): Scheduling restart of crashed service yck.kdapp.v4/cn.jpush.android.service.PushService in 1000ms
06-21 17:02:38.213 D/WifiService(  503): Client connection lost with reason: 4
06-21 17:02:38.213 I/WindowState(  503): WIN DEATH: Window{3c631a8f u0 Toast}
06-21 17:02:38.213 D/InputMethodManagerService(  503): --- calledFromForegroundUserOrSystemProcess ? calling uid = 1000 system uid = 1000 calling userId = 0, foreground user id = 0, calling pid = 503android.os.BinderProxy.sendDeathNotice(Binder.java:551)
06-21 17:02:38.216 I/WindowState(  503): WIN DEATH: Window{139440c1 u0 yck.kdapp.v4/yck.pilot.home.cs.activity.yckCsMainActivity}
06-21 17:02:38.374 D/DisplayPowerController(  503): send timeout msg after 1500
06-21 17:02:38.374 D/DisplayPowerController(  503): send timeout msg after 1500
06-21 17:02:38.420 I/ActivityManagerService(  503): Process yck.kdapp.v4 (pid 2007) has died
06-21 17:02:38.422 W/ActivityManagerService(  503): Scheduling restart of crashed service yck.kdapp.v4/yck.dbox.upgrade.p4.statemachine.yckUpgradeService in 10665ms
06-21 17:02:38.422 W/ActivityManagerService(  503): Scheduling restart of crashed service yck.kdapp.v4/yck.pilot2.flymonitor.service.FlyMonitorService in 10665ms
06-21 17:02:38.422 W/ActivityManagerService(  503): Scheduling restart of crashed service yck.kdapp.v4/yck.pilot2.newlibrary.sync.PhotoSyncService in 10665ms
06-21 17:02:38.423 W/ActivityManagerService(  503): Force removing ActivityRecord{3f2e8c90 u0 yck.kdapp.v4/yck.pilot.home.cs.activity.yckCsMainActivity t4}: app died, no saved state
06-21 17:02:38.426 D/InputMethodManagerService(  503): --- calledFromForegroundUserOrSystemProcess ? calling uid = 1000 system uid = 1000 calling userId = 0, foreground user id = 0, calling pid = 895com.android.server.InputMethodManagerService.windowGainedFocus(InputMethodManagerService.java:2027)
06-21 17:02:38.426 V/InputMethodManagerService(  503): windowGainedFocus: android.os.BinderProxy@3c31f9b1 controlFlags=#104 softInputMode=#20 windowFlags=#d810500
06-21 17:02:38.427 V/InputMethodManagerService(  503): Unspecified window will hide input
06-21 17:02:38.427 V/InputMethodManagerService(  503): unbindCurrentInputLocked: client = android.os.BinderProxy@abeec56
06-21 17:02:38.427 W/InputMethodManagerService(  503): Got RemoteException sending setActive(false) notification to pid 2007 uid 10002
06-21 17:02:38.428 V/InputMethodManagerService(  503): Hide switching menu
06-21 17:02:38.428 V/InputMethodManagerService(  503): switching to client: client = android.os.BinderProxy@3c31f9b1 keyguard=false
06-21 17:02:38.428 V/InputMethodManagerService(  503): Enabling: SessionState{uid 1000 pid 895 method 28fa62 session 1788a7f3 channel ClientState{3c3a5fff uid 1000 pid 895} (server)}
06-21 17:02:38.432 W/ContextImpl(  895): Calling a method in the system process without a qualified user: android.app.ContextImpl.sendBroadcast:1344 android.content.ContextWrapper.sendBroadcast:377 yck.system.launcher.Launcher.hideNavigationBar:241 yck.system.launcher.Launcher.onResume:180 android.app.Instrumentation.callActivityOnResume:1257
06-21 17:02:39.144 I/ActivityManagerService(  503): Start proc 19542:yck.kdapp.v4:pushcore/u0a2 for service yck.kdapp.v4/cn.jpush.android.service.PushService
06-21 17:02:39.157 W/NotificationService(  503): Object died trying to hide notification android.app.ITransientNotification$Stub$Proxy@9af2308 in package yck.kdapp.v4
06-21 17:02:39.395 W/ResourcesManager(19542): Asset path '/system/framework/com.android.future.usb.accessory.jar' does not exist or contains no resources.
06-21 17:02:39.874 D/DisplayPowerController(  503): MSG_BUTTON_LIGHTS_TIME_OUT
06-21 17:03:49.448 I/ActivityStackSupervisor(  503): START u0 {act=android.intent.action.MAIN cat=[android.intent.category.LAUNCHER] flg=0x10200000 cmp=yck.kdapp.v4/yck.pilot.main.activity.yckLauncherActivity (has extras)} from uid 1000 on display 0
06-21 17:03:49.470 I/ActivityManagerService(  503): Start proc 19579:yck.kdapp.v4/u0a2 for activity yck.kdapp.v4/yck.pilot.main.activity.yckLauncherActivity
06-21 17:03:49.572 W/ResourcesManager(19579): Asset path '/system/framework/com.android.future.usb.accessory.jar' does not exist or contains no resources.
06-21 17:03:49.744 V/WindowManagerService(  503): Adding window Window{1e1cecd9 u0 Starting yck.kdapp.v4} at 1 of 4 (after Window{3891fa17 u0 yck.system.launcher/yck.system.launcher.Launcher EXITING})
06-21 17:03:50.188 D/WifiService(  503): New client listening to asynchronous messages
06-21 17:03:50.465 I/ActivityManagerService(  503): Start proc 19664:yck.Here.Map.Service.v2/u0a2 for service yck.kdapp.v4/com.here.android.mpa.service.MapService
06-21 17:03:50.536 W/ResourcesManager(19664): Asset path '/system/framework/com.android.future.usb.accessory.jar' does not exist or contains no resources.
06-21 17:03:51.607 I/ActivityStackSupervisor(  503): START u0 {flg=0x10200000 cmp=yck.kdapp.v4/yck.pilot.home.cs.activity.yckCsMainActivity} from uid 10002 on display 0
06-21 17:03:51.610 V/WindowManagerService(  503): Based on layer: Adding window Window{1e1cecd9 u0 Starting yck.kdapp.v4} at 1 of 4
06-21 17:03:51.898 D/InputMethodManagerService(  503): --- calledFromForegroundUserOrSystemProcess ? calling uid = 1000 system uid = 1000 calling userId = 0, foreground user id = 0, calling pid = 503com.android.server.wm.WindowManagerService.openSession(WindowManagerService.java:10664)
06-21 17:03:51.906 V/WindowManagerService(  503): Adding window Window{b49a2b0 u0 yck.kdapp.v4/yck.pilot.main.activity.yckLauncherActivity} at 1 of 5 (before Window{1e1cecd9 u0 Starting yck.kdapp.v4})
06-21 17:03:52.498 V/WindowManagerService(  503): Adding window Window{2f2317e0 u0 yck.kdapp.v4/yck.pilot.home.cs.activity.yckCsMainActivity} at 2 of 6 (before Window{1e1cecd9 u0 Starting yck.kdapp.v4})
06-21 17:03:53.279 D/InputMethodManagerService(  503): --- calledFromForegroundUserOrSystemProcess ? calling uid = 10002 system uid = 1000 calling userId = 0, foreground user id = 0, calling pid = 19579com.android.server.InputMethodManagerService.windowGainedFocus(InputMethodManagerService.java:2027)
06-21 17:03:53.279 V/InputMethodManagerService(  503): windowGainedFocus: android.os.BinderProxy@1b8cf062 controlFlags=#104 softInputMode=#120 windowFlags=#d810500
06-21 17:03:53.279 V/InputMethodManagerService(  503): Unspecified window will hide input
06-21 17:03:53.279 V/InputMethodManagerService(  503): unbindCurrentInputLocked: client = android.os.BinderProxy@3c31f9b1
06-21 17:03:53.279 V/InputMethodManagerService(  503): Hide switching menu
06-21 17:03:53.279 V/InputMethodManagerService(  503): switching to client: client = android.os.BinderProxy@1b8cf062 keyguard=false
06-21 17:03:53.279 V/InputMethodManagerService(  503): Creating new session for client ClientState{1076b0d4 uid 10002 pid 19579}
06-21 17:03:53.280 V/InputMethodManagerService(  503): Disabling: SessionState{uid 1000 pid 895 method 28fa62 session 1788a7f3 channel ClientState{3c3a5fff uid 1000 pid 895} (server)}
06-21 17:03:53.281 V/InputMethodManagerService(  503): Enabling: SessionState{uid 10002 pid 19579 method 28fa62 session 462127d channel ClientState{1076b0d4 uid 10002 pid 19579} (server)}
06-21 17:03:53.491 D/TaskPersister(  503): removeObsoleteFile: deleting file=4_task.xml
06-21 17:03:53.491 D/TaskPersister(  503): removeObsoleteFile: deleting file=4_task_thumbnail.png
06-21 17:03:55.013 I/ActivityStackSupervisor(  503): START u0 {cmp=yck.kdapp.v4/yck.pilot.main.activity.yckHubActivity (has extras)} from uid 10002 on display 0
06-21 17:03:55.033 I/ActivityStackSupervisor(  503): START u0 {cmp=yck.kdapp.v4/yck.pilot.fpv.activity.yckPreviewActivityOrange2 (has extras)} from uid 10002 on display 0
06-21 17:03:55.043 V/WindowManagerService(  503): Adding window Window{130194ed u0 yck.kdapp.v4/yck.pilot.main.activity.yckHubActivity} at 2 of 5 (after Window{2f2317e0 u0 yck.kdapp.v4/yck.pilot.home.cs.activity.yckCsMainActivity})
06-21 17:03:56.186 V/WindowManagerService(  503): Adding window Window{14a574a5 u0 yck.kdapp.v4/yck.pilot.fpv.activity.yckPreviewActivityOrange2} at 3 of 6 (after Window{130194ed u0 yck.kdapp.v4/yck.pilot.main.activity.yckHubActivity})
06-21 17:03:56.482 V/WindowManagerService(  503): Adding window Window{3b4679a3 u0 yck.kdapp.v4/yck.pilot.fpv.activity.yckPreviewActivityOrange2} at 3 of 7 (before Window{14a574a5 u0 yck.kdapp.v4/yck.pilot.fpv.activity.yckPreviewActivityOrange2})
06-21 17:03:56.658 V/WindowManagerService(  503): Adding window Window{8160859 u0 SurfaceView} at 3 of 8 (before Window{3b4679a3 u0 yck.kdapp.v4/yck.pilot.fpv.activity.yckPreviewActivityOrange2})
06-21 17:03:56.728 V/WindowManagerService(  503): Adding window Window{203d0cff u0 SurfaceView} at 4 of 9 (before Window{3b4679a3 u0 yck.kdapp.v4/yck.pilot.fpv.activity.yckPreviewActivityOrange2})
06-21 17:03:56.953 D/InputMethodManagerService(  503): --- calledFromForegroundUserOrSystemProcess ? calling uid = 10002 system uid = 1000 calling userId = 0, foreground user id = 0, calling pid = 19579com.android.server.InputMethodManagerService.windowGainedFocus(InputMethodManagerService.java:2027)
06-21 17:03:56.953 V/InputMethodManagerService(  503): windowGainedFocus: android.os.BinderProxy@1b8cf062 controlFlags=#104 softInputMode=#120 windowFlags=#d810580
06-21 17:03:56.953 V/InputMethodManagerService(  503): Unspecified window will hide input
06-21 17:03:57.067 D/InputMethodManagerService(  503): --- calledFromForegroundUserOrSystemProcess ? calling uid = 10002 system uid = 1000 calling userId = 0, foreground user id = 0, calling pid = 19579com.android.server.InputMethodManagerService.windowGainedFocus(InputMethodManagerService.java:2027)
06-21 17:03:57.067 V/InputMethodManagerService(  503): windowGainedFocus: android.os.BinderProxy@1b8cf062 controlFlags=#105 softInputMode=#20 windowFlags=#800400
06-21 17:03:57.069 V/InputMethodManagerService(  503): Unspecified window will hide input
06-21 17:03:57.968 W/ActivityManagerService(  503): Unable to start service Intent { cmp=com.autonavi.minimap/com.amap.api.service.AMapService (has extras) } U=0: not found
06-21 17:03:57.969 W/ActivityManagerService(  503): Unable to start service Intent { cmp=com.autonavi.minimap/.LBSConnectionService (has extras) } U=0: not found
06-21 17:04:08.651 D/InputMethodManagerService(  503): --- calledFromForegroundUserOrSystemProcess ? calling uid = 10002 system uid = 1000 calling userId = 0, foreground user id = 0, calling pid = 19579com.android.server.InputMethodManagerService.windowGainedFocus(InputMethodManagerService.java:2027)
06-21 17:04:08.651 V/InputMethodManagerService(  503): windowGainedFocus: android.os.BinderProxy@1b8cf062 controlFlags=#100 softInputMode=#20 windowFlags=#d810580
06-21 17:04:08.651 V/InputMethodManagerService(  503): Unspecified window will hide input
06-21 17:05:14.348 I/UsageStatsService(  503): User[0] Flushing usage stats to disk
06-21 17:05:56.271 V/WindowManagerService(  503): not Base app: Adding window Window{83d4764 u0 yck.kdapp.v4/yck.pilot.fpv.activity.yckPreviewActivityOrange2} at 6 of 9
06-21 17:05:56.658 D/InputMethodManagerService(  503): --- calledFromForegroundUserOrSystemProcess ? calling uid = 10002 system uid = 1000 calling userId = 0, foreground user id = 0, calling pid = 19579com.android.server.InputMethodManagerService.windowGainedFocus(InputMethodManagerService.java:2027)
06-21 17:05:56.658 V/InputMethodManagerService(  503): windowGainedFocus: android.os.BinderProxy@1b8cf062 controlFlags=#104 softInputMode=#22 windowFlags=#800402
06-21 17:07:55.260 D/InputMethodManagerService(  503): --- calledFromForegroundUserOrSystemProcess ? calling uid = 10002 system uid = 1000 calling userId = 0, foreground user id = 0, calling pid = 19579com.android.server.InputMethodManagerService.windowGainedFocus(InputMethodManagerService.java:2027)
06-21 17:07:55.260 V/InputMethodManagerService(  503): windowGainedFocus: android.os.BinderProxy@1b8cf062 controlFlags=#100 softInputMode=#20 windowFlags=#d810580
06-21 17:07:55.260 V/InputMethodManagerService(  503): Unspecified window will hide input
06-21 17:08:11.743 W/ContextImpl(  503): Calling a method in the system process without a qualified user: android.app.ContextImpl.startActivity:1241 com.android.internal.policy.impl.PhoneWindowManager.barHideOrOn:2673 com.android.internal.policy.impl.PhoneWindowManager.interceptKeyBeforeDispatching:3025 com.android.server.wm.InputMonitor.interceptKeyBeforeDispatching:476 com.android.server.input.InputManagerService.interceptKeyBeforeDispatching:1500
06-21 17:08:11.744 W/ContextImpl(  503): Calling a method in the system process without a qualified user: android.app.ContextImpl.startActivity:1253 android.app.ContextImpl.startActivity:1242 com.android.internal.policy.impl.PhoneWindowManager.barHideOrOn:2673 com.android.internal.policy.impl.PhoneWindowManager.interceptKeyBeforeDispatching:3025 com.android.server.wm.InputMonitor.interceptKeyBeforeDispatching:476
06-21 17:08:11.744 I/ActivityStackSupervisor(  503): START u0 {flg=0x10000000 cmp=yck.system.launcher/.activity.QSActivity} from uid 1000 on display 0
06-21 17:08:11.878 W/ContextImpl(  895): Calling a method in the system process without a qualified user: android.app.ContextImpl.sendBroadcast:1344 android.content.ContextWrapper.sendBroadcast:377 yck.system.launcher.activity.QSActivity.hideNavigationBar:61 yck.system.launcher.activity.QSActivity.onCreate:31 android.app.Activity.performCreate:6222
06-21 17:08:12.437 V/WindowManagerService(  503): Adding window Window{1a457df5 u0 yck.system.launcher/yck.system.launcher.activity.QSActivity} at 6 of 9 (after Window{3b4679a3 u0 yck.kdapp.v4/yck.pilot.fpv.activity.yckPreviewActivityOrange2})
06-21 17:08:12.624 W/ViewRootImpl(  895): Dropping event due to no window focus: KeyEvent { action=ACTION_DOWN, keyCode=KEYCODE_3D_MODE, scanCode=202, metaState=0, flags=0x8, repeatCount=0, eventTime=1395550, downTime=1395550, deviceId=0, source=0x101 }
06-21 17:08:12.737 W/ViewRootImpl(  895): Cancelling event due to no window focus: KeyEvent { action=ACTION_UP, keyCode=KEYCODE_3D_MODE, scanCode=202, metaState=0, flags=0x28, repeatCount=0, eventTime=1395820, downTime=1395550, deviceId=0, source=0x101 }
06-21 17:08:12.737 W/ViewRootImpl(  895): Cancelling event due to no window focus: KeyEvent { action=ACTION_UP, keyCode=KEYCODE_3D_MODE, scanCode=202, metaState=0, flags=0x28, repeatCount=0, eventTime=1395820, downTime=1395550, deviceId=0, source=0x101 }
06-21 17:08:12.737 W/ViewRootImpl(  895): Cancelling event due to no window focus: KeyEvent { action=ACTION_UP, keyCode=KEYCODE_3D_MODE, scanCode=202, metaState=0, flags=0x28, repeatCount=0, eventTime=1395820, downTime=1395550, deviceId=0, source=0x101 }
06-21 17:08:12.738 W/ViewRootImpl(  895): Cancelling event due to no window focus: KeyEvent { action=ACTION_UP, keyCode=KEYCODE_3D_MODE, scanCode=202, metaState=0, flags=0x28, repeatCount=0, eventTime=1395820, downTime=1395550, deviceId=0, source=0x101 }
06-21 17:08:12.738 W/ViewRootImpl(  895): Cancelling event due to no window focus: KeyEvent { action=ACTION_UP, keyCode=KEYCODE_3D_MODE, scanCode=202, metaState=0, flags=0x28, repeatCount=0, eventTime=1395820, downTime=1395550, deviceId=0, source=0x101 }
06-21 17:08:12.738 W/ViewRootImpl(  895): Cancelling event due to no window focus: KeyEvent { action=ACTION_UP, keyCode=KEYCODE_3D_MODE, scanCode=202, metaState=0, flags=0x28, repeatCount=0, eventTime=1395820, downTime=1395550, deviceId=0, source=0x101 }
06-21 17:08:12.738 W/ViewRootImpl(  895): Cancelling event due to no window focus: KeyEvent { action=ACTION_UP, keyCode=KEYCODE_3D_MODE, scanCode=202, metaState=0, flags=0x28, repeatCount=0, eventTime=1395820, downTime=1395550, deviceId=0, source=0x101 }
06-21 17:08:12.738 W/ViewRootImpl(  895): Cancelling event due to no window focus: KeyEvent { action=ACTION_UP, keyCode=KEYCODE_3D_MODE, scanCode=202, metaState=0, flags=0x28, repeatCount=0, eventTime=1395820, downTime=1395550, deviceId=0, source=0x101 }
06-21 17:08:12.738 W/ViewRootImpl(  895): Cancelling event due to no window focus: KeyEvent { action=ACTION_UP, keyCode=KEYCODE_3D_MODE, scanCode=202, metaState=0, flags=0x28, repeatCount=0, eventTime=1395820, downTime=1395550, deviceId=0, source=0x101 }
06-21 17:08:12.774 D/InputMethodManagerService(  503): --- calledFromForegroundUserOrSystemProcess ? calling uid = 1000 system uid = 1000 calling userId = 0, foreground user id = 0, calling pid = 895com.android.server.InputMethodManagerService.windowGainedFocus(InputMethodManagerService.java:2027)
06-21 17:08:12.774 V/InputMethodManagerService(  503): windowGainedFocus: android.os.BinderProxy@3c31f9b1 controlFlags=#105 softInputMode=#110 windowFlags=#8d810500
06-21 17:08:12.774 V/InputMethodManagerService(  503): Unspecified window will hide input
06-21 17:08:12.774 V/InputMethodManagerService(  503): unbindCurrentInputLocked: client = android.os.BinderProxy@1b8cf062
06-21 17:08:12.774 V/InputMethodManagerService(  503): Hide switching menu
06-21 17:08:12.775 V/InputMethodManagerService(  503): switching to client: client = android.os.BinderProxy@3c31f9b1 keyguard=false
06-21 17:08:12.776 V/InputMethodManagerService(  503): Disabling: SessionState{uid 10002 pid 19579 method 28fa62 session 462127d channel ClientState{1076b0d4 uid 10002 pid 19579} (server)}
06-21 17:08:12.776 V/InputMethodManagerService(  503): Enabling: SessionState{uid 1000 pid 895 method 28fa62 session 1788a7f3 channel ClientState{3c3a5fff uid 1000 pid 895} (server)}
06-21 17:08:13.596 D/InputMethodManagerService(  503): --- calledFromForegroundUserOrSystemProcess ? calling uid = 10002 system uid = 1000 calling userId = 0, foreground user id = 0, calling pid = 19579com.android.server.InputMethodManagerService.windowGainedFocus(InputMethodManagerService.java:2027)
06-21 17:08:13.596 V/InputMethodManagerService(  503): windowGainedFocus: android.os.BinderProxy@1b8cf062 controlFlags=#100 softInputMode=#20 windowFlags=#d810580
06-21 17:08:13.596 V/InputMethodManagerService(  503): Unspecified window will hide input
06-21 17:08:13.597 V/InputMethodManagerService(  503): unbindCurrentInputLocked: client = android.os.BinderProxy@3c31f9b1
06-21 17:08:13.597 V/InputMethodManagerService(  503): Hide switching menu
06-21 17:08:13.597 V/InputMethodManagerService(  503): switching to client: client = android.os.BinderProxy@1b8cf062 keyguard=false
06-21 17:08:13.597 V/InputMethodManagerService(  503): Disabling: SessionState{uid 1000 pid 895 method 28fa62 session 1788a7f3 channel ClientState{3c3a5fff uid 1000 pid 895} (server)}
06-21 17:08:13.597 V/InputMethodManagerService(  503): Enabling: SessionState{uid 10002 pid 19579 method 28fa62 session 462127d channel ClientState{1076b0d4 uid 10002 pid 19579} (server)}
06-21 17:08:26.657 W/ContextImpl(  503): Calling a method in the system process without a qualified user: android.app.ContextImpl.startActivity:1241 com.android.internal.policy.impl.PhoneWindowManager.barHideOrOn:2673 com.android.internal.policy.impl.PhoneWindowManager.interceptKeyBeforeDispatching:3025 com.android.server.wm.InputMonitor.interceptKeyBeforeDispatching:476 com.android.server.input.InputManagerService.interceptKeyBeforeDispatching:1500
06-21 17:08:26.657 W/ContextImpl(  503): Calling a method in the system process without a qualified user: android.app.ContextImpl.startActivity:1253 android.app.ContextImpl.startActivity:1242 com.android.internal.policy.impl.PhoneWindowManager.barHideOrOn:2673 com.android.internal.policy.impl.PhoneWindowManager.interceptKeyBeforeDispatching:3025 com.android.server.wm.InputMonitor.interceptKeyBeforeDispatching:476
06-21 17:08:26.657 I/ActivityStackSupervisor(  503): START u0 {flg=0x10000000 cmp=yck.system.launcher/.activity.QSActivity} from uid 1000 on display 0
06-21 17:08:26.760 W/ContextImpl(  895): Calling a method in the system process without a qualified user: android.app.ContextImpl.sendBroadcast:1344 android.content.ContextWrapper.sendBroadcast:377 yck.system.launcher.activity.QSActivity.hideNavigationBar:61 yck.system.launcher.activity.QSActivity.onCreate:31 android.app.Activity.performCreate:6222
06-21 17:08:26.809 V/WindowManagerService(  503): Adding window Window{380d1ad5 u0 yck.system.launcher/yck.system.launcher.activity.QSActivity} at 6 of 9 (after Window{3b4679a3 u0 yck.kdapp.v4/yck.pilot.fpv.activity.yckPreviewActivityOrange2})
06-21 17:08:26.942 W/ViewRootImpl(  895): Dropping event due to no window focus: KeyEvent { action=ACTION_DOWN, keyCode=KEYCODE_3D_MODE, scanCode=202, metaState=0, flags=0x8, repeatCount=0, eventTime=1410480, downTime=1410480, deviceId=0, source=0x101 }
06-21 17:08:26.942 W/ViewRootImpl(  895): Cancelling event due to no window focus: KeyEvent { action=ACTION_UP, keyCode=KEYCODE_3D_MODE, scanCode=202, metaState=0, flags=0x28, repeatCount=0, eventTime=1410650, downTime=1410480, deviceId=0, source=0x101 }
06-21 17:08:26.942 W/ViewRootImpl(  895): Cancelling event due to no window focus: KeyEvent { action=ACTION_UP, keyCode=KEYCODE_3D_MODE, scanCode=202, metaState=0, flags=0x28, repeatCount=0, eventTime=1410650, downTime=1410480, deviceId=0, source=0x101 }
06-21 17:08:26.942 W/ViewRootImpl(  895): Cancelling event due to no window focus: KeyEvent { action=ACTION_UP, keyCode=KEYCODE_3D_MODE, scanCode=202, metaState=0, flags=0x28, repeatCount=0, eventTime=1410650, downTime=1410480, deviceId=0, source=0x101 }
06-21 17:08:26.942 W/ViewRootImpl(  895): Cancelling event due to no window focus: KeyEvent { action=ACTION_UP, keyCode=KEYCODE_3D_MODE, scanCode=202, metaState=0, flags=0x28, repeatCount=0, eventTime=1410650, downTime=1410480, deviceId=0, source=0x101 }
06-21 17:08:26.943 W/ViewRootImpl(  895): Cancelling event due to no window focus: KeyEvent { action=ACTION_UP, keyCode=KEYCODE_3D_MODE, scanCode=202, metaState=0, flags=0x28, repeatCount=0, eventTime=1410650, downTime=1410480, deviceId=0, source=0x101 }
06-21 17:08:26.943 W/ViewRootImpl(  895): Cancelling event due to no window focus: KeyEvent { action=ACTION_UP, keyCode=KEYCODE_3D_MODE, scanCode=202, metaState=0, flags=0x28, repeatCount=0, eventTime=1410650, downTime=1410480, deviceId=0, source=0x101 }
06-21 17:08:26.943 W/ViewRootImpl(  895): Cancelling event due to no window focus: KeyEvent { action=ACTION_UP, keyCode=KEYCODE_3D_MODE, scanCode=202, metaState=0, flags=0x28, repeatCount=0, eventTime=1410650, downTime=1410480, deviceId=0, source=0x101 }
06-21 17:08:26.943 W/ViewRootImpl(  895): Cancelling event due to no window focus: KeyEvent { action=ACTION_UP, keyCode=KEYCODE_3D_MODE, scanCode=202, metaState=0, flags=0x28, repeatCount=0, eventTime=1410650, downTime=1410480, deviceId=0, source=0x101 }
06-21 17:08:26.943 W/ViewRootImpl(  895): Cancelling event due to no window focus: KeyEvent { action=ACTION_UP, keyCode=KEYCODE_3D_MODE, scanCode=202, metaState=0, flags=0x28, repeatCount=0, eventTime=1410650, downTime=1410480, deviceId=0, source=0x101 }
06-21 17:08:27.010 D/InputMethodManagerService(  503): --- calledFromForegroundUserOrSystemProcess ? calling uid = 1000 system uid = 1000 calling userId = 0, foreground user id = 0, calling pid = 895com.android.server.InputMethodManagerService.windowGainedFocus(InputMethodManagerService.java:2027)
06-21 17:08:27.010 V/InputMethodManagerService(  503): windowGainedFocus: android.os.BinderProxy@3c31f9b1 controlFlags=#105 softInputMode=#110 windowFlags=#8d810500
06-21 17:08:27.016 V/InputMethodManagerService(  503): Unspecified window will hide input
06-21 17:08:27.016 V/InputMethodManagerService(  503): unbindCurrentInputLocked: client = android.os.BinderProxy@1b8cf062
06-21 17:08:27.017 V/InputMethodManagerService(  503): Hide switching menu
06-21 17:08:27.017 V/InputMethodManagerService(  503): switching to client: client = android.os.BinderProxy@3c31f9b1 keyguard=false
06-21 17:08:27.017 V/InputMethodManagerService(  503): Disabling: SessionState{uid 10002 pid 19579 method 28fa62 session 462127d channel ClientState{1076b0d4 uid 10002 pid 19579} (server)}
06-21 17:08:27.017 V/InputMethodManagerService(  503): Enabling: SessionState{uid 1000 pid 895 method 28fa62 session 1788a7f3 channel ClientState{3c3a5fff uid 1000 pid 895} (server)}
06-21 17:08:27.696 W/ContextImpl(  895): Calling a method in the system process without a qualified user: android.app.ContextImpl.sendBroadcast:1344 android.content.ContextWrapper.sendBroadcast:377 yck.system.launcher.base.Utils.goRecentActivity:412 yck.system.launcher.QS.widget.QSBottomMenuView$3.onClick:74 android.view.View.performClick:4809
06-21 17:08:27.775 I/ActivityStackSupervisor(  503): START u0 {act=com.android.systemui.recents.SHOW_RECENTS flg=0x10804000 cmp=com.android.systemui/.recents.RecentsActivity} from uid 10013 on display 0
06-21 17:08:27.785 D/InputMethodManagerService(  503): --- calledFromForegroundUserOrSystemProcess ? calling uid = 1000 system uid = 1000 calling userId = 0, foreground user id = 0, calling pid = 895com.android.server.InputMethodManagerService.windowGainedFocus(InputMethodManagerService.java:2027)
06-21 17:08:27.785 V/InputMethodManagerService(  503): windowGainedFocus: android.os.BinderProxy@3c31f9b1 controlFlags=#104 softInputMode=#120 windowFlags=#d810500
06-21 17:08:27.804 V/InputMethodManagerService(  503): Unspecified window will hide input
06-21 17:08:28.302 V/WindowManagerService(  503): Adding window Window{20b6b4f9 u0 com.android.systemui/com.android.systemui.recents.RecentsActivity} at 7 of 10 (after Window{3891fa17 u0 yck.system.launcher/yck.system.launcher.Launcher EXITING})
06-21 17:08:28.450 D/InputMethodManagerService(  503): --- calledFromForegroundUserOrSystemProcess ? calling uid = 10013 system uid = 1000 calling userId = 0, foreground user id = 0, calling pid = 712com.android.server.InputMethodManagerService.windowGainedFocus(InputMethodManagerService.java:2027)
06-21 17:08:28.450 V/InputMethodManagerService(  503): windowGainedFocus: android.os.BinderProxy@117c5b2 controlFlags=#104 softInputMode=#120 windowFlags=#81910100
06-21 17:08:28.459 V/InputMethodManagerService(  503): Unspecified window will hide input
06-21 17:08:28.459 V/InputMethodManagerService(  503): unbindCurrentInputLocked: client = android.os.BinderProxy@3c31f9b1
06-21 17:08:28.459 V/InputMethodManagerService(  503): Hide switching menu
06-21 17:08:28.459 V/InputMethodManagerService(  503): switching to client: client = android.os.BinderProxy@117c5b2 keyguard=false
06-21 17:08:28.460 V/InputMethodManagerService(  503): Disabling: SessionState{uid 1000 pid 895 method 28fa62 session 1788a7f3 channel ClientState{3c3a5fff uid 1000 pid 895} (server)}
06-21 17:08:28.460 V/InputMethodManagerService(  503): Enabling: SessionState{uid 10013 pid 712 method 28fa62 session 1887c598 channel ClientState{2743237b uid 10013 pid 712} (server)}
06-21 17:08:29.024 I/ActivityManagerService(  503): Stopping service yck.kdapp.v4/yck.pilot.flightrecord.yckRecordService: remove task
06-21 17:08:29.024 I/ActivityManagerService(  503): Stopping service yck.kdapp.v4/yck.dbox.upgrade.p4.statemachine.yckUpgradeService: remove task
06-21 17:08:29.024 I/ActivityManagerService(  503): Stopping service yck.kdapp.v4/yck.pilot2.newlibrary.sync.PhotoSyncService: remove task
06-21 17:08:29.026 I/ActivityManagerService(  503): Stopping service yck.kdapp.v4/yck.pilot2.flymonitor.service.FlyMonitorService: remove task
06-21 17:08:29.027 I/ActivityManagerService(  503): Stopping service yck.kdapp.v4/yck.pilot.publics.objects.yckGlobalService: remove task
06-21 17:08:29.028 I/ActivityManagerService(  503): Stopping service yck.kdapp.v4/yck.pilot.flyforbid.FlyforbidUpdateService: remove task
06-21 17:08:29.028 W/ActivityManagerService(  503): 19542cleanUpRemovedTaskLocked  remove task: TaskRecord{1978a6d8 #6 A=yck.kdapp.v4 U=0 sz=3}
06-21 17:08:29.028 I/ActivityManagerService(  503): Killing 19579:yck.kdapp.v4/u0a2 (adj 0): remove task
06-21 17:08:29.182 I/WindowState(  503): WIN DEATH: Window{2f2317e0 u0 yck.kdapp.v4/yck.pilot.home.cs.activity.yckCsMainActivity}
06-21 17:08:29.183 D/WifiService(  503): Client connection lost with reason: 4
06-21 17:08:29.183 D/InputMethodManagerService(  503): --- calledFromForegroundUserOrSystemProcess ? calling uid = 1000 system uid = 1000 calling userId = 0, foreground user id = 0, calling pid = 503android.os.BinderProxy.sendDeathNotice(Binder.java:551)
06-21 17:08:29.186 I/WindowState(  503): WIN DEATH: Window{130194ed u0 yck.kdapp.v4/yck.pilot.main.activity.yckHubActivity}
06-21 17:08:29.187 I/WindowState(  503): WIN DEATH: Window{8160859 u0 SurfaceView}
06-21 17:08:29.189 I/WindowState(  503): WIN DEATH: Window{3b4679a3 u0 yck.kdapp.v4/yck.pilot.fpv.activity.yckPreviewActivityOrange2}
06-21 17:08:29.189 W/WindowManagerService(  503): Force-removing child win Window{203d0cff u0 SurfaceView} from container Window{3b4679a3 u0 yck.kdapp.v4/yck.pilot.fpv.activity.yckPreviewActivityOrange2}
06-21 17:08:29.235 E/libprocessgroup(  503): failed to kill 1 processes for processgroup 19579
06-21 17:08:29.235 W/ActivityManagerService(  503): 19579cleanUpRemovedTaskLocked  of task: TaskRecord{1978a6d8 #6 A=yck.kdapp.v4 U=0 sz=3}
06-21 17:08:29.236 W/ActivityManagerService(  503): 19664cleanUpRemovedTaskLocked  remove task: TaskRecord{1978a6d8 #6 A=yck.kdapp.v4 U=0 sz=3}
06-21 17:08:29.244 I/ActivityManagerService(  503): Killing 19664:yck.Here.Map.Service.v2/u0a2 (adj 16): remove task
06-21 17:08:29.259 I/ActivityManagerService(  503): Killing 19542:yck.kdapp.v4:pushcore/u0a2 (adj 5): remove task
06-21 17:08:29.275 W/ActivityManagerService(  503): Scheduling restart of crashed service yck.kdapp.v4/cn.jpush.android.service.PushService in 1000ms
06-21 17:08:29.457 I/ActivityStackSupervisor(  503): START u0 {act=android.intent.action.MAIN cat=[android.intent.category.HOME] flg=0x10200000 cmp=yck.system.launcher/.Launcher} from uid 10013 on display 0
06-21 17:08:29.476 W/ContextImpl(  895): Calling a method in the system process without a qualified user: android.app.ContextImpl.sendBroadcast:1344 android.content.ContextWrapper.sendBroadcast:377 yck.system.launcher.Launcher.hideNavigationBar:241 yck.system.launcher.Launcher.onResume:180 android.app.Instrumentation.callActivityOnResume:1257
06-21 17:08:29.522 D/InputMethodManagerService(  503): --- calledFromForegroundUserOrSystemProcess ? calling uid = 1000 system uid = 1000 calling userId = 0, foreground user id = 0, calling pid = 895com.android.server.InputMethodManagerService.windowGainedFocus(InputMethodManagerService.java:2027)
06-21 17:08:29.522 V/InputMethodManagerService(  503): windowGainedFocus: android.os.BinderProxy@3c31f9b1 controlFlags=#104 softInputMode=#120 windowFlags=#d810500
06-21 17:08:29.522 V/InputMethodManagerService(  503): Unspecified window will hide input
06-21 17:08:29.522 V/InputMethodManagerService(  503): unbindCurrentInputLocked: client = android.os.BinderProxy@117c5b2
06-21 17:08:29.522 V/InputMethodManagerService(  503): Hide switching menu
06-21 17:08:29.522 V/InputMethodManagerService(  503): switching to client: client = android.os.BinderProxy@3c31f9b1 keyguard=false
06-21 17:08:29.523 V/InputMethodManagerService(  503): Disabling: SessionState{uid 10013 pid 712 method 28fa62 session 1887c598 channel ClientState{2743237b uid 10013 pid 712} (server)}
06-21 17:08:29.523 V/InputMethodManagerService(  503): Enabling: SessionState{uid 1000 pid 895 method 28fa62 session 1788a7f3 channel ClientState{3c3a5fff uid 1000 pid 895} (server)}
06-21 17:08:30.013 D/TaskPersister(  503): removeObsoleteFile: deleting file=6_task.xml
06-21 17:08:30.013 D/TaskPersister(  503): removeObsoleteFile: deleting file=6_task_thumbnail.png
06-21 17:08:30.013 D/TaskPersister(  503): removeObsoleteFile: deleting file=5_task_thumbnail.png
06-21 17:08:30.014 D/TaskPersister(  503): removeObsoleteFile: deleting file=7_task_thumbnail.png
06-21 17:08:30.014 D/TaskPersister(  503): removeObsoleteFile: deleting file=8_task_thumbnail.png
06-21 17:08:30.352 I/ActivityManagerService(  503): Start proc 28719:yck.kdapp.v4:pushcore/u0a2 for service yck.kdapp.v4/cn.jpush.android.service.PushService
06-21 17:08:30.605 W/ResourcesManager(28719): Asset path '/system/framework/com.android.future.usb.accessory.jar' does not exist or contains no resources.
06-21 17:08:31.116 I/ActivityStackSupervisor(  503): START u0 {act=android.intent.action.MAIN cat=[android.intent.category.LAUNCHER] flg=0x10200000 cmp=yck.kdapp.v4/yck.pilot.main.activity.yckLauncherActivity (has extras)} from uid 1000 on display 0
06-21 17:08:31.147 I/ActivityManagerService(  503): Start proc 28755:yck.kdapp.v4/u0a2 for activity yck.kdapp.v4/yck.pilot.main.activity.yckLauncherActivity
06-21 17:08:31.149 V/WindowManagerService(  503): Adding window Window{17f28fab u0 Starting yck.kdapp.v4} at 3 of 6 (after Window{380d1ad5 u0 yck.system.launcher/yck.system.launcher.activity.QSActivity})
06-21 17:08:31.246 W/ResourcesManager(28755): Asset path '/system/framework/com.android.future.usb.accessory.jar' does not exist or contains no resources.
06-21 17:08:31.765 D/WifiService(  503): New client listening to asynchronous messages
06-21 17:08:32.079 I/ActivityManagerService(  503): Start proc 28840:yck.Here.Map.Service.v2/u0a2 for service yck.kdapp.v4/com.here.android.mpa.service.MapService
06-21 17:08:32.198 W/ResourcesManager(28840): Asset path '/system/framework/com.android.future.usb.accessory.jar' does not exist or contains no resources.
06-21 17:08:33.269 I/ActivityStackSupervisor(  503): START u0 {flg=0x10200000 cmp=yck.kdapp.v4/yck.pilot.home.cs.activity.yckCsMainActivity} from uid 10002 on display 0
06-21 17:08:33.272 V/WindowManagerService(  503): Based on layer: Adding window Window{17f28fab u0 Starting yck.kdapp.v4} at 3 of 6
06-21 17:08:33.573 D/InputMethodManagerService(  503): --- calledFromForegroundUserOrSystemProcess ? calling uid = 1000 system uid = 1000 calling userId = 0, foreground user id = 0, calling pid = 503com.android.server.wm.WindowManagerService.openSession(WindowManagerService.java:10664)
06-21 17:08:33.579 V/WindowManagerService(  503): Adding window Window{3ffd217b u0 yck.kdapp.v4/yck.pilot.main.activity.yckLauncherActivity} at 3 of 7 (before Window{17f28fab u0 Starting yck.kdapp.v4})
06-21 17:08:34.156 V/WindowManagerService(  503): Adding window Window{155f6b u0 yck.kdapp.v4/yck.pilot.home.cs.activity.yckCsMainActivity} at 4 of 8 (before Window{17f28fab u0 Starting yck.kdapp.v4})
06-21 17:08:34.959 D/InputMethodManagerService(  503): --- calledFromForegroundUserOrSystemProcess ? calling uid = 10002 system uid = 1000 calling userId = 0, foreground user id = 0, calling pid = 28755com.android.server.InputMethodManagerService.windowGainedFocus(InputMethodManagerService.java:2027)
06-21 17:08:34.959 V/InputMethodManagerService(  503): windowGainedFocus: android.os.BinderProxy@32239175 controlFlags=#104 softInputMode=#120 windowFlags=#d810500
06-21 17:08:34.959 V/InputMethodManagerService(  503): Unspecified window will hide input
06-21 17:08:34.959 V/InputMethodManagerService(  503): unbindCurrentInputLocked: client = android.os.BinderProxy@3c31f9b1
06-21 17:08:34.959 V/InputMethodManagerService(  503): Hide switching menu
06-21 17:08:34.959 V/InputMethodManagerService(  503): switching to client: client = android.os.BinderProxy@32239175 keyguard=false
06-21 17:08:34.959 V/InputMethodManagerService(  503): Creating new session for client ClientState{92e8f2f uid 10002 pid 28755}
06-21 17:08:34.960 V/InputMethodManagerService(  503): Disabling: SessionState{uid 1000 pid 895 method 28fa62 session 1788a7f3 channel ClientState{3c3a5fff uid 1000 pid 895} (server)}
06-21 17:08:34.960 V/InputMethodManagerService(  503): Enabling: SessionState{uid 10002 pid 28755 method 28fa62 session 5cd793c channel ClientState{92e8f2f uid 10002 pid 28755} (server)}
06-21 17:08:36.290 I/ActivityStackSupervisor(  503): START u0 {cmp=yck.kdapp.v4/yck.pilot.main.activity.yckHubActivity (has extras)} from uid 10002 on display 0
06-21 17:08:36.328 I/ActivityStackSupervisor(  503): START u0 {cmp=yck.kdapp.v4/yck.pilot.fpv.activity.yckPreviewActivityOrange2 (has extras)} from uid 10002 on display 0
06-21 17:08:36.342 V/WindowManagerService(  503): Adding window Window{28ffa96c u0 yck.kdapp.v4/yck.pilot.main.activity.yckHubActivity} at 4 of 7 (after Window{155f6b u0 yck.kdapp.v4/yck.pilot.home.cs.activity.yckCsMainActivity})
06-21 17:08:37.421 V/WindowManagerService(  503): Adding window Window{20e3ba04 u0 yck.kdapp.v4/yck.pilot.fpv.activity.yckPreviewActivityOrange2} at 5 of 8 (after Window{28ffa96c u0 yck.kdapp.v4/yck.pilot.main.activity.yckHubActivity})
06-21 17:08:37.715 V/WindowManagerService(  503): Adding window Window{2d767b7a u0 yck.kdapp.v4/yck.pilot.fpv.activity.yckPreviewActivityOrange2} at 5 of 9 (before Window{20e3ba04 u0 yck.kdapp.v4/yck.pilot.fpv.activity.yckPreviewActivityOrange2})
06-21 17:08:37.890 V/WindowManagerService(  503): Adding window Window{16f01f88 u0 SurfaceView} at 5 of 10 (before Window{2d767b7a u0 yck.kdapp.v4/yck.pilot.fpv.activity.yckPreviewActivityOrange2})
06-21 17:08:37.958 V/WindowManagerService(  503): Adding window Window{3360d546 u0 SurfaceView} at 6 of 11 (before Window{2d767b7a u0 yck.kdapp.v4/yck.pilot.fpv.activity.yckPreviewActivityOrange2})
06-21 17:08:38.164 D/InputMethodManagerService(  503): --- calledFromForegroundUserOrSystemProcess ? calling uid = 10002 system uid = 1000 calling userId = 0, foreground user id = 0, calling pid = 28755com.android.server.InputMethodManagerService.windowGainedFocus(InputMethodManagerService.java:2027)
06-21 17:08:38.164 V/InputMethodManagerService(  503): windowGainedFocus: android.os.BinderProxy@32239175 controlFlags=#104 softInputMode=#120 windowFlags=#d810580
06-21 17:08:38.164 V/InputMethodManagerService(  503): Unspecified window will hide input
06-21 17:08:38.199 D/InputMethodManagerService(  503): --- calledFromForegroundUserOrSystemProcess ? calling uid = 10002 system uid = 1000 calling userId = 0, foreground user id = 0, calling pid = 28755com.android.server.InputMethodManagerService.windowGainedFocus(InputMethodManagerService.java:2027)
06-21 17:08:38.199 V/InputMethodManagerService(  503): windowGainedFocus: android.os.BinderProxy@32239175 controlFlags=#105 softInputMode=#20 windowFlags=#800400
06-21 17:08:38.199 V/InputMethodManagerService(  503): Unspecified window will hide input
06-21 17:08:38.908 W/ActivityManagerService(  503): Unable to start service Intent { cmp=com.autonavi.minimap/com.amap.api.service.AMapService (has extras) } U=0: not found
06-21 17:08:38.909 W/ActivityManagerService(  503): Unable to start service Intent { cmp=com.autonavi.minimap/.LBSConnectionService (has extras) } U=0: not found
06-21 17:08:39.503 D/InputMethodManagerService(  503): --- calledFromForegroundUserOrSystemProcess ? calling uid = 10002 system uid = 1000 calling userId = 0, foreground user id = 0, calling pid = 28755com.android.server.InputMethodManagerService.windowGainedFocus(InputMethodManagerService.java:2027)
06-21 17:08:39.503 V/InputMethodManagerService(  503): windowGainedFocus: android.os.BinderProxy@32239175 controlFlags=#100 softInputMode=#20 windowFlags=#d810580
06-21 17:08:39.503 V/InputMethodManagerService(  503): Unspecified window will hide input
06-21 17:09:34.852 V/WindowManagerService(  503): not Base app: Adding window Window{336de0e7 u0 yck.kdapp.v4/yck.pilot.fpv.activity.yckPreviewActivityOrange2} at 8 of 11
06-21 17:09:35.298 D/InputMethodManagerService(  503): --- calledFromForegroundUserOrSystemProcess ? calling uid = 10002 system uid = 1000 calling userId = 0, foreground user id = 0, calling pid = 28755com.android.server.InputMethodManagerService.windowGainedFocus(InputMethodManagerService.java:2027)
06-21 17:09:35.298 V/InputMethodManagerService(  503): windowGainedFocus: android.os.BinderProxy@32239175 controlFlags=#104 softInputMode=#22 windowFlags=#800402
06-21 17:09:39.174 D/InputMethodManagerService(  503): --- calledFromForegroundUserOrSystemProcess ? calling uid = 10002 system uid = 1000 calling userId = 0, foreground user id = 0, calling pid = 28755com.android.server.InputMethodManagerService.windowGainedFocus(InputMethodManagerService.java:2027)
06-21 17:09:39.174 V/InputMethodManagerService(  503): windowGainedFocus: android.os.BinderProxy@32239175 controlFlags=#100 softInputMode=#20 windowFlags=#d810580
06-21 17:09:39.174 V/InputMethodManagerService(  503): Unspecified window will hide input
06-21 17:09:43.568 V/WindowManagerService(  503): not Base app: Adding window Window{af15e39 u0 yck.kdapp.v4/yck.pilot.fpv.activity.yckPreviewActivityOrange2} at 8 of 11
06-21 17:09:43.672 D/InputMethodManagerService(  503): --- calledFromForegroundUserOrSystemProcess ? calling uid = 10002 system uid = 1000 calling userId = 0, foreground user id = 0, calling pid = 28755com.android.server.InputMethodManagerService.windowGainedFocus(InputMethodManagerService.java:2027)
06-21 17:09:43.672 V/InputMethodManagerService(  503): windowGainedFocus: android.os.BinderProxy@32239175 controlFlags=#105 softInputMode=#20 windowFlags=#800402
06-21 17:09:43.673 V/InputMethodManagerService(  503): Unspecified window will hide input
06-21 17:09:44.905 D/InputMethodManagerService(  503): --- calledFromForegroundUserOrSystemProcess ? calling uid = 10002 system uid = 1000 calling userId = 0, foreground user id = 0, calling pid = 28755com.android.server.InputMethodManagerService.windowGainedFocus(InputMethodManagerService.java:2027)
06-21 17:09:44.905 V/InputMethodManagerService(  503): windowGainedFocus: android.os.BinderProxy@32239175 controlFlags=#100 softInputMode=#20 windowFlags=#d810580
06-21 17:09:44.905 V/InputMethodManagerService(  503): Unspecified window will hide input
06-21 17:09:57.377 V/WindowManagerService(  503): not Base app: Adding window Window{159c05df u0 yck.kdapp.v4/yck.pilot.fpv.activity.yckPreviewActivityOrange2} at 8 of 11
06-21 17:09:57.500 D/InputMethodManagerService(  503): --- calledFromForegroundUserOrSystemProcess ? calling uid = 10002 system uid = 1000 calling userId = 0, foreground user id = 0, calling pid = 28755com.android.server.InputMethodManagerService.windowGainedFocus(InputMethodManagerService.java:2027)
06-21 17:09:57.500 V/InputMethodManagerService(  503): windowGainedFocus: android.os.BinderProxy@32239175 controlFlags=#105 softInputMode=#20 windowFlags=#800402
06-21 17:09:57.500 V/InputMethodManagerService(  503): Unspecified window will hide input
06-21 17:09:58.023 D/InputMethodManagerService(  503): --- calledFromForegroundUserOrSystemProcess ? calling uid = 10002 system uid = 1000 calling userId = 0, foreground user id = 0, calling pid = 28755com.android.server.InputMethodManagerService.windowGainedFocus(InputMethodManagerService.java:2027)
06-21 17:09:58.024 V/InputMethodManagerService(  503): windowGainedFocus: android.os.BinderProxy@32239175 controlFlags=#100 softInputMode=#20 windowFlags=#d810580
06-21 17:09:58.024 V/InputMethodManagerService(  503): Unspecified window will hide input
06-21 17:09:58.619 V/WindowManagerService(  503): not Base app: Adding window Window{180a4f5 u0 yck.kdapp.v4/yck.pilot.fpv.activity.yckPreviewActivityOrange2} at 8 of 11
06-21 17:09:58.712 D/InputMethodManagerService(  503): --- calledFromForegroundUserOrSystemProcess ? calling uid = 10002 system uid = 1000 calling userId = 0, foreground user id = 0, calling pid = 28755com.android.server.InputMethodManagerService.windowGainedFocus(InputMethodManagerService.java:2027)
06-21 17:09:58.712 V/InputMethodManagerService(  503): windowGainedFocus: android.os.BinderProxy@32239175 controlFlags=#105 softInputMode=#20 windowFlags=#800402
06-21 17:09:58.720 V/InputMethodManagerService(  503): Unspecified window will hide input
06-21 17:09:59.470 D/InputMethodManagerService(  503): --- calledFromForegroundUserOrSystemProcess ? calling uid = 10002 system uid = 1000 calling userId = 0, foreground user id = 0, calling pid = 28755com.android.server.InputMethodManagerService.windowGainedFocus(InputMethodManagerService.java:2027)
06-21 17:09:59.470 V/InputMethodManagerService(  503): windowGainedFocus: android.os.BinderProxy@32239175 controlFlags=#100 softInputMode=#20 windowFlags=#d810580
06-21 17:09:59.470 V/InputMethodManagerService(  503): Unspecified window will hide input
06-21 17:10:01.046 V/WindowManagerService(  503): not Base app: Adding window Window{21e520fb u0 yck.kdapp.v4/yck.pilot.fpv.activity.yckPreviewActivityOrange2} at 8 of 11
06-21 17:10:01.155 D/InputMethodManagerService(  503): --- calledFromForegroundUserOrSystemProcess ? calling uid = 10002 system uid = 1000 calling userId = 0, foreground user id = 0, calling pid = 28755com.android.server.InputMethodManagerService.windowGainedFocus(InputMethodManagerService.java:2027)
06-21 17:10:01.155 V/InputMethodManagerService(  503): windowGainedFocus: android.os.BinderProxy@32239175 controlFlags=#105 softInputMode=#20 windowFlags=#800402
06-21 17:10:01.159 V/InputMethodManagerService(  503): Unspecified window will hide input
06-21 17:10:02.786 D/InputMethodManagerService(  503): --- calledFromForegroundUserOrSystemProcess ? calling uid = 10002 system uid = 1000 calling userId = 0, foreground user id = 0, calling pid = 28755com.android.server.InputMethodManagerService.windowGainedFocus(InputMethodManagerService.java:2027)
06-21 17:10:02.786 V/InputMethodManagerService(  503): windowGainedFocus: android.os.BinderProxy@32239175 controlFlags=#100 softInputMode=#20 windowFlags=#d810580
06-21 17:10:02.786 V/InputMethodManagerService(  503): Unspecified window will hide input
06-21 17:10:03.436 V/WindowManagerService(  503): not Base app: Adding window Window{25839b71 u0 yck.kdapp.v4/yck.pilot.fpv.activity.yckPreviewActivityOrange2} at 8 of 11
06-21 17:10:03.520 D/InputMethodManagerService(  503): --- calledFromForegroundUserOrSystemProcess ? calling uid = 10002 system uid = 1000 calling userId = 0, foreground user id = 0, calling pid = 28755com.android.server.InputMethodManagerService.windowGainedFocus(InputMethodManagerService.java:2027)
06-21 17:10:03.520 V/InputMethodManagerService(  503): windowGainedFocus: android.os.BinderProxy@32239175 controlFlags=#105 softInputMode=#20 windowFlags=#800402
06-21 17:10:03.523 V/InputMethodManagerService(  503): Unspecified window will hide input
