06-22 12:10:52.413 I/OMXCodec(  169): Successfully allocated OMX node 'OMX.google.mp3.decoder'
06-22 12:10:52.439 I/FrameQueueManage(  169): FrameQueueManage::~FrameQueueManage end!
06-22 12:10:52.440 I/AwesomePlayer(  169): AwesomePlayer::AwesomePlayer()in
06-22 12:10:52.440 I/AwesomePlayer(  169): AwesomePlayer::AwesomePlayer()aftermClient.connect()
06-22 12:10:52.445 I/OMXCodec(  169): --->InstantiateSoftwareCodec create OMX.google.mp3.decoder codec
06-22 12:10:52.446 I/OMXCodec(  169): Successfully allocated OMX node 'OMX.google.mp3.decoder'
06-22 12:10:52.457 I/FrameQueueManage(  169): FrameQueueManage::~FrameQueueManage end!
06-22 12:10:52.479 W/ResourcesManager(30048): Asset path '/system/framework/com.android.future.usb.accessory.jar' does not exist or contains no resources.
06-22 12:10:52.523 I/MultiDex(30048): VM with version 2.1.0 has multidex support
06-22 12:10:52.523 I/MultiDex(30048): install
06-22 12:10:52.523 I/MultiDex(30048): VM has multidex support, MultiDex support library is disabled.
06-22 12:10:52.525 W/Tinker.TinkerLoader(30048): tryLoadPatchFiles:patch dir not exist:/data/data/yck.kdapp.v4/tinker
06-22 12:10:52.530 D/Tinker.DefaultAppLike(30048): onBaseContextAttached:
06-22 12:10:52.530 E/yckApplicationLike(30048): onBaseContextAttached
06-22 12:10:52.532 D/Tinker.DefaultAppLike(30048): onCreate
06-22 12:10:52.532 E/yckApplicationLike(30048): onCreate
06-22 12:10:52.555 W/SharedPreferencesImpl(29961): getSharedPreferences
06-22 12:10:52.555 W/SharedPreferencesImpl(29961): org.xmlpull.v1.XmlPullParserException: Unexpected end of document
06-22 12:10:52.555 W/SharedPreferencesImpl(29961): 	at com.android.internal.util.XmlUtils.readValueXml(XmlUtils.java:1306)
06-22 12:10:52.555 W/SharedPreferencesImpl(29961): 	at com.android.internal.util.XmlUtils.readMapXml(XmlUtils.java:735)
06-22 12:10:52.555 W/SharedPreferencesImpl(29961): 	at android.app.SharedPreferencesImpl.loadFromDiskLocked(SharedPreferencesImpl.java:119)
06-22 12:10:52.555 W/SharedPreferencesImpl(29961): 	at android.app.SharedPreferencesImpl.access$000(SharedPreferencesImpl.java:51)
06-22 12:10:52.555 W/SharedPreferencesImpl(29961): 	at android.app.SharedPreferencesImpl$1.run(SharedPreferencesImpl.java:90)
06-22 12:10:52.565 W/System.err(29961): java.net.UnknownHostException: Unable to resolve host "adash.m.taobao.com": No address associated with hostname
06-22 12:10:52.565 W/System.err(29961): 	at java.net.InetAddress.lookupHostByName(InetAddress.java:457)
06-22 12:10:52.565 W/System.err(29961): 	at java.net.InetAddress.getAllByNameImpl(InetAddress.java:252)
06-22 12:10:52.565 W/System.err(29961): 	at java.net.InetAddress.getAllByName(InetAddress.java:215)
06-22 12:10:52.565 W/System.err(29961): 	at com.android.okhttp.HostResolver$1.getAllByName(HostResolver.java:29)
06-22 12:10:52.565 W/System.err(29961): 	at com.android.okhttp.internal.http.RouteSelector.resetNextInetSocketAddress(RouteSelector.java:232)
06-22 12:10:52.565 W/System.err(29961): 	at com.android.okhttp.internal.http.RouteSelector.next(RouteSelector.java:124)
06-22 12:10:52.566 W/System.err(29961): 	at com.android.okhttp.internal.http.HttpEngine.connect(HttpEngine.java:272)
06-22 12:10:52.566 W/System.err(29961): 	at com.android.okhttp.internal.http.HttpEngine.sendRequest(HttpEngine.java:211)
06-22 12:10:52.566 W/System.err(29961): 	at com.android.okhttp.internal.http.HttpURLConnectionImpl.execute(HttpURLConnectionImpl.java:382)
06-22 12:10:52.566 W/System.err(29961): 	at com.android.okhttp.internal.http.HttpURLConnectionImpl.connect(HttpURLConnectionImpl.java:106)
06-22 12:10:52.566 W/System.err(29961): 	at com.ut.mini.d.d.a(Unknown Source)
06-22 12:10:52.566 W/System.err(29961): 	at com.ut.mini.core.e.a.b$a.run(Unknown Source)
06-22 12:10:52.566 W/System.err(29961): Caused by: android.system.GaiException: android_getaddrinfo failed: EAI_NODATA (No address associated with hostname)
06-22 12:10:52.566 W/System.err(29961): 	at libcore.io.Posix.android_getaddrinfo(Native Method)
06-22 12:10:52.566 W/System.err(29961): 	at libcore.io.ForwardingOs.android_getaddrinfo(ForwardingOs.java:55)
06-22 12:10:52.566 W/System.err(29961): 	at java.net.InetAddress.lookupHostByName(InetAddress.java:438)
06-22 12:10:52.566 W/System.err(29961): 	... 11 more
06-22 12:10:52.610 W/art     (30048): Suspending all threads took: 5.190ms
06-22 12:10:52.658 E/RcShowVersionController(29961): initAllWifiFreqRanges
06-22 12:10:52.658 E/CameraShowVersionController(29961): CameraShowVersionController initAllWifiFreqRanges
06-22 12:10:52.666 W/linker  (29961): libSDKRelativeJNI.so: unused DT entry: type 0x6ffffffe arg 0xed10
06-22 12:10:52.666 W/linker  (29961): libSDKRelativeJNI.so: unused DT entry: type 0x6fffffff arg 0x2
06-22 12:10:52.667 D/SDKRelativeJNI(29961): load lib suc
06-22 12:10:52.668 W/linker  (29961): libFlyForbid.so: unused DT entry: type 0x6ffffffe arg 0xde0
06-22 12:10:52.668 W/linker  (29961): libFlyForbid.so: unused DT entry: type 0x6fffffff arg 0x2
06-22 12:10:52.668 I/onLoad  (29961): loaded onLoad.cpp :JNI_OnLoad() go to end
06-22 12:10:52.668 D/FlyForbid(29961): load lib success
06-22 12:10:52.839 I/yckApplicationLike(30048): EventBus index success!!!
06-22 12:10:53.004 V/u-blox  (  503): CRilIf::requestSetId: flags=1(AGPS_RIL_REQUEST_SETID_IMSI)
06-22 12:10:53.004 V/u-blox  (  503): CRilIf::setSetId: type=0(AGPS_SETID_TYPE_NONE) setid=''
06-22 12:10:53.004 V/u-blox  (  503): CRilIf::requestSetId: flags=2(AGPS_RIL_REQUEST_SETID_MSISDN)
06-22 12:10:53.005 V/u-blox  (  503): CRilIf::setSetId: type=0(AGPS_SETID_TYPE_NONE) setid=''
06-22 12:10:53.005 V/u-blox  (  503): CAgpsIf::getSuplServerInfo: Address:Port supl.google.com:7276
06-22 12:10:53.005 V/u-blox  (  503): fillDefaultSetId: Type AGPS_SETID_TYPE_NONE
06-22 12:10:53.005 V/u-blox  (  503): CRilIf::getClientIP: 0.0.0.0 (Type = -1)
06-22 12:10:53.005 W/u-blox  (  503): fillDefaultSetId: Cannot set the local address
06-22 12:10:53.006 V/u-blox  (  503): suplSM: SM entry with Id = 1006 in state START (0) with command 3
06-22 12:10:53.006 V/u-blox  (  503): suplSM: Handling START
06-22 12:10:53.006 V/u-blox  (  503): suplSM: No network. Deferring SI until network present
06-22 12:10:53.006 V/u-blox  (  503): suplSM: SM exit with Id = 1006 in state NO_NETWORK (1) with value 0
06-22 12:10:53.006 V/u-blox  (  503): CAndroidDatabase::incPublish: count now 1
06-22 12:10:53.006 V/u-blox  (  503): engineStart: SUPL Set Initiated Action started (mode: GPS_POSITION_MODE_MS_BASED)? Yes
06-22 12:10:53.006 V/u-blox  (  503): CGpsIf::gpsStatus: GPS status change: 4 (GPS_STATUS_ENGINE_OFF) => 1 (GPS_STATUS_SESSION_BEGIN)
06-22 12:10:53.006 V/u-blox  (  503): engineStart: (End) Client count 1
06-22 12:10:53.006 V/u-blox  (  503): ubx_thread: MSG UNKNOWN size 146
06-22 12:10:53.006 V/u-blox  (  503): CUbxGpsState::changeState: The receiver is now turned on
06-22 12:10:53.006 V/u-blox  (  503): CUbxGpsState::saveAiding: Saving aiding data to /data/persistence.agnss
06-22 12:10:53.006 V/u-blox  (  503): CUbxGpsState::saveDatabase: Encoded Measurement rate!
06-22 12:10:53.006 V/u-blox  (  503): CUbxGpsState::saveDatabase: Encoded LEG Receiver Aiding State data!
06-22 12:10:53.006 V/u-blox  (  503): CUbxGpsState::saveDatabase: Create file structure for encoded data!
06-22 12:10:53.006 V/u-blox  (  503): CUbxGpsState::saveAiding: Aiding data saved succesfully
06-22 12:10:53.006 V/u-blox  (  503): CUbxGpsState::printStd: LEG: Successfully scheduled Transfer of Time data
06-22 12:10:53.006 V/u-blox  (  503): CUbxGpsState::initTransferIfReq: Initiated transfer of Time data
06-22 12:10:53.006 V/u-blox  (  503): CUbxGpsState::printStd: LEG: Successfully scheduled Transfer of Receiver Aiding State data
06-22 12:10:53.006 V/u-blox  (  503): CUbxGpsState::initTransferIfReq: Initiated transfer of Receiver Aiding State data
06-22 12:10:53.006 V/u-blox  (  503): ubx_thread: MSG UNKNOWN size 16
06-22 12:10:53.007 V/u-blox  (  503): CUbxGpsState::printStd: LEG: Starting Time Transfer!
06-22 12:10:53.007 V/u-blox  (  503): CUbxGpsState::printStd: LEG: Configure receiver to acknowledge aiding (Try 1/5)
06-22 12:10:53.040 V/u-blox  (  503): CUbxGpsState::printStd: LEG: received no acknowledgment for enabling acknowledgments for aiding in time (Try 1/5)
06-22 12:10:53.040 V/u-blox  (  503): CUbxGpsState::printStd: LEG: Configure receiver to acknowledge aiding (Try 2/5)
06-22 12:10:53.046 V/u-blox  (  503): CUbxGpsState::printStd: LEG: Acknowledgment for aiding messages enabled (Try 2/5)
06-22 12:10:53.047 V/u-blox  (  503): CUbxGpsState::printStd: LEG: Sent the following UTC time for aiding the receiver: 2017.06.22 04:10:53.047317710 (GPS: 1954wn:360670047ms:000317710ns) Accuracy: 00:00:20.000000000
06-22 12:10:53.055 V/u-blox  (  503): CUbxGpsState::printStd: LEG: Successfully aided the receiver with the current time!
06-22 12:10:53.179 E/CmdSet  (29961): No exist extra class : e
06-22 12:10:53.181 E/CmdSet  (29961): No exist extra class : q
06-22 12:10:53.187 E/CmdSet  (29961): No exist extra class : c
06-22 12:10:53.192 E/CmdSet  (29961): No exist extra class : h
06-22 12:10:53.194 E/CmdSet  (29961): No exist extra class : i
06-22 12:10:53.195 E/CmdSet  (29961): No exist extra class : d
06-22 12:10:53.197 E/CmdSet  (29961): No exist extra class : n
06-22 12:10:53.199 E/CmdSet  (29961): No exist extra class : r
06-22 12:10:53.200 E/CmdSet  (29961): No exist extra class : f
06-22 12:10:53.202 E/CmdSet  (29961): No exist extra class : l
06-22 12:10:53.207 E/CmdSet  (29961): No exist extra class : g
06-22 12:10:53.208 E/CmdSet  (29961): No exist extra class : o
06-22 12:10:53.209 E/CmdSet  (29961): No exist extra class : p
06-22 12:10:53.211 E/CmdSet  (29961): No exist extra class : b
06-22 12:10:53.211 E/CmdSet  (29961): No exist extra class : m
06-22 12:10:53.212 E/CmdSet  (29961): No exist extra class : j
06-22 12:10:53.214 E/CmdSet  (29961): No exist extra class : k
06-22 12:10:53.337 V/u-blox  (  503): CUbxGpsState::printStd: LEG: Time Transfer finished successfully!
06-22 12:10:53.337 V/u-blox  (  503): CUbxGpsState::finished: Transfer of Time data has been successful!
06-22 12:10:53.380 V/u-blox  (  503): CUbxGpsState::printStd: LEG: Starting Receiver Aiding State Transfer!
06-22 12:10:53.380 V/u-blox  (  503): CUbxGpsState::printStd: LEG: Configure receiver to acknowledge aiding (Try 1/5)
06-22 12:10:53.405 D/nfz     (29961): 2017-06-22 12:10:53:  mPolygonDb create success 00.00.01.04 1488360640
06-22 12:10:53.410 E/nfz     (29961): polygonyckgoSubDb not exits
06-22 12:10:53.426 V/u-blox  (  503): CUbxGpsState::printStd: LEG: Acknowledgment for aiding messages enabled (Try 1/5)
06-22 12:10:53.432 E/nfz     (29961): mPolygonSubDb create success 00.00.01.01 1487262801
06-22 12:10:53.435 E/tony-b  (29961): 12:10:53  appVersion = 00.00.01.04
06-22 12:10:53.457 W/GooglePlayServicesUtil(29961): Google Play services is missing.
06-22 12:10:53.468 D/b       (29961): yckA initialised.
06-22 12:10:53.468 E/yckCommonReportManager(29961): yckCommonReportManager
06-22 12:10:53.475 E/yck_GO-CountryCodeConstant(29961): 
06-22 12:10:53.475 E/yck_GO-CountryCodeConstant(29961):  Thread: Thread-322
06-22 12:10:53.475 E/yck_GO-CountryCodeConstant(29961): 
06-22 12:10:53.475 E/yck_GO-CountryCodeConstant(29961):  p.callBackFailure  (null:417)
06-22 12:10:53.475 E/yck_GO-CountryCodeConstant(29961):     c$3.onFailure  (null:901)
06-22 12:10:53.475 E/yck_GO-CountryCodeConstant(29961):        a.b  (null:72)
06-22 12:10:53.475 E/yck_GO-CountryCodeConstant(29961): 
06-22 12:10:53.475 E/yck_GO-CountryCodeConstant(29961):  getCcFromRc onFailureccodeNOCONNECTccrc4549
06-22 12:10:53.475 E/yck_GO-CountryCodeConstant(29961): 
06-22 12:10:53.481 E/yck_GO-CountryCodeConstant(29961): 
06-22 12:10:53.481 E/yck_GO-CountryCodeConstant(29961):  Thread: Thread-322
06-22 12:10:53.481 E/yck_GO-CountryCodeConstant(29961): 
06-22 12:10:53.481 E/yck_GO-CountryCodeConstant(29961):  c$3.onFailure  (null:903)
06-22 12:10:53.481 E/yck_GO-CountryCodeConstant(29961):     a.a  (null:64)
06-22 12:10:53.481 E/yck_GO-CountryCodeConstant(29961):        a.b  (null:72)
06-22 12:10:53.481 E/yck_GO-CountryCodeConstant(29961): 
06-22 12:10:53.481 E/yck_GO-CountryCodeConstant(29961):  getCcFromRc onFailureccode=NOCONNECTmCcFromRc=-1
06-22 12:10:53.481 E/yck_GO-CountryCodeConstant(29961): 
06-22 12:10:53.481 E/yck_GO-CountryCodeConstant(29961): 
06-22 12:10:53.481 E/yck_GO-CountryCodeConstant(29961):  Thread: main
06-22 12:10:53.481 E/yck_GO-CountryCodeConstant(29961): 
06-22 12:10:53.481 E/yck_GO-CountryCodeConstant(29961):  c.a  (null:500)
06-22 12:10:53.481 E/yck_GO-CountryCodeConstant(29961):     a.a  (null:50)
06-22 12:10:53.481 E/yck_GO-CountryCodeConstant(29961):        a.b  (null:72)
06-22 12:10:53.481 E/yck_GO-CountryCodeConstant(29961): 
06-22 12:10:53.481 E/yck_GO-CountryCodeConstant(29961):  getappGPS
06-22 12:10:53.482 E/yck_GO-CountryCodeConstant(29961): 
06-22 12:10:53.483 E/getNetWorkStatus(29961): networkInfo null
06-22 12:10:53.484 E/yck_GO-CountryCodeConstant(29961): 
06-22 12:10:53.484 D/alsa_route(  169): route_set_controls() set route 24
06-22 12:10:53.484 E/yck_GO-CountryCodeConstant(29961):  Thread: main
06-22 12:10:53.484 E/yck_GO-CountryCodeConstant(29961): 
06-22 12:10:53.484 E/yck_GO-CountryCodeConstant(29961):  c$7.a  (null:528)
06-22 12:10:53.484 E/yck_GO-CountryCodeConstant(29961):     a.a  (null:50)
06-22 12:10:53.484 E/yck_GO-CountryCodeConstant(29961):        a.b  (null:72)
06-22 12:10:53.484 E/yck_GO-CountryCodeConstant(29961): 
06-22 12:10:53.484 E/yck_GO-CountryCodeConstant(29961):  getonFailure:get cc failure for network is disconnect
06-22 12:10:53.484 E/yck_GO-CountryCodeConstant(29961): 
06-22 12:10:53.486 E/yck_GO-CountryCodeConstant(29961): 
06-22 12:10:53.486 E/yck_GO-CountryCodeConstant(29961):  Thread: main
06-22 12:10:53.486 E/yck_GO-CountryCodeConstant(29961): 
06-22 12:10:53.486 E/yck_GO-CountryCodeConstant(29961):  c.l  (null:581)
06-22 12:10:53.486 E/yck_GO-CountryCodeConstant(29961):     a.a  (null:50)
06-22 12:10:53.486 E/yck_GO-CountryCodeConstant(29961):        a.b  (null:72)
06-22 12:10:53.486 E/yck_GO-CountryCodeConstant(29961): 
06-22 12:10:53.486 E/yck_GO-CountryCodeConstant(29961):  p4p-uuuu:ProductType=Orange2,ddd=false
06-22 12:10:53.486 E/yck_GO-CountryCodeConstant(29961): 
06-22 12:10:53.489 E/yck_GO-CountryCodeConstant(29961): 
06-22 12:10:53.489 E/yck_GO-CountryCodeConstant(29961):  Thread: main
06-22 12:10:53.489 E/yck_GO-CountryCodeConstant(29961): 
06-22 12:10:53.489 E/yck_GO-CountryCodeConstant(29961):  b.a  (null:76)
06-22 12:10:53.489 E/yck_GO-CountryCodeConstant(29961):     a.a  (null:64)
06-22 12:10:53.489 E/yck_GO-CountryCodeConstant(29961):        a.b  (null:72)
06-22 12:10:53.489 E/yck_GO-CountryCodeConstant(29961): 
06-22 12:10:53.489 E/yck_GO-CountryCodeConstant(29961):  mStrategyValue:UAV_GPS > MOBILE_GPS > MCC > NO_GPS:
06-22 12:10:53.489 E/yck_GO-CountryCodeConstant(29961): 
06-22 12:10:53.490 E/yck_GO-CountryCodeConstant(29961): 
06-22 12:10:53.491 E/yck_GO-CountryCodeConstant(29961):  Thread: main
06-22 12:10:53.491 E/yck_GO-CountryCodeConstant(29961): 
06-22 12:10:53.491 E/yck_GO-CountryCodeConstant(29961):  b.a  (null:83)
06-22 12:10:53.491 E/yck_GO-CountryCodeConstant(29961):     a.a  (null:64)
06-22 12:10:53.491 E/yck_GO-CountryCodeConstant(29961):        a.b  (null:72)
06-22 12:10:53.491 E/yck_GO-CountryCodeConstant(29961): 
06-22 12:10:53.491 E/yck_GO-CountryCodeConstant(29961):  mStrategyValue:bus-error:[Ljava.lang.String;@2d2ee2d2
06-22 12:10:53.491 E/yck_GO-CountryCodeConstant(29961): 
06-22 12:10:53.493 I/WifiNative-HAL(  503): startHal
06-22 12:10:53.494 E/yck_GO-CountryCodeConstant(29961): 
06-22 12:10:53.494 E/yck_GO-CountryCodeConstant(29961):  Thread: main
06-22 12:10:53.494 E/yck_GO-CountryCodeConstant(29961): 
06-22 12:10:53.494 E/yck_GO-CountryCodeConstant(29961):  c.l  (null:615)
06-22 12:10:53.494 E/yck_GO-CountryCodeConstant(29961):     a.a  (null:50)
06-22 12:10:53.494 E/yck_GO-CountryCodeConstant(29961):        a.b  (null:72)
06-22 12:10:53.494 E/yck_GO-CountryCodeConstant(29961): 
06-22 12:10:53.494 E/yck_GO-CountryCodeConstant(29961):   yckProductManager=Orange2set,5G=false,= is motor up=false
06-22 12:10:53.494 E/yck_GO-CountryCodeConstant(29961): 
06-22 12:10:53.496 E/yck_GO-CountryCodeConstant(29961): 
06-22 12:10:53.496 E/yck_GO-CountryCodeConstant(29961):  Thread: main
06-22 12:10:53.496 E/yck_GO-CountryCodeConstant(29961): 
06-22 12:10:53.496 E/yck_GO-CountryCodeConstant(29961):  c.l  (null:623)
06-22 12:10:53.496 E/yck_GO-CountryCodeConstant(29961):     a.a  (null:50)
06-22 12:10:53.496 E/yck_GO-CountryCodeConstant(29961):        a.b  (null:72)
06-22 12:10:53.497 E/yck_GO-CountryCodeConstant(29961): 
06-22 12:10:53.497 E/yck_GO-CountryCodeConstant(29961):  pType isRemoteSeted=false pType=Orange2 yckUpStatusHelper.isUpProgressing()=false yckActiveLauncher.isInActive()=false sn=true
06-22 12:10:53.497 E/yck_GO-CountryCodeConstant(29961): 
06-22 12:10:53.498 E/yck_GO-CountryCodeConstant(29961): 
06-22 12:10:53.498 E/yck_GO-CountryCodeConstant(29961):  Thread: main
06-22 12:10:53.498 E/yck_GO-CountryCodeConstant(29961): 
06-22 12:10:53.498 E/yck_GO-CountryCodeConstant(29961):  c.l  (null:628)
06-22 12:10:53.498 E/yck_GO-CountryCodeConstant(29961):     a.a  (null:50)
06-22 12:10:53.498 E/yck_GO-CountryCodeConstant(29961):        a.b  (null:72)
06-22 12:10:53.498 E/yck_GO-CountryCodeConstant(29961): 
06-22 12:10:53.498 E/yck_GO-CountryCodeConstant(29961):  sn
06-22 12:10:53.498 E/yck_GO-CountryCodeConstant(29961): 
06-22 12:10:53.500 E/yck_GO-CountryCodeConstant(29961): 
06-22 12:10:53.501 E/yck_GO-CountryCodeConstant(29961):  Thread: main
06-22 12:10:53.501 E/yck_GO-CountryCodeConstant(29961): 
06-22 12:10:53.501 E/yck_GO-CountryCodeConstant(29961):  b.a  (null:212)
06-22 12:10:53.501 E/yck_GO-CountryCodeConstant(29961):     a.a  (null:50)
06-22 12:10:53.501 E/yck_GO-CountryCodeConstant(29961):        a.b  (null:72)
06-22 12:10:53.501 E/yck_GO-CountryCodeConstant(29961): 
06-22 12:10:53.501 E/yck_GO-CountryCodeConstant(29961):  get
06-22 12:10:53.501 E/yck_GO-CountryCodeConstant(29961): 
06-22 12:10:53.512 D/AlarmManagerService(  503): Kernel timezone updated to -480 minutes west of GMT
06-22 12:10:53.512 E/yckUpgradeService(29961): onCreate
06-22 12:10:53.516 I/LatinIME:LogUtils( 1828): Dictionary info: dictionary = UserHistoryDictionary.en_US.dic ; version = ? ; date = 1498104653
06-22 12:10:53.519 I/f       (29961): enter e
06-22 12:10:53.519 D/yckUpdateService RKUpdateReceiver(  999): UpdateServiceAction = android.intent.action.USER_PRESENT
06-22 12:10:53.519 D/yckUpdateService RKUpdateReceiver(  999): xx ACTION_USER_PRESENT
06-22 12:10:53.520 W/BroadcastQueue(  503): Permission Denial: broadcasting Intent { act=android.intent.action.USER_PRESENT flg=0x24000010 } from com.android.systemui (pid=712, uid=10013) is not exported from uid 10002 due to receiver yck.kdapp.v4/cn.jpush.android.service.PushReceiver
06-22 12:10:53.522 E/tony-yckUpgradeService(29961): 12:10:53  onCreate disconnect
06-22 12:10:53.527 E/tony-yckUpgradeService(29961): 12:10:53  disconnect
06-22 12:10:53.528 E/tony-yckUpStatusHelper(29961): 12:10:53  reset
06-22 12:10:53.531 E/yckPackManager(29961): DataCameraEvent setConnectType cmdSet=IDLE
06-22 12:10:53.532 E/tony-yckUpStatusOfflineHelper(29961): 12:10:53  isOfflineServerInfo getDevice1=rc001
06-22 12:10:53.533 E/tony-yckUpStatusOfflineHelper(29961): 12:10:53  isOfflineServerInfo getDevice2=wm620
06-22 12:10:53.534 E/getNetWorkStatus(29961): networkInfo null
06-22 12:10:53.534 E/tony-c  (29961): 12:10:53  isOfflineEnableMode false
06-22 12:10:53.535 E/yckUpgradeService(29961): onStartCommand
06-22 12:10:53.537 D/b       (29961): registerDeviceUrl onFailure=unknownHostExceptioncan't resolve host
06-22 12:10:53.541 E/        (29961): dateunknownHostExceptioncan't resolve host
06-22 12:10:53.544 D/AudioHardwareTiny(  169): close device
06-22 12:10:53.602 D/b       (29961): yckA logEvent <Dgo_appset>
06-22 12:10:53.605 E/agps    (29961): agps download fail code=0
06-22 12:10:53.605 W/Tinker.UpgradePatchRetry(29961): onPatchRetryLoad retry info not exist, just return
06-22 12:10:53.626 I/XINGE   ( 1668): [TpnsChannel] Connect to Xinge Server failed!
06-22 12:10:53.737 I/WebViewFactory(29961): Loading com.android.webview version 39 (eng.gl300-arm) (code 399991)
06-22 12:10:53.807 I/LibraryLoader(29961): Time to load native libraries: 12 ms (timestamps 7175-7187)
06-22 12:10:53.807 I/LibraryLoader(29961): Expected native library version number "",actual native library version number ""
06-22 12:10:53.827 V/WebViewChromiumFactoryProvider(29961): Binding Chromium to main looper Looper (main, tid 1) {3bfb3343}
06-22 12:10:53.828 I/LibraryLoader(29961): Expected native library version number "",actual native library version number ""
06-22 12:10:53.829 I/chromium(29961): [INFO:library_loader_hooks.cc(104)] Chromium logging enabled: level = 0, default verbosity = 0
06-22 12:10:53.848 I/BrowserStartupController(29961): Initializing chromium process, singleProcess=true
06-22 12:10:53.849 W/art     (29961): Attempt to remove local handle scope entry from IRT, ignoring
06-22 12:10:53.853 W/chromium(29961): [WARNING:dns_config_service_posix.cc(293)] Failed to read DnsConfig.
06-22 12:10:53.858 W/chromium(29961): [WARNING:resource_bundle.cc(304)] locale_file_path.empty()
06-22 12:10:53.859 I/chromium(29961): [INFO:aw_browser_main_parts.cc(65)] Load from apk succesful, fd=104 off=46184 len=3037
06-22 12:10:53.859 I/chromium(29961): [INFO:aw_browser_main_parts.cc(78)] Loading webviewchromium.pak from, fd:105 off:229484 len:1089587
06-22 12:10:53.866 I/mali_so (29961): [File] : hardware/arm/maliT760/driver/product/base/src/mali_base_kbase.c; [Line] : 780; [Func] : base_context_deal_with_version_affairs_rk_ext;
06-22 12:10:53.866 I/mali_so (29961): arm_release_ver of this mali_so is 'r6p0-02rel0', rk_so_ver is '12@0', built at '19:28:37', on 'Nov  8 2016'.
06-22 12:10:53.866 I/mali_so (29961): [File] : hardware/arm/maliT760/driver/product/base/src/mali_base_kbase.c; [Line] : 807; [Func] : base_context_deal_with_version_affairs_rk_ext;
06-22 12:10:53.866 I/mali_so (29961): mali_ver_property has been set to 'r6p0-02rel0-13-12@0', to return.
06-22 12:10:53.929 W/chromium(29961): [WARNING:data_reduction_proxy_settings.cc(331)] SPDY proxy OFF at startup
06-22 12:10:53.959 W/art     (29961): Attempt to remove local handle scope entry from IRT, ignoring
06-22 12:10:53.963 W/AwContents(29961): onDetachedFromWindow called when already detached. Ignoring
06-22 12:10:53.964 W/ScreenOrientationListener(29961): Removing an inexistent observer!
06-22 12:10:54.013 V/u-blox  (  503): CUbxGpsState::printStd: LEG: Sent the following UTC time for aiding the receiver: 2017.06.22 04:10:54.013777086 (GPS: 1954wn:360671013ms:000777086ns) Accuracy: 00:00:20.000000000
06-22 12:10:54.059 V/u-blox  (  503): CUbxGpsState::printStd: LEG: Successfully aided the receiver with the current time!
06-22 12:10:54.330 D/yckUpgradeControl(29961): date MSG_INIT true
06-22 12:10:54.332 E/getNetWorkStatus(29961): networkInfo null
06-22 12:10:54.413 E/yckUpgradeControl(29961): packListModel =yck.pilot.publics.model.yckUpgradePackListModel@c8aee6d
06-22 12:10:54.585 W/System.err(29961): java.net.UnknownHostException: Unable to resolve host "adash.m.taobao.com": No address associated with hostname
06-22 12:10:54.586 W/System.err(29961): 	at java.net.InetAddress.lookupHostByName(InetAddress.java:457)
06-22 12:10:54.586 W/System.err(29961): 	at java.net.InetAddress.getAllByNameImpl(InetAddress.java:252)
06-22 12:10:54.586 W/System.err(29961): 	at java.net.InetAddress.getAllByName(InetAddress.java:215)
06-22 12:10:54.586 W/System.err(29961): 	at com.android.okhttp.HostResolver$1.getAllByName(HostResolver.java:29)
06-22 12:10:54.586 W/System.err(29961): 	at com.android.okhttp.internal.http.RouteSelector.resetNextInetSocketAddress(RouteSelector.java:232)
06-22 12:10:54.586 W/System.err(29961): 	at com.android.okhttp.internal.http.RouteSelector.next(RouteSelector.java:124)
06-22 12:10:54.587 W/System.err(29961): 	at com.android.okhttp.internal.http.HttpEngine.connect(HttpEngine.java:272)
06-22 12:10:54.587 W/System.err(29961): 	at com.android.okhttp.internal.http.HttpEngine.sendRequest(HttpEngine.java:211)
06-22 12:10:54.587 W/System.err(29961): 	at com.android.okhttp.internal.http.HttpURLConnectionImpl.execute(HttpURLConnectionImpl.java:382)
06-22 12:10:54.587 W/System.err(29961): 	at com.android.okhttp.internal.http.HttpURLConnectionImpl.connect(HttpURLConnectionImpl.java:106)
06-22 12:10:54.587 W/System.err(29961): 	at com.ut.mini.d.d.a(Unknown Source)
06-22 12:10:54.588 W/System.err(29961): 	at com.ut.mini.core.e.a.b$a.run(Unknown Source)
06-22 12:10:54.588 W/System.err(29961): Caused by: android.system.GaiException: android_getaddrinfo failed: EAI_NODATA (No address associated with hostname)
06-22 12:10:54.590 W/System.err(29961): 	at libcore.io.Posix.android_getaddrinfo(Native Method)
06-22 12:10:54.590 W/System.err(29961): 	at libcore.io.ForwardingOs.android_getaddrinfo(ForwardingOs.java:55)
06-22 12:10:54.590 W/System.err(29961): 	at java.net.InetAddress.lookupHostByName(InetAddress.java:438)
06-22 12:10:54.590 W/System.err(29961): 	... 11 more
06-22 12:10:55.277 V/u-blox  (  503): CUbxGpsState::printStd: LEG: Receiver Aiding State Transfer finished successfully!
06-22 12:10:55.277 V/u-blox  (  503): CUbxGpsState::finished: Transfer of Receiver Aiding State data has been successful!
06-22 12:10:56.607 W/System.err(29961): java.net.UnknownHostException: Unable to resolve host "adash.m.taobao.com": No address associated with hostname
06-22 12:10:56.609 W/System.err(29961): 	at java.net.InetAddress.lookupHostByName(InetAddress.java:457)
06-22 12:10:56.609 W/System.err(29961): 	at java.net.InetAddress.getAllByNameImpl(InetAddress.java:252)
06-22 12:10:56.610 W/System.err(29961): 	at java.net.InetAddress.getAllByName(InetAddress.java:215)
06-22 12:10:56.610 W/System.err(29961): 	at com.android.okhttp.HostResolver$1.getAllByName(HostResolver.java:29)
06-22 12:10:56.610 W/System.err(29961): 	at com.android.okhttp.internal.http.RouteSelector.resetNextInetSocketAddress(RouteSelector.java:232)
06-22 12:10:56.610 W/System.err(29961): 	at com.android.okhttp.internal.http.RouteSelector.next(RouteSelector.java:124)
06-22 12:10:56.610 W/System.err(29961): 	at com.android.okhttp.internal.http.HttpEngine.connect(HttpEngine.java:272)
06-22 12:10:56.611 W/System.err(29961): 	at com.android.okhttp.internal.http.HttpEngine.sendRequest(HttpEngine.java:211)
06-22 12:10:56.611 W/System.err(29961): 	at com.android.okhttp.internal.http.HttpURLConnectionImpl.execute(HttpURLConnectionImpl.java:382)
06-22 12:10:56.611 W/System.err(29961): 	at com.android.okhttp.internal.http.HttpURLConnectionImpl.connect(HttpURLConnectionImpl.java:106)
06-22 12:10:56.611 W/System.err(29961): 	at com.ut.mini.d.d.a(Unknown Source)
06-22 12:10:56.611 W/System.err(29961): 	at com.ut.mini.core.e.a.b$a.run(Unknown Source)
06-22 12:10:56.612 W/System.err(29961): Caused by: android.system.GaiException: android_getaddrinfo failed: EAI_NODATA (No address associated with hostname)
06-22 12:10:56.613 W/System.err(29961): 	at libcore.io.Posix.android_getaddrinfo(Native Method)
06-22 12:10:56.613 W/System.err(29961): 	at libcore.io.ForwardingOs.android_getaddrinfo(ForwardingOs.java:55)
06-22 12:10:56.613 W/System.err(29961): 	at java.net.InetAddress.lookupHostByName(InetAddress.java:438)
06-22 12:10:56.613 W/System.err(29961): 	... 11 more
06-22 12:11:00.040 D/ViewRootImpl(  712): 2048<<<<<< BACK FROM relayoutnull
06-22 12:11:00.627 W/System.err(29961): java.net.UnknownHostException: Unable to resolve host "adash.m.taobao.com": No address associated with hostname
06-22 12:11:00.628 W/System.err(29961): 	at java.net.InetAddress.lookupHostByName(InetAddress.java:457)
06-22 12:11:00.628 W/System.err(29961): 	at java.net.InetAddress.getAllByNameImpl(InetAddress.java:252)
06-22 12:11:00.628 W/System.err(29961): 	at java.net.InetAddress.getAllByName(InetAddress.java:215)
06-22 12:11:00.629 W/System.err(29961): 	at com.android.okhttp.HostResolver$1.getAllByName(HostResolver.java:29)
06-22 12:11:00.629 W/System.err(29961): 	at com.android.okhttp.internal.http.RouteSelector.resetNextInetSocketAddress(RouteSelector.java:232)
06-22 12:11:00.629 W/System.err(29961): 	at com.android.okhttp.internal.http.RouteSelector.next(RouteSelector.java:124)
06-22 12:11:00.629 W/System.err(29961): 	at com.android.okhttp.internal.http.HttpEngine.connect(HttpEngine.java:272)
06-22 12:11:00.629 W/System.err(29961): 	at com.android.okhttp.internal.http.HttpEngine.sendRequest(HttpEngine.java:211)
06-22 12:11:00.630 W/System.err(29961): 	at com.android.okhttp.internal.http.HttpURLConnectionImpl.execute(HttpURLConnectionImpl.java:382)
06-22 12:11:00.630 W/System.err(29961): 	at com.android.okhttp.internal.http.HttpURLConnectionImpl.connect(HttpURLConnectionImpl.java:106)
06-22 12:11:00.630 W/System.err(29961): 	at com.ut.mini.d.d.a(Unknown Source)
06-22 12:11:00.630 W/System.err(29961): 	at com.ut.mini.core.e.a.b$a.run(Unknown Source)
06-22 12:11:00.630 W/System.err(29961): Caused by: android.system.GaiException: android_getaddrinfo failed: EAI_NODATA (No address associated with hostname)
06-22 12:11:00.631 W/System.err(29961): 	at libcore.io.Posix.android_getaddrinfo(Native Method)
06-22 12:11:00.632 W/System.err(29961): 	at libcore.io.ForwardingOs.android_getaddrinfo(ForwardingOs.java:55)
06-22 12:11:00.632 W/System.err(29961): 	at java.net.InetAddress.lookupHostByName(InetAddress.java:438)
06-22 12:11:00.632 W/System.err(29961): 	... 11 more
06-22 12:11:04.648 W/System.err(29961): java.net.UnknownHostException: Unable to resolve host "adash.m.taobao.com": No address associated with hostname
06-22 12:11:04.649 W/System.err(29961): 	at java.net.InetAddress.lookupHostByName(InetAddress.java:457)
06-22 12:11:04.649 W/System.err(29961): 	at java.net.InetAddress.getAllByNameImpl(InetAddress.java:252)
06-22 12:11:04.649 W/System.err(29961): 	at java.net.InetAddress.getAllByName(InetAddress.java:215)
06-22 12:11:04.650 W/System.err(29961): 	at com.android.okhttp.HostResolver$1.getAllByName(HostResolver.java:29)
06-22 12:11:04.650 W/System.err(29961): 	at com.android.okhttp.internal.http.RouteSelector.resetNextInetSocketAddress(RouteSelector.java:232)
06-22 12:11:04.650 W/System.err(29961): 	at com.android.okhttp.internal.http.RouteSelector.next(RouteSelector.java:124)
06-22 12:11:04.650 W/System.err(29961): 	at com.android.okhttp.internal.http.HttpEngine.connect(HttpEngine.java:272)
06-22 12:11:04.650 W/System.err(29961): 	at com.android.okhttp.internal.http.HttpEngine.sendRequest(HttpEngine.java:211)
06-22 12:11:04.651 W/System.err(29961): 	at com.android.okhttp.internal.http.HttpURLConnectionImpl.execute(HttpURLConnectionImpl.java:382)
06-22 12:11:04.651 W/System.err(29961): 	at com.android.okhttp.internal.http.HttpURLConnectionImpl.connect(HttpURLConnectionImpl.java:106)
06-22 12:11:04.651 W/System.err(29961): 	at com.ut.mini.d.d.a(Unknown Source)
06-22 12:11:04.651 W/System.err(29961): 	at com.ut.mini.core.e.a.b$a.run(Unknown Source)
06-22 12:11:04.651 W/System.err(29961): Caused by: android.system.GaiException: android_getaddrinfo failed: EAI_NODATA (No address associated with hostname)
06-22 12:11:04.653 W/System.err(29961): 	at libcore.io.Posix.android_getaddrinfo(Native Method)
06-22 12:11:04.653 W/System.err(29961): 	at libcore.io.ForwardingOs.android_getaddrinfo(ForwardingOs.java:55)
06-22 12:11:04.653 W/System.err(29961): 	at java.net.InetAddress.lookupHostByName(InetAddress.java:438)
06-22 12:11:04.653 W/System.err(29961): 	... 11 more
06-22 12:11:06.955 I/ActivityManagerService(  503): Waited long enough for: ServiceRecord{192c3145 u0 yck.kdapp.v4/yck.dbox.upgrade.p4.statemachine.yckUpgradeService}
06-22 12:11:12.671 W/System.err(29961): java.net.UnknownHostException: Unable to resolve host "adash.m.taobao.com": No address associated with hostname
06-22 12:11:12.672 W/System.err(29961): 	at java.net.InetAddress.lookupHostByName(InetAddress.java:457)
06-22 12:11:12.672 W/System.err(29961): 	at java.net.InetAddress.getAllByNameImpl(InetAddress.java:252)
06-22 12:11:12.672 W/System.err(29961): 	at java.net.InetAddress.getAllByName(InetAddress.java:215)
06-22 12:11:12.672 W/System.err(29961): 	at com.android.okhttp.HostResolver$1.getAllByName(HostResolver.java:29)
06-22 12:11:12.673 W/System.err(29961): 	at com.android.okhttp.internal.http.RouteSelector.resetNextInetSocketAddress(RouteSelector.java:232)
06-22 12:11:12.673 W/System.err(29961): 	at com.android.okhttp.internal.http.RouteSelector.next(RouteSelector.java:124)
06-22 12:11:12.673 W/System.err(29961): 	at com.android.okhttp.internal.http.HttpEngine.connect(HttpEngine.java:272)
06-22 12:11:12.673 W/System.err(29961): 	at com.android.okhttp.internal.http.HttpEngine.sendRequest(HttpEngine.java:211)
06-22 12:11:12.674 W/System.err(29961): 	at com.android.okhttp.internal.http.HttpURLConnectionImpl.execute(HttpURLConnectionImpl.java:382)
06-22 12:11:12.674 W/System.err(29961): 	at com.android.okhttp.internal.http.HttpURLConnectionImpl.connect(HttpURLConnectionImpl.java:106)
06-22 12:11:12.674 W/System.err(29961): 	at com.ut.mini.d.d.a(Unknown Source)
06-22 12:11:12.674 W/System.err(29961): 	at com.ut.mini.core.e.a.b$a.run(Unknown Source)
06-22 12:11:12.674 W/System.err(29961): Caused by: android.system.GaiException: android_getaddrinfo failed: EAI_NODATA (No address associated with hostname)
06-22 12:11:12.676 W/System.err(29961): 	at libcore.io.Posix.android_getaddrinfo(Native Method)
06-22 12:11:12.676 W/System.err(29961): 	at libcore.io.ForwardingOs.android_getaddrinfo(ForwardingOs.java:55)
06-22 12:11:12.676 W/System.err(29961): 	at java.net.InetAddress.lookupHostByName(InetAddress.java:438)
06-22 12:11:12.676 W/System.err(29961): 	... 11 more
06-22 12:11:20.688 W/System.err(29961): java.net.UnknownHostException: Unable to resolve host "adash.m.taobao.com": No address associated with hostname
06-22 12:11:20.688 W/System.err(29961): 	at java.net.InetAddress.lookupHostByName(InetAddress.java:457)
06-22 12:11:20.688 W/System.err(29961): 	at java.net.InetAddress.getAllByNameImpl(InetAddress.java:252)
06-22 12:11:20.688 W/System.err(29961): 	at java.net.InetAddress.getAllByName(InetAddress.java:215)
06-22 12:11:20.688 W/System.err(29961): 	at com.android.okhttp.HostResolver$1.getAllByName(HostResolver.java:29)
06-22 12:11:20.689 W/System.err(29961): 	at com.android.okhttp.internal.http.RouteSelector.resetNextInetSocketAddress(RouteSelector.java:232)
06-22 12:11:20.689 W/System.err(29961): 	at com.android.okhttp.internal.http.RouteSelector.next(RouteSelector.java:124)
06-22 12:11:20.689 W/System.err(29961): 	at com.android.okhttp.internal.http.HttpEngine.connect(HttpEngine.java:272)
06-22 12:11:20.689 W/System.err(29961): 	at com.android.okhttp.internal.http.HttpEngine.sendRequest(HttpEngine.java:211)
06-22 12:11:20.689 W/System.err(29961): 	at com.android.okhttp.internal.http.HttpURLConnectionImpl.execute(HttpURLConnectionImpl.java:382)
06-22 12:11:20.689 W/System.err(29961): 	at com.android.okhttp.internal.http.HttpURLConnectionImpl.connect(HttpURLConnectionImpl.java:106)
06-22 12:11:20.689 W/System.err(29961): 	at com.ut.mini.d.d.a(Unknown Source)
06-22 12:11:20.689 W/System.err(29961): 	at com.ut.mini.core.e.a.b$a.run(Unknown Source)
06-22 12:11:20.689 W/System.err(29961): Caused by: android.system.GaiException: android_getaddrinfo failed: EAI_NODATA (No address associated with hostname)
06-22 12:11:20.689 W/System.err(29961): 	at libcore.io.Posix.android_getaddrinfo(Native Method)
06-22 12:11:20.689 W/System.err(29961): 	at libcore.io.ForwardingOs.android_getaddrinfo(ForwardingOs.java:55)
06-22 12:11:20.689 W/System.err(29961): 	at java.net.InetAddress.lookupHostByName(InetAddress.java:438)
06-22 12:11:20.689 W/System.err(29961): 	... 11 more
06-22 12:11:27.831 I/ActivityStackSupervisor(  503): START u0 {act=android.intent.action.MAIN cat=[android.intent.category.LAUNCHER] flg=0x10200000 cmp=yck.kdapp.v4/yck.pilot.main.activity.yckLauncherActivity (has extras)} from uid 1000 on display 0
06-22 12:11:27.834 I/System.out(  503): yck.pilot.main.activity.yckLauncherActivityaddAppToken taskId:11
06-22 12:11:27.835 D/WindowManagerService(  503): null  ==========setInputFocusLw ==========  =======
06-22 12:11:27.851 E/yck GO START(29961): step 1 yckLauncherActivity  onCreate 1498104687851
06-22 12:11:27.854 I/ActivityStackSupervisor(  503): START u0 {flg=0x10200000 cmp=yck.kdapp.v4/yck.pilot.home.cs.activity.yckCsMainActivity} from uid 10002 on display 0
06-22 12:11:27.856 I/System.out(  503): yck.pilot.home.cs.activity.yckCsMainActivityaddAppToken taskId:11
06-22 12:11:27.857 D/AudioHardwareTiny(  169): start_output_stream
06-22 12:11:27.858 D/alsa_route(  169): route_info->sound_card 0, route_info->devices 0
06-22 12:11:27.858 D/alsa_route(  169): route_set_controls() set route 0
06-22 12:11:27.870 W/GooglePlayServicesUtil(29961): Google Play services is missing.
06-22 12:11:28.147 D/InputMethodManagerService(  503): --- calledFromForegroundUserOrSystemProcess ? calling uid = 1000 system uid = 1000 calling userId = 0, foreground user id = 0, calling pid = 503com.android.server.wm.WindowManagerService.openSession(WindowManagerService.java:10664)
06-22 12:11:28.148 V/WindowManagerService(  503): Adding window Window{20972b05 u0 Starting yck.kdapp.v4} at 3 of 6 (after Window{380d1ad5 u0 yck.system.launcher/yck.system.launcher.activity.QSActivity})
06-22 12:11:28.150 D/OpenGLRenderer(29961): Use EGL_SWAP_BEHAVIOR_PRESERVED: true
06-22 12:11:28.151 V/WindowManagerService(  503): Adding window Window{36ee3e68 u0 Starting yck.kdapp.v4} at 4 of 7 (after Window{20972b05 u0 Starting yck.kdapp.v4})
06-22 12:11:28.151 D/Atlas   (29961): Validating map...
06-22 12:11:28.151 V/ActivityStackSupervisor(  503): Display changed displayId=0
06-22 12:11:28.152 V/WindowManagerService(  503): Adding window Window{3aee3f26 u0 yck.kdapp.v4/yck.pilot.main.activity.yckLauncherActivity} at 3 of 8 (before Window{20972b05 u0 Starting yck.kdapp.v4})
06-22 12:11:28.155 D/ViewRootImpl(  503): onAttachToWindow register content observer attrs=WM.LayoutParams{(0,0)(fillxfill)mPosX=0mPosY=0mHScale=1.0mVScale=1.0 align=RIGHT taskId=11 ty=3 fl=#1830518 pfl=0x12 wanim=0x10303e5 or=0 surfaceInsets=Rect(0, 0 - 0, 0) needsMenuKey=2packageName=yck.kdapp.v4token=Token{20e63277 ActivityRecord{219bcc76 u0 yck.kdapp.v4/yck.pilot.main.activity.yckLauncherActivity t11}}}
06-22 12:11:28.174 D/ViewRootImpl(  503): 2048<<<<<< BACK FROM relayoutWM.LayoutParams{(0,0)(fillxfill)mPosX=0mPosY=0mHScale=1.0mVScale=1.0 align=RIGHT taskId=11 sim=#20 ty=3 fl=#1830518 pfl=0x12 wanim=0x10303e5 or=0 surfaceInsets=Rect(0, 0 - 0, 0) needsMenuKey=2packageName=yck.kdapp.v4token=Token{20e63277 ActivityRecord{219bcc76 u0 yck.kdapp.v4/yck.pilot.main.activity.yckLauncherActivity t11}}}
06-22 12:11:28.175 D/ViewRootImpl(  503): onAttachToWindow register content observer attrs=WM.LayoutParams{(0,0)(fillxfill)mPosX=0mPosY=0mHScale=1.0mVScale=1.0 align=RIGHT taskId=11 ty=3 fl=#1830518 pfl=0x12 wanim=0x10303e5 or=0 surfaceInsets=Rect(0, 0 - 0, 0) needsMenuKey=2packageName=yck.kdapp.v4token=Token{9817f13 ActivityRecord{1af03a02 u0 yck.kdapp.v4/yck.pilot.home.cs.activity.yckCsMainActivity t11}}}
06-22 12:11:28.177 D/ViewRootImpl(  503): 2048<<<<<< BACK FROM relayoutWM.LayoutParams{(0,0)(fillxfill)mPosX=0mPosY=0mHScale=1.0mVScale=1.0 align=RIGHT taskId=11 sim=#20 ty=3 fl=#1830518 pfl=0x12 wanim=0x10303e5 or=0 surfaceInsets=Rect(0, 0 - 0, 0) needsMenuKey=2packageName=yck.kdapp.v4token=Token{9817f13 ActivityRecord{1af03a02 u0 yck.kdapp.v4/yck.pilot.home.cs.activity.yckCsMainActivity t11}}}
06-22 12:11:28.177 I/OpenGLRenderer(  503): Initialized EGL, version 1.4
06-22 12:11:28.182 D/ViewRootImpl(29961): onAttachToWindow register content observer attrs=WM.LayoutParams{(0,0)(fillxfill)mPosX=0mPosY=0mHScale=1.0mVScale=1.0 align=UNDEFINE taskId=11 sim=#100 ty=1 fl=#1810500 wanim=0x10303e5 or=0 surfaceInsets=Rect(0, 0 - 0, 0) needsMenuKey=2packageName=yck.kdapp.v4token=android.os.BinderProxy@4750469}
06-22 12:11:28.186 D/ViewRootImpl(29961): 2048<<<<<< BACK FROM relayoutWM.LayoutParams{(0,0)(fillxfill)mPosX=0mPosY=0mHScale=1.0mVScale=1.0 align=UNDEFINE taskId=11 sim=#120 ty=1 fl=#1810500 wanim=0x10303e5 or=0 surfaceInsets=Rect(0, 0 - 0, 0) needsMenuKey=2packageName=yck.kdapp.v4token=android.os.BinderProxy@4750469}
06-22 12:11:28.186 I/OpenGLRenderer(29961): Initialized EGL, version 1.4
06-22 12:11:28.189 D/OpenGLRenderer(29961): Enabling debug mode 0
06-22 12:11:28.220 D/ViewRootImpl(  503): onDetachedFromWindow ungister contentObserver
06-22 12:11:28.232 D/Previewer.cpp(29961): Previewer::startParseThread 0
06-22 12:11:28.232 D/Previewer.cpp(29961): Previewer::startParseThread 2
06-22 12:11:28.232 D/Previewer.cpp(29961): Previewer::startParseThread 0
06-22 12:11:28.232 D/Previewer.cpp(29961): Previewer::startParseThread 2
06-22 12:11:28.414 D/ViewRootImpl(  895): 2048<<<<<< BACK FROM relayoutnull
06-22 12:11:28.425 D/ViewRootImpl(  895): 2048<<<<<< BACK FROM relayoutWM.LayoutParams{(0,0)(fillxfill)mPosX=0mPosY=0mHScale=1.0mVScale=1.0 align=UNDEFINE taskId=3 sim=#120 ty=1 fl=#d810500 wanim=0x1030001 or=0 vsysui=0xf00 surfaceInsets=Rect(0, 0 - 0, 0) needsMenuKey=2packageName=yck.system.launchertoken=android.os.BinderProxy@fd4ba2b}
06-22 12:11:28.623 D/        (29961): sizename=xlarge
06-22 12:11:28.625 I/AssetsInstaller(29961): assetsCopyToDir runable start
06-22 12:11:28.629 I/zyx     (29961): send notice!
06-22 12:11:28.636 E/yck_GO-VerPhone(29961): 
06-22 12:11:28.636 E/yck_GO-VerPhone(29961):  Thread: main
06-22 12:11:28.636 E/yck_GO-VerPhone(29961): 
06-22 12:11:28.636 E/yck_GO-VerPhone(29961):  yckCsMainActivity.onCreate  (null:241)
06-22 12:11:28.636 E/yck_GO-VerPhone(29961):     yckVerifyPhoneManager.a  (null:94)
06-22 12:11:28.636 E/yck_GO-VerPhone(29961):        yckVerifyPhoneManager.b  (null:693)
06-22 12:11:28.636 E/yck_GO-VerPhone(29961): 
06-22 12:11:28.636 E/yck_GO-VerPhone(29961): 
06-22 12:11:28.636 E/yck_GO-VerPhone(29961):  **********init**********
06-22 12:11:28.636 E/yck_GO-VerPhone(29961): 
06-22 12:11:28.642 E/getNetWorkStatus(29961): networkInfo null
06-22 12:11:28.649 V/WindowManagerService(  503): Adding window Window{8adfdf1 u0 yck.kdapp.v4/yck.pilot.home.cs.activity.yckCsMainActivity} at 4 of 8 (before Window{36ee3e68 u0 Starting yck.kdapp.v4})
06-22 12:11:28.864 E/getNetWorkStatus(29961): networkInfo null
06-22 12:11:28.865 D/ViewRootImpl(29961): onAttachToWindow register content observer attrs=WM.LayoutParams{(0,0)(fillxfill)mPosX=0mPosY=0mHScale=1.0mVScale=1.0 align=UNDEFINE taskId=11 sim=#100 ty=1 fl=#d810500 wanim=0x10303e5 or=0 vsysui=0xf02 surfaceInsets=Rect(0, 0 - 0, 0) needsMenuKey=2packageName=yck.kdapp.v4token=android.os.BinderProxy@2ddf8736}
06-22 12:11:28.879 D/WindowManagerService(  503): Window{8adfdf1 u0 yck.kdapp.v4/yck.pilot.home.cs.activity.yckCsMainActivity}  ==========setInputFocusLw ==========  =======
06-22 12:11:28.881 D/ViewRootImpl(29961): 2048<<<<<< BACK FROM relayoutWM.LayoutParams{(0,0)(fillxfill)mPosX=0mPosY=0mHScale=1.0mVScale=1.0 align=UNDEFINE taskId=11 sim=#120 ty=1 fl=#d810500 wanim=0x10303e5 or=0 vsysui=0xf02 surfaceInsets=Rect(0, 0 - 0, 0) needsMenuKey=2packageName=yck.kdapp.v4token=android.os.BinderProxy@2ddf8736}
06-22 12:11:28.914 E/yckGlobalService(29961): onTaskCreate
06-22 12:11:28.915 E/getNetWorkStatus(29961): networkInfo null
06-22 12:11:28.916 E/ACTIVATE_NEW(29961): 2017-06-22 12:11:28:916 @
06-22 12:11:28.916 E/ACTIVATE_NEW(29961):
06-22 12:11:28.916 E/ACTIVATE_NEW(29961): ******init active*******
06-22 12:11:28.938 D/LocationManager(29961): provider does not exist provider doesn't exist: network
06-22 12:11:28.938 D/u-blox  (  503): CGpsIf::setPositionMode: (3077035136): mode=1(GPS_POSITION_MODE_MS_BASED) recurrence=0(GPS_POSITION_RECURRENCE_PERIODIC) min_interval=1000 preferred_accuracy=0 preferred_time=0
06-22 12:11:28.938 V/u-blox  (  503): CUbxGpsState::putRate: Put Rate rate=1000
06-22 12:11:28.938 V/u-blox  (  503): CUbxGpsState::writeUbxCfgRate: Send CFG-RATE rate=1000
06-22 12:11:28.938 D/LocationManager(29961): startReceivingLocationUpdates
06-22 12:11:28.942 V/u-blox  (  503): CUbxGpsState::saveAiding: Saving aiding data to /data/persistence.agnss
06-22 12:11:28.942 V/u-blox  (  503): CUbxGpsState::saveDatabase: Encoded Measurement rate!
06-22 12:11:28.942 V/u-blox  (  503): CUbxGpsState::saveDatabase: Encoded LEG Receiver Aiding State data!
06-22 12:11:28.942 V/u-blox  (  503): CUbxGpsState::saveDatabase: Create file structure for encoded data!
06-22 12:11:28.942 V/u-blox  (  503): CUbxGpsState::saveAiding: Aiding data saved succesfully
06-22 12:11:28.942 E/getNetWorkStatus(29961): networkInfo null
06-22 12:11:28.943 W/linker  (29961): libFREncrypt.so: unused DT entry: type 0x6ffffffe arg 0x1278
06-22 12:11:28.943 W/linker  (29961): libFREncrypt.so: unused DT entry: type 0x6fffffff arg 0x1
06-22 12:11:28.943 E/        (29961): pbversion:0
06-22 12:11:28.944 D/FREncrypt(29961): load lib suc
06-22 12:11:28.944 I/Verify-JNI(29961): class have find
06-22 12:11:28.944 I/Verify-JNI(29961): the signatures is :308202bb308201a3a00302010202041ffc3b4a300d06092a864886f70d01010b0500300e310c300a06035504031303646a69301e170d3133303831373039303030315a170d3338303831313039303030315a300e310c300a06035504031303646a6930820122300d06092a864886f70d01010105000382010f003082010a028201010090aa3c8896015c6222781ed60945e718fe4b944bd0150e9592552a8cb57ed94c2bc49efaec03c318870a1e256afaed5a78385e11eeaf09bcaac3c6f0c51d2a408fcb32c8dba94da845506c0f65488439d09c855985d831bff6877d3bfa2545e86447cd0e73b2aeeebb35cb235ac5a33ac643e933e8c1249d51e47f73401bb1c742a2fc48667d37f55fafa66f35ac9bb2c771555e71e056922ff291161691443a5af57637b41d0c4fc5d9b2092bcaee6eb46c868d233aa49d81fc8ec7eeeef2351347a2eb1a6df8dbd35f98ca3bc1f5cf3a4b809c2d8fbea1c8292967ba35cfa028dae9a3d805b88804c4b3eb50abb73b76c79cfd7723d217bef8bc55181b78570203010001a321301f301d0603551d0e04160414da7b8fbd437896de2633885065c89826c9510da6300d06092a864886f70d01010b05000382010100237c9e134a321c06208d3c739db48e88ec3c0b5dfa239b6a2007234fc103af72193b0d70479d788cf01c77fa379c77bad5d47205fade1a
06-22 12:11:28.944 I/Verify-JNI(29961): the signatures is same, check = 1
06-22 12:11:28.944 E/yckRecordService(29961): record service up
06-22 12:11:28.951 D/LocationManager(29961): provider does not exist provider doesn't exist: network
06-22 12:11:28.951 D/u-blox  (  503): CGpsIf::setPositionMode: (3077035136): mode=1(GPS_POSITION_MODE_MS_BASED) recurrence=0(GPS_POSITION_RECURRENCE_PERIODIC) min_interval=1000 preferred_accuracy=0 preferred_time=0
06-22 12:11:28.951 V/u-blox  (  503): CUbxGpsState::putRate: Put Rate rate=1000
06-22 12:11:28.951 V/u-blox  (  503): CUbxGpsState::writeUbxCfgRate: Send CFG-RATE rate=1000
06-22 12:11:28.952 D/LocationManager(29961): startReceivingLocationUpdates
06-22 12:11:28.953 I/FlyMonitorService(29961): StartCommand
06-22 12:11:28.954 D/        (29961): hideOfflineMapEnterIfNeeded: isLoadAmapFinal = false isEnableHereMap = true
06-22 12:11:28.955 D/InputMethodManagerService(  503): --- calledFromForegroundUserOrSystemProcess ? calling uid = 10002 system uid = 1000 calling userId = 0, foreground user id = 0, calling pid = 29961com.android.server.InputMethodManagerService.windowGainedFocus(InputMethodManagerService.java:2027)
06-22 12:11:28.955 V/InputMethodManagerService(  503): windowGainedFocus: android.os.BinderProxy@1936367c controlFlags=#104 softInputMode=#120 windowFlags=#d810500
06-22 12:11:28.956 V/InputMethodManagerService(  503): Unspecified window will hide input
06-22 12:11:28.956 V/InputMethodManagerService(  503): unbindCurrentInputLocked: client = android.os.BinderProxy@3c31f9b1
06-22 12:11:28.956 D/ViewRootImpl(  712): 2048<<<<<< BACK FROM relayoutnull
06-22 12:11:28.956 V/u-blox  (  503): CUbxGpsState::saveAiding: Saving aiding data to /data/persistence.agnss
06-22 12:11:28.956 V/InputMethodManagerService(  503): Hide switching menu
06-22 12:11:28.956 V/InputMethodManagerService(  503): switching to client: client = android.os.BinderProxy@1936367c keyguard=false
06-22 12:11:28.956 V/u-blox  (  503): CUbxGpsState::saveDatabase: Encoded Measurement rate!
06-22 12:11:28.956 V/u-blox  (  503): CUbxGpsState::saveDatabase: Encoded LEG Receiver Aiding State data!
06-22 12:11:28.956 V/u-blox  (  503): CUbxGpsState::saveDatabase: Create file structure for encoded data!
06-22 12:11:28.956 V/InputMethodManagerService(  503): Creating new session for client ClientState{6c53aba uid 10002 pid 29961}
06-22 12:11:28.956 V/u-blox  (  503): CUbxGpsState::saveAiding: Aiding data saved succesfully
06-22 12:11:28.958 V/InputMethodManagerService(  503): Disabling: SessionState{uid 1000 pid 895 method 28fa62 session 1788a7f3 channel ClientState{3c3a5fff uid 1000 pid 895} (server)}
06-22 12:11:28.958 V/InputMethodManagerService(  503): Enabling: SessionState{uid 10002 pid 29961 method 28fa62 session 1fbadd6b channel ClientState{6c53aba uid 10002 pid 29961} (server)}
06-22 12:11:29.112 D/ViewRootImpl(29961): onDetachedFromWindow ungister contentObserver
06-22 12:11:29.124 D/ViewRootImpl(  895): 2048<<<<<< BACK FROM relayoutnull
06-22 12:11:29.137 I/ActivityManagerService(  503): Displayed yck.kdapp.v4/yck.pilot.home.cs.activity.yckCsMainActivity: +962ms (total +1s301ms)
06-22 12:11:29.138 D/ViewRootImpl(  503): onDetachedFromWindow ungister contentObserver
06-22 12:11:29.257 I/AssetsInstaller(29961): assetsCopyToDir runable end
06-22 12:11:29.627 E/yckFragmentActivityNoFullScreen(29961): upgrade step OTHER
06-22 12:11:29.630 D/yckFragmentActivityNoFullScreen(29961): base activity yckUpgradeNoticeEvent
06-22 12:11:29.631 I/zyx     (29961): show notice !!!!>>>>
06-22 12:11:29.631 D/yckUpgradeControl(29961): needShowNotice =false
