09-26 11:37:51.144   683   683 W PackageManager.DexOptimizer: 	at com.android.server.SystemServer.run(SystemServer.java:346)
09-26 11:37:51.144   683   683 W PackageManager.DexOptimizer: 	at com.android.server.SystemServer.main(SystemServer.java:226)
09-26 11:37:51.144   683   683 W PackageManager.DexOptimizer: 	at java.lang.reflect.Method.invoke(Native Method)
09-26 11:37:51.144   683   683 W PackageManager.DexOptimizer: 	at com.android.internal.os.ZygoteInit$MethodAndArgsCaller.run(ZygoteInit.java:934)
09-26 11:37:51.144   683   683 W PackageManager.DexOptimizer: 	at com.android.internal.os.ZygoteInit.main(ZygoteInit.java:824)
09-26 11:37:51.145   683   683 I PackageManager.DexOptimizer: Running dexopt (dex2oat) on: /system/priv-app/Settings/Settings.apk pkg=com.android.settings isa=arm64 vmSafeMode=false debuggable=false target-filter=interpret-only oatDir = null sharedLibraries=null
09-26 11:37:51.168   854   854 I dex2oat : /system/bin/dex2oat --compiler-filter=interpret-only -j2
09-26 11:37:51.170   854   854 E dex2oat : Could not create image space with image file '/system/framework/boot.art'. Attempting to fall back to imageless running. Error was: Only the zygote can create the global boot image.
09-26 11:37:51.170   854   854 E dex2oat : Attempted image: /system/framework/boot.art
09-26 11:37:51.171   854   854 E dex2oat : Dex file fallback disabled, cannot continue without image.
09-26 11:37:51.171   854   854 E dex2oat : Failed to create runtime
09-26 11:37:51.173   854   854 I dex2oat : dex2oat took 4.791ms (threads: 2) 
09-26 11:37:51.174   364   364 E         : DexInv: --- END '/system/priv-app/Settings/Settings.apk' --- status=0x0100, process failed
09-26 11:37:51.176   683   683 W PackageManager.DexOptimizer: Failed to dexopt
09-26 11:37:51.176   683   683 W PackageManager.DexOptimizer: com.android.internal.os.InstallerConnection$InstallerException: Failed to execute dexopt [/system/priv-app/Settings/Settings.apk, 41000, com.android.settings, arm64, 1, null, 18, interpret-only, null, null]: -1
09-26 11:37:51.176   683   683 W PackageManager.DexOptimizer: 	at com.android.internal.os.InstallerConnection.execute(InstallerConnection.java:131)
09-26 11:37:51.176   683   683 W PackageManager.DexOptimizer: 	at com.android.internal.os.InstallerConnection.dexopt(InstallerConnection.java:147)
09-26 11:37:51.176   683   683 W PackageManager.DexOptimizer: 	at com.android.server.pm.Installer.dexopt(Installer.java:155)
09-26 11:37:51.176   683   683 W PackageManager.DexOptimizer: 	at com.android.server.pm.PackageDexOptimizer.performDexOptLI(PackageDexOptimizer.java:270)
09-26 11:37:51.176   683   683 W PackageManager.DexOptimizer: 	at com.android.server.pm.PackageDexOptimizer.performDexOpt(PackageDexOptimizer.java:103)
09-26 11:37:51.176   683   683 W PackageManager.DexOptimizer: 	at com.android.server.pm.PackageManagerService.performDexOptInternalWithDependenciesLI(PackageManagerService.java:7687)
09-26 11:37:51.176   683   683 W PackageManager.DexOptimizer: 	at com.android.server.pm.PackageManagerService.performDexOptInternal(PackageManagerService.java:7643)
09-26 11:37:51.176   683   683 W PackageManager.DexOptimizer: 	at com.android.server.pm.PackageManagerService.performDexOptTraced(PackageManagerService.java:7619)
09-26 11:37:51.176   683   683 W PackageManager.DexOptimizer: 	at com.android.server.pm.PackageManagerService.performDexOptUpgrade(PackageManagerService.java:7556)
09-26 11:37:51.176   683   683 W PackageManager.DexOptimizer: 	at com.android.server.pm.PackageManagerService.updatePackagesIfNeeded(PackageManagerService.java:7482)
09-26 11:37:51.176   683   683 W PackageManager.DexOptimizer: 	at com.android.server.SystemServer.startOtherServices(SystemServer.java:774)
09-26 11:37:51.176   683   683 W PackageManager.DexOptimizer: 	at com.android.server.SystemServer.run(SystemServer.java:346)
09-26 11:37:51.176   683   683 W PackageManager.DexOptimizer: 	at com.android.server.SystemServer.main(SystemServer.java:226)
09-26 11:37:51.176   683   683 W PackageManager.DexOptimizer: 	at java.lang.reflect.Method.invoke(Native Method)
09-26 11:37:51.176   683   683 W PackageManager.DexOptimizer: 	at com.android.internal.os.ZygoteInit$MethodAndArgsCaller.run(ZygoteInit.java:934)
09-26 11:37:51.176   683   683 W PackageManager.DexOptimizer: 	at com.android.internal.os.ZygoteInit.main(ZygoteInit.java:824)
09-26 11:37:51.177   683   683 I PackageManager.DexOptimizer: Running dexopt (dex2oat) on: /system/priv-app/TeleService/TeleService.apk pkg=com.android.phone isa=arm64 vmSafeMode=false debuggable=false target-filter=interpret-only oatDir = null sharedLibraries=null
09-26 11:37:51.198   856   856 I dex2oat : /system/bin/dex2oat --compiler-filter=interpret-only -j2
09-26 11:37:51.200   856   856 E dex2oat : Could not create image space with image file '/system/framework/boot.art'. Attempting to fall back to imageless running. Error was: Only the zygote can create the global boot image.
09-26 11:37:51.200   856   856 E dex2oat : Attempted image: /system/framework/boot.art
09-26 11:37:51.201   856   856 E dex2oat : Dex file fallback disabled, cannot continue without image.
09-26 11:37:51.201   856   856 E dex2oat : Failed to create runtime
09-26 11:37:51.202   856   856 I dex2oat : dex2oat took 4.368ms (threads: 2) 
09-26 11:37:51.204   364   364 E         : DexInv: --- END '/system/priv-app/TeleService/TeleService.apk' --- status=0x0100, process failed
09-26 11:37:51.206   683   683 W PackageManager.DexOptimizer: Failed to dexopt
09-26 11:37:51.206   683   683 W PackageManager.DexOptimizer: com.android.internal.os.InstallerConnection$InstallerException: Failed to execute dexopt [/system/priv-app/TeleService/TeleService.apk, 41001, com.android.phone, arm64, 1, null, 18, interpret-only, null, null]: -1
09-26 11:37:51.206   683   683 W PackageManager.DexOptimizer: 	at com.android.internal.os.InstallerConnection.execute(InstallerConnection.java:131)
09-26 11:37:51.206   683   683 W PackageManager.DexOptimizer: 	at com.android.internal.os.InstallerConnection.dexopt(InstallerConnection.java:147)
09-26 11:37:51.206   683   683 W PackageManager.DexOptimizer: 	at com.android.server.pm.Installer.dexopt(Installer.java:155)
09-26 11:37:51.206   683   683 W PackageManager.DexOptimizer: 	at com.android.server.pm.PackageDexOptimizer.performDexOptLI(PackageDexOptimizer.java:270)
09-26 11:37:51.206   683   683 W PackageManager.DexOptimizer: 	at com.android.server.pm.PackageDexOptimizer.performDexOpt(PackageDexOptimizer.java:103)
09-26 11:37:51.206   683   683 W PackageManager.DexOptimizer: 	at com.android.server.pm.PackageManagerService.performDexOptInternalWithDependenciesLI(PackageManagerService.java:7687)
09-26 11:37:51.206   683   683 W PackageManager.DexOptimizer: 	at com.android.server.pm.PackageManagerService.performDexOptInternal(PackageManagerService.java:7643)
09-26 11:37:51.206   683   683 W PackageManager.DexOptimizer: 	at com.android.server.pm.PackageManagerService.performDexOptTraced(PackageManagerService.java:7619)
09-26 11:37:51.206   683   683 W PackageManager.DexOptimizer: 	at com.android.server.pm.PackageManagerService.performDexOptUpgrade(PackageManagerService.java:7556)
09-26 11:37:51.206   683   683 W PackageManager.DexOptimizer: 	at com.android.server.pm.PackageManagerService.updatePackagesIfNeeded(PackageManagerService.java:7482)
09-26 11:37:51.206   683   683 W PackageManager.DexOptimizer: 	at com.android.server.SystemServer.startOtherServices(SystemServer.java:774)
09-26 11:37:51.206   683   683 W PackageManager.DexOptimizer: 	at com.android.server.SystemServer.run(SystemServer.java:346)
09-26 11:37:51.206   683   683 W PackageManager.DexOptimizer: 	at com.android.server.SystemServer.main(SystemServer.java:226)
09-26 11:37:51.206   683   683 W PackageManager.DexOptimizer: 	at java.lang.reflect.Method.invoke(Native Method)
09-26 11:37:51.206   683   683 W PackageManager.DexOptimizer: 	at com.android.internal.os.ZygoteInit$MethodAndArgsCaller.run(ZygoteInit.java:934)
09-26 11:37:51.206   683   683 W PackageManager.DexOptimizer: 	at com.android.internal.os.ZygoteInit.main(ZygoteInit.java:824)
09-26 11:37:51.206   683   683 I PackageManager.DexOptimizer: Running dexopt (dex2oat) on: /system/priv-app/Shell/Shell.apk pkg=com.android.shell isa=arm64 vmSafeMode=false debuggable=false target-filter=interpret-only oatDir = null sharedLibraries=null
09-26 11:37:51.228   858   858 I dex2oat : /system/bin/dex2oat --compiler-filter=interpret-only -j2
09-26 11:37:51.230   858   858 E dex2oat : Could not create image space with image file '/system/framework/boot.art'. Attempting to fall back to imageless running. Error was: Only the zygote can create the global boot image.
09-26 11:37:51.230   858   858 E dex2oat : Attempted image: /system/framework/boot.art
09-26 11:37:51.230   858   858 E dex2oat : Dex file fallback disabled, cannot continue without image.
09-26 11:37:51.230   858   858 E dex2oat : Failed to create runtime
09-26 11:37:51.232   858   858 I dex2oat : dex2oat took 4.498ms (threads: 2) 
09-26 11:37:51.233   364   364 E         : DexInv: --- END '/system/priv-app/Shell/Shell.apk' --- status=0x0100, process failed
09-26 11:37:51.235   683   683 W PackageManager.DexOptimizer: Failed to dexopt
09-26 11:37:51.235   683   683 W PackageManager.DexOptimizer: com.android.internal.os.InstallerConnection$InstallerException: Failed to execute dexopt [/system/priv-app/Shell/Shell.apk, 42000, com.android.shell, arm64, 1, null, 18, interpret-only, null, null]: -1
09-26 11:37:51.235   683   683 W PackageManager.DexOptimizer: 	at com.android.internal.os.InstallerConnection.execute(InstallerConnection.java:131)
09-26 11:37:51.235   683   683 W PackageManager.DexOptimizer: 	at com.android.internal.os.InstallerConnection.dexopt(InstallerConnection.java:147)
09-26 11:37:51.235   683   683 W PackageManager.DexOptimizer: 	at com.android.server.pm.Installer.dexopt(Installer.java:155)
09-26 11:37:51.235   683   683 W PackageManager.DexOptimizer: 	at com.android.server.pm.PackageDexOptimizer.performDexOptLI(PackageDexOptimizer.java:270)
09-26 11:37:51.235   683   683 W PackageManager.DexOptimizer: 	at com.android.server.pm.PackageDexOptimizer.performDexOpt(PackageDexOptimizer.java:103)
09-26 11:37:51.235   683   683 W PackageManager.DexOptimizer: 	at com.android.server.pm.PackageManagerService.performDexOptInternalWithDependenciesLI(PackageManagerService.java:7687)
09-26 11:37:51.235   683   683 W PackageManager.DexOptimizer: 	at com.android.server.pm.PackageManagerService.performDexOptInternal(PackageManagerService.java:7643)
09-26 11:37:51.235   683   683 W PackageManager.DexOptimizer: 	at com.android.server.pm.PackageManagerService.performDexOptTraced(PackageManagerService.java:7619)
09-26 11:37:51.235   683   683 W PackageManager.DexOptimizer: 	at com.android.server.pm.PackageManagerService.performDexOptUpgrade(PackageManagerService.java:7556)
09-26 11:37:51.235   683   683 W PackageManager.DexOptimizer: 	at com.android.server.pm.PackageManagerService.updatePackagesIfNeeded(PackageManagerService.java:7482)
09-26 11:37:51.235   683   683 W PackageManager.DexOptimizer: 	at com.android.server.SystemServer.startOtherServices(SystemServer.java:774)
09-26 11:37:51.235   683   683 W PackageManager.DexOptimizer: 	at com.android.server.SystemServer.run(SystemServer.java:346)
09-26 11:37:51.235   683   683 W PackageManager.DexOptimizer: 	at com.android.server.SystemServer.main(SystemServer.java:226)
09-26 11:37:51.235   683   683 W PackageManager.DexOptimizer: 	at java.lang.reflect.Method.invoke(Native Method)
09-26 11:37:51.235   683   683 W PackageManager.DexOptimizer: 	at com.android.internal.os.ZygoteInit$MethodAndArgsCaller.run(ZygoteInit.java:934)
09-26 11:37:51.235   683   683 W PackageManager.DexOptimizer: 	at com.android.internal.os.ZygoteInit.main(ZygoteInit.java:824)
09-26 11:37:51.236   683   683 I PackageManager.DexOptimizer: Running dexopt (dex2oat) on: /system/priv-app/FusedLocation/FusedLocation.apk pkg=com.android.location.fused isa=arm64 vmSafeMode=false debuggable=false target-filter=interpret-only oatDir = null sharedLibraries=/system/framework/com.android.location.provider.jar
09-26 11:37:51.258   860   860 I dex2oat : /system/bin/dex2oat --compiler-filter=interpret-only -j2
09-26 11:37:51.259   860   860 E dex2oat : Could not create image space with image file '/system/framework/boot.art'. Attempting to fall back to imageless running. Error was: Only the zygote can create the global boot image.
09-26 11:37:51.259   860   860 E dex2oat : Attempted image: /system/framework/boot.art
09-26 11:37:51.260   860   860 E dex2oat : Dex file fallback disabled, cannot continue without image.
09-26 11:37:51.260   860   860 E dex2oat : Failed to create runtime
09-26 11:37:51.262   860   860 I dex2oat : dex2oat took 4.506ms (threads: 2) 
09-26 11:37:51.263   364   364 E         : DexInv: --- END '/system/priv-app/FusedLocation/FusedLocation.apk' --- status=0x0100, process failed
09-26 11:37:51.265   683   683 W PackageManager.DexOptimizer: Failed to dexopt
09-26 11:37:51.265   683   683 W PackageManager.DexOptimizer: com.android.internal.os.InstallerConnection$InstallerException: Failed to execute dexopt [/system/priv-app/FusedLocation/FusedLocation.apk, 41000, com.android.location.fused, arm64, 1, null, 18, interpret-only, null, /system/framework/com.android.location.provider.jar]: -1
09-26 11:37:51.265   683   683 W PackageManager.DexOptimizer: 	at com.android.internal.os.InstallerConnection.execute(InstallerConnection.java:131)
09-26 11:37:51.265   683   683 W PackageManager.DexOptimizer: 	at com.android.internal.os.InstallerConnection.dexopt(InstallerConnection.java:147)
09-26 11:37:51.265   683   683 W PackageManager.DexOptimizer: 	at com.android.server.pm.Installer.dexopt(Installer.java:155)
09-26 11:37:51.265   683   683 W PackageManager.DexOptimizer: 	at com.android.server.pm.PackageDexOptimizer.performDexOptLI(PackageDexOptimizer.java:270)
09-26 11:37:51.265   683   683 W PackageManager.DexOptimizer: 	at com.android.server.pm.PackageDexOptimizer.performDexOpt(PackageDexOptimizer.java:103)
09-26 11:37:51.265   683   683 W PackageManager.DexOptimizer: 	at com.android.server.pm.PackageManagerService.performDexOptInternalWithDependenciesLI(PackageManagerService.java:7687)
09-26 11:37:51.265   683   683 W PackageManager.DexOptimizer: 	at com.android.server.pm.PackageManagerService.performDexOptInternal(PackageManagerService.java:7643)
09-26 11:37:51.265   683   683 W PackageManager.DexOptimizer: 	at com.android.server.pm.PackageManagerService.performDexOptTraced(PackageManagerService.java:7619)
09-26 11:37:51.265   683   683 W PackageManager.DexOptimizer: 	at com.android.server.pm.PackageManagerService.performDexOptUpgrade(PackageManagerService.java:7556)
09-26 11:37:51.265   683   683 W PackageManager.DexOptimizer: 	at com.android.server.pm.PackageManagerService.updatePackagesIfNeeded(PackageManagerService.java:7482)
09-26 11:37:51.265   683   683 W PackageManager.DexOptimizer: 	at com.android.server.SystemServer.startOtherServices(SystemServer.java:774)
09-26 11:37:51.265   683   683 W PackageManager.DexOptimizer: 	at com.android.server.SystemServer.run(SystemServer.java:346)
09-26 11:37:51.265   683   683 W PackageManager.DexOptimizer: 	at com.android.server.SystemServer.main(SystemServer.java:226)
09-26 11:37:51.265   683   683 W PackageManager.DexOptimizer: 	at java.lang.reflect.Method.invoke(Native Method)
09-26 11:37:51.265   683   683 W PackageManager.DexOptimizer: 	at com.android.internal.os.ZygoteInit$MethodAndArgsCaller.run(ZygoteInit.java:934)
09-26 11:37:51.265   683   683 W PackageManager.DexOptimizer: 	at com.android.internal.os.ZygoteInit.main(ZygoteInit.java:824)
09-26 11:37:51.266   683   683 I PackageManager.DexOptimizer: Running dexopt (dex2oat) on: /system/priv-app/SystemUI/SystemUI.apk pkg=com.android.systemui isa=arm64 vmSafeMode=false debuggable=false target-filter=interpret-only oatDir = null sharedLibraries=null
09-26 11:37:51.288   862   862 I dex2oat : /system/bin/dex2oat --compiler-filter=interpret-only -j2
09-26 11:37:51.290   862   862 E dex2oat : Could not create image space with image file '/system/framework/boot.art'. Attempting to fall back to imageless running. Error was: Only the zygote can create the global boot image.
09-26 11:37:51.290   862   862 E dex2oat : Attempted image: /system/framework/boot.art
09-26 11:37:51.291   862   862 E dex2oat : Dex file fallback disabled, cannot continue without image.
09-26 11:37:51.291   862   862 E dex2oat : Failed to create runtime
09-26 11:37:51.292   862   862 I dex2oat : dex2oat took 4.704ms (threads: 2) 
09-26 11:37:51.294   364   364 E         : DexInv: --- END '/system/priv-app/SystemUI/SystemUI.apk' --- status=0x0100, process failed
09-26 11:37:51.296   683   683 W PackageManager.DexOptimizer: Failed to dexopt
09-26 11:37:51.296   683   683 W PackageManager.DexOptimizer: com.android.internal.os.InstallerConnection$InstallerException: Failed to execute dexopt [/system/priv-app/SystemUI/SystemUI.apk, 50040, com.android.systemui, arm64, 1, null, 18, interpret-only, null, null]: -1
09-26 11:37:51.296   683   683 W PackageManager.DexOptimizer: 	at com.android.internal.os.InstallerConnection.execute(InstallerConnection.java:131)
09-26 11:37:51.296   683   683 W PackageManager.DexOptimizer: 	at com.android.internal.os.InstallerConnection.dexopt(InstallerConnection.java:147)
09-26 11:37:51.296   683   683 W PackageManager.DexOptimizer: 	at com.android.server.pm.Installer.dexopt(Installer.java:155)
09-26 11:37:51.296   683   683 W PackageManager.DexOptimizer: 	at com.android.server.pm.PackageDexOptimizer.performDexOptLI(PackageDexOptimizer.java:270)
09-26 11:37:51.296   683   683 W PackageManager.DexOptimizer: 	at com.android.server.pm.PackageDexOptimizer.performDexOpt(PackageDexOptimizer.java:103)
09-26 11:37:51.296   683   683 W PackageManager.DexOptimizer: 	at com.android.server.pm.PackageManagerService.performDexOptInternalWithDependenciesLI(PackageManagerService.java:7687)
09-26 11:37:51.296   683   683 W PackageManager.DexOptimizer: 	at com.android.server.pm.PackageManagerService.performDexOptInternal(PackageManagerService.java:7643)
09-26 11:37:51.296   683   683 W PackageManager.DexOptimizer: 	at com.android.server.pm.PackageManagerService.performDexOptTraced(PackageManagerService.java:7619)
09-26 11:37:51.296   683   683 W PackageManager.DexOptimizer: 	at com.android.server.pm.PackageManagerService.performDexOptUpgrade(PackageManagerService.java:7556)
09-26 11:37:51.296   683   683 W PackageManager.DexOptimizer: 	at com.android.server.pm.PackageManagerService.updatePackagesIfNeeded(PackageManagerService.java:7482)
09-26 11:37:51.296   683   683 W PackageManager.DexOptimizer: 	at com.android.server.SystemServer.startOtherServices(SystemServer.java:774)
09-26 11:37:51.296   683   683 W PackageManager.DexOptimizer: 	at com.android.server.SystemServer.run(SystemServer.java:346)
09-26 11:37:51.296   683   683 W PackageManager.DexOptimizer: 	at com.android.server.SystemServer.main(SystemServer.java:226)
09-26 11:37:51.296   683   683 W PackageManager.DexOptimizer: 	at java.lang.reflect.Method.invoke(Native Method)
09-26 11:37:51.296   683   683 W PackageManager.DexOptimizer: 	at com.android.internal.os.ZygoteInit$MethodAndArgsCaller.run(ZygoteInit.java:934)
09-26 11:37:51.296   683   683 W PackageManager.DexOptimizer: 	at com.android.internal.os.ZygoteInit.main(ZygoteInit.java:824)
09-26 11:37:51.297   683   683 I PackageManager.DexOptimizer: Running dexopt (dex2oat) on: /system/priv-app/setup/setup.apk pkg=com.dpad.setup isa=arm64 vmSafeMode=false debuggable=false target-filter=interpret-only oatDir = null sharedLibraries=null
09-26 11:37:51.319   864   864 I dex2oat : /system/bin/dex2oat --compiler-filter=interpret-only -j2
09-26 11:37:51.321   864   864 E dex2oat : Could not create image space with image file '/system/framework/boot.art'. Attempting to fall back to imageless running. Error was: Only the zygote can create the global boot image.
09-26 11:37:51.321   864   864 E dex2oat : Attempted image: /system/framework/boot.art
09-26 11:37:51.322   864   864 E dex2oat : Dex file fallback disabled, cannot continue without image.
09-26 11:37:51.322   864   864 E dex2oat : Failed to create runtime
09-26 11:37:51.323   864   864 I dex2oat : dex2oat took 4.927ms (threads: 2) 
09-26 11:37:51.324   364   364 E         : DexInv: --- END '/system/priv-app/setup/setup.apk' --- status=0x0100, process failed
09-26 11:37:51.327   683   683 W PackageManager.DexOptimizer: Failed to dexopt
09-26 11:37:51.327   683   683 W PackageManager.DexOptimizer: com.android.internal.os.InstallerConnection$InstallerException: Failed to execute dexopt [/system/priv-app/setup/setup.apk, 41000, com.dpad.setup, arm64, 1, null, 18, interpret-only, null, null]: -1
09-26 11:37:51.327   683   683 W PackageManager.DexOptimizer: 	at com.android.internal.os.InstallerConnection.execute(InstallerConnection.java:131)
09-26 11:37:51.327   683   683 W PackageManager.DexOptimizer: 	at com.android.internal.os.InstallerConnection.dexopt(InstallerConnection.java:147)
09-26 11:37:51.327   683   683 W PackageManager.DexOptimizer: 	at com.android.server.pm.Installer.dexopt(Installer.java:155)
09-26 11:37:51.327   683   683 W PackageManager.DexOptimizer: 	at com.android.server.pm.PackageDexOptimizer.performDexOptLI(PackageDexOptimizer.java:270)
09-26 11:37:51.327   683   683 W PackageManager.DexOptimizer: 	at com.android.server.pm.PackageDexOptimizer.performDexOpt(PackageDexOptimizer.java:103)
09-26 11:37:51.327   683   683 W PackageManager.DexOptimizer: 	at com.android.server.pm.PackageManagerService.performDexOptInternalWithDependenciesLI(PackageManagerService.java:7687)
09-26 11:37:51.327   683   683 W PackageManager.DexOptimizer: 	at com.android.server.pm.PackageManagerService.performDexOptInternal(PackageManagerService.java:7643)
09-26 11:37:51.327   683   683 W PackageManager.DexOptimizer: 	at com.android.server.pm.PackageManagerService.performDexOptTraced(PackageManagerService.java:7619)
09-26 11:37:51.327   683   683 W PackageManager.DexOptimizer: 	at com.android.server.pm.PackageManagerService.performDexOptUpgrade(PackageManagerService.java:7556)
09-26 11:37:51.327   683   683 W PackageManager.DexOptimizer: 	at com.android.server.pm.PackageManagerService.updatePackagesIfNeeded(PackageManagerService.java:7482)
09-26 11:37:51.327   683   683 W PackageManager.DexOptimizer: 	at com.android.server.SystemServer.startOtherServices(SystemServer.java:774)
09-26 11:37:51.327   683   683 W PackageManager.DexOptimizer: 	at com.android.server.SystemServer.run(SystemServer.java:346)
09-26 11:37:51.327   683   683 W PackageManager.DexOptimizer: 	at com.android.server.SystemServer.main(SystemServer.java:226)
09-26 11:37:51.327   683   683 W PackageManager.DexOptimizer: 	at java.lang.reflect.Method.invoke(Native Method)
09-26 11:37:51.327   683   683 W PackageManager.DexOptimizer: 	at com.android.internal.os.ZygoteInit$MethodAndArgsCaller.run(ZygoteInit.java:934)
09-26 11:37:51.327   683   683 W PackageManager.DexOptimizer: 	at com.android.internal.os.ZygoteInit.main(ZygoteInit.java:824)
09-26 11:37:51.327   683   683 I PackageManager.DexOptimizer: Running dexopt (dex2oat) on: /system/priv-app/MediaProvider/MediaProvider.apk pkg=com.android.providers.media isa=arm64 vmSafeMode=false debuggable=false target-filter=interpret-only oatDir = null sharedLibraries=null
09-26 11:37:51.349   866   866 I dex2oat : /system/bin/dex2oat --compiler-filter=interpret-only -j2
09-26 11:37:51.351   866   866 E dex2oat : Could not create image space with image file '/system/framework/boot.art'. Attempting to fall back to imageless running. Error was: Only the zygote can create the global boot image.
09-26 11:37:51.351   866   866 E dex2oat : Attempted image: /system/framework/boot.art
09-26 11:37:51.351   866   866 E dex2oat : Dex file fallback disabled, cannot continue without image.
09-26 11:37:51.351   866   866 E dex2oat : Failed to create runtime
09-26 11:37:51.353   866   866 I dex2oat : dex2oat took 4.151ms (threads: 2) 
09-26 11:37:51.354   364   364 E         : DexInv: --- END '/system/priv-app/MediaProvider/MediaProvider.apk' --- status=0x0100, process failed
09-26 11:37:51.356   683   683 W PackageManager.DexOptimizer: Failed to dexopt
09-26 11:37:51.356   683   683 W PackageManager.DexOptimizer: com.android.internal.os.InstallerConnection$InstallerException: Failed to execute dexopt [/system/priv-app/MediaProvider/MediaProvider.apk, 50004, com.android.providers.media, arm64, 1, null, 18, interpret-only, null, null]: -1
09-26 11:37:51.356   683   683 W PackageManager.DexOptimizer: 	at com.android.internal.os.InstallerConnection.execute(InstallerConnection.java:131)
09-26 11:37:51.356   683   683 W PackageManager.DexOptimizer: 	at com.android.internal.os.InstallerConnection.dexopt(InstallerConnection.java:147)
09-26 11:37:51.356   683   683 W PackageManager.DexOptimizer: 	at com.android.server.pm.Installer.dexopt(Installer.java:155)
09-26 11:37:51.356   683   683 W PackageManager.DexOptimizer: 	at com.android.server.pm.PackageDexOptimizer.performDexOptLI(PackageDexOptimizer.java:270)
09-26 11:37:51.356   683   683 W PackageManager.DexOptimizer: 	at com.android.server.pm.PackageDexOptimizer.performDexOpt(PackageDexOptimizer.java:103)
09-26 11:37:51.356   683   683 W PackageManager.DexOptimizer: 	at com.android.server.pm.PackageManagerService.performDexOptInternalWithDependenciesLI(PackageManagerService.java:7687)
09-26 11:37:51.356   683   683 W PackageManager.DexOptimizer: 	at com.android.server.pm.PackageManagerService.performDexOptInternal(PackageManagerService.java:7643)
09-26 11:37:51.356   683   683 W PackageManager.DexOptimizer: 	at com.android.server.pm.PackageManagerService.performDexOptTraced(PackageManagerService.java:7619)
09-26 11:37:51.356   683   683 W PackageManager.DexOptimizer: 	at com.android.server.pm.PackageManagerService.performDexOptUpgrade(PackageManagerService.java:7556)
09-26 11:37:51.356   683   683 W PackageManager.DexOptimizer: 	at com.android.server.pm.PackageManagerService.updatePackagesIfNeeded(PackageManagerService.java:7482)
09-26 11:37:51.356   683   683 W PackageManager.DexOptimizer: 	at com.android.server.SystemServer.startOtherServices(SystemServer.java:774)
09-26 11:37:51.356   683   683 W PackageManager.DexOptimizer: 	at com.android.server.SystemServer.run(SystemServer.java:346)
09-26 11:37:51.356   683   683 W PackageManager.DexOptimizer: 	at com.android.server.SystemServer.main(SystemServer.java:226)
09-26 11:37:51.356   683   683 W PackageManager.DexOptimizer: 	at java.lang.reflect.Method.invoke(Native Method)
09-26 11:37:51.356   683   683 W PackageManager.DexOptimizer: 	at com.android.internal.os.ZygoteInit$MethodAndArgsCaller.run(ZygoteInit.java:934)
09-26 11:37:51.356   683   683 W PackageManager.DexOptimizer: 	at com.android.internal.os.ZygoteInit.main(ZygoteInit.java:824)
09-26 11:37:51.357   683   683 I PackageManager.DexOptimizer: Running dexopt (dex2oat) on: /system/priv-app/WallpaperCropper/WallpaperCropper.apk pkg=com.android.wallpapercropper isa=arm64 vmSafeMode=false debuggable=false target-filter=interpret-only oatDir = null sharedLibraries=null
09-26 11:37:51.378   868   868 I dex2oat : /system/bin/dex2oat --compiler-filter=interpret-only -j2
09-26 11:37:51.380   868   868 E dex2oat : Could not create image space with image file '/system/framework/boot.art'. Attempting to fall back to imageless running. Error was: Only the zygote can create the global boot image.
09-26 11:37:51.380   868   868 E dex2oat : Attempted image: /system/framework/boot.art
09-26 11:37:51.381   868   868 E dex2oat : Dex file fallback disabled, cannot continue without image.
09-26 11:37:51.381   868   868 E dex2oat : Failed to create runtime
09-26 11:37:51.382   868   868 I dex2oat : dex2oat took 4.267ms (threads: 2) 
09-26 11:37:51.383   364   364 E         : DexInv: --- END '/system/priv-app/WallpaperCropper/WallpaperCropper.apk' --- status=0x0100, process failed
09-26 11:37:51.386   683   683 W PackageManager.DexOptimizer: Failed to dexopt
09-26 11:37:51.386   683   683 W PackageManager.DexOptimizer: com.android.internal.os.InstallerConnection$InstallerException: Failed to execute dexopt [/system/priv-app/WallpaperCropper/WallpaperCropper.apk, 50043, com.android.wallpapercropper, arm64, 1, null, 18, interpret-only, null, null]: -1
09-26 11:37:51.386   683   683 W PackageManager.DexOptimizer: 	at com.android.internal.os.InstallerConnection.execute(InstallerConnection.java:131)
09-26 11:37:51.386   683   683 W PackageManager.DexOptimizer: 	at com.android.internal.os.InstallerConnection.dexopt(InstallerConnection.java:147)
09-26 11:37:51.386   683   683 W PackageManager.DexOptimizer: 	at com.android.server.pm.Installer.dexopt(Installer.java:155)
09-26 11:37:51.386   683   683 W PackageManager.DexOptimizer: 	at com.android.server.pm.PackageDexOptimizer.performDexOptLI(PackageDexOptimizer.java:270)
09-26 11:37:51.386   683   683 W PackageManager.DexOptimizer: 	at com.android.server.pm.PackageDexOptimizer.performDexOpt(PackageDexOptimizer.java:103)
09-26 11:37:51.386   683   683 W PackageManager.DexOptimizer: 	at com.android.server.pm.PackageManagerService.performDexOptInternalWithDependenciesLI(PackageManagerService.java:7687)
09-26 11:37:51.386   683   683 W PackageManager.DexOptimizer: 	at com.android.server.pm.PackageManagerService.performDexOptInternal(PackageManagerService.java:7643)
09-26 11:37:51.386   683   683 W PackageManager.DexOptimizer: 	at com.android.server.pm.PackageManagerService.performDexOptTraced(PackageManagerService.java:7619)
09-26 11:37:51.386   683   683 W PackageManager.DexOptimizer: 	at com.android.server.pm.PackageManagerService.performDexOptUpgrade(PackageManagerService.java:7556)
09-26 11:37:51.386   683   683 W PackageManager.DexOptimizer: 	at com.android.server.pm.PackageManagerService.updatePackagesIfNeeded(PackageManagerService.java:7482)
09-26 11:37:51.386   683   683 W PackageManager.DexOptimizer: 	at com.android.server.SystemServer.startOtherServices(SystemServer.java:774)
09-26 11:37:51.386   683   683 W PackageManager.DexOptimizer: 	at com.android.server.SystemServer.run(SystemServer.java:346)
09-26 11:37:51.386   683   683 W PackageManager.DexOptimizer: 	at com.android.server.SystemServer.main(SystemServer.java:226)
09-26 11:37:51.386   683   683 W PackageManager.DexOptimizer: 	at java.lang.reflect.Method.invoke(Native Method)
09-26 11:37:51.386   683   683 W PackageManager.DexOptimizer: 	at com.android.internal.os.ZygoteInit$MethodAndArgsCaller.run(ZygoteInit.java:934)
09-26 11:37:51.386   683   683 W PackageManager.DexOptimizer: 	at com.android.internal.os.ZygoteInit.main(ZygoteInit.java:824)
09-26 11:37:51.387   683   683 I PackageManager.DexOptimizer: Running dexopt (dex2oat) on: /system/vendor/bundled_persist-app/AnyShare/AnyShare.apk pkg=com.lenovo.anyshare isa=arm vmSafeMode=false debuggable=false target-filter=interpret-only oatDir = null sharedLibraries=null
09-26 11:37:51.408   870   870 I dex2oat : /system/bin/dex2oat --compiler-filter=interpret-only -j2
09-26 11:37:51.410   870   870 E dex2oat : Could not create image space with image file '/system/framework/boot.art'. Attempting to fall back to imageless running. Error was: Only the zygote can create the global boot image.
09-26 11:37:51.410   870   870 E dex2oat : Attempted image: /system/framework/boot.art
09-26 11:37:51.410   870   870 E dex2oat : Dex file fallback disabled, cannot continue without image.
09-26 11:37:51.410   870   870 E dex2oat : Failed to create runtime
09-26 11:37:51.412   870   870 I dex2oat : dex2oat took 4.458ms (threads: 2) 
09-26 11:37:51.413   364   364 E         : DexInv: --- END '/system/vendor/bundled_persist-app/AnyShare/AnyShare.apk' --- status=0x0100, process failed
09-26 11:37:51.415   683   683 W PackageManager.DexOptimizer: Failed to dexopt
09-26 11:37:51.415   683   683 W PackageManager.DexOptimizer: com.android.internal.os.InstallerConnection$InstallerException: Failed to execute dexopt [/system/vendor/bundled_persist-app/AnyShare/AnyShare.apk, 50014, com.lenovo.anyshare, arm, 1, null, 18, interpret-only, null, null]: -1
09-26 11:37:51.415   683   683 W PackageManager.DexOptimizer: 	at com.android.internal.os.InstallerConnection.execute(InstallerConnection.java:131)
09-26 11:37:51.415   683   683 W PackageManager.DexOptimizer: 	at com.android.internal.os.InstallerConnection.dexopt(InstallerConnection.java:147)
09-26 11:37:51.415   683   683 W PackageManager.DexOptimizer: 	at com.android.server.pm.Installer.dexopt(Installer.java:155)
09-26 11:37:51.415   683   683 W PackageManager.DexOptimizer: 	at com.android.server.pm.PackageDexOptimizer.performDexOptLI(PackageDexOptimizer.java:270)
09-26 11:37:51.415   683   683 W PackageManager.DexOptimizer: 	at com.android.server.pm.PackageDexOptimizer.performDexOpt(PackageDexOptimizer.java:103)
09-26 11:37:51.415   683   683 W PackageManager.DexOptimizer: 	at com.android.server.pm.PackageManagerService.performDexOptInternalWithDependenciesLI(PackageManagerService.java:7687)
09-26 11:37:51.415   683   683 W PackageManager.DexOptimizer: 	at com.android.server.pm.PackageManagerService.performDexOptInternal(PackageManagerService.java:7643)
09-26 11:37:51.415   683   683 W PackageManager.DexOptimizer: 	at com.android.server.pm.PackageManagerService.performDexOptTraced(PackageManagerService.java:7619)
09-26 11:37:51.415   683   683 W PackageManager.DexOptimizer: 	at com.android.server.pm.PackageManagerService.performDexOptUpgrade(PackageManagerService.java:7556)
09-26 11:37:51.415   683   683 W PackageManager.DexOptimizer: 	at com.android.server.pm.PackageManagerService.updatePackagesIfNeeded(PackageManagerService.java:7482)
09-26 11:37:51.415   683   683 W PackageManager.DexOptimizer: 	at com.android.server.SystemServer.startOtherServices(SystemServer.java:774)
09-26 11:37:51.415   683   683 W PackageManager.DexOptimizer: 	at com.android.server.SystemServer.run(SystemServer.java:346)
09-26 11:37:51.415   683   683 W PackageManager.DexOptimizer: 	at com.android.server.SystemServer.main(SystemServer.java:226)
09-26 11:37:51.415   683   683 W PackageManager.DexOptimizer: 	at java.lang.reflect.Method.invoke(Native Method)
09-26 11:37:51.415   683   683 W PackageManager.DexOptimizer: 	at com.android.internal.os.ZygoteInit$MethodAndArgsCaller.run(ZygoteInit.java:934)
09-26 11:37:51.415   683   683 W PackageManager.DexOptimizer: 	at com.android.internal.os.ZygoteInit.main(ZygoteInit.java:824)
09-26 11:37:51.416   683   683 I PackageManager.DexOptimizer: Running dexopt (dex2oat) on: /system/priv-app/dpad_document/dpad_document.apk pkg=com.android.documentsui isa=arm64 vmSafeMode=false debuggable=false target-filter=interpret-only oatDir = null sharedLibraries=null
09-26 11:37:51.439   872   872 I dex2oat : /system/bin/dex2oat --compiler-filter=interpret-only -j2
09-26 11:37:51.441   872   872 E dex2oat : Could not create image space with image file '/system/framework/boot.art'. Attempting to fall back to imageless running. Error was: Only the zygote can create the global boot image.
09-26 11:37:51.441   872   872 E dex2oat : Attempted image: /system/framework/boot.art
09-26 11:37:51.442   872   872 E dex2oat : Dex file fallback disabled, cannot continue without image.
09-26 11:37:51.442   872   872 E dex2oat : Failed to create runtime
09-26 11:37:51.443   872   872 I dex2oat : dex2oat took 5.206ms (threads: 2) 
09-26 11:37:51.444   364   364 E         : DexInv: --- END '/system/priv-app/dpad_document/dpad_document.apk' --- status=0x0100, process failed
09-26 11:37:51.447   683   683 W PackageManager.DexOptimizer: Failed to dexopt
09-26 11:37:51.447   683   683 W PackageManager.DexOptimizer: com.android.internal.os.InstallerConnection$InstallerException: Failed to execute dexopt [/system/priv-app/dpad_document/dpad_document.apk, 41000, com.android.documentsui, arm64, 1, null, 18, interpret-only, null, null]: -1
09-26 11:37:51.447   683   683 W PackageManager.DexOptimizer: 	at com.android.internal.os.InstallerConnection.execute(InstallerConnection.java:131)
09-26 11:37:51.447   683   683 W PackageManager.DexOptimizer: 	at com.android.internal.os.InstallerConnection.dexopt(InstallerConnection.java:147)
09-26 11:37:51.447   683   683 W PackageManager.DexOptimizer: 	at com.android.server.pm.Installer.dexopt(Installer.java:155)
09-26 11:37:51.447   683   683 W PackageManager.DexOptimizer: 	at com.android.server.pm.PackageDexOptimizer.performDexOptLI(PackageDexOptimizer.java:270)
09-26 11:37:51.447   683   683 W PackageManager.DexOptimizer: 	at com.android.server.pm.PackageDexOptimizer.performDexOpt(PackageDexOptimizer.java:103)
09-26 11:37:51.447   683   683 W PackageManager.DexOptimizer: 	at com.android.server.pm.PackageManagerService.performDexOptInternalWithDependenciesLI(PackageManagerService.java:7687)
09-26 11:37:51.447   683   683 W PackageManager.DexOptimizer: 	at com.android.server.pm.PackageManagerService.performDexOptInternal(PackageManagerService.java:7643)
09-26 11:37:51.447   683   683 W PackageManager.DexOptimizer: 	at com.android.server.pm.PackageManagerService.performDexOptTraced(PackageManagerService.java:7619)
09-26 11:37:51.447   683   683 W PackageManager.DexOptimizer: 	at com.android.server.pm.PackageManagerService.performDexOptUpgrade(PackageManagerService.java:7556)
09-26 11:37:51.447   683   683 W PackageManager.DexOptimizer: 	at com.android.server.pm.PackageManagerService.updatePackagesIfNeeded(PackageManagerService.java:7482)
09-26 11:37:51.447   683   683 W PackageManager.DexOptimizer: 	at com.android.server.SystemServer.startOtherServices(SystemServer.java:774)
09-26 11:37:51.447   683   683 W PackageManager.DexOptimizer: 	at com.android.server.SystemServer.run(SystemServer.java:346)
09-26 11:37:51.447   683   683 W PackageManager.DexOptimizer: 	at com.android.server.SystemServer.main(SystemServer.java:226)
09-26 11:37:51.447   683   683 W PackageManager.DexOptimizer: 	at java.lang.reflect.Method.invoke(Native Method)
09-26 11:37:51.447   683   683 W PackageManager.DexOptimizer: 	at com.android.internal.os.ZygoteInit$MethodAndArgsCaller.run(ZygoteInit.java:934)
09-26 11:37:51.447   683   683 W PackageManager.DexOptimizer: 	at com.android.internal.os.ZygoteInit.main(ZygoteInit.java:824)
09-26 11:37:51.447   683   683 I PackageManager.DexOptimizer: Running dexopt (dex2oat) on: /system/priv-app/ExternalStorageProvider/ExternalStorageProvider.apk pkg=com.android.externalstorage isa=arm64 vmSafeMode=false debuggable=false target-filter=interpret-only oatDir = null sharedLibraries=null
09-26 11:37:51.486   874   874 I dex2oat : /system/bin/dex2oat --compiler-filter=interpret-only -j2
09-26 11:37:51.490   874   874 E dex2oat : Could not create image space with image file '/system/framework/boot.art'. Attempting to fall back to imageless running. Error was: Only the zygote can create the global boot image.
09-26 11:37:51.490   874   874 E dex2oat : Attempted image: /system/framework/boot.art
09-26 11:37:51.491   874   874 E dex2oat : Dex file fallback disabled, cannot continue without image.
09-26 11:37:51.491   874   874 E dex2oat : Failed to create runtime
09-26 11:37:51.493   874   874 I dex2oat : dex2oat took 7.391ms (threads: 2) 
09-26 11:37:51.495   364   364 E         : DexInv: --- END '/system/priv-app/ExternalStorageProvider/ExternalStorageProvider.apk' --- status=0x0100, process failed
09-26 11:37:51.499   683   683 W PackageManager.DexOptimizer: Failed to dexopt
09-26 11:37:51.499   683   683 W PackageManager.DexOptimizer: com.android.internal.os.InstallerConnection$InstallerException: Failed to execute dexopt [/system/priv-app/ExternalStorageProvider/ExternalStorageProvider.apk, 50016, com.android.externalstorage, arm64, 1, null, 18, interpret-only, null, null]: -1
09-26 11:37:51.499   683   683 W PackageManager.DexOptimizer: 	at com.android.internal.os.InstallerConnection.execute(InstallerConnection.java:131)
09-26 11:37:51.499   683   683 W PackageManager.DexOptimizer: 	at com.android.internal.os.InstallerConnection.dexopt(InstallerConnection.java:147)
09-26 11:37:51.499   683   683 W PackageManager.DexOptimizer: 	at com.android.server.pm.Installer.dexopt(Installer.java:155)
09-26 11:37:51.499   683   683 W PackageManager.DexOptimizer: 	at com.android.server.pm.PackageDexOptimizer.performDexOptLI(PackageDexOptimizer.java:270)
09-26 11:37:51.499   683   683 W PackageManager.DexOptimizer: 	at com.android.server.pm.PackageDexOptimizer.performDexOpt(PackageDexOptimizer.java:103)
09-26 11:37:51.499   683   683 W PackageManager.DexOptimizer: 	at com.android.server.pm.PackageManagerService.performDexOptInternalWithDependenciesLI(PackageManagerService.java:7687)
09-26 11:37:51.499   683   683 W PackageManager.DexOptimizer: 	at com.android.server.pm.PackageManagerService.performDexOptInternal(PackageManagerService.java:7643)
09-26 11:37:51.499   683   683 W PackageManager.DexOptimizer: 	at com.android.server.pm.PackageManagerService.performDexOptTraced(PackageManagerService.java:7619)
09-26 11:37:51.499   683   683 W PackageManager.DexOptimizer: 	at com.android.server.pm.PackageManagerService.performDexOptUpgrade(PackageManagerService.java:7556)
09-26 11:37:51.499   683   683 W PackageManager.DexOptimizer: 	at com.android.server.pm.PackageManagerService.updatePackagesIfNeeded(PackageManagerService.java:7482)
09-26 11:37:51.499   683   683 W PackageManager.DexOptimizer: 	at com.android.server.SystemServer.startOtherServices(SystemServer.java:774)
09-26 11:37:51.499   683   683 W PackageManager.DexOptimizer: 	at com.android.server.SystemServer.run(SystemServer.java:346)
09-26 11:37:51.499   683   683 W PackageManager.DexOptimizer: 	at com.android.server.SystemServer.main(SystemServer.java:226)
09-26 11:37:51.499   683   683 W PackageManager.DexOptimizer: 	at java.lang.reflect.Method.invoke(Native Method)
09-26 11:37:51.499   683   683 W PackageManager.DexOptimizer: 	at com.android.internal.os.ZygoteInit$MethodAndArgsCaller.run(ZygoteInit.java:934)
09-26 11:37:51.499   683   683 W PackageManager.DexOptimizer: 	at com.android.internal.os.ZygoteInit.main(ZygoteInit.java:824)
09-26 11:37:51.500   683   683 I PackageManager.DexOptimizer: Running dexopt (dex2oat) on: /system/app/HTMLViewer/HTMLViewer.apk pkg=com.android.htmlviewer isa=arm64 vmSafeMode=false debuggable=false target-filter=interpret-only oatDir = null sharedLibraries=null
09-26 11:37:51.541   876   876 I dex2oat : /system/bin/dex2oat --compiler-filter=interpret-only -j2
09-26 11:37:51.543   876   876 E dex2oat : Could not create image space with image file '/system/framework/boot.art'. Attempting to fall back to imageless running. Error was: Only the zygote can create the global boot image.
09-26 11:37:51.543   876   876 E dex2oat : Attempted image: /system/framework/boot.art
09-26 11:37:51.544   876   876 E dex2oat : Dex file fallback disabled, cannot continue without image.
09-26 11:37:51.544   876   876 E dex2oat : Failed to create runtime
09-26 11:37:51.545   876   876 I dex2oat : dex2oat took 5.004ms (threads: 2) 
09-26 11:37:51.546   364   364 E         : DexInv: --- END '/system/app/HTMLViewer/HTMLViewer.apk' --- status=0x0100, process failed
09-26 11:37:51.549   683   683 W PackageManager.DexOptimizer: Failed to dexopt
09-26 11:37:51.549   683   683 W PackageManager.DexOptimizer: com.android.internal.os.InstallerConnection$InstallerException: Failed to execute dexopt [/system/app/HTMLViewer/HTMLViewer.apk, 50013, com.android.htmlviewer, arm64, 1, null, 18, interpret-only, null, null]: -1
09-26 11:37:51.549   683   683 W PackageManager.DexOptimizer: 	at com.android.internal.os.InstallerConnection.execute(InstallerConnection.java:131)
09-26 11:37:51.549   683   683 W PackageManager.DexOptimizer: 	at com.android.internal.os.InstallerConnection.dexopt(InstallerConnection.java:147)
09-26 11:37:51.549   683   683 W PackageManager.DexOptimizer: 	at com.android.server.pm.Installer.dexopt(Installer.java:155)
09-26 11:37:51.549   683   683 W PackageManager.DexOptimizer: 	at com.android.server.pm.PackageDexOptimizer.performDexOptLI(PackageDexOptimizer.java:270)
09-26 11:37:51.549   683   683 W PackageManager.DexOptimizer: 	at com.android.server.pm.PackageDexOptimizer.performDexOpt(PackageDexOptimizer.java:103)
09-26 11:37:51.549   683   683 W PackageManager.DexOptimizer: 	at com.android.server.pm.PackageManagerService.performDexOptInternalWithDependenciesLI(PackageManagerService.java:7687)
09-26 11:37:51.549   683   683 W PackageManager.DexOptimizer: 	at com.android.server.pm.PackageManagerService.performDexOptInternal(PackageManagerService.java:7643)
09-26 11:37:51.549   683   683 W PackageManager.DexOptimizer: 	at com.android.server.pm.PackageManagerService.performDexOptTraced(PackageManagerService.java:7619)
09-26 11:37:51.549   683   683 W PackageManager.DexOptimizer: 	at com.android.server.pm.PackageManagerService.performDexOptUpgrade(PackageManagerService.java:7556)
09-26 11:37:51.549   683   683 W PackageManager.DexOptimizer: 	at com.android.server.pm.PackageManagerService.updatePackagesIfNeeded(PackageManagerService.java:7482)
09-26 11:37:51.549   683   683 W PackageManager.DexOptimizer: 	at com.android.server.SystemServer.startOtherServices(SystemServer.java:774)
09-26 11:37:51.549   683   683 W PackageManager.DexOptimizer: 	at com.android.server.SystemServer.run(SystemServer.java:346)
09-26 11:37:51.549   683   683 W PackageManager.DexOptimizer: 	at com.android.server.SystemServer.main(SystemServer.java:226)
09-26 11:37:51.549   683   683 W PackageManager.DexOptimizer: 	at java.lang.reflect.Method.invoke(Native Method)
09-26 11:37:51.549   683   683 W PackageManager.DexOptimizer: 	at com.android.internal.os.ZygoteInit$MethodAndArgsCaller.run(ZygoteInit.java:934)
09-26 11:37:51.549   683   683 W PackageManager.DexOptimizer: 	at com.android.internal.os.ZygoteInit.main(ZygoteInit.java:824)
09-26 11:37:51.549   683   683 I PackageManager.DexOptimizer: Running dexopt (dex2oat) on: /system/priv-app/DownloadProvider/DownloadProvider.apk pkg=com.android.providers.downloads isa=arm64 vmSafeMode=false debuggable=false target-filter=interpret-only oatDir = null sharedLibraries=null
09-26 11:37:51.571   878   878 I dex2oat : /system/bin/dex2oat --compiler-filter=interpret-only -j2
09-26 11:37:51.573   878   878 E dex2oat : Could not create image space with image file '/system/framework/boot.art'. Attempting to fall back to imageless running. Error was: Only the zygote can create the global boot image.
09-26 11:37:51.573   878   878 E dex2oat : Attempted image: /system/framework/boot.art
09-26 11:37:51.573   878   878 E dex2oat : Dex file fallback disabled, cannot continue without image.
09-26 11:37:51.574   878   878 E dex2oat : Failed to create runtime
09-26 11:37:51.575   878   878 I dex2oat : dex2oat took 4.486ms (threads: 2) 
09-26 11:37:51.576   364   364 E         : DexInv: --- END '/system/priv-app/DownloadProvider/DownloadProvider.apk' --- status=0x0100, process failed
09-26 11:37:51.578   683   683 W PackageManager.DexOptimizer: Failed to dexopt
09-26 11:37:51.578   683   683 W PackageManager.DexOptimizer: com.android.internal.os.InstallerConnection$InstallerException: Failed to execute dexopt [/system/priv-app/DownloadProvider/DownloadProvider.apk, 50004, com.android.providers.downloads, arm64, 1, null, 18, interpret-only, null, null]: -1
09-26 11:37:51.578   683   683 W PackageManager.DexOptimizer: 	at com.android.internal.os.InstallerConnection.execute(InstallerConnection.java:131)
09-26 11:37:51.578   683   683 W PackageManager.DexOptimizer: 	at com.android.internal.os.InstallerConnection.dexopt(InstallerConnection.java:147)
09-26 11:37:51.578   683   683 W PackageManager.DexOptimizer: 	at com.android.server.pm.Installer.dexopt(Installer.java:155)
09-26 11:37:51.578   683   683 W PackageManager.DexOptimizer: 	at com.android.server.pm.PackageDexOptimizer.performDexOptLI(PackageDexOptimizer.java:270)
09-26 11:37:51.578   683   683 W PackageManager.DexOptimizer: 	at com.android.server.pm.PackageDexOptimizer.performDexOpt(PackageDexOptimizer.java:103)
09-26 11:37:51.578   683   683 W PackageManager.DexOptimizer: 	at com.android.server.pm.PackageManagerService.performDexOptInternalWithDependenciesLI(PackageManagerService.java:7687)
09-26 11:37:51.578   683   683 W PackageManager.DexOptimizer: 	at com.android.server.pm.PackageManagerService.performDexOptInternal(PackageManagerService.java:7643)
09-26 11:37:51.578   683   683 W PackageManager.DexOptimizer: 	at com.android.server.pm.PackageManagerService.performDexOptTraced(PackageManagerService.java:7619)
09-26 11:37:51.578   683   683 W PackageManager.DexOptimizer: 	at com.android.server.pm.PackageManagerService.performDexOptUpgrade(PackageManagerService.java:7556)
09-26 11:37:51.578   683   683 W PackageManager.DexOptimizer: 	at com.android.server.pm.PackageManagerService.updatePackagesIfNeeded(PackageManagerService.java:7482)
09-26 11:37:51.578   683   683 W PackageManager.DexOptimizer: 	at com.android.server.SystemServer.startOtherServices(SystemServer.java:774)
09-26 11:37:51.578   683   683 W PackageManager.DexOptimizer: 	at com.android.server.SystemServer.run(SystemServer.java:346)
09-26 11:37:51.578   683   683 W PackageManager.DexOptimizer: 	at com.android.server.SystemServer.main(SystemServer.java:226)
09-26 11:37:51.578   683   683 W PackageManager.DexOptimizer: 	at java.lang.reflect.Method.invoke(Native Method)
09-26 11:37:51.578   683   683 W PackageManager.DexOptimizer: 	at com.android.internal.os.ZygoteInit$MethodAndArgsCaller.run(ZygoteInit.java:934)
09-26 11:37:51.578   683   683 W PackageManager.DexOptimizer: 	at com.android.internal.os.ZygoteInit.main(ZygoteInit.java:824)
