09-26 03:37:24.713   371   371 E CRASHLOG: REBOOT  56937573dfe32e2caec8  2018-09-26/03:37:24  UNKNOWN
09-26 03:37:24.713   371   371 W CRASHLOG: notify_crashreport: Crashreport notification (CRASH_NOTIFY) skipped!
09-26 03:37:24.713   371   371 E CRASHLOG: STATE   c71d91b8361f2b041663  2018-09-26/03:37:24  EMMC
09-26 03:37:24.714   371   371 I CRASHLOG: inotify: event type 'LOST_TYPE' disabled : Don't add watch on /data/system/dropbox
09-26 03:37:24.714   371   371 I CRASHLOG: inotify: event type 'SYSSERVER_TYPE' disabled : Don't add watch on /data/system/dropbox
09-26 03:37:24.714   371   371 I CRASHLOG: inotify: event type 'ANR_TYPE' disabled : Don't add watch on /data/system/dropbox
09-26 03:37:24.714   371   371 I CRASHLOG: inotify: event type 'TOMBSTONE_TYPE' disabled : Don't add watch on /data/tombstones
09-26 03:37:24.714   371   371 I CRASHLOG: inotify: event type 'JAVATOMBSTONE_TYPE' disabled : Don't add watch on /data/system/dropbox
09-26 03:37:24.714   371   371 I CRASHLOG: inotify: event type 'JAVACRASH_TYPE' disabled : Don't add watch on /data/system/dropbox
09-26 03:37:24.714   371   371 I CRASHLOG: inotify: event type 'JAVACRASH_TYPE2' disabled : Don't add watch on /data/system/dropbox
09-26 03:37:24.714   371   371 I CRASHLOG: inotify: event type 'APCORE_TYPE' disabled : Don't add watch on /data/core
09-26 03:37:24.714   371   371 I CRASHLOG: inotify: event type 'HPROF_TYPE' disabled : Don't add watch on /data/core
09-26 03:37:24.714   371   371 I CRASHLOG: inotify: event type 'APLOGTRIG_TYPE' disabled : Don't add watch on /data/logs/aplogs
09-26 03:37:24.714   371   371 I CRASHLOG: inotify: event type 'CMDTRIG_TYPE' disabled : Don't add watch on /data/logs/aplogs
09-26 03:37:24.714   371   371 I CRASHLOG: inotify: event type 'UPTIME_TYPE' disabled : Don't add watch on /data/logs/uptime
09-26 03:37:24.714   371   371 D CRASHLOG: inotify: event type 'SYSSERVER_TYPE' is disabled : Don't set callback function
09-26 03:37:24.714   371   371 D CRASHLOG: inotify: event type 'ANR_TYPE' is disabled : Don't set callback function
09-26 03:37:24.714   371   371 D CRASHLOG: inotify: event type 'TOMBSTONE_TYPE' is disabled : Don't set callback function
09-26 03:37:24.714   371   371 D CRASHLOG: inotify: event type 'JAVATOMBSTONE_TYPE' is disabled : Don't set callback function
09-26 03:37:24.714   371   371 D CRASHLOG: inotify: event type 'JAVACRASH_TYPE' is disabled : Don't set callback function
09-26 03:37:24.714   371   371 D CRASHLOG: inotify: event type 'JAVACRASH_TYPE2' is disabled : Don't set callback function
09-26 03:37:24.714   371   371 D CRASHLOG: inotify: event type 'HPROF_TYPE' is disabled : Don't set callback function
09-26 03:37:24.714   371   371 D CRASHLOG: inotify: event type 'STATTRIG_TYPE' is disabled : Don't set callback function
09-26 03:37:24.714   371   371 D CRASHLOG: inotify: event type 'INFOTRIG_TYPE' is disabled : Don't set callback function
09-26 03:37:24.714   371   371 D CRASHLOG: inotify: event type 'ERRORTRIG_TYPE' is disabled : Don't set callback function
09-26 03:37:24.714   371   371 E CRASHLOG: inotify: set_watch_entry_callback: Cannot set the callback for type 13 (max is 12)
09-26 03:37:24.714   371   371 D CRASHLOG: inotify: event type 'APCORE_TYPE' is disabled : Don't set callback function
09-26 03:37:24.714   371   371 E CRASHLOG: inotify: set_watch_entry_callback: Cannot set the callback for type 12 (max is 12)
09-26 03:37:24.714   371   371 D CRASHLOG: inotify: event type 'LOST_TYPE' is disabled : Don't set callback function
09-26 03:37:24.714   371   371 E CRASHLOG: inotify: set_watch_entry_callback: Cannot set the callback for type 14 (max is 12)
09-26 03:37:24.714   371   371 I CRASHLOG: enable_watchdog - Crashlog watchdog enabled!
09-26 03:37:24.725   374   374 I perfprofd: starting Android Wide Profiling daemon
09-26 03:37:24.725   374   374 E perfprofd: unable to open configuration file /data/data/com.google.android.gms/files/perfprofd.conf
09-26 03:37:24.726   374   374 I perfprofd: random seed set to 2994868521
09-26 03:37:24.735   356   356 W RILD    : RIL_SAP_Init not defined or exported in libhuawei-ril.so: undefined symbol: RIL_SAP_Init
09-26 03:37:24.735   356   356 D RILD    : RIL_Init argc = 5 clientId = 0
09-26 03:37:24.735   356   356 D use-Rlog/RLOG-RIL: --->>>new a pthread here<<<---
09-26 03:37:24.735   356   356 D use-Rlog/RLOG-RIL: RIL_Init Android version: 7.1.2
09-26 03:37:24.735   356   356 D use-Rlog/RLOG-RIL: RIL_Init Android6.x
09-26 03:37:24.735   356   356 D RILD    : RIL_Init rilInit completed
09-26 03:37:24.735   356   356 I RILC    : SIM_COUNT: 1
09-26 03:37:24.735   356   356 E RILC    : RIL_register: RIL version 6
09-26 03:37:24.735   356   356 I RILC    : s_registerCalled flag set, 1
09-26 03:37:24.735   356   356 I RILC    : Start to listen RIL_SOCKET_1
09-26 03:37:24.735   356   356 D RILD    : RIL_Init RIL_register completed
09-26 03:37:24.735   356   356 D RILD    : RIL_register_socket completed
09-26 03:37:24.735   356   356 D RILD    : RIL_Init starting sleep loop
09-26 03:37:24.735   356   380 D use-Rlog/RLOG-RIL: _____Searching Ports..._____
09-26 03:37:24.736   356   379 D use-Rlog/RLOG-RIL: --->>>here wait for signal from reader thread by unsolicited cmd report !
09-26 03:37:24.738   356   380 D use-Rlog/RLOG-RIL: _____Enum ports._____
09-26 03:37:24.763   373   373 I gatekeeperd: Starting gatekeeperd...
09-26 03:37:24.764   373   373 W gatekeeperd: falling back to software GateKeeper
09-26 03:37:24.764   373   373 I gatekeeperd: cold boot: clearing state
09-26 03:37:24.786   355   355 I DrmService: ----------------running drmservice---------------
09-26 03:37:24.786   355   355 I DrmService: get prop_board_platform,prop_board_platform = rk3399 , diff=0
09-26 03:37:24.786   355   355 E DrmService: rknand_sys_storage open fail
09-26 03:37:24.786   355   355 I DrmService: Get HID data:
09-26 03:37:24.806   355   355 I DrmService: vendor read:
09-26 03:37:24.806   355   355 I DrmService: 44513331 304d3846 30303130 705f3630
09-26 03:37:24.806   355   355 I DrmService: 6674616c 2c6d726f 706f7270 616f625f
09-26 03:37:24.806   355   355 I DrmService: vendor read sn_buf_idb:13QDF8M0010006
09-26 03:37:24.806   355   355 I DrmService: strlen_sn_buf_idb:14
09-26 03:37:24.807   355   355 E DrmService: Unable to open path (/sys/class/android_usb/android0/iSerial),error is(No such file or directory)
09-26 03:37:24.807   355   355 E DrmService: try /config/usb_gadget/g1/strings/0x409/serialnumber
09-26 03:37:24.809     0     0 I         : ret = 0
09-26 03:37:24.811     0     0 I init    : Service 'drmservice' (pid 355) exited with status 0
09-26 03:37:24.842   358   358 E vpu_api : dlopen vpu lib failed
09-26 03:37:24.847   369   369 I Netd    : Netd 1.0 starting
09-26 03:37:24.847   369   369 D TetherController: Setting IP forward enable = 0
09-26 03:37:24.892     0     0 I init    : Service 'ap_log_srv' (pid 370) exited with status 0
09-26 03:37:24.892     0     0 I init    : Starting service 'ap_log_srv'...
09-26 03:37:24.973   360   360 E vpu_api : dlopen vpu lib failed
09-26 03:37:24.979   360   360 D AndroidRuntime: >>>>>> START com.android.internal.os.ZygoteInit uid 0 <<<<<<
09-26 03:37:24.979   360   360 I boot_progress_start: 16067
09-26 03:37:24.988   358   358 E Listener: add listener for 6
09-26 03:37:24.988   358   358 D UartLinkHandler: add usb listener for ttyGS serial device
09-26 03:37:24.989   358   358 E Listener: add listener for 12
09-26 03:37:24.990   358   358 E Listener: add listener for 14
09-26 03:37:24.990   358   358 E Listener: add listener for 16
09-26 03:37:24.990   358   358 D TcpLinkHandler: createSocketClient port 40004 
09-26 03:37:24.990   358   358 D TcpLinkHandler: connect error :Network is unreachable
09-26 03:37:24.990   358   358 E Listener: add listener for 19
09-26 03:37:24.990   358   358 E Listener: add listener for 21
09-26 03:37:24.991   358   358 E Listener: add listener for 23
09-26 03:37:24.991   358   358 E Listener: add listener for 25
09-26 03:37:24.991   358   358 E Listener: add listener for 27
09-26 03:37:24.991   358   358 E Listener: add listener for 29
09-26 03:37:24.991   358   358 E Listener: add listener for 31
09-26 03:37:24.991   358   358 E Listener: add listener for 34
09-26 03:37:24.991   358   358 E Listener: add listener for 9
09-26 03:37:24.991   358   358 D UdtLinkHandler: udt init
09-26 03:37:24.991   358   358 D UdtLinkHandler: run udtconsumer
09-26 03:37:24.992   358   358 E Listener: add listener for 37
09-26 03:37:24.993     0     0 W         : ttyS4 - failed to request DMA
09-26 03:37:24.995   358   358 E Listener: add listener for 39
09-26 03:37:24.996   358   358 E Listener: add listener for 49
09-26 03:37:25.001   358   407 E UdtLinkHandler: kaka udt consumer
09-26 03:37:25.008   358   358 D DJILinkManager: UartAttr(type=0,linkid=0,default_forwardid=2,forward_only=0,devPath=/dev/ttyGS0,speed=115200,flowctrl=2, databits=8, stopbits=1,parity=N,enable=1)
09-26 03:37:25.008   358   358 D DJILinkManager: targets[0]=10
09-26 03:37:25.008   358   358 D DJILinkManager: targets[1]=42
09-26 03:37:25.008   358   358 D DJILinkManager: targets[2]=34
09-26 03:37:25.008   358   358 D DJILinkManager: UartAttr(type=0,linkid=1,default_forwardid=0,forward_only=0,devPath=/dev/ttyS4,speed=115200,flowctrl=2, databits=8, stopbits=1,parity=N,enable=1)
09-26 03:37:25.008   358   358 D DJILinkManager: targets[0]=6
09-26 03:37:25.008   358   358 D DJILinkManager: SocketAttr(type=1,linkid=2,default_forwardid=3,forward_only=0,address=192.168.42.2,port=40004,enable=1)
09-26 03:37:25.008   358   358 D DJILinkManager: targets[0]=45
09-26 03:37:25.008   358   358 D DJILinkManager: targets[1]=238
09-26 03:37:25.008   358   358 D DJILinkManager: targets[2]=14
09-26 03:37:25.008   358   358 D DJILinkManager: SocketAttr(type=2,linkid=3,default_forwardid=2,forward_only=0,address=127.0.0.1,port=40007,enable=1)
09-26 03:37:25.008   358   358 D DJILinkManager: targets[0]=2
09-26 03:37:25.008   358   358 D DJILinkManager: targets[1]=194
09-26 03:37:25.008   358   358 D DJILinkManager: SocketAttr(type=2,linkid=4,default_forwardid=1,forward_only=1,address=127.0.0.1,port=40018,enable=1)
09-26 03:37:25.008   358   358 D DJILinkManager: SocketAttr(type=2,linkid=5,default_forwardid=0,forward_only=0,address=127.0.0.1,port=40008,enable=1)
09-26 03:37:25.008   358   358 D DJILinkManager: targets[0]=59
09-26 03:37:25.008   358   358 D DJILinkManager: SocketAttr(type=4,linkid=6,default_forwardid=4,forward_only=0,address=192.168.42.2,port=24465,enable=1)
09-26 03:37:25.008   358   358 D DJILinkManager: SocketAttr(type=2,linkid=7,default_forwardid=2,forward_only=0,address=127.0.0.1,port=40009,enable=1)
09-26 03:37:25.008   358   358 D DJILinkManager: targets[0]=130
09-26 03:37:25.008   358   358 D DJILinkManager: UartAttr(type=0,linkid=8,default_forwardid=4,forward_only=1,devPath=/dev/ttyACM1,speed=115200,flowctrl=2, databits=8, stopbits=1,parity=N,enable=0)
09-26 03:37:25.008   358   358 D UartLinkHandler: virtual void UartLinkHandler::dump() anything can be dump here
09-26 03:37:25.008   358   358 D UartLinkHandler: virtual void UartLinkHandler::dump() anything can be dump here
09-26 03:37:25.008   358   358 D TcpLinkHandler: mSock=-1
09-26 03:37:25.008   358   358 D TcpServerLinkHandler: virtual void TcpServerLinkHandler::dump() anything can be dump here
09-26 03:37:25.008   358   358 D TcpServerLinkHandler: virtual void TcpServerLinkHandler::dump() anything can be dump here
09-26 03:37:25.008   358   358 D TcpServerLinkHandler: virtual void TcpServerLinkHandler::dump() anything can be dump here
09-26 03:37:25.008   358   358 D UdtLinkHandler: dump Udp
09-26 03:37:25.008   358   358 D TcpServerLinkHandler: virtual void TcpServerLinkHandler::dump() anything can be dump here
09-26 03:37:25.008   358   358 D UartLinkHandler: virtual void UartLinkHandler::dump() anything can be dump here
09-26 03:37:25.011   366   366 I mediacodec: @@@ mediacodecservice starting
09-26 03:37:25.011   366   366 W /system/bin/mediacodec: libminijail: allowing syscall: clock_gettime
09-26 03:37:25.011   366   366 W /system/bin/mediacodec: libminijail: allowing syscall: connect
09-26 03:37:25.012   366   366 W /system/bin/mediacodec: libminijail: allowing syscall: fcntl64
09-26 03:37:25.012   366   366 W /system/bin/mediacodec: libminijail: allowing syscall: socket
09-26 03:37:25.012   366   366 W /system/bin/mediacodec: libminijail: allowing syscall: writev
09-26 03:37:25.013   366   366 W /system/bin/mediacodec: libminijail: logging seccomp filter failures
09-26 03:37:25.042     0     0 I init    : Starting service 'apk_logfs'...
09-26 03:37:25.046     0     0 I init    : Service 'ap_log_srv' (pid 386) exited with status 0
09-26 03:37:25.059   360   360 D AndroidRuntime: CheckJNI is OFF
09-26 03:37:25.060   360   360 I art     : option[0]=-Xzygote
09-26 03:37:25.060   360   360 I art     : option[1]=-Xstacktracefile:/data/anr/traces.txt
09-26 03:37:25.060   360   360 I art     : option[2]=exit
09-26 03:37:25.060   360   360 I art     : option[3]=vfprintf
09-26 03:37:25.060   360   360 I art     : option[4]=sensitiveThread
09-26 03:37:25.060   360   360 I art     : option[5]=-verbose:gc
09-26 03:37:25.060   360   360 I art     : option[6]=-Xms16m
09-26 03:37:25.060   360   360 I art     : option[7]=-Xmx512m
09-26 03:37:25.060   360   360 I art     : option[8]=-XX:HeapGrowthLimit=192m
09-26 03:37:25.060   360   360 I art     : option[9]=-XX:HeapMinFree=512k
09-26 03:37:25.060   360   360 I art     : option[10]=-XX:HeapMaxFree=8m
09-26 03:37:25.060   360   360 I art     : option[11]=-XX:HeapTargetUtilization=0.75
09-26 03:37:25.060   360   360 I art     : option[12]=-Xusejit:true
09-26 03:37:25.060   360   360 I art     : option[13]=-Xjitsaveprofilinginfo
09-26 03:37:25.060   360   360 I art     : option[14]=-agentlib:jdwp=transport=dt_android_adb,suspend=n,server=y
09-26 03:37:25.060   360   360 I art     : option[15]=-Xlockprofthreshold:500
09-26 03:37:25.060   360   360 I art     : option[16]=-Ximage-compiler-option
09-26 03:37:25.061   360   360 I art     : option[17]=--runtime-arg
09-26 03:37:25.061   360   360 I art     : option[18]=-Ximage-compiler-option
09-26 03:37:25.061   360   360 I art     : option[19]=-Xms64m
09-26 03:37:25.061   360   360 I art     : option[20]=-Ximage-compiler-option
09-26 03:37:25.061   360   360 I art     : option[21]=--runtime-arg
09-26 03:37:25.061   360   360 I art     : option[22]=-Ximage-compiler-option
09-26 03:37:25.061   360   360 I art     : option[23]=-Xmx64m
09-26 03:37:25.061   360   360 I art     : option[24]=-Ximage-compiler-option
09-26 03:37:25.061   360   360 I art     : option[25]=--image-classes=/system/etc/preloaded-classes
09-26 03:37:25.061   360   360 I art     : option[26]=-Ximage-compiler-option
09-26 03:37:25.061   360   360 I art     : option[27]=--compiled-classes=/system/etc/compiled-classes
09-26 03:37:25.061   360   360 I art     : option[28]=-Xcompiler-option
09-26 03:37:25.061   360   360 I art     : option[29]=--runtime-arg
09-26 03:37:25.061   360   360 I art     : option[30]=-Xcompiler-option
09-26 03:37:25.061   360   360 I art     : option[31]=-Xms64m
09-26 03:37:25.061   360   360 I art     : option[32]=-Xcompiler-option
09-26 03:37:25.061   360   360 I art     : option[33]=--runtime-arg
09-26 03:37:25.061   360   360 I art     : option[34]=-Xcompiler-option
09-26 03:37:25.061   360   360 I art     : option[35]=-Xmx512m
09-26 03:37:25.061   360   360 I art     : option[36]=-Xcompiler-option
09-26 03:37:25.061   360   360 I art     : option[37]=-j2
09-26 03:37:25.061   360   360 I art     : option[38]=-Ximage-compiler-option
09-26 03:37:25.061   360   360 I art     : option[39]=-j2
09-26 03:37:25.061   360   360 I art     : option[40]=-Ximage-compiler-option
09-26 03:37:25.061   360   360 I art     : option[41]=--instruction-set-variant=cortex-a53
09-26 03:37:25.061   360   360 I art     : option[42]=-Xcompiler-option
09-26 03:37:25.061   360   360 I art     : option[43]=--instruction-set-variant=cortex-a53
09-26 03:37:25.061   360   360 I art     : option[44]=-Ximage-compiler-option
09-26 03:37:25.061   360   360 I art     : option[45]=--instruction-set-features=default
09-26 03:37:25.061   360   360 I art     : option[46]=-Xcompiler-option
09-26 03:37:25.061   360   360 I art     : option[47]=--instruction-set-features=default
09-26 03:37:25.061   360   360 I art     : option[48]=-Duser.locale=en-US
09-26 03:37:25.061   360   360 I art     : option[49]=--cpu-abilist=arm64-v8a
09-26 03:37:25.061   360   360 I art     : option[50]=-Xfingerprint:DJI/rm500/rm500:7.1.2/V00.00.00.01/key09261036:userdebug/test-keys
09-26 03:37:25.072   362   362 I         : sMaxFastTracks = 8
09-26 03:37:25.073   362   362 I audioserver: ServiceManager: 0xf1d99440
09-26 03:37:25.073   362   362 W BatteryNotifier: batterystats service unavailable!
09-26 03:37:25.073   362   362 I AudioFlinger: Using default 3000 mSec as standby time.
09-26 03:37:25.074   362   362 I AudioPolicyService: AudioPolicyService CSTOR in new mode
09-26 03:37:25.086   360   360 I art     : Pruning dalvik-cache since we are generating an image and will need to recompile
09-26 03:37:25.086   362   362 I APM::ConfigParsingUtils: loadAudioPolicyConfig() loaded /system/etc/audio_policy.conf
09-26 03:37:25.086   360   360 I art     : Using an offset of 0xc6f000 from default art base address of 0x70000000
09-26 03:37:25.086   360   360 I art     : GenerateImage: /system/bin/dex2oat --image=/data/dalvik-cache/arm64/system@framework@boot.art --dex-file=/system/framework/core-oj.jar --dex-file=/system/framework/core-libart.jar --dex-file=/system/framework/conscrypt.jar --dex-file=/system/framework/okhttp.jar --dex-file=/system/framework/core-junit.jar --dex-file=/system/framework/bouncycastle.jar --dex-file=/system/framework/ext.jar --dex-file=/system/framework/framework.jar --dex-file=/system/framework/telephony-common.jar --dex-file=/system/framework/voip-common.jar --dex-file=/system/framework/ims-common.jar --dex-file=/system/framework/apache-xml.jar --dex-file=/system/framework/org.apache.http.legacy.boot.jar --oat-file=/data/dalvik-cache/arm64/system@framework@boot.oat --instruction-set=arm64 --instruction-set-features=smp,a53 --base=0x70c6f000 --runtime-arg -Xms64m --runtime-arg -Xmx64m --image-classes=/system/etc/preloaded-classes --compiled-classes=/system/etc/compiled-classes -j2 --instruction-set-variant=cortex-a53 --instruction-set-features=d
09-26 03:37:25.096   362   362 D AudioHardwareTiny: ALSA Audio Version: V1.1.0
09-26 03:37:25.097   362   362 D alsa_route: Can not get config table for sound card0 rockchiptas2555, so get default config table.
09-26 03:37:25.097   362   362 D AudioHardwareTiny: read_snd_card_info buf0 = rockchiptas2555
09-26 03:37:25.097   362   362 D AudioHardwareTiny: read_snd_card_info buf1 = rkhdmidpsound
09-26 03:37:25.097   362   362 D AudioHardwareTiny: read_snd_card_info buf2 = 
09-26 03:37:25.097   362   362 I AudioFlinger: loadHwModule() Loaded primary audio interface from Manta audio HW HAL (audio) handle 10
09-26 03:37:25.097   362   362 I AudioFlinger: openOutput(), module 10 Device 2, SamplingRate 48000, Format 0x000001, Channels 3, flags 2
09-26 03:37:25.097   362   362 D AudioHardwareTiny: audio hal adev_open_output_stream devices = 0x2, flags = 2, samplerate = 48000
09-26 03:37:25.097   362   362 D AudioHardwareTiny: out->config.rate = 48000, out->config.channels = 2
09-26 03:37:25.100   362   362 I AudioFlinger: HAL output buffer size 512 frames, normal sink buffer size 1024 frames
09-26 03:37:25.109   362   362 I BufferProvider: found effect "Multichannel Downmix To Stereo" from The Android Open Source Project
09-26 03:37:25.109   362   362 I AudioFlinger: Using module 10 has the primary audio interface
09-26 03:37:25.109   362   362 D AudioHardwareTiny: adev_set_mode: set_mode = 0
09-26 03:37:25.111   362   432 I AudioFlinger: AudioFlinger's thread 0xf1903340 ready to run
09-26 03:37:25.111   362   432 W BatteryNotifier: batterystats service unavailable!
09-26 03:37:25.111   362   432 D AudioHardwareTiny: out_set_parameters: kvpairs = routing=2
09-26 03:37:25.112   362   432 W BatteryNotifier: batterystats service unavailable!
09-26 03:37:25.112   362   432 W BatteryNotifier: batterystats service unavailable!
09-26 03:37:25.112   362   432 W AudioFlinger: no wake lock to update, system not ready yet
09-26 03:37:25.113   362   362 D AudioHardwareTiny: property persist.media.cfg.audio.apu 0
09-26 03:37:25.113   362   362 D AudioHardwareTiny: property persist.media.audio.apu.dbg 0
09-26 03:37:25.128   362   362 D AudioHardwareTiny: APU_MIC_LA_init: outChn 1 stepLen 1024
09-26 03:37:25.129   362   434 I AudioFlinger: AudioFlinger's thread 0xf1303980 ready to run
09-26 03:37:25.131   362   362 I bt_a2dp_hw: adev_open:  adev_open in A2dp_hw module
09-26 03:37:25.131   362   362 I AudioFlinger: loadHwModule() Loaded a2dp audio interface from A2DP Audio HW HAL (audio) handle 18
09-26 03:37:25.132   362   362 I AudioFlinger: loadHwModule() Loaded usb audio interface from USB audio HW HAL (audio) handle 26
09-26 03:37:25.134   362   362 I r_submix: adev_open(name=audio_hw_if)
09-26 03:37:25.134   362   362 I r_submix: adev_init_check()
09-26 03:37:25.134   362   362 I AudioFlinger: loadHwModule() Loaded r_submix audio interface from Wifi Display audio HAL (audio) handle 34
09-26 03:37:25.134   362   362 D r_submix: adev_open_input_stream(addr=0)
09-26 03:37:25.134   362   362 D r_submix: submix_audio_device_create_pipe_l(addr=0, idx=9)
09-26 03:37:25.134   362   362 D r_submix:   now using address 0 for route 9
09-26 03:37:25.135   362   436 I AudioFlinger: AudioFlinger's thread 0xf1483a80 ready to run
09-26 03:37:25.135   362   362 D r_submix: adev_close_input_stream()
09-26 03:37:25.135   362   362 D r_submix: submix_audio_device_release_pipe_l(idx=9) addr=0
09-26 03:37:25.135   362   362 D r_submix: submix_audio_device_destroy_pipe_l(): pipe destroyed
09-26 03:37:25.136   362   362 I RadioService: RadioService
09-26 03:37:25.136   362   362 I RadioService: onFirstRef
09-26 03:37:25.136   362   362 E RadioService: couldn't load radio module radio.primary (No such file or directory)
09-26 03:37:25.137   362   362 E SoundTriggerHwService: couldn't load sound trigger module sound_trigger.primary (No such file or directory)
09-26 03:37:25.163   368   368 I vpu_api : dlopen vpu lib success
09-26 03:37:25.163   368   368 V MediaUtils: physMem: 4048896000
09-26 03:37:25.163   368   368 V MediaUtils: requested limit: 809779200
09-26 03:37:25.167   427   427 I dex2oat : /system/bin/dex2oat --image=/data/dalvik-cache/arm64/system@framework@boot.art --dex-file=/system/framework/core-oj.jar --dex-file=/system/framework/core-libart.jar --dex-file=/system/framework/conscrypt.jar --dex-file=/system/framework/okhttp.jar --dex-file=/system/framework/core-junit.jar --dex-file=/system/framework/bouncycastle.jar --dex-file=/system/framework/ext.jar --dex-file=/system/framework/framework.jar --dex-file=/system/framework/telephony-common.jar --dex-file=/system/framework/voip-common.jar --dex-file=/system/framework/ims-common.jar --dex-file=/system/framework/apache-xml.jar --dex-file=/system/framework/org.apache.http.legacy.boot.jar --oat-file=/data/dalvik-cache/arm64/system@framework@boot.oat --instruction-set=arm64 --instruction-set-features=smp,a53 --base=0x70c6f000 --runtime-arg -Xms64m --runtime-arg -Xmx64m --image-classes=/system/etc/preloaded-classes --compiled-classes=/system/etc/compiled-classes -j2 --instruction-set-variant=cortex-a53 --instruction-set-features=default
09-26 03:37:25.167   368   368 V MediaUtils: actual limit: 809779200
09-26 03:37:25.167   368   368 V MediaUtils: original limits: 4294967295/4294967295
09-26 03:37:25.167   368   368 V MediaUtils: new limits: 809779200/4294967295
09-26 03:37:25.167   368   368 W /system/bin/mediaextractor: libminijail: allowing syscall: clock_gettime
09-26 03:37:25.167   368   368 W /system/bin/mediaextractor: libminijail: allowing syscall: connect
09-26 03:37:25.167   368   368 W /system/bin/mediaextractor: libminijail: allowing syscall: fcntl64
09-26 03:37:25.167   368   368 W /system/bin/mediaextractor: libminijail: allowing syscall: socket
09-26 03:37:25.168   368   368 W /system/bin/mediaextractor: libminijail: allowing syscall: writev
09-26 03:37:25.168   368   368 W /system/bin/mediaextractor: libminijail: logging seccomp filter failures
09-26 03:37:25.277   367   367 I vpu_api : dlopen vpu lib success
09-26 03:37:25.279   367   367 I mediaserver: ServiceManager: 0xf47194a0
09-26 03:37:25.333     0     0 W readahead=>fail, len: 1, ret:-22
09-26 03:37:25.333     0     0 W readahead=>fail, len: 1, ret:-22
09-26 03:37:25.364   427   427 I dex2oat : setting boot class path to /system/framework/core-oj.jar:/system/framework/core-libart.jar:/system/framework/conscrypt.jar:/system/framework/okhttp.jar:/system/framework/core-junit.jar:/system/framework/bouncycastle.jar:/system/framework/ext.jar:/system/framework/framework.jar:/system/framework/telephony-common.jar:/system/framework/voip-common.jar:/system/framework/ims-common.jar:/system/framework/apache-xml.jar:/system/framework/org.apache.http.legacy.boot.jar
09-26 03:37:25.410   357   357 I vpu_api : dlopen vpu lib success
09-26 03:37:25.412   357   357 I mediaserver: ServiceManager: 0xe7e194a0
09-26 03:37:25.412   357   357 W BatteryNotifier: batterystats service unavailable!
09-26 03:37:25.538   361   361 I vpu_api : dlopen vpu lib success
09-26 03:37:25.545   361   361 D AndroidRuntime: >>>>>> START com.android.internal.os.ZygoteInit uid 0 <<<<<<
09-26 03:37:25.548   361   361 D AndroidRuntime: CheckJNI is OFF
09-26 03:37:25.549   361   361 I art     : option[0]=-Xzygote
09-26 03:37:25.549   361   361 I art     : option[1]=-Xstacktracefile:/data/anr/traces.txt
09-26 03:37:25.549   361   361 I art     : option[2]=exit
09-26 03:37:25.549   361   361 I art     : option[3]=vfprintf
09-26 03:37:25.549   361   361 I art     : option[4]=sensitiveThread
09-26 03:37:25.549   361   361 I art     : option[5]=-verbose:gc
09-26 03:37:25.549   361   361 I art     : option[6]=-Xms16m
09-26 03:37:25.549   361   361 I art     : option[7]=-Xmx512m
09-26 03:37:25.549   361   361 I art     : option[8]=-XX:HeapGrowthLimit=192m
09-26 03:37:25.549   361   361 I art     : option[9]=-XX:HeapMinFree=512k
09-26 03:37:25.549   361   361 I art     : option[10]=-XX:HeapMaxFree=8m
09-26 03:37:25.549   361   361 I art     : option[11]=-XX:HeapTargetUtilization=0.75
09-26 03:37:25.549   361   361 I art     : option[12]=-Xusejit:true
09-26 03:37:25.549   361   361 I art     : option[13]=-Xjitsaveprofilinginfo
09-26 03:37:25.549   361   361 I art     : option[14]=-agentlib:jdwp=transport=dt_android_adb,suspend=n,server=y
09-26 03:37:25.549   361   361 I art     : option[15]=-Xlockprofthreshold:500
09-26 03:37:25.549   361   361 I art     : option[16]=-Ximage-compiler-option
09-26 03:37:25.549   361   361 I art     : option[17]=--runtime-arg
09-26 03:37:25.549   361   361 I art     : option[18]=-Ximage-compiler-option
09-26 03:37:25.549   361   361 I art     : option[19]=-Xms64m
09-26 03:37:25.549   361   361 I art     : option[20]=-Ximage-compiler-option
09-26 03:37:25.549   361   361 I art     : option[21]=--runtime-arg
09-26 03:37:25.549   361   361 I art     : option[22]=-Ximage-compiler-option
09-26 03:37:25.549   361   361 I art     : option[23]=-Xmx64m
09-26 03:37:25.549   361   361 I art     : option[24]=-Ximage-compiler-option
09-26 03:37:25.549   361   361 I art     : option[25]=--image-classes=/system/etc/preloaded-classes
09-26 03:37:25.549   361   361 I art     : option[26]=-Ximage-compiler-option
09-26 03:37:25.549   361   361 I art     : option[27]=--compiled-classes=/system/etc/compiled-classes
09-26 03:37:25.549   361   361 I art     : option[28]=-Xcompiler-option
09-26 03:37:25.549   361   361 I art     : option[29]=--runtime-arg
09-26 03:37:25.550   361   361 I art     : option[30]=-Xcompiler-option
09-26 03:37:25.550   361   361 I art     : option[31]=-Xms64m
09-26 03:37:25.550   361   361 I art     : option[32]=-Xcompiler-option
09-26 03:37:25.550   361   361 I art     : option[33]=--runtime-arg
09-26 03:37:25.550   361   361 I art     : option[34]=-Xcompiler-option
09-26 03:37:25.550   361   361 I art     : option[35]=-Xmx512m
09-26 03:37:25.550   361   361 I art     : option[36]=-Xcompiler-option
09-26 03:37:25.550   361   361 I art     : option[37]=-j2
09-26 03:37:25.550   361   361 I art     : option[38]=-Ximage-compiler-option
09-26 03:37:25.550   361   361 I art     : option[39]=-j2
09-26 03:37:25.550   361   361 I art     : option[40]=-Ximage-compiler-option
09-26 03:37:25.550   361   361 I art     : option[41]=--instruction-set-variant=cortex-a53.a57
09-26 03:37:25.550   361   361 I art     : option[42]=-Xcompiler-option
09-26 03:37:25.550   361   361 I art     : option[43]=--instruction-set-variant=cortex-a53.a57
09-26 03:37:25.550   361   361 I art     : option[44]=-Ximage-compiler-option
09-26 03:37:25.550   361   361 I art     : option[45]=--instruction-set-features=default
09-26 03:37:25.550   361   361 I art     : option[46]=-Xcompiler-option
09-26 03:37:25.550   361   361 I art     : option[47]=--instruction-set-features=default
09-26 03:37:25.550   361   361 I art     : option[48]=-Duser.locale=en-US
09-26 03:37:25.550   361   361 I art     : option[49]=--cpu-abilist=armeabi-v7a,armeabi
09-26 03:37:25.550   361   361 I art     : option[50]=-Xfingerprint:DJI/rm500/rm500:7.1.2/V00.00.00.01/key09261036:userdebug/test-keys
09-26 03:37:25.600   361   361 I art     : Pruning dalvik-cache since we are generating an image and will need to recompile
09-26 03:37:25.601   361   361 I art     : Using an offset of 0xff9a0000 from default art base address of 0x70000000
09-26 03:37:25.601   361   361 I art     : GenerateImage: /system/bin/dex2oat --image=/data/dalvik-cache/arm/system@framework@boot.art --dex-file=/system/framework/core-oj.jar --dex-file=/system/framework/core-libart.jar --dex-file=/system/framework/conscrypt.jar --dex-file=/system/framework/okhttp.jar --dex-file=/system/framework/core-junit.jar --dex-file=/system/framework/bouncycastle.jar --dex-file=/system/framework/ext.jar --dex-file=/system/framework/framework.jar --dex-file=/system/framework/telephony-common.jar --dex-file=/system/framework/voip-common.jar --dex-file=/system/framework/ims-common.jar --dex-file=/system/framework/apache-xml.jar --dex-file=/system/framework/org.apache.http.legacy.boot.jar --oat-file=/data/dalvik-cache/arm/system@framework@boot.oat --instruction-set=arm --instruction-set-features=smp,div,atomic_ldrd_strd --base=0x6f9a0000 --runtime-arg -Xms64m --runtime-arg -Xmx64m --image-classes=/system/etc/preloaded-classes --compiled-classes=/system/etc/compiled-classes -j2 --instruction-set-variant=cortex-a53.a57 --instruction
09-26 03:37:25.626   490   490 I dex2oat : /system/bin/dex2oat --image=/data/dalvik-cache/arm/system@framework@boot.art --dex-file=/system/framework/core-oj.jar --dex-file=/system/framework/core-libart.jar --dex-file=/system/framework/conscrypt.jar --dex-file=/system/framework/okhttp.jar --dex-file=/system/framework/core-junit.jar --dex-file=/system/framework/bouncycastle.jar --dex-file=/system/framework/ext.jar --dex-file=/system/framework/framework.jar --dex-file=/system/framework/telephony-common.jar --dex-file=/system/framework/voip-common.jar --dex-file=/system/framework/ims-common.jar --dex-file=/system/framework/apache-xml.jar --dex-file=/system/framework/org.apache.http.legacy.boot.jar --oat-file=/data/dalvik-cache/arm/system@framework@boot.oat --instruction-set=arm --instruction-set-features=smp,div,atomic_ldrd_strd --base=0x6f9a0000 --runtime-arg -Xms64m --runtime-arg -Xmx64m --image-classes=/system/etc/preloaded-classes --compiled-classes=/system/etc/compiled-classes -j2 --instruction-set-variant=cortex-a53.a57 --instruction-set-features=d
09-26 03:37:25.663   490   490 I dex2oat : setting boot class path to /system/framework/core-oj.jar:/system/framework/core-libart.jar:/system/framework/conscrypt.jar:/system/framework/okhttp.jar:/system/framework/core-junit.jar:/system/framework/bouncycastle.jar:/system/framework/ext.jar:/system/framework/framework.jar:/system/framework/telephony-common.jar:/system/framework/voip-common.jar:/system/framework/ims-common.jar:/system/framework/apache-xml.jar:/system/framework/org.apache.http.legacy.boot.jar
09-26 03:37:25.739   356   380 D use-Rlog/RLOG-RIL: _____Enum ports._____
09-26 03:37:26.000   358   397 D TcpLinkHandler: createSocketClient port 40004 
09-26 03:37:26.000   358   397 D TcpLinkHandler: connect error :Network is unreachable
09-26 03:37:26.741   356   380 D use-Rlog/RLOG-RIL: _____Enum ports._____
09-26 03:37:26.935   369   369 V NatController: runCmd(/system/bin/iptables -w -F natctrl_FORWARD) res=0
09-26 03:37:26.955   369   369 V NatController: runCmd(/system/bin/ip6tables -w -F natctrl_FORWARD) res=0
09-26 03:37:26.968   369   369 V NatController: runCmd(/system/bin/iptables -w -A natctrl_FORWARD -j DROP) res=0
09-26 03:37:26.989   369   369 V NatController: runCmd(/system/bin/iptables -w -t nat -F natctrl_nat_POSTROUTING) res=0
09-26 03:37:26.998   369   369 V NatController: runCmd(/system/bin/ip6tables -w -t raw -F natctrl_raw_PREROUTING) res=0
09-26 03:37:27.001   358   397 D TcpLinkHandler: createSocketClient port 40004 
09-26 03:37:27.001   358   397 D TcpLinkHandler: connect error :Network is unreachable
09-26 03:37:27.010   369   369 V NatController: runCmd(/system/bin/iptables -w -F natctrl_tether_counters) res=1
09-26 03:37:27.021   369   369 V NatController: runCmd(/system/bin/ip6tables -w -F natctrl_tether_counters) res=1
09-26 03:37:27.027   369   369 V NatController: runCmd(/system/bin/iptables -w -X natctrl_tether_counters) res=1
09-26 03:37:27.035   369   369 V NatController: runCmd(/system/bin/ip6tables -w -X natctrl_tether_counters) res=1
09-26 03:37:27.045   369   369 V NatController: runCmd(/system/bin/iptables -w -N natctrl_tether_counters) res=0
09-26 03:37:27.056   369   369 V NatController: runCmd(/system/bin/ip6tables -w -N natctrl_tether_counters) res=0
09-26 03:37:27.067   369   369 V NatController: runCmd(/system/bin/iptables -w -t mangle -A natctrl_mangle_FORWARD -p tcp --tcp-flags SYN SYN -j TCPMSS --clamp-mss-to-pmtu) res=0
09-26 03:37:27.178   369   369 E Netd    : cannot find interface dummy0
09-26 03:37:27.180   369   369 D MDnsDS  : MDnsSdListener::Hander starting up
09-26 03:37:27.180   369   648 D MDnsDS  : MDnsSdListener starting to monitor
09-26 03:37:27.180   369   648 D MDnsDS  : Going to poll with pollCount 1
09-26 03:37:27.742   356   380 D use-Rlog/RLOG-RIL: _____Enum ports._____
09-26 03:37:28.002   358   407 E UdtLinkHandler: udt_connect failed:Network is unreachable
09-26 03:37:28.003   358   397 D TcpLinkHandler: createSocketClient port 40004 
09-26 03:37:28.004   358   397 D TcpLinkHandler: connect error :Network is unreachable
09-26 03:37:28.116   362   432 W BatteryNotifier: batterystats service unavailable!
09-26 03:37:28.744   356   380 D use-Rlog/RLOG-RIL: _____Enum ports._____
09-26 03:37:29.005   358   397 D TcpLinkHandler: createSocketClient port 40004 
09-26 03:37:29.006   358   397 D TcpLinkHandler: connect error :Network is unreachable
09-26 03:37:29.595     0     0 I init    : Starting service 'dji_wms'...
09-26 03:37:29.605   655   655 D         : [WiFi:Always][main:10] dji_wms start...
09-26 03:37:29.603   369   369 I auditd  : type=1400 audit(0.0:3): avc: denied { use } for comm="netd" path="socket:[24980]" dev="sockfs" ino=24980 scontext=u:r:netd:s0 tcontext=u:r:dji_wms:s0 tclass=fd permissive=1
09-26 03:37:29.603   369   369 I netd    : type=1400 audit(0.0:3): avc: denied { use } for path="socket:[24980]" dev="sockfs" ino=24980 scontext=u:r:netd:s0 tcontext=u:r:dji_wms:s0 tclass=fd permissive=1
09-26 03:37:29.603   369   369 I auditd  : type=1400 audit(0.0:4): avc: denied { read write } for comm="netd" path="socket:[24980]" dev="sockfs" ino=24980 scontext=u:r:netd:s0 tcontext=u:r:dji_wms:s0 tclass=tcp_socket permissive=1
09-26 03:37:29.603   369   369 I netd    : type=1400 audit(0.0:4): avc: denied { read write } for path="socket:[24980]" dev="sockfs" ino=24980 scontext=u:r:netd:s0 tcontext=u:r:dji_wms:s0 tclass=tcp_socket permissive=1
09-26 03:37:29.603   369   369 I auditd  : type=1400 audit(0.0:5): avc: denied { getopt } for comm="netd" scontext=u:r:netd:s0 tcontext=u:r:dji_wms:s0 tclass=tcp_socket permissive=1
09-26 03:37:29.603   369   369 I netd    : type=1400 audit(0.0:5): avc: denied { getopt } for scontext=u:r:netd:s0 tcontext=u:r:dji_wms:s0 tclass=tcp_socket permissive=1
09-26 03:37:29.603   369   369 I auditd  : type=1400 audit(0.0:6): avc: denied { setopt } for comm="netd" scontext=u:r:netd:s0 tcontext=u:r:dji_wms:s0 tclass=tcp_socket permissive=1
09-26 03:37:29.603   369   369 I netd    : type=1400 audit(0.0:6): avc: denied { setopt } for scontext=u:r:netd:s0 tcontext=u:r:dji_wms:s0 tclass=tcp_socket permissive=1
09-26 03:37:29.607   358   403 D TcpServerLinkHandler: TcpServerLinkHandler accept- 52 
09-26 03:37:29.607   358   403 E Listener: add listener for 52
09-26 03:37:29.607   655   655 D         : [WiFi:Info][tcp_ipc_init:177] Ipc init success. 
09-26 03:37:29.607   655   655 D         : [WiFi:Always][wifi_mgmt_init:137] wms_mgmt dji_wms version: WMS default ver info, 0.0.0, Sep 12 2018 17:07:25
09-26 03:37:29.746   356   380 D use-Rlog/RLOG-RIL: _____Enum ports._____
09-26 03:37:29.949   427   657 W dex2oat : Before Android 4.1, method double java.util.concurrent.ThreadLocalRandom.internalNextDouble(double, double) would have incorrectly overridden the package-private method in java.util.Random
09-26 03:37:29.949   427   657 W dex2oat : Before Android 4.1, method int java.util.concurrent.ThreadLocalRandom.internalNextInt(int, int) would have incorrectly overridden the package-private method in java.util.Random
09-26 03:37:29.949   427   657 W dex2oat : Before Android 4.1, method long java.util.concurrent.ThreadLocalRandom.internalNextLong(long, long) would have incorrectly overridden the package-private method in java.util.Random
09-26 03:37:29.989   490   490 W dex2oat : Before Android 4.1, method double java.util.concurrent.ThreadLocalRandom.internalNextDouble(double, double) would have incorrectly overridden the package-private method in java.util.Random
09-26 03:37:29.989   490   490 W dex2oat : Before Android 4.1, method int java.util.concurrent.ThreadLocalRandom.internalNextInt(int, int) would have incorrectly overridden the package-private method in java.util.Random
09-26 03:37:29.989   490   490 W dex2oat : Before Android 4.1, method long java.util.concurrent.ThreadLocalRandom.internalNextLong(long, long) would have incorrectly overridden the package-private method in java.util.Random
09-26 03:37:30.008   358   397 D TcpLinkHandler: createSocketClient port 40004 
09-26 03:37:30.008   358   397 D TcpLinkHandler: connect error :Network is unreachable
09-26 03:37:30.010   358   659 D boot_init: init_thread_handle
09-26 03:37:30.037   358   659 D DJIXmlParser: parse release begin:text
09-26 03:37:30.037   358   659 D DJIXmlParser: parse release begin:release
09-26 03:37:30.066   358   659 E boot_init: cmd_common_get_country failed!!
09-26 03:37:30.072   358   659 D cmd_common: GET RTC 2018/09/26 11:37:30
09-26 03:37:30.072   358   659 D boot_init: sync rtc success! 2018/09/26 11:37:30
09-26 11:37:30.000   427   441 F dex2oat : art/dex2oat/dex2oat.cc:450] dex2oat did not finish after 570 seconds
09-26 11:37:30.000   251   284 W SurfaceFlinger: Timed out waiting for hw vsync; faking it
09-26 11:37:30.002   358   407 E UdtLinkHandler: udt_connect failed:Network is unreachable
09-26 11:37:30.002   490   493 F dex2oat : art/dex2oat/dex2oat.cc:450] dex2oat did not finish after 570 seconds
09-26 11:37:30.018   360   360 E art     : Could not create image space with image file '/system/framework/boot.art'. Attempting to fall back to imageless running. Error was: Failed to generate image '/data/dalvik-cache/arm64/system@framework@boot.art': Failed execv(/system/bin/dex2oat --image=/data/dalvik-cache/arm64/system@framework@boot.art --dex-file=/system/framework/core-oj.jar --dex-file=/system/framework/core-libart.jar --dex-file=/system/framework/conscrypt.jar --dex-file=/system/framework/okhttp.jar --dex-file=/system/framework/core-junit.jar --dex-file=/system/framework/bouncycastle.jar --dex-file=/system/framework/ext.jar --dex-file=/system/framework/framework.jar --dex-file=/system/framework/telephony-common.jar --dex-file=/system/framework/voip-common.jar --dex-file=/system/framework/ims-common.jar --dex-file=/system/framework/apache-xml.jar --dex-file=/system/framework/org.apache.http.legacy.boot.jar --oat-file=/data/dalvik-cache/arm64/system@framework@boot.oat --instruction-set=arm64 --instruction-set-features=smp,a53 --base=0x70c6f00
09-26 11:37:30.018   360   360 E art     : Attempted image: /system/framework/boot.art
09-26 11:37:30.029   361   361 E art     : Could not create image space with image file '/system/framework/boot.art'. Attempting to fall back to imageless running. Error was: Failed to generate image '/data/dalvik-cache/arm/system@framework@boot.art': Failed execv(/system/bin/dex2oat --image=/data/dalvik-cache/arm/system@framework@boot.art --dex-file=/system/framework/core-oj.jar --dex-file=/system/framework/core-libart.jar --dex-file=/system/framework/conscrypt.jar --dex-file=/system/framework/okhttp.jar --dex-file=/system/framework/core-junit.jar --dex-file=/system/framework/bouncycastle.jar --dex-file=/system/framework/ext.jar --dex-file=/system/framework/framework.jar --dex-file=/system/framework/telephony-common.jar --dex-file=/system/framework/voip-common.jar --dex-file=/system/framework/ims-common.jar --dex-file=/system/framework/apache-xml.jar --dex-file=/system/framework/org.apache.http.legacy.boot.jar --oat-file=/data/dalvik-cache/arm/system@framework@boot.oat --instruction-set=arm --instruction-set-features=smp,div,atomic_ldrd_strd --base=
09-26 11:37:30.029   361   361 E art     : Attempted image: /system/framework/boot.art
09-26 11:37:30.650   356   380 D use-Rlog/RLOG-RIL: _____Enum ports._____
09-26 11:37:30.911   358   397 D TcpLinkHandler: createSocketClient port 40004 
09-26 11:37:30.912   358   397 D TcpLinkHandler: connect error :Network is unreachable
09-26 11:37:31.169   360   360 D ICU     : No timezone override file found: /data/misc/zoneinfo/current/icu/icu_tzdata.dat
09-26 11:37:31.209   360   360 W art     : Before Android 4.1, method double java.util.concurrent.ThreadLocalRandom.internalNextDouble(double, double) would have incorrectly overridden the package-private method in java.util.Random
09-26 11:37:31.209   360   360 W art     : Before Android 4.1, method int java.util.concurrent.ThreadLocalRandom.internalNextInt(int, int) would have incorrectly overridden the package-private method in java.util.Random
09-26 11:37:31.209   360   360 W art     : Before Android 4.1, method long java.util.concurrent.ThreadLocalRandom.internalNextLong(long, long) would have incorrectly overridden the package-private method in java.util.Random
09-26 11:37:31.317   361   361 D ICU     : No timezone override file found: /data/misc/zoneinfo/current/icu/icu_tzdata.dat
09-26 11:37:31.361   361   361 W art     : Before Android 4.1, method double java.util.concurrent.ThreadLocalRandom.internalNextDouble(double, double) would have incorrectly overridden the package-private method in java.util.Random
09-26 11:37:31.361   361   361 W art     : Before Android 4.1, method int java.util.concurrent.ThreadLocalRandom.internalNextInt(int, int) would have incorrectly overridden the package-private method in java.util.Random
09-26 11:37:31.361   361   361 W art     : Before Android 4.1, method long java.util.concurrent.ThreadLocalRandom.internalNextLong(long, long) would have incorrectly overridden the package-private method in java.util.Random
09-26 11:37:31.397   360   360 E memtrack: Couldn't load memtrack module (No such file or directory)
09-26 11:37:31.397   360   360 E android.os.Debug: failed to load memtrack module: -2
09-26 11:37:31.416   360   360 I Radio-JNI: register_android_hardware_Radio DONE
09-26 11:37:31.499   360   360 I SamplingProfilerIntegration: Profiling disabled.
09-26 11:37:31.500   360   360 I boot_progress_preload_start: 22685
09-26 11:37:31.500   360   360 D Zygote  : begin preload
09-26 11:37:31.500   360   360 I Zygote  : Installing ICU cache reference pinning...
09-26 11:37:31.501   360   360 I Zygote  : Preloading ICU data...
09-26 11:37:31.569   361   361 E memtrack: Couldn't load memtrack module (No such file or directory)
09-26 11:37:31.569   361   361 E android.os.Debug: failed to load memtrack module: -2
09-26 11:37:31.588   361   361 I Radio-JNI: register_android_hardware_Radio DONE
09-26 11:37:31.653   356   380 D use-Rlog/RLOG-RIL: _____Enum ports._____
09-26 11:37:31.665   361   361 I SamplingProfilerIntegration: Profiling disabled.
09-26 11:37:31.667   361   361 I boot_progress_preload_start: 22852
09-26 11:37:31.667   361   361 D Zygote  : begin preload
09-26 11:37:31.667   361   361 I Zygote  : Installing ICU cache reference pinning...
09-26 11:37:31.667   361   361 I Zygote  : Preloading ICU data...
09-26 11:37:31.738   360   360 I Zygote  : Preloading classes...
09-26 11:37:31.764   360   675 W Zygote  : Class not found for preloading: [Landroid.view.Display$ColorTransform;
09-26 11:37:31.773   360   676 W Zygote  : Class not found for preloading: android.view.Display$ColorTransform
09-26 11:37:31.774   360   676 W Zygote  : Class not found for preloading: android.view.Display$ColorTransform$1
09-26 11:37:31.869   361   361 I Zygote  : Preloading classes...
09-26 11:37:31.902   361   677 W Zygote  : Class not found for preloading: [Landroid.view.Display$ColorTransform;
09-26 11:37:31.912   361   678 W Zygote  : Class not found for preloading: android.view.Display$ColorTransform
09-26 11:37:31.913   361   678 W Zygote  : Class not found for preloading: android.view.Display$ColorTransform$1
09-26 11:37:31.913   358   397 D TcpLinkHandler: createSocketClient port 40004 
09-26 11:37:31.914   358   397 D TcpLinkHandler: connect error :Network is unreachable
09-26 11:37:32.434   360   675 E Typeface: Error mapping font file /system/fonts/DroidSansFallback.ttf
09-26 11:37:32.655   356   380 D use-Rlog/RLOG-RIL: _____Enum ports._____
09-26 11:37:32.812   360   676 I System  : Loaded time zone names for "" in 138ms (27ms in ICU)
09-26 11:37:32.821   361   677 E Typeface: Error mapping font file /system/fonts/DroidSansFallback.ttf
09-26 11:37:32.915   358   397 D TcpLinkHandler: createSocketClient port 40004 
09-26 11:37:32.916   358   397 D TcpLinkHandler: connect error :Network is unreachable
09-26 11:37:32.948   360   676 I System  : Loaded time zone names for "en_US" in 135ms (22ms in ICU)
09-26 11:37:33.004   358   407 E UdtLinkHandler: udt_connect failed:Network is unreachable
09-26 11:37:33.606   360   675 I art     : Thread[6,tid=675,Native,Thread*=0x7010099600,peer=0x12ecb700,"Thread-0"] recursive attempt to load library "/system/lib64/libmedia_jni.so"
09-26 11:37:33.606   360   675 D MtpDeviceJNI: register_android_mtp_MtpDevice
09-26 11:37:33.608   360   675 I art     : Thread[6,tid=675,Native,Thread*=0x7010099600,peer=0x12ecb700,"Thread-0"] recursive attempt to load library "/system/lib64/libmedia_jni.so"
09-26 11:37:33.609   360   675 I art     : Thread[6,tid=675,Native,Thread*=0x7010099600,peer=0x12ecb700,"Thread-0"] recursive attempt to load library "/system/lib64/libmedia_jni.so"
09-26 11:37:33.657   356   380 D use-Rlog/RLOG-RIL: _____Enum ports._____
09-26 11:37:33.741   360   360 E Zygote  : Thread main still waiting for ready...
09-26 03:37:33.920     0     0 I capability: warning: `Thread-0' uses 32-bit capabilities (legacy support in use)
09-26 11:37:33.872   361   361 E Zygote  : Thread main still waiting for ready...
09-26 11:37:33.918   358   397 D TcpLinkHandler: createSocketClient port 40004 
09-26 11:37:33.919   358   397 D TcpLinkHandler: connect error :Network is unreachable
09-26 11:37:33.935   361   678 I System  : Loaded time zone names for "" in 97ms (39ms in ICU)
09-26 11:37:33.960   360   675 D TelephonyManager: No /proc/cmdline exception=java.io.FileNotFoundException: /proc/cmdline (Permission denied)
09-26 11:37:33.961   360   675 D TelephonyManager: /proc/cmdline=
09-26 11:37:34.000   361   678 I System  : Loaded time zone names for "en_US" in 64ms (12ms in ICU)
09-26 11:37:34.071   361   677 I art     : Thread[6,tid=677,Native,Thread*=0xeb786d00,peer=0x12df5310,"Thread-0"] recursive attempt to load library "/system/lib/libmedia_jni.so"
09-26 11:37:34.071   361   677 D MtpDeviceJNI: register_android_mtp_MtpDevice
09-26 11:37:34.073   361   677 I art     : Thread[6,tid=677,Native,Thread*=0xeb786d00,peer=0x12df5310,"Thread-0"] recursive attempt to load library "/system/lib/libmedia_jni.so"
09-26 11:37:34.074   361   677 I art     : Thread[6,tid=677,Native,Thread*=0xeb786d00,peer=0x12df5310,"Thread-0"] recursive attempt to load library "/system/lib/libmedia_jni.so"
09-26 11:37:34.176   360   360 E Zygote  : waitForLatch done!
09-26 11:37:34.176   360   360 I art     : VMRuntime.preloadDexCaches starting
09-26 11:37:34.232   360   360 I art     : VMRuntime.preloadDexCaches strings total=285479 before=11875 after=11875
09-26 11:37:34.232   360   360 I art     : VMRuntime.preloadDexCaches types total=23659 before=9267 after=11295
09-26 11:37:34.232   360   360 I art     : VMRuntime.preloadDexCaches fields total=112871 before=40881 after=53799
09-26 11:37:34.232   360   360 I art     : VMRuntime.preloadDexCaches methods total=198508 before=78476 after=96602
09-26 11:37:34.232   360   360 I art     : VMRuntime.preloadDexCaches finished
