09-26 11:37:48.881   789   789 E dex2oat : Could not create image space with image file '/system/framework/boot.art'. Attempting to fall back to imageless running. Error was: Only the zygote can create the global boot image.
09-26 11:37:48.881   789   789 E dex2oat : Attempted image: /system/framework/boot.art
09-26 11:37:48.882   789   789 E dex2oat : Dex file fallback disabled, cannot continue without image.
09-26 11:37:48.882   789   789 E dex2oat : Failed to create runtime
09-26 11:37:48.884   789   789 I dex2oat : dex2oat took 8.091ms (threads: 2) 
09-26 11:37:48.889   364   364 E         : DexInv: --- END '/system/priv-app/TeleService/TeleService.apk' --- status=0x0100, process failed
09-26 11:37:48.891   683   683 W PackageManager.DexOptimizer: Failed to dexopt
09-26 11:37:48.891   683   683 W PackageManager.DexOptimizer: com.android.internal.os.InstallerConnection$InstallerException: Failed to execute dexopt [/system/priv-app/TeleService/TeleService.apk, 41001, com.android.phone, arm64, 1, null, 18, speed, null, null]: -1
09-26 11:37:48.891   683   683 W PackageManager.DexOptimizer: 	at com.android.internal.os.InstallerConnection.execute(InstallerConnection.java:131)
09-26 11:37:48.891   683   683 W PackageManager.DexOptimizer: 	at com.android.internal.os.InstallerConnection.dexopt(InstallerConnection.java:147)
09-26 11:37:48.891   683   683 W PackageManager.DexOptimizer: 	at com.android.server.pm.Installer.dexopt(Installer.java:155)
09-26 11:37:48.891   683   683 W PackageManager.DexOptimizer: 	at com.android.server.pm.PackageDexOptimizer.performDexOptLI(PackageDexOptimizer.java:270)
09-26 11:37:48.891   683   683 W PackageManager.DexOptimizer: 	at com.android.server.pm.PackageDexOptimizer.performDexOpt(PackageDexOptimizer.java:103)
09-26 11:37:48.891   683   683 W PackageManager.DexOptimizer: 	at com.android.server.pm.PackageManagerService.performDexOptInternalWithDependenciesLI(PackageManagerService.java:7687)
09-26 11:37:48.891   683   683 W PackageManager.DexOptimizer: 	at com.android.server.pm.PackageManagerService.performDexOptInternal(PackageManagerService.java:7643)
09-26 11:37:48.891   683   683 W PackageManager.DexOptimizer: 	at com.android.server.pm.PackageManagerService.performDexOptTraced(PackageManagerService.java:7619)
09-26 11:37:48.891   683   683 W PackageManager.DexOptimizer: 	at com.android.server.pm.PackageManagerService.performDexOptUpgrade(PackageManagerService.java:7556)
09-26 11:37:48.891   683   683 W PackageManager.DexOptimizer: 	at com.android.server.pm.PackageManagerService.<init>(PackageManagerService.java:2755)
09-26 11:37:48.891   683   683 W PackageManager.DexOptimizer: 	at com.android.server.pm.PackageManagerService.main(PackageManagerService.java:2007)
09-26 11:37:48.891   683   683 W PackageManager.DexOptimizer: 	at com.android.server.SystemServer.startBootstrapServices(SystemServer.java:473)
09-26 11:37:48.891   683   683 W PackageManager.DexOptimizer: 	at com.android.server.SystemServer.run(SystemServer.java:344)
09-26 11:37:48.891   683   683 W PackageManager.DexOptimizer: 	at com.android.server.SystemServer.main(SystemServer.java:226)
09-26 11:37:48.891   683   683 W PackageManager.DexOptimizer: 	at java.lang.reflect.Method.invoke(Native Method)
09-26 11:37:48.891   683   683 W PackageManager.DexOptimizer: 	at com.android.internal.os.ZygoteInit$MethodAndArgsCaller.run(ZygoteInit.java:934)
09-26 11:37:48.891   683   683 W PackageManager.DexOptimizer: 	at com.android.internal.os.ZygoteInit.main(ZygoteInit.java:824)
09-26 11:37:48.892   683   683 I PackageManager.DexOptimizer: Running dexopt (dex2oat) on: /system/priv-app/Shell/Shell.apk pkg=com.android.shell isa=arm64 vmSafeMode=false debuggable=false target-filter=speed oatDir = null sharedLibraries=null
09-26 11:37:48.913   791   791 I dex2oat : /system/bin/dex2oat --compiler-filter=speed -j2
09-26 11:37:48.915   791   791 E dex2oat : Could not create image space with image file '/system/framework/boot.art'. Attempting to fall back to imageless running. Error was: Only the zygote can create the global boot image.
09-26 11:37:48.915   791   791 E dex2oat : Attempted image: /system/framework/boot.art
09-26 11:37:48.916   791   791 E dex2oat : Dex file fallback disabled, cannot continue without image.
09-26 11:37:48.916   791   791 E dex2oat : Failed to create runtime
09-26 11:37:48.917   791   791 I dex2oat : dex2oat took 4.132ms (threads: 2) 
09-26 11:37:48.918   364   364 E         : DexInv: --- END '/system/priv-app/Shell/Shell.apk' --- status=0x0100, process failed
09-26 11:37:48.920   683   683 W PackageManager.DexOptimizer: Failed to dexopt
09-26 11:37:48.920   683   683 W PackageManager.DexOptimizer: com.android.internal.os.InstallerConnection$InstallerException: Failed to execute dexopt [/system/priv-app/Shell/Shell.apk, 42000, com.android.shell, arm64, 1, null, 18, speed, null, null]: -1
09-26 11:37:48.920   683   683 W PackageManager.DexOptimizer: 	at com.android.internal.os.InstallerConnection.execute(InstallerConnection.java:131)
09-26 11:37:48.920   683   683 W PackageManager.DexOptimizer: 	at com.android.internal.os.InstallerConnection.dexopt(InstallerConnection.java:147)
09-26 11:37:48.920   683   683 W PackageManager.DexOptimizer: 	at com.android.server.pm.Installer.dexopt(Installer.java:155)
09-26 11:37:48.920   683   683 W PackageManager.DexOptimizer: 	at com.android.server.pm.PackageDexOptimizer.performDexOptLI(PackageDexOptimizer.java:270)
09-26 11:37:48.920   683   683 W PackageManager.DexOptimizer: 	at com.android.server.pm.PackageDexOptimizer.performDexOpt(PackageDexOptimizer.java:103)
09-26 11:37:48.920   683   683 W PackageManager.DexOptimizer: 	at com.android.server.pm.PackageManagerService.performDexOptInternalWithDependenciesLI(PackageManagerService.java:7687)
09-26 11:37:48.920   683   683 W PackageManager.DexOptimizer: 	at com.android.server.pm.PackageManagerService.performDexOptInternal(PackageManagerService.java:7643)
09-26 11:37:48.920   683   683 W PackageManager.DexOptimizer: 	at com.android.server.pm.PackageManagerService.performDexOptTraced(PackageManagerService.java:7619)
09-26 11:37:48.920   683   683 W PackageManager.DexOptimizer: 	at com.android.server.pm.PackageManagerService.performDexOptUpgrade(PackageManagerService.java:7556)
09-26 11:37:48.920   683   683 W PackageManager.DexOptimizer: 	at com.android.server.pm.PackageManagerService.<init>(PackageManagerService.java:2755)
09-26 11:37:48.920   683   683 W PackageManager.DexOptimizer: 	at com.android.server.pm.PackageManagerService.main(PackageManagerService.java:2007)
09-26 11:37:48.920   683   683 W PackageManager.DexOptimizer: 	at com.android.server.SystemServer.startBootstrapServices(SystemServer.java:473)
09-26 11:37:48.920   683   683 W PackageManager.DexOptimizer: 	at com.android.server.SystemServer.run(SystemServer.java:344)
09-26 11:37:48.920   683   683 W PackageManager.DexOptimizer: 	at com.android.server.SystemServer.main(SystemServer.java:226)
09-26 11:37:48.920   683   683 W PackageManager.DexOptimizer: 	at java.lang.reflect.Method.invoke(Native Method)
09-26 11:37:48.920   683   683 W PackageManager.DexOptimizer: 	at com.android.internal.os.ZygoteInit$MethodAndArgsCaller.run(ZygoteInit.java:934)
09-26 11:37:48.920   683   683 W PackageManager.DexOptimizer: 	at com.android.internal.os.ZygoteInit.main(ZygoteInit.java:824)
09-26 11:37:48.921   683   683 I PackageManager.DexOptimizer: Running dexopt (dex2oat) on: /system/priv-app/FusedLocation/FusedLocation.apk pkg=com.android.location.fused isa=arm64 vmSafeMode=false debuggable=false target-filter=speed oatDir = null sharedLibraries=/system/framework/com.android.location.provider.jar
09-26 11:37:48.942   793   793 I dex2oat : /system/bin/dex2oat --compiler-filter=speed -j2
09-26 11:37:48.944   793   793 E dex2oat : Could not create image space with image file '/system/framework/boot.art'. Attempting to fall back to imageless running. Error was: Only the zygote can create the global boot image.
09-26 11:37:48.944   793   793 E dex2oat : Attempted image: /system/framework/boot.art
09-26 11:37:48.945   793   793 E dex2oat : Dex file fallback disabled, cannot continue without image.
09-26 11:37:48.945   793   793 E dex2oat : Failed to create runtime
09-26 11:37:48.945   358   397 D TcpLinkHandler: createSocketClient port 40004 
09-26 11:37:48.946   793   793 I dex2oat : dex2oat took 4.314ms (threads: 2) 
09-26 11:37:48.946   358   397 D TcpLinkHandler: connect error :Network is unreachable
09-26 11:37:48.947   364   364 E         : DexInv: --- END '/system/priv-app/FusedLocation/FusedLocation.apk' --- status=0x0100, process failed
09-26 11:37:48.950   683   683 W PackageManager.DexOptimizer: Failed to dexopt
09-26 11:37:48.950   683   683 W PackageManager.DexOptimizer: com.android.internal.os.InstallerConnection$InstallerException: Failed to execute dexopt [/system/priv-app/FusedLocation/FusedLocation.apk, 41000, com.android.location.fused, arm64, 1, null, 18, speed, null, /system/framework/com.android.location.provider.jar]: -1
09-26 11:37:48.950   683   683 W PackageManager.DexOptimizer: 	at com.android.internal.os.InstallerConnection.execute(InstallerConnection.java:131)
09-26 11:37:48.950   683   683 W PackageManager.DexOptimizer: 	at com.android.internal.os.InstallerConnection.dexopt(InstallerConnection.java:147)
09-26 11:37:48.950   683   683 W PackageManager.DexOptimizer: 	at com.android.server.pm.Installer.dexopt(Installer.java:155)
09-26 11:37:48.950   683   683 W PackageManager.DexOptimizer: 	at com.android.server.pm.PackageDexOptimizer.performDexOptLI(PackageDexOptimizer.java:270)
09-26 11:37:48.950   683   683 W PackageManager.DexOptimizer: 	at com.android.server.pm.PackageDexOptimizer.performDexOpt(PackageDexOptimizer.java:103)
09-26 11:37:48.950   683   683 W PackageManager.DexOptimizer: 	at com.android.server.pm.PackageManagerService.performDexOptInternalWithDependenciesLI(PackageManagerService.java:7687)
09-26 11:37:48.950   683   683 W PackageManager.DexOptimizer: 	at com.android.server.pm.PackageManagerService.performDexOptInternal(PackageManagerService.java:7643)
09-26 11:37:48.950   683   683 W PackageManager.DexOptimizer: 	at com.android.server.pm.PackageManagerService.performDexOptTraced(PackageManagerService.java:7619)
09-26 11:37:48.950   683   683 W PackageManager.DexOptimizer: 	at com.android.server.pm.PackageManagerService.performDexOptUpgrade(PackageManagerService.java:7556)
09-26 11:37:48.950   683   683 W PackageManager.DexOptimizer: 	at com.android.server.pm.PackageManagerService.<init>(PackageManagerService.java:2755)
09-26 11:37:48.950   683   683 W PackageManager.DexOptimizer: 	at com.android.server.pm.PackageManagerService.main(PackageManagerService.java:2007)
09-26 11:37:48.950   683   683 W PackageManager.DexOptimizer: 	at com.android.server.SystemServer.startBootstrapServices(SystemServer.java:473)
09-26 11:37:48.950   683   683 W PackageManager.DexOptimizer: 	at com.android.server.SystemServer.run(SystemServer.java:344)
09-26 11:37:48.950   683   683 W PackageManager.DexOptimizer: 	at com.android.server.SystemServer.main(SystemServer.java:226)
09-26 11:37:48.950   683   683 W PackageManager.DexOptimizer: 	at java.lang.reflect.Method.invoke(Native Method)
09-26 11:37:48.950   683   683 W PackageManager.DexOptimizer: 	at com.android.internal.os.ZygoteInit$MethodAndArgsCaller.run(ZygoteInit.java:934)
09-26 11:37:48.950   683   683 W PackageManager.DexOptimizer: 	at com.android.internal.os.ZygoteInit.main(ZygoteInit.java:824)
09-26 11:37:48.951   683   683 I PackageManager.DexOptimizer: Running dexopt (dex2oat) on: /system/priv-app/SystemUI/SystemUI.apk pkg=com.android.systemui isa=arm64 vmSafeMode=false debuggable=false target-filter=speed oatDir = null sharedLibraries=null
09-26 11:37:48.972   795   795 I dex2oat : /system/bin/dex2oat --compiler-filter=speed -j2
09-26 11:37:48.974   795   795 E dex2oat : Could not create image space with image file '/system/framework/boot.art'. Attempting to fall back to imageless running. Error was: Only the zygote can create the global boot image.
09-26 11:37:48.974   795   795 E dex2oat : Attempted image: /system/framework/boot.art
09-26 11:37:48.975   795   795 E dex2oat : Dex file fallback disabled, cannot continue without image.
09-26 11:37:48.975   795   795 E dex2oat : Failed to create runtime
09-26 11:37:48.976   795   795 I dex2oat : dex2oat took 4.799ms (threads: 2) 
09-26 11:37:48.978   364   364 E         : DexInv: --- END '/system/priv-app/SystemUI/SystemUI.apk' --- status=0x0100, process failed
09-26 11:37:48.980   683   683 W PackageManager.DexOptimizer: Failed to dexopt
09-26 11:37:48.980   683   683 W PackageManager.DexOptimizer: com.android.internal.os.InstallerConnection$InstallerException: Failed to execute dexopt [/system/priv-app/SystemUI/SystemUI.apk, 50040, com.android.systemui, arm64, 1, null, 18, speed, null, null]: -1
09-26 11:37:48.980   683   683 W PackageManager.DexOptimizer: 	at com.android.internal.os.InstallerConnection.execute(InstallerConnection.java:131)
09-26 11:37:48.980   683   683 W PackageManager.DexOptimizer: 	at com.android.internal.os.InstallerConnection.dexopt(InstallerConnection.java:147)
09-26 11:37:48.980   683   683 W PackageManager.DexOptimizer: 	at com.android.server.pm.Installer.dexopt(Installer.java:155)
09-26 11:37:48.980   683   683 W PackageManager.DexOptimizer: 	at com.android.server.pm.PackageDexOptimizer.performDexOptLI(PackageDexOptimizer.java:270)
09-26 11:37:48.980   683   683 W PackageManager.DexOptimizer: 	at com.android.server.pm.PackageDexOptimizer.performDexOpt(PackageDexOptimizer.java:103)
09-26 11:37:48.980   683   683 W PackageManager.DexOptimizer: 	at com.android.server.pm.PackageManagerService.performDexOptInternalWithDependenciesLI(PackageManagerService.java:7687)
09-26 11:37:48.980   683   683 W PackageManager.DexOptimizer: 	at com.android.server.pm.PackageManagerService.performDexOptInternal(PackageManagerService.java:7643)
09-26 11:37:48.980   683   683 W PackageManager.DexOptimizer: 	at com.android.server.pm.PackageManagerService.performDexOptTraced(PackageManagerService.java:7619)
09-26 11:37:48.980   683   683 W PackageManager.DexOptimizer: 	at com.android.server.pm.PackageManagerService.performDexOptUpgrade(PackageManagerService.java:7556)
09-26 11:37:48.980   683   683 W PackageManager.DexOptimizer: 	at com.android.server.pm.PackageManagerService.<init>(PackageManagerService.java:2755)
09-26 11:37:48.980   683   683 W PackageManager.DexOptimizer: 	at com.android.server.pm.PackageManagerService.main(PackageManagerService.java:2007)
09-26 11:37:48.980   683   683 W PackageManager.DexOptimizer: 	at com.android.server.SystemServer.startBootstrapServices(SystemServer.java:473)
09-26 11:37:48.980   683   683 W PackageManager.DexOptimizer: 	at com.android.server.SystemServer.run(SystemServer.java:344)
09-26 11:37:48.980   683   683 W PackageManager.DexOptimizer: 	at com.android.server.SystemServer.main(SystemServer.java:226)
09-26 11:37:48.980   683   683 W PackageManager.DexOptimizer: 	at java.lang.reflect.Method.invoke(Native Method)
09-26 11:37:48.980   683   683 W PackageManager.DexOptimizer: 	at com.android.internal.os.ZygoteInit$MethodAndArgsCaller.run(ZygoteInit.java:934)
09-26 11:37:48.980   683   683 W PackageManager.DexOptimizer: 	at com.android.internal.os.ZygoteInit.main(ZygoteInit.java:824)
09-26 11:37:48.981   683   683 I PackageManager.DexOptimizer: Running dexopt (dex2oat) on: /system/priv-app/setup/setup.apk pkg=com.dpad.setup isa=arm64 vmSafeMode=false debuggable=false target-filter=speed oatDir = null sharedLibraries=null
09-26 11:37:49.002   797   797 I dex2oat : /system/bin/dex2oat --compiler-filter=speed -j2
09-26 11:37:49.004   797   797 E dex2oat : Could not create image space with image file '/system/framework/boot.art'. Attempting to fall back to imageless running. Error was: Only the zygote can create the global boot image.
09-26 11:37:49.004   797   797 E dex2oat : Attempted image: /system/framework/boot.art
09-26 11:37:49.005   797   797 E dex2oat : Dex file fallback disabled, cannot continue without image.
09-26 11:37:49.005   797   797 E dex2oat : Failed to create runtime
09-26 11:37:49.006   797   797 I dex2oat : dex2oat took 4.815ms (threads: 2) 
09-26 11:37:49.008   364   364 E         : DexInv: --- END '/system/priv-app/setup/setup.apk' --- status=0x0100, process failed
09-26 11:37:49.010   683   683 W PackageManager.DexOptimizer: Failed to dexopt
09-26 11:37:49.010   683   683 W PackageManager.DexOptimizer: com.android.internal.os.InstallerConnection$InstallerException: Failed to execute dexopt [/system/priv-app/setup/setup.apk, 41000, com.dpad.setup, arm64, 1, null, 18, speed, null, null]: -1
09-26 11:37:49.010   683   683 W PackageManager.DexOptimizer: 	at com.android.internal.os.InstallerConnection.execute(InstallerConnection.java:131)
09-26 11:37:49.010   683   683 W PackageManager.DexOptimizer: 	at com.android.internal.os.InstallerConnection.dexopt(InstallerConnection.java:147)
09-26 11:37:49.010   683   683 W PackageManager.DexOptimizer: 	at com.android.server.pm.Installer.dexopt(Installer.java:155)
09-26 11:37:49.010   683   683 W PackageManager.DexOptimizer: 	at com.android.server.pm.PackageDexOptimizer.performDexOptLI(PackageDexOptimizer.java:270)
09-26 11:37:49.010   683   683 W PackageManager.DexOptimizer: 	at com.android.server.pm.PackageDexOptimizer.performDexOpt(PackageDexOptimizer.java:103)
09-26 11:37:49.010   683   683 W PackageManager.DexOptimizer: 	at com.android.server.pm.PackageManagerService.performDexOptInternalWithDependenciesLI(PackageManagerService.java:7687)
09-26 11:37:49.010   683   683 W PackageManager.DexOptimizer: 	at com.android.server.pm.PackageManagerService.performDexOptInternal(PackageManagerService.java:7643)
09-26 11:37:49.010   683   683 W PackageManager.DexOptimizer: 	at com.android.server.pm.PackageManagerService.performDexOptTraced(PackageManagerService.java:7619)
09-26 11:37:49.010   683   683 W PackageManager.DexOptimizer: 	at com.android.server.pm.PackageManagerService.performDexOptUpgrade(PackageManagerService.java:7556)
09-26 11:37:49.010   683   683 W PackageManager.DexOptimizer: 	at com.android.server.pm.PackageManagerService.<init>(PackageManagerService.java:2755)
09-26 11:37:49.010   683   683 W PackageManager.DexOptimizer: 	at com.android.server.pm.PackageManagerService.main(PackageManagerService.java:2007)
09-26 11:37:49.010   683   683 W PackageManager.DexOptimizer: 	at com.android.server.SystemServer.startBootstrapServices(SystemServer.java:473)
09-26 11:37:49.010   683   683 W PackageManager.DexOptimizer: 	at com.android.server.SystemServer.run(SystemServer.java:344)
09-26 11:37:49.010   683   683 W PackageManager.DexOptimizer: 	at com.android.server.SystemServer.main(SystemServer.java:226)
09-26 11:37:49.010   683   683 W PackageManager.DexOptimizer: 	at java.lang.reflect.Method.invoke(Native Method)
09-26 11:37:49.010   683   683 W PackageManager.DexOptimizer: 	at com.android.internal.os.ZygoteInit$MethodAndArgsCaller.run(ZygoteInit.java:934)
09-26 11:37:49.010   683   683 W PackageManager.DexOptimizer: 	at com.android.internal.os.ZygoteInit.main(ZygoteInit.java:824)
09-26 11:37:49.011   683   683 I sysui_histogram: [opt_coreapps_time_s,0]
09-26 11:37:49.011   683   683 I boot_progress_pms_ready: 40196
09-26 11:37:49.011   683   683 E PackageManager: There should probably be a verifier, but, none were found
09-26 11:37:49.016   683   683 D PackageManager: Ephemeral resolver NOT found; no matching intent filters
09-26 11:37:49.017   683   683 I PackageManager: Ephemeral deactivated; missing resolver and installer
09-26 11:37:49.019   683   683 I art     : Starting a blocking GC Explicit
09-26 11:37:49.081   683   683 I art     : Explicit concurrent mark sweep GC freed 225028(12MB) AllocSpace objects, 8(2MB) LOS objects, 33% free, 2MB/4MB, paused 166us total 62.409ms
09-26 11:37:49.082   683   683 D PackageManager: PMS construct end
09-26 11:37:49.084   683   683 I SystemServer: StartOtaDexOptService
09-26 11:37:49.088   683   683 I SystemServer: StartUserManagerService
09-26 11:37:49.088   683   683 I SystemServiceManager: Starting com.android.server.pm.UserManagerService$LifeCycle
09-26 11:37:49.108   249   249 I lowmemorykiller: ActivityManager connected
09-26 11:37:49.110   683   683 I SystemServiceManager: Starting com.android.server.BatteryService
09-26 11:37:49.110   683   800 D SensorService: nuSensorService starting...
09-26 11:37:49.112   683   800 W linker  : /system/lib64/libmllite.so: unused DT entry: type 0xf arg 0x16d3
09-26 11:37:49.112   683   800 W linker  : /system/lib64/libmllite.so: unused DT entry: type 0xf arg 0x16d3
09-26 11:37:49.112   683   800 W linker  : /system/lib64/libmplmpu.so: unused DT entry: type 0xf arg 0x1e46
09-26 11:37:49.112   683   800 W linker  : /system/lib64/libmllite.so: unused DT entry: type 0xf arg 0x16d3
09-26 11:37:49.113   683   800 D Sensors : int open_sensors(const struct hw_module_t *, const char *, struct hw_device_t **)
09-26 11:37:49.113   683   800 D Sensors : Sensor HAL version: 1.18
09-26 11:37:49.113   683   800 D Sensors : dev_name=(null), data_name=(null), data_fd=-1
09-26 11:37:49.113   683   800 D Sensors : dev_name=(null), data_name=(null), data_fd=-1
09-26 11:37:49.114   683   800 I Sensors : path open /dev/input/event3
09-26 11:37:49.114   683   800 D Sensors : dev_name=/dev/lightsensor, data_name=lightsensor-level, data_fd=78
09-26 11:37:49.114   683   800 E Sensors : couldn't find 'proximity' input device
09-26 11:37:49.114   683   800 D Sensors : dev_name=/dev/psensor, data_name=proximity, data_fd=-1
09-26 11:37:49.114   683   800 E Sensors : Couldn't open /dev/psensor (No such file or directory)
09-26 11:37:49.114   683   800 D Sensors : dev_name=(null), data_name=(null), data_fd=-1
09-26 11:37:49.118   683   756 I battery_status: [1,2,1,0,Li-ion]
09-26 11:37:49.118   683   756 I battery_level: [96,8126,38]
09-26 11:37:49.119   683   706 E BluetoothAdapter: Bluetooth binder is null
09-26 11:37:49.119   683   800 I MPL-loaddmp: dmp firmware size to write = 2913
09-26 11:37:49.119   683   800 I MPL-loaddmp: Bytes written = 2913
09-26 11:37:49.120   683   683 I SystemServiceManager: Starting com.android.server.usage.UsageStatsService
09-26 11:37:49.135   683   683 I SystemServiceManager: Starting com.android.server.webkit.WebViewUpdateService
09-26 11:37:49.138   683   706 E BatteryStatsService: no controller energy info supplied
09-26 11:37:49.143   683   683 I SystemServer: Reading configuration...
09-26 11:37:49.143   683   683 I SystemServer: StartSchedulingPolicyService
09-26 11:37:49.144   683   683 I SystemServiceManager: Starting com.android.server.telecom.TelecomLoaderService
09-26 11:37:49.146   683   706 I BatteryStatsImpl: Resetting battery stats: level=96 status=1 dischargeLevel=96 lowAmount=0 highAmount=0
09-26 11:37:49.147   683   706 E BatteryStatsService: power: Missing API
09-26 11:37:49.155   683   683 I SystemServer: StartTelephonyRegistry
09-26 11:37:49.168   683   683 I SystemServer: StartEntropyMixer
09-26 11:37:49.169   683   683 W EntropyMixer: No existing entropy file -- first boot?
09-26 11:37:49.170   683   683 I EntropyMixer: Writing entropy...
09-26 11:37:49.174   683   683 I SystemServer: Camera Service
09-26 11:37:49.174   683   683 I SystemServiceManager: Starting com.android.server.camera.CameraService
09-26 11:37:49.177   683   801 I ServiceThread: Enabled StrictMode logging for CameraService_proxy looper.
09-26 11:37:49.178   683   683 I SystemServer: StartAccountManagerService
09-26 11:37:49.179   683   683 I SystemServiceManager: Starting com.android.server.accounts.AccountManagerService$Lifecycle
09-26 11:37:49.206   683   683 I SystemServer: StartContentService
09-26 11:37:49.207   683   683 I SystemServiceManager: Starting com.android.server.content.ContentService$Lifecycle
09-26 11:37:49.212   683   683 I SystemServer: InstallSystemProviders
09-26 11:37:49.219   683   683 W System  : ClassLoader referenced unknown path: /system/priv-app/SettingsProvider/lib/arm64
09-26 11:37:49.270   683   800 D MPL     : ro.sensor.pcba=0
09-26 11:37:49.270   683   800 E MPL     : rknand_sys_storage open fail
09-26 11:37:49.270   683   800 D MPL     : ACCEL_CONVERSION_R=6682.812012, GYRO_CONVERSION_R=3754936.250000
09-26 11:37:49.270   683   800 D MPL     : factory_accel_calibrate: 0 0 0
09-26 11:37:49.270   683   800 D MPL     : user_accel_calibrate: 0 0 0
09-26 11:37:49.270   683   800 D MPL     : user_gyro_calibrate: 0 0 0
09-26 11:37:49.270   683   800 D MPL     : rkvr_fd = -1
09-26 11:37:49.270   683   800 E MPL-storeload: Cannot open file "/data/inv_cal_data.bin" for read
09-26 11:37:49.270   683   800 E MPL-storeload: Could not load cal file - aborting
09-26 11:37:49.271   683   800 E Sensors : HAL:Could not open or load MPL calibration file (46)
09-26 11:37:49.271   683   800 V Sensors : ---------GYRO-----1KHZ--------------
09-26 11:37:49.271   683   800 V Sensors : ---------ACCEL-----1KHZ----------------
09-26 11:37:49.271   683   800 D Sensors : int sensors_poll_context_t::activate(int, int)
09-26 11:37:49.271   683   800 D Sensors : int sensors_poll_context_t::activate(int, int)
09-26 11:37:49.271   683   800 D Sensors : int sensors_poll_context_t::activate(int, int)
09-26 11:37:49.271   683   800 D Sensors : int sensors_poll_context_t::activate(int, int)
09-26 11:37:49.271   683   800 D Sensors : int sensors_poll_context_t::activate(int, int)
09-26 11:37:49.271   683   800 D Sensors : int sensors_poll_context_t::activate(int, int)
09-26 11:37:49.271   683   800 D Sensors : int sensors_poll_context_t::activate(int, int)
09-26 11:37:49.271   683   800 D Sensors : int sensors_poll_context_t::activate(int, int)
09-26 11:37:49.271   683   800 D Sensors : int sensors_poll_context_t::activate(int, int)
09-26 11:37:49.271   683   800 D Sensors : int sensors_poll_context_t::activate(int, int)
09-26 11:37:49.271   683   800 D SensorService: transform_for_pre_rotation 0x00000000 (ROT_0 , IDENTITY )
09-26 11:37:49.271   683   800 D SensorService: 1.0000  0.0000  0.0000
09-26 11:37:49.271   683   800 D SensorService: 0.0000  1.0000  0.0000
09-26 11:37:49.271   683   800 D SensorService: 0.0000  0.0000  1.0000
09-26 11:37:49.271   683   800 I SensorService: Generated new HMAC key.
09-26 11:37:49.285   683   804 D SensorService: nuSensorService thread starting...
09-26 11:37:49.285   683   803 D SensorService: new thread SensorEventAckReceiver
09-26 11:37:49.310   683   683 I SettingsState: No settings state /data/system/users/0/settings_system.xml
09-26 11:37:49.322   683   683 I SettingsState: No settings state /data/system/users/0/settings_secure.xml
09-26 11:37:49.327   683   683 D SettingsProvider: Generated and saved new ANDROID_ID [f21471bf1f6cef6b] for user 0
09-26 11:37:49.336   683   683 I SettingsState: No settings state /data/system/users/0/settings_global.xml
09-26 11:37:49.363   683   683 I SystemServer: StartVibratorService
09-26 11:37:49.368   683   683 D Vibrator: Vibrator timeout_ms 0
09-26 11:37:49.369   358   401 D TcpServerLinkHandler: TcpServerLinkHandler accept- 54 
09-26 11:37:49.369   358   401 E Listener: add listener for 54
09-26 11:37:49.369   358   401 E TcpServerLinkHandler: _recvData failed:Success
09-26 11:37:49.369   358   401 E TcpServerLinkHandler: exception in client:Success
09-26 11:37:49.369   358   401 E DJILink : remove listener 54
09-26 11:37:49.371   683   683 I SystemServer: StartConsumerIrService
09-26 11:37:49.372   683   683 E ConsumerIrService: Can't open consumer IR HW Module, error: -2
09-26 11:37:49.373   683   683 I SystemServer: StartAlarmManagerService
09-26 11:37:49.373   683   683 I SystemServiceManager: Starting com.android.server.AlarmManagerService
09-26 11:37:49.388   683   683 D AlarmAlignmentManager: loading /system/etc/alarm_alignment_conf.xml
09-26 11:37:49.392   683   683 D AlarmAlignmentManager: mAlarmStrategy=SCREEN_OFF_ALARM_STRATEGY_FIXED2
09-26 11:37:49.392   683   683 D AlarmAlignmentManager: mAppAlarmFixedAlignment=300000
09-26 11:37:49.392   683   683 D AlarmAlignmentManager: mIsStrict = true
09-26 11:37:49.392   683   683 D AlarmAlignmentManager: mSkipNonWakeup = false
09-26 11:37:49.392   683   683 D AlarmAlignmentManager: mAlignNonWakeup = false
09-26 11:37:49.392   683   683 D AlarmAlignmentManager: mAlignSystemAlarm = false
09-26 11:37:49.392   683   683 D AlarmAlignmentManager: mAppAlarmSkipShort=10000
09-26 11:37:49.392   683   683 D AlarmAlignmentManager: mAppAlarmRepeatAlignment=300000
09-26 11:37:49.392   683   683 D AlarmAlignmentManager: mAppAlarmIgnoreTop = false
09-26 11:37:49.392   683   683 D AlarmAlignmentManager: add white list:com.google.android.deskclock, null
09-26 11:37:49.393   683   683 D AlarmAlignmentManager: add white list:com.alarmclock.xtreme, null
09-26 11:37:49.393   683   683 D AlarmAlignmentManager: add white list:com.alarmclock.xtreme.free, null
09-26 11:37:49.393   683   683 D AlarmAlignmentManager: add white list:com.zdworks.android.zdclock, null
09-26 11:37:49.393   683   683 D AlarmAlignmentManager: add white list:com.tiantian.ttclock, null
09-26 11:37:49.393   683   683 D AlarmAlignmentManager: add white list:com.macropinch.axe, null
09-26 11:37:49.394   683   683 D AlarmAlignmentManager: add white list:com.maize.digitalClock, null
09-26 11:37:49.394   683   683 D AlarmAlignmentManager: add white list:nl.jsource.retroclock.android, null
09-26 11:37:49.394   683   683 D AlarmAlignmentManager: add white list:com.asus.deskclock, null
09-26 11:37:49.394   683   683 D AlarmAlignmentManager: add black list:com.android.phone, com.android.internal.telephony.data-stall
09-26 11:37:49.396   683   683 D AlarmAlignmentManager: strict mode and fixed strategy, force repeat interval to 300000
09-26 11:37:49.396   683   683 W AlarmAlignmentManager: updating App alarm config:
09-26 11:37:49.396   683   683 W AlarmAlignmentManager: old config:strategy:SCREEN_OFF_ALARM_STRATEGY_NONE, repeat alignment:0, fixed alignment:0, skip short interval:0, strict:true, ignore top:false, skip nonwakeup:true, align system alarm:false, whitelist size:0, blacklist size:0
09-26 11:37:49.396   683   683 W AlarmAlignmentManager: new config:strategy:SCREEN_OFF_ALARM_STRATEGY_FIXED2, repeat alignment:300000, fixed alignment:300000, skip short interval:10000, strict:true, ignore top:false, skip nonwakeup:false, align system alarm:false, whitelist size:9, blacklist size:1
09-26 11:37:49.421   683   683 I SystemServer: InitWatchdog
09-26 11:37:49.421   683   683 I SystemServer: StartInputManagerService
09-26 11:37:49.423   683   683 I InputManager: Initializing input manager, mUseDevInputEventForAudioJack=false
09-26 11:37:49.423   683   683 D InputDispatcher: prop=com_key,mEnableComKey= 1
09-26 11:37:49.424   683   683 I SystemServer: StartWindowManagerService
09-26 11:37:49.506   683   710 I dzy     : WindowManagerService->java.lang.Throwable
09-26 11:37:49.506   683   710 I dzy     : 	at com.android.server.wm.WindowManagerService.<init>(WindowManagerService.java:1021)
09-26 11:37:49.506   683   710 I dzy     : 	at com.android.server.wm.WindowManagerService$3.run(WindowManagerService.java:1000)
09-26 11:37:49.506   683   710 I dzy     : 	at android.os.Handler$BlockingRunnable.run(Handler.java:775)
09-26 11:37:49.506   683   710 I dzy     : 	at android.os.Handler.handleCallback(Handler.java:755)
09-26 11:37:49.506   683   710 I dzy     : 	at android.os.Handler.dispatchMessage(Handler.java:95)
09-26 11:37:49.506   683   710 I dzy     : 	at android.os.Looper.loop(Looper.java:154)
09-26 11:37:49.506   683   710 I dzy     : 	at android.os.HandlerThread.run(HandlerThread.java:61)
09-26 11:37:49.506   683   710 I dzy     : 	at com.android.server.ServiceThread.run(ServiceThread.java:46)
09-26 11:37:49.510   683   710 I WindowManager: No existing display settings /data/system/display_settings.xml; starting empty
09-26 11:37:49.521   683   710 D dzy     : mDisplays size=
09-26 11:37:49.534   683   710 D dzy     : Display id 0: DisplayInfo{"Built-in Screen", uniqueId "local:0", app 1080 x 1920, real 1080 x 1920, largest app 1080 x 1920, smallest app 1080 x 1920, mode 1, defaultMode 1, modes [{id=1, width=1080, height=1920, fps=60.000004}], colorMode 0, supportedColorModes [0], hdrCapabilities android.view.Display$HdrCapabilities@a69d6308, rotation 0, density 400 (320.0 x 320.0) dpi, layerStack 0, appVsyncOff 1000000, presDeadline 16666666, type BUILT_IN, state ON, FLAG_SECURE, FLAG_SUPPORTS_PROTECTED_BUFFERS}, DisplayMetrics{density=2.5, width=1080, height=1920, scaledDensity=2.5, xdpi=320.0, ydpi=320.0}, isValid=true
09-26 11:37:49.603   683   683 I SystemServer: StartVrManagerService
09-26 11:37:49.603   683   683 I SystemServiceManager: Starting com.android.server.vr.VrManagerService
09-26 11:37:49.613   683   683 W VrManagerService: init_native: Could not open VR hardware module, error No such file or directory (-2).
09-26 11:37:49.653   683   683 I wm_stack_created: 0
09-26 11:37:49.654   683   683 I InputManager: Starting input manager
09-26 11:37:49.656   683   818 D EventHub: No input device configuration file found for device 'rk29-keypad'.
09-26 11:37:49.657   683   818 W EventHub: Unable to disable kernel key repeat for /dev/input/event2: Function not implemented
09-26 11:37:49.657   683   818 I EventHub: New device: id=1, fd=147, path='/dev/input/event2', name='rk29-keypad', classes=0x401, configuration='', keyLayout='/system/usr/keylayout/rk29-keypad.kl', keyCharacterMap='/system/usr/keychars/Generic.kcm', builtinKeyboard=true, wakeMechanism=EPOLLWAKEUP, usingClockIoctl=true
09-26 11:37:49.657   683   818 D EventHub: No input device configuration file found for device 'lightsensor-level'.
09-26 11:37:49.662   683   683 I SystemServiceManager: Starting com.android.server.BluetoothService
09-26 11:37:49.674   683   818 D EventHub: No input device configuration file found for device 'DJI RC'.
09-26 11:37:49.676   683   818 W EventHub: Unable to disable kernel key repeat for /dev/input/event1: Function not implemented
09-26 11:37:49.676   683   818 I EventHub: New device: id=3, fd=148, path='/dev/input/event1', name='DJI RC', classes=0x80000741, configuration='', keyLayout='/system/usr/keylayout/Generic.kl', keyCharacterMap='/system/usr/keychars/Generic.kcm', builtinKeyboard=false, wakeMechanism=EPOLLWAKEUP, usingClockIoctl=true
09-26 11:37:49.679   683   683 D BluetoothManagerService: Loading stored name and address
09-26 11:37:49.679   683   683 D BluetoothManagerService: Stored bluetooth Name=null,Address=null
09-26 11:37:49.680   683   683 D BluetoothManagerService: Bluetooth persisted state: 0
09-26 11:37:49.680   683   683 I SystemServer: ConnectivityMetricsLoggerService
09-26 11:37:49.680   683   683 I SystemServiceManager: Starting com.android.server.connectivity.MetricsLoggerService
09-26 11:37:49.683   683   683 I SystemServer: IpConnectivityMetrics
09-26 11:37:49.683   683   683 I SystemServiceManager: Starting com.android.server.connectivity.IpConnectivityMetrics
09-26 11:37:49.686   683   683 I SystemServer: PinnerService
09-26 11:37:49.686   683   683 I SystemServiceManager: Starting com.android.server.PinnerService
09-26 11:37:49.688   683   683 I SystemServiceManager: Starting com.android.server.InputMethodManagerService$Lifecycle
09-26 11:37:49.689   683   702 E PinnerService: Could not pin file /system/framework/arm64/boot-framework.oat with error open failed: ENOENT (No such file or directory)
09-26 11:37:49.689   683   702 E PinnerService: Failed to pin file = /system/framework/arm64/boot-framework.oat
09-26 11:37:49.689   356   380 D use-Rlog/RLOG-RIL: _____Enum ports._____
09-26 11:37:49.689   683   702 E PinnerService: Could not pin file /system/framework/oat/arm64/services.odex with error open failed: ENOENT (No such file or directory)
09-26 11:37:49.689   683   702 E PinnerService: Failed to pin file = /system/framework/oat/arm64/services.odex
09-26 11:37:49.690   683   702 E PinnerService: Could not pin file /system/framework/arm64/boot.oat with error open failed: ENOENT (No such file or directory)
09-26 11:37:49.690   683   702 E PinnerService: Failed to pin file = /system/framework/arm64/boot.oat
09-26 11:37:49.690   683   702 E PinnerService: Could not pin file /system/framework/arm64/boot-core-libart.oat with error open failed: ENOENT (No such file or directory)
09-26 11:37:49.690   683   702 E PinnerService: Failed to pin file = /system/framework/arm64/boot-core-libart.oat
09-26 11:37:49.701   683   818 D EventHub: No input device configuration file found for device 'cyttsp5_mt'.
09-26 11:37:49.701   683   818 E filemap : mmap(0,4096) failed: No such device
09-26 11:37:49.703   683   818 W EventHub: Unable to disable kernel key repeat for /dev/input/event0: Function not implemented
09-26 11:37:49.703   683   818 I EventHub: New device: id=4, fd=149, path='/dev/input/event0', name='cyttsp5_mt', classes=0x15, configuration='', keyLayout='/system/usr/keylayout/Generic.kl', keyCharacterMap='/system/usr/keychars/Generic.kcm', builtinKeyboard=false, wakeMechanism=EPOLLWAKEUP, usingClockIoctl=true
09-26 11:37:49.704   683   818 I InputReader: Device added: id=-1, name='Virtual', sources=0x00000301
09-26 11:37:49.705   683   818 I InputReader:   Touch device 'cyttsp5_mt' could not query the properties of its associated display.  The device will be inoperable until the display size becomes available.
09-26 11:37:49.705   683   818 I InputReader: Device added: id=4, name='cyttsp5_mt', sources=0x00005103
09-26 11:37:49.705   683   818 I InputReader: Device added: id=3, name='DJI RC', sources=0x01002513
09-26 11:37:49.705   683   818 I InputReader: Device added: id=0, name='rk29-keypad', sources=0x00002103
09-26 11:37:49.742   683   683 W System  : ClassLoader referenced unknown path: 
09-26 11:37:49.744   683   683 D ApplicationLoaders: ignored Vulkan layer search path /system/app/LatinIME/lib/arm64:/system/fake-libs64:/system/app/LatinIME/LatinIME.apk!/lib/arm64-v8a:/system/lib64:/vendor/lib64 for namespace 0x7013ee0160
09-26 11:37:49.888   683   683 W InputMethodManagerService: No IME selected. Choose the most applicable IME.
09-26 11:37:49.896   683   683 I InputMethodManagerService: Default found, using com.android.inputmethod.latin/.LatinIME
09-26 11:37:49.904   683   683 I SystemServer: StartAccessibilityManagerService
09-26 11:37:49.923   683   683 I configuration_changed: -2147475976
09-26 11:37:49.924   683   683 I ActivityManager: Config changes=80001df8 {1.0 dualscreenflag=ENABLE ?mcc?mnc [en_US] ldltr sw432dp w768dp h432dp 400dpi nrml long land ?uimode ?night -touch -keyb/h/h -nav/h s.2}
09-26 11:37:49.932   683   683 D ActivityManager: ---------Move Home To Top & CLEAN THE ALL TASK
09-26 11:37:49.934   683   710 I configuration_changed: 1032
09-26 11:37:49.934   683   710 I ActivityManager: Config changes=408 {1.0 dualscreenflag=ENABLE ?mcc?mnc [en_US] ldltr sw432dp w768dp h408dp 400dpi nrml long land ?uimode ?night finger -keyb/h/h -nav/h s.3}
09-26 11:37:49.939   683   702 I UsageStatsDatabase: Upgrading from version 0 to 3
09-26 11:37:49.939   683   702 I UsageStatsDatabase: Deleting all usage stats files
09-26 11:37:49.946   683   702 I UsageStatsService: User[0] Rollover scheduled @ 2018-09-27 11:37:49(1538048269924)
09-26 11:37:49.947   683   702 D UsageStatsService: Initializing defaults for system apps on user 0
09-26 11:37:49.947   358   397 D TcpLinkHandler: createSocketClient port 40004 
09-26 11:37:49.948   358   397 D TcpLinkHandler: connect error :Network is unreachable
09-26 11:37:50.014   683   702 E AppIdleHistory: Unable to read app idle file for user 0
09-26 11:37:50.035   683   818 I InputReader: Reconfiguring input devices.  changes=0x00000004
09-26 11:37:50.035   683   818 I InputReader: Device reconfigured: id=4, name='cyttsp5_mt', size 1080x1920, orientation 1, mode 1, display id 0
09-26 11:37:50.037   683   683 I SystemServiceManager: Starting com.android.server.MountService$Lifecycle
09-26 11:37:50.077   683   683 I SystemServer: start UiModeManagerService.
09-26 11:37:50.077   683   683 I SystemServiceManager: Starting com.android.server.UiModeManagerService
09-26 11:37:50.078   683   819 D MountService: Thinking about init, mSystemReady=false, mDaemonConnected=true
09-26 11:37:50.078   683   819 D MountService: Thinking about reset, mSystemReady=false, mDaemonConnected=true
09-26 11:37:50.078   683   819 D MountService: Thinking about init, mSystemReady=false, mDaemonConnected=true
09-26 11:37:50.078   683   819 D MountService: Thinking about reset, mSystemReady=false, mDaemonConnected=true
09-26 11:37:50.086   683   683 I configuration_changed: -2147483136
09-26 11:37:50.086   683   683 I ActivityManager: Config changes=80000200 {1.0 dualscreenflag=DISABLE ?mcc?mnc [en_US] ldltr sw432dp w768dp h408dp 400dpi nrml long land finger -keyb/h/h -nav/h s.4}
09-26 11:37:50.088   683   819 W MountService: No primary storage mounted!
09-26 11:37:50.089   683   819 D VoldConnector: SND -> {1 asec list}
09-26 11:37:50.091   683   820 D VoldConnector: RCV <- {200 1 asec operation succeeded}
09-26 11:37:50.092   683   819 I PackageManager: No secure containers found
09-26 11:37:50.095   683   819 W PackageManager: Unknown permission dji.intent.action.RECORDER_STOP_EXT in package com.dpad.launcher
09-26 11:37:50.096   683   819 W PackageManager: Not granting permission android.permission.MOUNT_UNMOUNT_FILESYSTEMS to package com.lenovo.anyshare (protectionLevel=18 flags=0x38d8be45)
09-26 11:37:50.096   683   819 W PackageManager: Not granting permission android.permission.WRITE_MEDIA_STORAGE to package com.lenovo.anyshare (protectionLevel=18 flags=0x38d8be45)
09-26 11:37:50.096   683   819 W PackageManager: Not granting permission android.permission.CLEAR_APP_CACHE to package com.lenovo.anyshare (protectionLevel=18 flags=0x38d8be45)
09-26 11:37:50.102   683   819 W PackageManager: Unknown permission com.android.launcher.permission.READ_SETTINGS in package com.android.launcher3
09-26 11:37:50.102   683   819 W PackageManager: Unknown permission com.android.launcher.permission.WRITE_SETTINGS in package com.android.launcher3
09-26 11:37:50.103   683   819 W PackageManager: Not granting permission android.permission.BIND_APPWIDGET to package com.android.launcher3 (protectionLevel=18 flags=0x3ccbbe45)
09-26 11:37:50.103   683   819 W PackageManager: Unknown permission com.google.android.providers.gsf.permission.READ_GSERVICES in package dji.go.v4
09-26 11:37:50.104   683   819 W PackageManager: Not granting permission android.permission.MOUNT_UNMOUNT_FILESYSTEMS to package dji.go.v4 (protectionLevel=18 flags=0x38983e45)
09-26 11:37:50.104   683   819 W PackageManager: Unknown permission android.permission.RECEIVE_USER_PRESENT in package dji.go.v4
09-26 11:37:50.104   683   819 W PackageManager: Unknown permission android.permission.RAISED_THREAD_PRIORITY in package dji.go.v4
09-26 11:37:50.104   683   819 W PackageManager: Not granting permission android.permission.INTERACT_ACROSS_USERS_FULL to package dji.go.v4 (protectionLevel=258 flags=0x38983e45)
09-26 11:37:50.104   683   819 W PackageManager: Not granting permission android.permission.MEDIA_CONTENT_CONTROL to package dji.go.v4 (protectionLevel=18 flags=0x38983e45)
09-26 11:37:50.104   683   819 W PackageManager: Not granting permission android.permission.BATTERY_STATS to package dji.go.v4 (protectionLevel=50 flags=0x38983e45)
09-26 11:37:50.105   683   819 W PackageManager: Unknown permission com.android.vending.CHECK_LICENSE in package dji.go.v4
09-26 11:37:50.105   683   819 W PackageManager: Not granting permission android.permission.ACCESS_DOWNLOAD_MANAGER to package dji.go.v4 (protectionLevel=18 flags=0x38983e45)
09-26 11:37:50.105   683   819 W PackageManager: Unknown permission com.android.launcher.permission.READ_SETTINGS in package com.android.onetimeinitializer
09-26 11:37:50.105   683   819 W PackageManager: Unknown permission com.android.launcher.permission.WRITE_SETTINGS in package com.android.onetimeinitializer
09-26 11:37:50.108   683   819 W PackageManager: Unknown permission com.google.android.permission.INSTALL_WEARABLE_PACKAGES in package com.android.packageinstaller
09-26 11:37:50.108   683   819 W PackageManager: Not granting permission android.permission.DELETE_PACKAGES to package com.svox.pico (protectionLevel=18 flags=0x3888be45)
09-26 11:37:50.111   683   819 W PackageManager: Unknown permission com.google.android.gallery3d.permission.PICASA_STORE in package com.android.dreams.phototable
09-26 11:37:50.115   683   819 W PackageManager: Unknown permission com.google.android.googleapps.permission.GOOGLE_AUTH in package com.android.settings
09-26 11:37:50.116   683   819 W PackageManager: Unknown permission com.android.launcher.permission.READ_SETTINGS in package com.android.settings
09-26 11:37:50.116   683   819 W PackageManager: Unknown permission com.android.launcher.permission.WRITE_SETTINGS in package com.android.settings
09-26 11:37:50.119   683   819 W PackageManager: Unknown permission com.google.android.providers.gsf.permission.READ_GSERVICES in package com.google.android.inputmethod.pinyin
09-26 11:37:50.122   683   819 W PackageManager: Unknown permission com.android.smspush.WAPPUSH_MANAGER_BIND in package com.android.phone
09-26 11:37:50.131   683   819 W PackageManager: Unknown permission com.google.android.providers.gsf.permission.READ_GSERVICES in package com.google.android.inputmethod.japanese
09-26 11:37:50.132   683   819 W PackageManager: Unknown permission dji.intent.action.RECORDER_STOP in package com.android.systemui
09-26 11:37:50.132   683   819 W PackageManager: Unknown permission android.permission.MODIFY_ACCESSIBILITY_DATA in package com.android.systemui
09-26 11:37:50.139   683   819 W PackageManager: Unknown permission com.android.launcher.permission.READ_SETTINGS in package com.DeviceTest
09-26 11:37:50.140   683   819 W PackageManager: Unknown permission android.net.wifi.supplicant.STATE_CHANGE in package com.dpad.setup
09-26 11:37:50.144   683   819 W PackageManager: Unknown permission com.google.android.gallery3d.permission.GALLERY_PROVIDER in package com.android.bluetooth
09-26 11:37:50.145   683   819 W PackageManager: Unknown permission rockchip.permission.FULL_SCREEN in package android.rk.RockVideoPlayer
09-26 11:37:50.145   683   819 W PackageManager: Unknown permission android.permission.RAISED_THREAD_PRIORITY in package android.rk.RockVideoPlayer
09-26 11:37:50.145   683   819 W PackageManager: Unknown permission android.permission.FULL_SCREEN in package android.rk.RockVideoPlayer
09-26 11:37:50.146   683   819 W PackageManager: Unknown permission archos.permission.FULL_SCREEN in package android.rk.RockVideoPlayer
09-26 03:37:50.471     0     0 I usb 2-1 : USB disconnect, device number 2
09-26 11:37:50.371   683   756 I battery_status: [1,2,1,1,Li-ion]
09-26 11:37:50.372   683   818 I EventHub: Removing device DJI RC due to epoll hang-up event.
09-26 11:37:50.372   683   818 I EventHub: Removed device: path=/dev/input/event1 name=DJI RC id=3 fd=148 classes=0x80000741
09-26 11:37:50.372   683   706 E BluetoothAdapter: Bluetooth binder is null
09-26 11:37:50.373   683   706 E BatteryStatsService: no controller energy info supplied
09-26 11:37:50.373   683   706 E BatteryStatsService: power: Missing API
09-26 11:37:50.373   683   756 I battery_status: [1,2,1,0,Li-ion]
09-26 11:37:50.391   683   818 I InputReader: Device removed: id=3, name='DJI RC', sources=0x01002513
09-26 11:37:50.391   683   818 I EventHub: Removing device '/dev/input/event1' due to inotify event
09-26 11:37:50.391   230   239 W Vold    : subsystem found in netlink event
09-26 11:37:50.391   230   239 D Vold    : usb, 2
09-26 11:37:50.392   230   239 W Vold    : subsystem found in netlink event
09-26 11:37:50.392   230   239 D Vold    : usb, 2
09-26 11:37:50.412   683   756 I battery_status: [1,2,1,1,Li-ion]
09-26 11:37:50.413   683   756 I battery_status: [1,2,1,0,Li-ion]
09-26 11:37:50.416   683   706 E BluetoothAdapter: Bluetooth binder is null
09-26 11:37:50.416   683   706 E BatteryStatsService: no controller energy info supplied
09-26 11:37:50.466   683   706 I BatteryStatsImpl: Resetting battery stats: level=96 status=1 dischargeLevel=96 lowAmount=0 highAmount=0
09-26 11:37:50.507   683   706 E BatteryStatsService: power: Missing API
09-26 11:37:50.509   683   683 W art     : Long monitor contention with owner MountService (819) at void com.android.server.pm.PackageManagerService.loadMediaPackages(android.util.ArrayMap, int[], boolean)(PackageManagerService.java:19641) waiters=0 in boolean com.android.server.pm.PackageManagerService.isProtectedBroadcast(java.lang.String) for 412ms
09-26 11:37:50.509   683   683 I dvm_lock_sample: [system_server,0,main,412,PackageManagerService.java,4598,-,19641,82]
09-26 11:37:50.510   683   819 W MountService: No primary storage defined yet; hacking together a stub
09-26 11:37:50.510   683   702 W art     : Long monitor contention with owner MountService (819) at void com.android.server.pm.PackageManagerService.loadMediaPackages(android.util.ArrayMap, int[], boolean)(PackageManagerService.java:19641) waiters=1 in void com.android.server.pm.Settings$RuntimePermissionPersistence.writePermissionsSync(int) for 161ms
09-26 11:37:50.510   683   702 I dvm_lock_sample: [system_server,0,android.bg,161,Settings.java,5150,PackageManagerService.java,19641,32]
09-26 11:37:50.512   683   683 D ActivityManager: ---------Move Home To Top & CLEAN THE ALL TASK
09-26 11:37:50.513   683   819 W MountService: No primary storage defined yet; hacking together a stub
09-26 11:37:50.513   683   817 I configuration_changed: -2147483648
09-26 11:37:50.514   683   817 I ActivityManager: Config changes=80000000 {1.0 dualscreenflag=ENABLE ?mcc?mnc [en_US] ldltr sw432dp w768dp h408dp 400dpi nrml long land finger -keyb/h/h -nav/h s.5}
