09-26 11:37:34.236   360   360 D libEGL  : loaded /vendor/lib64/egl/libGLES_mali.so
09-26 11:37:34.259   360   360 I Zygote  : Preloading shared libraries...
09-26 11:37:34.264   360   360 I Zygote  : Uninstalled ICU cache reference pinning...
09-26 11:37:34.288   360   360 I Zygote  : Installed AndroidKeyStoreProvider in 24ms.
09-26 11:37:34.330   682   682 I vpu_api : dlclose vpu lib
09-26 11:37:34.355   361   677 D TelephonyManager: No /proc/cmdline exception=java.io.FileNotFoundException: /proc/cmdline (Permission denied)
09-26 11:37:34.355   361   677 D TelephonyManager: /proc/cmdline=
09-26 11:37:34.539   361   361 E Zygote  : waitForLatch done!
09-26 11:37:34.539   361   361 I art     : VMRuntime.preloadDexCaches starting
09-26 11:37:34.549   360   360 I Zygote  : Warmed up JCA providers in 261ms.
09-26 11:37:34.579   360   360 D Zygote  : end preload
09-26 11:37:34.579   360   360 I boot_progress_preload_end: 25764
09-26 11:37:34.579   360   360 I art     : Starting a blocking GC Explicit
09-26 11:37:34.604   361   361 I art     : VMRuntime.preloadDexCaches strings total=285479 before=11875 after=11875
09-26 11:37:34.604   361   361 I art     : VMRuntime.preloadDexCaches types total=23659 before=9267 after=11295
09-26 11:37:34.604   361   361 I art     : VMRuntime.preloadDexCaches fields total=112871 before=40881 after=53799
09-26 11:37:34.604   361   361 I art     : VMRuntime.preloadDexCaches methods total=198508 before=78476 after=96602
09-26 11:37:34.604   361   361 I art     : VMRuntime.preloadDexCaches finished
09-26 11:37:34.607   361   361 D libEGL  : loaded /vendor/lib/egl/libGLES_mali.so
09-26 11:37:34.614   360   360 I art     : Explicit concurrent mark sweep GC freed 16744(1259KB) AllocSpace objects, 0(0B) LOS objects, 39% free, 6MB/10MB, paused 71us total 35.092ms
09-26 11:37:34.617   360   360 I art     : Starting a blocking GC Explicit
09-26 11:37:34.624   361   361 I Zygote  : Preloading shared libraries...
09-26 11:37:34.627   361   361 I Zygote  : Uninstalled ICU cache reference pinning...
09-26 11:37:34.639   361   361 I Zygote  : Installed AndroidKeyStoreProvider in 12ms.
09-26 11:37:34.647   360   360 I art     : Explicit concurrent mark sweep GC freed 584(16KB) AllocSpace objects, 0(0B) LOS objects, 39% free, 6MB/10MB, paused 65us total 30.087ms
09-26 11:37:34.659   356   380 D use-Rlog/RLOG-RIL: _____Enum ports._____
09-26 11:37:34.665   360   670 I art     : Starting a blocking GC HeapTrim
09-26 11:37:34.668   360   360 I art     : Starting a blocking GC Background
09-26 11:37:34.766   360   360 I Zygote  : System server process 683 has been created
09-26 11:37:34.770   360   360 I Zygote  : Accepting command socket connections
09-26 11:37:34.775   683   683 D Zygote  : --------call waitForSecondaryZygote,skip this---,abiList= arm64-v8a
09-26 11:37:34.778   683   683 I InstallerConnection: connecting...
09-26 11:37:34.779   364   364 I         : new connection
09-26 11:37:34.819   361   361 I Zygote  : Warmed up JCA providers in 180ms.
09-26 11:37:34.821   694   694 I dex2oat : /system/bin/dex2oat --compiler-filter=speed -j2
09-26 11:37:34.825   694   694 E dex2oat : Could not create image space with image file '/system/framework/boot.art'. Attempting to fall back to imageless running. Error was: Only the zygote can create the global boot image.
09-26 11:37:34.825   694   694 E dex2oat : Attempted image: /system/framework/boot.art
09-26 11:37:34.826   694   694 E dex2oat : Dex file fallback disabled, cannot continue without image.
09-26 11:37:34.826   694   694 E dex2oat : Failed to create runtime
09-26 11:37:34.828   694   694 I dex2oat : dex2oat took 7.683ms (threads: 2) 
09-26 11:37:34.830   364   364 E         : DexInv: --- END '/system/framework/services.jar' --- status=0x0100, process failed
09-26 11:37:34.834   683   683 W Zygote  : Failed compiling classpath element for system server: /system/framework/services.jar
09-26 11:37:34.834   683   683 W Zygote  : com.android.internal.os.InstallerConnection$InstallerException: Failed to execute dexopt [/system/framework/services.jar, 1000, *, arm64, 1, null, 0, speed, null, ]: -1
09-26 11:37:34.834   683   683 W Zygote  : 	at com.android.internal.os.InstallerConnection.execute(InstallerConnection.java:131)
09-26 11:37:34.834   683   683 W Zygote  : 	at com.android.internal.os.InstallerConnection.dexopt(InstallerConnection.java:147)
09-26 11:37:34.834   683   683 W Zygote  : 	at com.android.internal.os.InstallerConnection.dexopt(InstallerConnection.java:140)
09-26 11:37:34.834   683   683 W Zygote  : 	at com.android.internal.os.ZygoteInit.performSystemServerDexOpt(ZygoteInit.java:634)
09-26 11:37:34.834   683   683 W Zygote  : 	at com.android.internal.os.ZygoteInit.handleSystemServerProcess(ZygoteInit.java:544)
09-26 11:37:34.834   683   683 W Zygote  : 	at com.android.internal.os.ZygoteInit.startSystemServer(ZygoteInit.java:717)
09-26 11:37:34.834   683   683 W Zygote  : 	at com.android.internal.os.ZygoteInit.main(ZygoteInit.java:815)
09-26 11:37:34.844   361   361 D Zygote  : end preload
09-26 11:37:34.844   361   361 I boot_progress_preload_end: 26030
09-26 11:37:34.844   361   361 I art     : Starting a blocking GC Explicit
09-26 11:37:34.861   696   696 I dex2oat : /system/bin/dex2oat --compiler-filter=speed -j2
09-26 11:37:34.863   696   696 E dex2oat : Could not create image space with image file '/system/framework/boot.art'. Attempting to fall back to imageless running. Error was: Only the zygote can create the global boot image.
09-26 11:37:34.863   696   696 E dex2oat : Attempted image: /system/framework/boot.art
09-26 11:37:34.863   696   696 E dex2oat : Dex file fallback disabled, cannot continue without image.
09-26 11:37:34.863   696   696 E dex2oat : Failed to create runtime
09-26 11:37:34.865   696   696 I dex2oat : dex2oat took 4.923ms (threads: 2) 
09-26 11:37:34.867   364   364 E         : DexInv: --- END '/system/framework/ethernet-service.jar' --- status=0x0100, process failed
09-26 11:37:34.870   683   683 W Zygote  : Failed compiling classpath element for system server: /system/framework/ethernet-service.jar
09-26 11:37:34.870   683   683 W Zygote  : com.android.internal.os.InstallerConnection$InstallerException: Failed to execute dexopt [/system/framework/ethernet-service.jar, 1000, *, arm64, 1, null, 0, speed, null, /system/framework/services.jar]: -1
09-26 11:37:34.870   683   683 W Zygote  : 	at com.android.internal.os.InstallerConnection.execute(InstallerConnection.java:131)
09-26 11:37:34.870   683   683 W Zygote  : 	at com.android.internal.os.InstallerConnection.dexopt(InstallerConnection.java:147)
09-26 11:37:34.870   683   683 W Zygote  : 	at com.android.internal.os.InstallerConnection.dexopt(InstallerConnection.java:140)
09-26 11:37:34.870   683   683 W Zygote  : 	at com.android.internal.os.ZygoteInit.performSystemServerDexOpt(ZygoteInit.java:634)
09-26 11:37:34.870   683   683 W Zygote  : 	at com.android.internal.os.ZygoteInit.handleSystemServerProcess(ZygoteInit.java:544)
09-26 11:37:34.870   683   683 W Zygote  : 	at com.android.internal.os.ZygoteInit.startSystemServer(ZygoteInit.java:717)
09-26 11:37:34.870   683   683 W Zygote  : 	at com.android.internal.os.ZygoteInit.main(ZygoteInit.java:815)
09-26 11:37:34.880   361   361 I art     : Explicit concurrent mark sweep GC freed 61004(7MB) AllocSpace objects, 133(2MB) LOS objects, 39% free, 5MB/8MB, paused 125us total 35.186ms
09-26 11:37:34.891   361   361 I art     : Starting a blocking GC Explicit
09-26 11:37:34.900   698   698 I dex2oat : /system/bin/dex2oat --compiler-filter=speed -j2
09-26 11:37:34.902   698   698 E dex2oat : Could not create image space with image file '/system/framework/boot.art'. Attempting to fall back to imageless running. Error was: Only the zygote can create the global boot image.
09-26 11:37:34.902   698   698 E dex2oat : Attempted image: /system/framework/boot.art
09-26 11:37:34.903   698   698 E dex2oat : Dex file fallback disabled, cannot continue without image.
09-26 11:37:34.903   698   698 E dex2oat : Failed to create runtime
09-26 11:37:34.904   698   698 I dex2oat : dex2oat took 5.129ms (threads: 2) 
09-26 11:37:34.906   364   364 E         : DexInv: --- END '/system/framework/wifi-service.jar' --- status=0x0100, process failed
09-26 11:37:34.910   683   683 W Zygote  : Failed compiling classpath element for system server: /system/framework/wifi-service.jar
09-26 11:37:34.910   683   683 W Zygote  : com.android.internal.os.InstallerConnection$InstallerException: Failed to execute dexopt [/system/framework/wifi-service.jar, 1000, *, arm64, 1, null, 0, speed, null, /system/framework/services.jar:/system/framework/ethernet-service.jar]: -1
09-26 11:37:34.910   683   683 W Zygote  : 	at com.android.internal.os.InstallerConnection.execute(InstallerConnection.java:131)
09-26 11:37:34.910   683   683 W Zygote  : 	at com.android.internal.os.InstallerConnection.dexopt(InstallerConnection.java:147)
09-26 11:37:34.910   683   683 W Zygote  : 	at com.android.internal.os.InstallerConnection.dexopt(InstallerConnection.java:140)
09-26 11:37:34.910   683   683 W Zygote  : 	at com.android.internal.os.ZygoteInit.performSystemServerDexOpt(ZygoteInit.java:634)
09-26 11:37:34.910   683   683 W Zygote  : 	at com.android.internal.os.ZygoteInit.handleSystemServerProcess(ZygoteInit.java:544)
09-26 11:37:34.910   683   683 W Zygote  : 	at com.android.internal.os.ZygoteInit.startSystemServer(ZygoteInit.java:717)
09-26 11:37:34.910   683   683 W Zygote  : 	at com.android.internal.os.ZygoteInit.main(ZygoteInit.java:815)
09-26 11:37:34.910   683   683 I InstallerConnection: disconnecting...
09-26 11:37:34.911   364   364 E         : eof
09-26 11:37:34.911   364   364 E         : failed to read size
09-26 11:37:34.911   364   364 I         : closing connection
09-26 11:37:34.911   361   361 I art     : Explicit concurrent mark sweep GC freed 2775(94KB) AllocSpace objects, 0(0B) LOS objects, 40% free, 5MB/8MB, paused 96us total 20.260ms
09-26 11:37:34.920   358   397 D TcpLinkHandler: createSocketClient port 40004 
09-26 11:37:34.921   358   397 D TcpLinkHandler: connect error :Network is unreachable
09-26 11:37:34.941   361   361 I Zygote  : Accepting command socket connections
09-26 11:37:35.219   683   683 I SystemServer: Entered the Android system server!
09-26 11:37:35.219   683   683 I boot_progress_system_run: 26405
09-26 11:37:35.265   683   683 D DjiHelper: @@@dji@@@mask=
09-26 11:37:35.265   683   683 I SystemServiceManager: Starting com.android.server.pm.Installer
09-26 11:37:35.266   683   683 I Installer: Waiting for installd to be ready.
09-26 11:37:35.266   683   683 I InstallerConnection: connecting...
09-26 11:37:35.266   364   364 I         : new connection
09-26 11:37:35.267   683   683 I SystemServiceManager: Starting com.android.server.am.ActivityManagerService$Lifecycle
09-26 11:37:35.375   683   683 I ActivityManager: Memory class: 192
09-26 11:37:35.376   683   703 I ServiceThread: Enabled StrictMode logging for ActivityManager looper.
09-26 11:37:35.382   683   704 I ServiceThread: Enabled StrictMode logging for android.ui looper.
09-26 11:37:35.458   683   683 D BatteryStatsImpl: Reading daily items from /data/system/batterystats-daily.xml
09-26 11:37:35.515   683   683 I AppOps  : No existing app ops /data/system/appops.xml; starting empty
09-26 11:37:35.609   683   683 I IntentFirewall: Read new rules (A:0 B:0 S:0)
09-26 11:37:35.642   683   710 I ServiceThread: Enabled StrictMode logging for android.display looper.
09-26 11:37:35.661   356   380 D use-Rlog/RLOG-RIL: _____Enum ports._____
09-26 11:37:35.666   683   683 D AppOps  : AppOpsService published
09-26 11:37:35.667   683   683 I SystemServiceManager: Starting com.android.server.power.PowerManagerService
09-26 11:37:35.669   683   712 I ServiceThread: Enabled StrictMode logging for PowerManagerService looper.
09-26 11:37:35.684   683   683 W libsuspend: Error writing 'on' to /sys/power/state: Invalid argument
09-26 11:37:35.684   683   683 I libsuspend: Selected wakeup count
09-26 11:37:35.691   683   683 I SystemServiceManager: Starting com.android.server.lights.LightsService
09-26 11:37:35.692   683   683 I Lights Hal: >>> Enter light_device_open:backlight
09-26 11:37:35.692   683   683 I Lights Hal: >>> Enter light_device_open:keyboard
09-26 11:37:35.692   683   683 I Lights Hal: >>> Enter light_device_open:buttons
09-26 11:37:35.692   683   683 I Lights Hal: >>> Enter light_device_open:battery
09-26 11:37:35.693   683   683 I Lights Hal: >>> Enter light_device_open:notifications
09-26 11:37:35.693   683   683 I Lights Hal: >>> Enter light_device_open:attention
09-26 11:37:35.693   683   683 I Lights Hal: >>> Enter light_device_open:bluetooth
09-26 11:37:35.693   683   683 I Lights Hal: >>> undefine light id
09-26 11:37:35.693   683   683 I Lights Hal: >>> Enter light_device_open:wifi
09-26 11:37:35.693   683   683 I Lights Hal: >>> undefine light id
09-26 11:37:35.693   683   683 I SystemServiceManager: Starting com.android.server.display.DisplayManagerService
09-26 11:37:35.704   683   683 I SystemServiceManager: Starting phase 100
09-26 11:37:35.710   683   710 I DisplayManagerService: Display device added: DisplayDeviceInfo{"Built-in Screen": uniqueId="local:0", 1080 x 1920, modeId 1, defaultModeId 1, supportedModes [{id=1, width=1080, height=1920, fps=60.000004}], colorMode 0, supportedColorModes [0], HdrCapabilities android.view.Display$HdrCapabilities@a69d6308, density 400, 320.0 x 320.0 dpi, appVsyncOff 1000000, presDeadline 16666666, touch INTERNAL, rotation 0, type BUILT_IN, state UNKNOWN, FLAG_DEFAULT_DISPLAY, FLAG_ROTATES_WITH_CONTENT, FLAG_SECURE, FLAG_SUPPORTS_PROTECTED_BUFFERS}
09-26 11:37:35.712   251   251 D SurfaceFlinger: Set power mode=2, type=0 flinger=0x71f7e48000
09-26 11:37:35.713   251   251 D SurfaceFlinger: Screen type=0 is already mode=2
09-26 11:37:35.713   683   710 E Lights Hal: write_int failed to open /sys/class/backlight/rk28_bl/brightness
09-26 11:37:35.713   683   683 I SystemServer: StartPackageManagerService
09-26 11:37:35.713   683   710 I DisplayManagerService: Display device changed state: "Built-in Screen", ON
09-26 11:37:35.799   683   683 I boot_progress_pms_start: 26984
09-26 11:37:35.799   683   683 D PackageManager: PMS construct start
09-26 11:37:35.821   683   683 W FileUtils: Failed to chmod(/data/system/packages.list): android.system.ErrnoException: chmod failed: ENOENT (No such file or directory)
09-26 11:37:35.832   683   683 W SystemConfig: No directory /system/etc/sysconfig, skipping
09-26 11:37:35.921   683   683 D SELinuxMMAC: Using policy file /system/etc/security/mac_permissions.xml
09-26 11:37:35.922   358   397 D TcpLinkHandler: createSocketClient port 40004 
09-26 11:37:35.923   358   397 D TcpLinkHandler: connect error :Network is unreachable
09-26 11:37:35.926   683   683 I PackageManager: No settings file; creating initial state
09-26 11:37:35.927   683   683 I pm_critical_info: No settings file; creating initial state
09-26 11:37:35.934   683   683 I boot_progress_pms_system_scan_start: 27119
09-26 11:37:35.959   716   716 I dex2oat : /system/bin/dex2oat --compiler-filter=speed -j2
09-26 11:37:35.961   716   716 E dex2oat : Could not create image space with image file '/system/framework/boot.art'. Attempting to fall back to imageless running. Error was: Only the zygote can create the global boot image.
09-26 11:37:35.961   716   716 E dex2oat : Attempted image: /system/framework/boot.art
09-26 11:37:35.962   716   716 E dex2oat : Dex file fallback disabled, cannot continue without image.
09-26 11:37:35.962   716   716 E dex2oat : Failed to create runtime
09-26 11:37:35.963   716   716 I dex2oat : dex2oat took 4.354ms (threads: 2) 
09-26 11:37:35.964   364   364 E         : DexInv: --- END '/system/framework/com.android.location.provider.jar' --- status=0x0100, process failed
09-26 11:37:35.965   683   683 W PackageManager: Cannot dexopt /system/framework/com.android.location.provider.jar; is it an APK or JAR? Failed to execute dexopt [/system/framework/com.android.location.provider.jar, 1000, *, arm, 1, null, 2, speed, null, &]: -1
09-26 11:37:35.987   718   718 I dex2oat : /system/bin/dex2oat --compiler-filter=speed -j2
09-26 11:37:35.989   718   718 E dex2oat : Could not create image space with image file '/system/framework/boot.art'. Attempting to fall back to imageless running. Error was: Only the zygote can create the global boot image.
09-26 11:37:35.989   718   718 E dex2oat : Attempted image: /system/framework/boot.art
09-26 11:37:35.990   718   718 E dex2oat : Dex file fallback disabled, cannot continue without image.
09-26 11:37:35.990   718   718 E dex2oat : Failed to create runtime
09-26 11:37:35.991   718   718 I dex2oat : dex2oat took 4.552ms (threads: 2) 
09-26 11:37:35.993   364   364 E         : DexInv: --- END '/system/framework/com.android.future.usb.accessory.jar' --- status=0x0100, process failed
09-26 11:37:35.993   683   683 W PackageManager: Cannot dexopt /system/framework/com.android.future.usb.accessory.jar; is it an APK or JAR? Failed to execute dexopt [/system/framework/com.android.future.usb.accessory.jar, 1000, *, arm, 1, null, 2, speed, null, &]: -1
09-26 11:37:36.006   358   407 E UdtLinkHandler: udt_connect failed:Network is unreachable
09-26 11:37:36.035   720   720 I dex2oat : /system/bin/dex2oat --compiler-filter=speed -j2
09-26 11:37:36.039   720   720 E dex2oat : Could not create image space with image file '/system/framework/boot.art'. Attempting to fall back to imageless running. Error was: Only the zygote can create the global boot image.
09-26 11:37:36.039   720   720 E dex2oat : Attempted image: /system/framework/boot.art
09-26 11:37:36.040   720   720 E dex2oat : Dex file fallback disabled, cannot continue without image.
09-26 11:37:36.040   720   720 E dex2oat : Failed to create runtime
09-26 11:37:36.042   720   720 I dex2oat : dex2oat took 7.860ms (threads: 2) 
09-26 11:37:36.044   364   364 E         : DexInv: --- END '/system/framework/javax.obex.jar' --- status=0x0100, process failed
09-26 11:37:36.046   683   683 W PackageManager: Cannot dexopt /system/framework/javax.obex.jar; is it an APK or JAR? Failed to execute dexopt [/system/framework/javax.obex.jar, 1000, *, arm, 1, null, 2, speed, null, &]: -1
09-26 11:37:36.091   724   724 I dex2oat : /system/bin/dex2oat --compiler-filter=speed -j2
09-26 11:37:36.095   724   724 E dex2oat : Could not create image space with image file '/system/framework/boot.art'. Attempting to fall back to imageless running. Error was: Only the zygote can create the global boot image.
09-26 11:37:36.095   724   724 E dex2oat : Attempted image: /system/framework/boot.art
09-26 11:37:36.097   724   724 E dex2oat : Dex file fallback disabled, cannot continue without image.
09-26 11:37:36.097   724   724 E dex2oat : Failed to create runtime
09-26 11:37:36.099   724   724 I dex2oat : dex2oat took 8.393ms (threads: 2) 
09-26 11:37:36.100   364   364 E         : DexInv: --- END '/system/framework/android.test.runner.jar' --- status=0x0100, process failed
09-26 11:37:36.102   683   683 W PackageManager: Cannot dexopt /system/framework/android.test.runner.jar; is it an APK or JAR? Failed to execute dexopt [/system/framework/android.test.runner.jar, 1000, *, arm, 1, null, 2, speed, null, &]: -1
09-26 11:37:36.102   683   683 E art     : DexFile_getDexOptNeeded file '/system/framework/org.apache.http.legacy.jar' does not exist
09-26 11:37:36.102   683   683 W PackageManager: Library not found: /system/framework/org.apache.http.legacy.jar
09-26 11:37:36.144   726   726 I dex2oat : /system/bin/dex2oat --compiler-filter=speed -j2
09-26 11:37:36.150   726   726 E dex2oat : Could not create image space with image file '/system/framework/boot.art'. Attempting to fall back to imageless running. Error was: Only the zygote can create the global boot image.
09-26 11:37:36.150   726   726 E dex2oat : Attempted image: /system/framework/boot.art
09-26 11:37:36.151   726   726 E dex2oat : Dex file fallback disabled, cannot continue without image.
09-26 11:37:36.151   726   726 E dex2oat : Failed to create runtime
09-26 11:37:36.153   726   726 I dex2oat : dex2oat took 9.427ms (threads: 2) 
09-26 11:37:36.155   364   364 E         : DexInv: --- END '/system/framework/com.android.media.remotedisplay.jar' --- status=0x0100, process failed
09-26 11:37:36.156   683   683 W PackageManager: Cannot dexopt /system/framework/com.android.media.remotedisplay.jar; is it an APK or JAR? Failed to execute dexopt [/system/framework/com.android.media.remotedisplay.jar, 1000, *, arm, 1, null, 2, speed, null, &]: -1
09-26 11:37:36.196   728   728 I dex2oat : /system/bin/dex2oat --compiler-filter=speed -j2
09-26 11:37:36.198   728   728 E dex2oat : Could not create image space with image file '/system/framework/boot.art'. Attempting to fall back to imageless running. Error was: Only the zygote can create the global boot image.
09-26 11:37:36.198   728   728 E dex2oat : Attempted image: /system/framework/boot.art
09-26 11:37:36.198   728   728 E dex2oat : Dex file fallback disabled, cannot continue without image.
09-26 11:37:36.198   728   728 E dex2oat : Failed to create runtime
09-26 11:37:36.200   728   728 I dex2oat : dex2oat took 4.380ms (threads: 2) 
09-26 11:37:36.201   364   364 E         : DexInv: --- END '/system/framework/com.android.mediadrm.signer.jar' --- status=0x0100, process failed
09-26 11:37:36.202   683   683 W PackageManager: Cannot dexopt /system/framework/com.android.mediadrm.signer.jar; is it an APK or JAR? Failed to execute dexopt [/system/framework/com.android.mediadrm.signer.jar, 1000, *, arm, 1, null, 2, speed, null, &]: -1
09-26 11:37:36.223   730   730 I dex2oat : /system/bin/dex2oat --compiler-filter=speed -j2
09-26 11:37:36.225   730   730 E dex2oat : Could not create image space with image file '/system/framework/boot.art'. Attempting to fall back to imageless running. Error was: Only the zygote can create the global boot image.
09-26 11:37:36.225   730   730 E dex2oat : Attempted image: /system/framework/boot.art
09-26 11:37:36.226   730   730 E dex2oat : Dex file fallback disabled, cannot continue without image.
09-26 11:37:36.226   730   730 E dex2oat : Failed to create runtime
09-26 11:37:36.227   730   730 I dex2oat : dex2oat took 4.256ms (threads: 2) 
09-26 11:37:36.228   364   364 E         : DexInv: --- END '/system/framework/com.android.location.provider.jar' --- status=0x0100, process failed
09-26 11:37:36.229   683   683 W PackageManager: Cannot dexopt /system/framework/com.android.location.provider.jar; is it an APK or JAR? Failed to execute dexopt [/system/framework/com.android.location.provider.jar, 1000, *, arm64, 1, null, 2, speed, null, &]: -1
09-26 11:37:36.251   732   732 I dex2oat : /system/bin/dex2oat --compiler-filter=speed -j2
09-26 11:37:36.252   732   732 E dex2oat : Could not create image space with image file '/system/framework/boot.art'. Attempting to fall back to imageless running. Error was: Only the zygote can create the global boot image.
09-26 11:37:36.252   732   732 E dex2oat : Attempted image: /system/framework/boot.art
09-26 11:37:36.253   732   732 E dex2oat : Dex file fallback disabled, cannot continue without image.
09-26 11:37:36.253   732   732 E dex2oat : Failed to create runtime
09-26 11:37:36.254   732   732 I dex2oat : dex2oat took 4.344ms (threads: 2) 
09-26 11:37:36.256   364   364 E         : DexInv: --- END '/system/framework/com.android.future.usb.accessory.jar' --- status=0x0100, process failed
09-26 11:37:36.256   683   683 W PackageManager: Cannot dexopt /system/framework/com.android.future.usb.accessory.jar; is it an APK or JAR? Failed to execute dexopt [/system/framework/com.android.future.usb.accessory.jar, 1000, *, arm64, 1, null, 2, speed, null, &]: -1
09-26 11:37:36.278   734   734 I dex2oat : /system/bin/dex2oat --compiler-filter=speed -j2
09-26 11:37:36.279   734   734 E dex2oat : Could not create image space with image file '/system/framework/boot.art'. Attempting to fall back to imageless running. Error was: Only the zygote can create the global boot image.
09-26 11:37:36.280   734   734 E dex2oat : Attempted image: /system/framework/boot.art
09-26 11:37:36.280   734   734 E dex2oat : Dex file fallback disabled, cannot continue without image.
09-26 11:37:36.280   734   734 E dex2oat : Failed to create runtime
09-26 11:37:36.282   734   734 I dex2oat : dex2oat took 4.384ms (threads: 2) 
09-26 11:37:36.283   364   364 E         : DexInv: --- END '/system/framework/javax.obex.jar' --- status=0x0100, process failed
09-26 11:37:36.284   683   683 W PackageManager: Cannot dexopt /system/framework/javax.obex.jar; is it an APK or JAR? Failed to execute dexopt [/system/framework/javax.obex.jar, 1000, *, arm64, 1, null, 2, speed, null, &]: -1
09-26 11:37:36.307   736   736 I dex2oat : /system/bin/dex2oat --compiler-filter=speed -j2
09-26 11:37:36.309   736   736 E dex2oat : Could not create image space with image file '/system/framework/boot.art'. Attempting to fall back to imageless running. Error was: Only the zygote can create the global boot image.
09-26 11:37:36.309   736   736 E dex2oat : Attempted image: /system/framework/boot.art
09-26 11:37:36.310   736   736 E dex2oat : Dex file fallback disabled, cannot continue without image.
09-26 11:37:36.310   736   736 E dex2oat : Failed to create runtime
09-26 11:37:36.311   736   736 I dex2oat : dex2oat took 4.475ms (threads: 2) 
09-26 11:37:36.313   364   364 E         : DexInv: --- END '/system/framework/android.test.runner.jar' --- status=0x0100, process failed
09-26 11:37:36.313   683   683 W PackageManager: Cannot dexopt /system/framework/android.test.runner.jar; is it an APK or JAR? Failed to execute dexopt [/system/framework/android.test.runner.jar, 1000, *, arm64, 1, null, 2, speed, null, &]: -1
09-26 11:37:36.314   683   683 E art     : DexFile_getDexOptNeeded file '/system/framework/org.apache.http.legacy.jar' does not exist
09-26 11:37:36.314   683   683 W PackageManager: Library not found: /system/framework/org.apache.http.legacy.jar
09-26 11:37:36.352   738   738 I dex2oat : /system/bin/dex2oat --compiler-filter=speed -j2
09-26 11:37:36.356   738   738 E dex2oat : Could not create image space with image file '/system/framework/boot.art'. Attempting to fall back to imageless running. Error was: Only the zygote can create the global boot image.
09-26 11:37:36.356   738   738 E dex2oat : Attempted image: /system/framework/boot.art
09-26 11:37:36.357   738   738 E dex2oat : Dex file fallback disabled, cannot continue without image.
09-26 11:37:36.357   738   738 E dex2oat : Failed to create runtime
09-26 11:37:36.359   738   738 I dex2oat : dex2oat took 8.094ms (threads: 2) 
09-26 11:37:36.361   364   364 E         : DexInv: --- END '/system/framework/com.android.media.remotedisplay.jar' --- status=0x0100, process failed
09-26 11:37:36.362   683   683 W PackageManager: Cannot dexopt /system/framework/com.android.media.remotedisplay.jar; is it an APK or JAR? Failed to execute dexopt [/system/framework/com.android.media.remotedisplay.jar, 1000, *, arm64, 1, null, 2, speed, null, &]: -1
09-26 11:37:36.403   740   740 I dex2oat : /system/bin/dex2oat --compiler-filter=speed -j2
09-26 11:37:36.406   740   740 E dex2oat : Could not create image space with image file '/system/framework/boot.art'. Attempting to fall back to imageless running. Error was: Only the zygote can create the global boot image.
09-26 11:37:36.407   740   740 E dex2oat : Attempted image: /system/framework/boot.art
09-26 11:37:36.408   740   740 E dex2oat : Dex file fallback disabled, cannot continue without image.
09-26 11:37:36.408   740   740 E dex2oat : Failed to create runtime
09-26 11:37:36.409   740   740 I dex2oat : dex2oat took 7.159ms (threads: 2) 
09-26 11:37:36.411   364   364 E         : DexInv: --- END '/system/framework/com.android.mediadrm.signer.jar' --- status=0x0100, process failed
09-26 11:37:36.412   683   683 W PackageManager: Cannot dexopt /system/framework/com.android.mediadrm.signer.jar; is it an APK or JAR? Failed to execute dexopt [/system/framework/com.android.mediadrm.signer.jar, 1000, *, arm64, 1, null, 2, speed, null, &]: -1
09-26 11:37:36.418   683   742 D PackageManager: No files in app dir /vendor/overlay
09-26 11:37:36.418   683   746 D PackageManager: No files in app dir /system/vendor/app
09-26 11:37:36.419   683   742 D PackageManager: No files in app dir /system/vendor/bundled_uninstall_gone-app
09-26 11:37:36.419   683   746 D PackageManager: No files in app dir /system/vendor/bundled_uninstall_back-app
09-26 11:37:36.420   683   747 D PackageManager: No files in app dir /oem/app
09-26 11:37:36.461   683   742 D DjiCoreHelper: mask=
09-26 11:37:36.474   683   744 I PackageManager: /system/priv-app/BackupRestoreConfirmation changed; collecting certs
09-26 11:37:36.478   683   745 I PackageManager: /system/app/AgingTest changed; collecting certs
09-26 11:37:36.497   683   742 I PackageManager: /system/vendor/bundled_persist-app/AnyShare changed; collecting certs
09-26 11:37:36.535   683   744 I PackageManager: /system/priv-app/CtsShimPrivPrebuilt changed; collecting certs
09-26 11:37:36.560   683   745 I PackageManager: /system/app/BasicDreams changed; collecting certs
09-26 11:37:36.562   683   744 I PackageManager: /system/priv-app/DefaultContainerService changed; collecting certs
09-26 11:37:36.597   683   745 W PackageParser: Ignoring duplicate uses-permissions/uses-permissions-sdk-m: android.permission.READ_CONTACTS in package: com.android.bluetooth at: Binary XML file line #61
09-26 11:37:36.597   683   744 I PackageManager: /system/priv-app/DownloadProvider changed; collecting certs
09-26 11:37:36.609   683   744 I PackageManager: New shared user android.media: id=10004
09-26 11:37:36.615   683   744 W PackageManager: Permission android.permission.DOWNLOAD_WITHOUT_NOTIFICATION from package com.android.providers.downloads in an unknown group android.permission-group.NETWORK
09-26 11:37:36.619   683   745 W PackageParser: No actions in intent filter at /system/app/Bluetooth/Bluetooth.apk Binary XML file line #225
09-26 11:37:36.627   683   744 D PackageParser: force set dpad launcher to persist
09-26 11:37:36.631   683   744 I PackageManager: /system/priv-app/Dpad-Launcher changed; collecting certs
09-26 11:37:36.632   683   745 I PackageManager: /system/app/Bluetooth changed; collecting certs
09-26 11:37:36.664   683   743 I PackageManager: /system/framework/framework-res.apk changed; collecting certs
09-26 11:37:36.665   356   380 D use-Rlog/RLOG-RIL: _____Enum ports._____
09-26 11:37:36.676   683   745 I PackageManager: /system/app/BluetoothMidiService changed; collecting certs
09-26 11:37:36.701   683   745 I PackageManager: /system/app/BookmarkProvider changed; collecting certs
09-26 11:37:36.750   683   745 I PackageManager: /system/app/Camera2 changed; collecting certs
09-26 11:37:36.803   683   745 I PackageManager: /system/app/CaptivePortalLogin changed; collecting certs
09-26 11:37:36.836   683   745 I PackageManager: /system/app/CertInstaller changed; collecting certs
09-26 11:37:36.862   683   745 I PackageManager: /system/app/CtsShimPrebuilt changed; collecting certs
09-26 11:37:36.873   683   745 W PackageManager: Non-privileged app; cap priority to 0; package: com.android.cts.ctsshim activity: com.android.cts.ctsshim.InstallPriority origPrio: 100
09-26 11:37:36.874   683   745 W PackageManager: Non-privileged app; cap priority to 0; package: com.android.cts.ctsshim activity: com.android.cts.ctsshim.InstallPriority origPrio: 100
09-26 11:37:36.874   683   745 W PackageManager: Non-privileged app; cap priority to 0; package: com.android.cts.ctsshim activity: com.android.cts.ctsshim.InstallPriority origPrio: 100
09-26 11:37:36.874   683   745 W PackageManager: Non-privileged app; cap priority to 0; package: com.android.cts.ctsshim activity: com.android.cts.ctsshim.InstallPriority origPrio: 100
09-26 11:37:36.874   683   745 W PackageManager: Non-privileged app; cap priority to 0; package: com.android.cts.ctsshim activity: com.android.cts.ctsshim.InstallPriority origPrio: 100
09-26 11:37:36.898   683   745 W PackageParser: Ignoring duplicate uses-permissions/uses-permissions-sdk-m: android.permission.ACCESS_FINE_LOCATION in package: com.DeviceTest at: Binary XML file line #18
09-26 11:37:36.900   683   745 W PackageParser: Ignoring duplicate uses-permissions/uses-permissions-sdk-m: android.permission.WRITE_SETTINGS in package: com.DeviceTest at: Binary XML file line #27
09-26 11:37:36.902   683   745 W PackageParser: Ignoring duplicate uses-permissions/uses-permissions-sdk-m: android.permission.INTERNET in package: com.DeviceTest at: Binary XML file line #35
09-26 11:37:36.904   683   745 W PackageParser: Ignoring duplicate uses-permissions/uses-permissions-sdk-m: android.permission.DEVICE_POWER in package: com.DeviceTest at: Binary XML file line #39
09-26 11:37:36.924   358   397 D TcpLinkHandler: createSocketClient port 40004 
09-26 11:37:36.925   358   397 D TcpLinkHandler: connect error :Network is unreachable
09-26 11:37:36.956   683   745 I PackageManager: /system/app/DeviceTest changed; collecting certs
09-26 11:37:36.997   683   745 I PackageManager: /system/app/DownloadProviderUi changed; collecting certs
09-26 11:37:37.026   683   745 I PackageManager: /system/app/EasterEgg changed; collecting certs
09-26 11:37:37.051   683   745 I PackageManager: /system/app/ExtShared changed; collecting certs
09-26 11:37:37.076   683   745 I PackageManager: /system/app/HTMLViewer changed; collecting certs
09-26 11:37:37.102   683   745 I PackageManager: /system/app/KeyChain changed; collecting certs
09-26 11:37:37.145   683   742 W ResourceType: Failure getting entry for 0x7f1203bc (t=17 e=956) (error -75)
09-26 11:37:37.152   683   745 I PackageManager: /system/app/LatinIME changed; collecting certs
09-26 11:37:37.154   683   742 I PackageManager: /system/vendor/bundled_persist-app/GoogleInput changed; collecting certs
09-26 11:37:37.212   683   744 I PackageManager: /system/priv-app/ExtServices changed; collecting certs
09-26 11:37:37.225   683   744 I PackageManager: /system/priv-app/ExternalStorageProvider changed; collecting certs
09-26 11:37:37.241   683   744 I PackageManager: /system/priv-app/FusedLocation changed; collecting certs
09-26 11:37:37.255   683   744 I PackageManager: /system/priv-app/InputDevices changed; collecting certs
09-26 11:37:37.269   683   745 I PackageManager: /system/app/Launcher3 changed; collecting certs
09-26 11:37:37.278   683   744 I PackageManager: /system/priv-app/ManagedProvisioning changed; collecting certs
09-26 11:37:37.285   683   745 W PackageManager: Permission com.android.launcher3.permission.READ_SETTINGS from package com.android.launcher3 in an unknown group android.permission-group.SYSTEM_TOOLS
09-26 11:37:37.285   683   745 W PackageManager: Permission com.android.launcher3.permission.WRITE_SETTINGS from package com.android.launcher3 in an unknown group android.permission-group.SYSTEM_TOOLS
09-26 11:37:37.286   683   745 W PackageManager: Permission com.android.launcher.permission.INSTALL_SHORTCUT from package com.android.launcher3 in an unknown group android.permission-group.SYSTEM_TOOLS
09-26 11:37:37.299   683   745 W PackageParser: Unknown element under <manifest>: meta-data at /system/app/Lightning/Lightning.apk Binary XML file line #32
09-26 11:37:37.300   683   744 I PackageManager: /system/priv-app/MediaProvider changed; collecting certs
09-26 11:37:37.314   683   745 I PackageManager: /system/app/Lightning changed; collecting certs
09-26 11:37:37.317   683   744 I PackageManager: /system/priv-app/MtpDocumentsProvider changed; collecting certs
09-26 11:37:37.334   683   744 I PackageManager: /system/priv-app/MusicFX changed; collecting certs
09-26 11:37:37.347   683   744 I PackageManager: /system/priv-app/OneTimeInitializer changed; collecting certs
09-26 11:37:37.355   683   745 I PackageManager: /system/app/LiveWallpapersPicker changed; collecting certs
09-26 11:37:37.370   683   744 I PackageManager: /system/priv-app/PackageInstaller changed; collecting certs
09-26 11:37:37.394   683   745 I PackageManager: /system/app/MediaFloat changed; collecting certs
09-26 11:37:37.398   683   744 I PackageManager: /system/priv-app/ProxyHandler changed; collecting certs
09-26 11:37:37.437   683   745 I PackageManager: /system/app/Music changed; collecting certs
09-26 11:37:37.468   683   745 I PackageManager: /system/app/OpenWnn changed; collecting certs
09-26 11:37:37.488   683   745 I PackageManager: /system/app/PacProcessor changed; collecting certs
09-26 11:37:37.504   683   745 I PackageManager: /system/app/PhotoTable changed; collecting certs
09-26 11:37:37.524   683   745 I PackageManager: /system/app/PicoTts changed; collecting certs
09-26 11:37:37.535   683   744 W PackageParser: Ignoring duplicate uses-permissions/uses-permissions-sdk-m: android.permission.USE_CREDENTIALS in package: com.android.settings at: Binary XML file line #54
09-26 11:37:37.537   683   744 W PackageParser: Ignoring duplicate uses-permissions/uses-permissions-sdk-m: android.permission.READ_SYNC_SETTINGS in package: com.android.settings at: Binary XML file line #59
09-26 11:37:37.538   683   744 W PackageParser: Ignoring duplicate uses-permissions/uses-permissions-sdk-m: android.permission.WRITE_SYNC_SETTINGS in package: com.android.settings at: Binary XML file line #60
09-26 11:37:37.541   683   745 I PackageManager: /system/app/PrintRecommendationService changed; collecting certs
09-26 11:37:37.558   683   745 W PackageParser: Unknown element under <intent-filter>: categary at /system/app/RFTestTool/RFTestTool.apk Binary XML file line #18
09-26 11:37:37.565   683   745 I PackageManager: /system/app/RFTestTool changed; collecting certs
09-26 11:37:37.602   683   745 I PackageManager: /system/app/RKUpdateService changed; collecting certs
09-26 11:37:37.632   683   745 W PackageParser: Ignoring duplicate uses-permissions/uses-permissions-sdk-m: android.permission.DEVICE_POWER in package: android.rk.RockVideoPlayer at: Binary XML file line #25
09-26 11:37:37.642   683   745 I PackageManager: /system/app/Rk4kVideoPlayer changed; collecting certs
09-26 11:37:37.668   356   380 D use-Rlog/RLOG-RIL: _____Enum ports._____
09-26 11:37:37.676   683   745 I PackageManager: /system/app/SoundRecorder changed; collecting certs
09-26 11:37:37.701   683   745 I PackageManager: /system/app/UserDictionaryProvider changed; collecting certs
09-26 11:37:37.708   683   745 I PackageManager: New shared user android.uid.shared: id=10034
09-26 11:37:37.724   683   745 I PackageManager: /system/app/WallpaperBackup changed; collecting certs
09-26 11:37:37.729   683   744 I PackageManager: /system/priv-app/Settings changed; collecting certs
09-26 11:37:37.780   683   745 I PackageManager: /system/app/WallpaperPicker changed; collecting certs
09-26 11:37:37.805   683   745 I PackageManager: /system/app/baseService changed; collecting certs
09-26 11:37:37.865   683   745 I PackageManager: /system/app/webview changed; collecting certs
09-26 11:37:37.927   358   397 D TcpLinkHandler: createSocketClient port 40004 
09-26 11:37:37.928   358   397 D TcpLinkHandler: connect error :Network is unreachable
09-26 11:37:37.967   683   744 I PackageManager: /system/priv-app/SettingsProvider changed; collecting certs
09-26 11:37:38.047   683   744 I PackageManager: /system/priv-app/SharedStorageBackup changed; collecting certs
09-26 11:37:38.159   683   744 W PackageParser: Ignoring duplicate uses-permissions/uses-permissions-sdk-m: android.permission.INSTALL_GRANT_RUNTIME_PERMISSIONS in package: com.android.shell at: Binary XML file line #102
09-26 11:37:38.173   683   744 I PackageManager: /system/priv-app/Shell changed; collecting certs
09-26 11:37:38.258   683   744 I PackageManager: /system/priv-app/StatementService changed; collecting certs
09-26 11:37:38.363   683   744 I PackageManager: /system/priv-app/StorageManager changed; collecting certs
09-26 11:37:38.432   683   744 I PackageManager: /system/priv-app/StressTest changed; collecting certs
09-26 11:37:38.495   683   744 W PackageParser: Ignoring duplicate uses-permissions/uses-permissions-sdk-m: android.permission.CONFIGURE_WIFI_DISPLAY in package: com.android.systemui at: Binary XML file line #129
09-26 11:37:38.510   683   744 I PackageManager: /system/priv-app/SystemUI changed; collecting certs
09-26 11:37:38.541   683   744 I PackageManager: New shared user android.uid.systemui: id=10040
09-26 11:37:38.594   683   744 I PackageManager: /system/priv-app/TeleService changed; collecting certs
09-26 11:37:38.637   683   744 I PackageManager: /system/priv-app/Telecom changed; collecting certs
09-26 11:37:38.658   683   742 W ResourceType: Failure getting entry for 0x7f120429 (t=17 e=1065) (error -75)
09-26 11:37:38.663   683   744 I PackageManager: /system/priv-app/TelephonyProvider changed; collecting certs
09-26 11:37:38.670   683   742 I PackageManager: /system/vendor/bundled_persist-app/GoogleInput_jp changed; collecting certs
09-26 11:37:38.670   356   380 D use-Rlog/RLOG-RIL: _____Enum ports._____
09-26 11:37:38.682   683   744 I PackageManager: /system/priv-app/VpnDialogs changed; collecting certs
09-26 11:37:38.697   683   744 I PackageManager: /system/priv-app/WallpaperCropper changed; collecting certs
09-26 11:37:38.714   683   744 W PackageParser: Unknown element under <manifest>: meta-data at /system/priv-app/dpad-update/dpad-update.apk Binary XML file line #33
09-26 11:37:38.719   683   744 I PackageManager: /system/priv-app/dpad-update changed; collecting certs
09-26 11:37:38.929   358   397 D TcpLinkHandler: createSocketClient port 40004 
09-26 11:37:38.930   358   397 D TcpLinkHandler: connect error :Network is unreachable
09-26 11:37:39.008   358   407 E UdtLinkHandler: udt_connect failed:Network is unreachable
09-26 11:37:39.457   683   744 I PackageManager: /system/priv-app/dpad_document changed; collecting certs
09-26 11:37:39.502   683   744 I PackageManager: /system/priv-app/dpad_gallery2 changed; collecting certs
09-26 11:37:39.554   683   744 W PackageParser: Unknown element under <manifest>: meta-data at /system/priv-app/setup/setup.apk Binary XML file line #41
09-26 11:37:39.563   683   744 I PackageManager: /system/priv-app/setup changed; collecting certs
09-26 11:37:39.672   356   380 D use-Rlog/RLOG-RIL: _____Enum ports._____
09-26 11:37:39.931   358   397 D TcpLinkHandler: createSocketClient port 40004 
09-26 11:37:39.932   358   397 D TcpLinkHandler: connect error :Network is unreachable
09-26 11:37:40.170   683   742 W PackageParser: Ignoring duplicate uses-permissions/uses-permissions-sdk-m: android.permission.BLUETOOTH_ADMIN in package: dji.go.v4 at: Binary XML file line #27
09-26 11:37:40.170   683   742 W PackageParser: Ignoring duplicate uses-permissions/uses-permissions-sdk-m: android.permission.BLUETOOTH in package: dji.go.v4 at: Binary XML file line #29
09-26 11:37:40.171   683   742 W PackageParser: Ignoring duplicate uses-permissions/uses-permissions-sdk-m: android.permission.USE_CREDENTIALS in package: dji.go.v4 at: Binary XML file line #34
09-26 11:37:40.246   683   742 I PackageManager: /system/vendor/bundled_persist-app/RM500_GO changed; collecting certs
09-26 11:37:40.674   356   380 D use-Rlog/RLOG-RIL: _____Enum ports._____
09-26 11:37:40.933   358   397 D TcpLinkHandler: createSocketClient port 40004 
09-26 11:37:40.934   358   397 D TcpLinkHandler: connect error :Network is unreachable
09-26 11:37:41.418   683   683 E PackageManager: Thread main still waiting for ready...
09-26 11:37:41.676   356   380 D use-Rlog/RLOG-RIL: _____Enum ports._____
09-26 11:37:41.934   358   397 D TcpLinkHandler: createSocketClient port 40004 
09-26 11:37:41.935   358   397 D TcpLinkHandler: connect error :Network is unreachable
09-26 11:37:42.010   358   407 E UdtLinkHandler: udt_connect failed:Network is unreachable
09-26 03:37:42.759     0     0 W [treadahead]/system/vendor/lib64/egl/libGLES_mali.so, tlen: 19711kb
09-26 03:37:42.762     0     0 W [treadahead]/system/lib64/libLLVM.so, tlen: 16579kb
09-26 03:37:42.775     0     0 W [treadahead]/system/priv-app/SystemUI/SystemUI.apk, tlen: 12150kb
09-26 11:37:42.678   356   380 D use-Rlog/RLOG-RIL: _____Enum ports._____
09-26 03:37:42.779     0     0 W [treadahead]get_blocks=>/data/misc/gatekeeper/.coldboot, size: 0, remove head
09-26 03:37:42.786     0     0 W [treadahead]/system/priv-app/setup/setup.apk, tlen: 13472kb
09-26 03:37:42.787     0     0 W [treadahead]/system/usr/icu/icudt56l.dat, tlen: 15079kb
09-26 03:37:42.792     0     0 W [treadahead]/system/app/LatinIME/LatinIME.apk, tlen: 16946kb
09-26 03:37:42.802     0     0 W [treadahead]/system/framework/framework-res.apk, tlen: 26504kb
09-26 03:37:42.806     0     0 W [treadahead]/system/priv-app/Settings/Settings.apk, tlen: 35578kb
09-26 03:37:42.810     0     0 W [treadahead]/system/app/webview/webview.apk, tlen: 103908kb
09-26 03:37:42.842     0     0 W         : [treadahead]trace_stop=>took 0.013 seconds
09-26 03:37:42.842     0     0 W         : [treadahead]trace_stop=>total 761 files, 285154kb, 1059 blocks
09-26 03:37:42.843     0     0 I init    : Service 'treadahead' (pid 246) exited with status 0
09-26 11:37:42.936   358   397 D TcpLinkHandler: createSocketClient port 40004 
09-26 11:37:42.937   358   397 D TcpLinkHandler: connect error :Network is unreachable
09-26 11:37:43.680   356   380 D use-Rlog/RLOG-RIL: _____Enum ports._____
09-26 11:37:43.938   358   397 D TcpLinkHandler: createSocketClient port 40004 
09-26 11:37:43.938   358   397 D TcpLinkHandler: connect error :Network is unreachable
09-26 11:37:44.682   356   380 D use-Rlog/RLOG-RIL: _____Enum ports._____
09-26 11:37:44.939   358   397 D TcpLinkHandler: createSocketClient port 40004 
09-26 11:37:44.940   358   397 D TcpLinkHandler: connect error :Network is unreachable
09-26 11:37:45.013   358   407 E UdtLinkHandler: udt_connect failed:Network is unreachable
09-26 11:37:45.683   356   380 D use-Rlog/RLOG-RIL: _____Enum ports._____
09-26 11:37:45.941   358   397 D TcpLinkHandler: createSocketClient port 40004 
09-26 11:37:45.941   358   397 D TcpLinkHandler: connect error :Network is unreachable
09-26 11:37:46.418   683   683 E PackageManager: Thread main still waiting for ready...
09-26 11:37:46.684   356   380 D use-Rlog/RLOG-RIL: _____Enum ports._____
09-26 11:37:46.942   358   397 D TcpLinkHandler: createSocketClient port 40004 
09-26 11:37:46.943   358   397 D TcpLinkHandler: connect error :Network is unreachable
09-26 11:37:47.336   683   683 E PackageManager: waitForLatch done!
09-26 11:37:47.339   683   683 I boot_progress_pms_data_scan_start: 38524
09-26 11:37:47.339   683   683 D PackageManager: No files in app dir /data/app
09-26 11:37:47.339   683   683 D PackageManager: No files in app dir /data/app-private
09-26 11:37:47.339   683   683 D PackageManager: No files in app dir /data/app-ephemeral
09-26 11:37:47.343   683   683 W PackageManager: Protected action; cap priority to 0; package: com.android.cts.priv.ctsshim activity: com.android.cts.priv.ctsshim.InstallPriority origPrio: 100
09-26 11:37:47.343   683   683 W PackageManager: Protected action; cap priority to 0; package: com.android.cts.priv.ctsshim activity: com.android.cts.priv.ctsshim.InstallPriority origPrio: 100
09-26 11:37:47.343   683   683 W PackageManager: Protected action; cap priority to 0; package: com.android.cts.priv.ctsshim activity: com.android.cts.priv.ctsshim.InstallPriority origPrio: 100
09-26 11:37:47.343   683   683 W PackageManager: Protected action; cap priority to 0; package: com.android.cts.priv.ctsshim activity: com.android.cts.priv.ctsshim.InstallPriority origPrio: 100
09-26 11:37:47.343   683   683 W PackageManager: Protected action; cap priority to 0; package: com.android.packageinstaller activity: com.android.packageinstaller.PackageInstallerActivity origPrio: 1
09-26 11:37:47.343   683   683 W PackageManager: Package com.android.gallery3d desires unavailable shared library com.google.android.media.effects; ignoring!
09-26 11:37:47.343   683   683 W PackageManager: Package com.android.gallery3d desires unavailable shared library com.google.android.media.effects; ignoring!
09-26 11:37:47.344   683   683 I PackageManager: Adjusting ABI for com.android.providers.downloads.ui to arm64-v8a (requirer=com.android.mtp, scannedPackage=null)
09-26 11:37:47.345   683   683 I PackageManager: Adjusting ABI for com.android.providers.downloads to arm64-v8a (requirer=com.android.mtp, scannedPackage=null)
09-26 11:37:47.345   683   683 I PackageManager: Adjusting ABI for com.android.providers.media to arm64-v8a (requirer=com.android.mtp, scannedPackage=null)
09-26 11:37:47.346   683   683 I PackageManager: Adjusting ABI for com.android.keychain to arm64-v8a (requirer=com.dpad.update, scannedPackage=null)
09-26 11:37:47.346   683   683 I PackageManager: Adjusting ABI for com.dji.test to arm64-v8a (requirer=com.dpad.update, scannedPackage=null)
09-26 11:37:47.347   683   683 I PackageManager: Adjusting ABI for com.DeviceTest to arm64-v8a (requirer=com.dpad.update, scannedPackage=null)
09-26 11:37:47.347   683   683 I PackageManager: Adjusting ABI for com.dpad.launcher to arm64-v8a (requirer=com.dpad.update, scannedPackage=null)
09-26 11:37:47.347   683   683 I PackageManager: Adjusting ABI for com.android.documentsui to arm64-v8a (requirer=com.dpad.update, scannedPackage=null)
09-26 11:37:47.348   683   683 I PackageManager: Adjusting ABI for com.android.wallpaperbackup to arm64-v8a (requirer=com.dpad.update, scannedPackage=null)
09-26 11:37:47.348   683   683 I PackageManager: Adjusting ABI for com.android.location.fused to arm64-v8a (requirer=com.dpad.update, scannedPackage=null)
