--------- beginning of system
02-08 23:55:59.061   523   523 I vold    : Vold 3.0 (the awakening) firing up
02-08 23:55:59.062   523   523 V vold    : Detected support for: ext4 vfat
02-08 23:55:59.064   523   523 V vold    : Found unmanaged dm device named system
02-08 23:55:59.064   523   523 W vold    : Failed to LOOP_GET_STATUS64 /dev/block/loop6: No such device or address
02-08 23:55:59.064   523   523 W vold    : Failed to LOOP_GET_STATUS64 /dev/block/loop2: No such device or address
02-08 23:55:59.064   523   523 W vold    : Failed to LOOP_GET_STATUS64 /dev/block/loop4: No such device or address
02-08 23:55:59.064   523   523 W vold    : Failed to LOOP_GET_STATUS64 /dev/block/loop0: No such device or address
02-08 23:55:59.064   523   523 W vold    : Failed to LOOP_GET_STATUS64 /dev/block/loop7: No such device or address
02-08 23:55:59.064   523   523 W vold    : Failed to LOOP_GET_STATUS64 /dev/block/loop3: No such device or address
02-08 23:55:59.064   523   523 W vold    : Failed to LOOP_GET_STATUS64 /dev/block/loop5: No such device or address
02-08 23:55:59.064   523   523 W vold    : Failed to LOOP_GET_STATUS64 /dev/block/loop1: No such device or address
02-08 23:55:59.067   523   523 D vold    : VoldNativeService::start() completed OK
02-08 23:55:59.077   523   549 I vold    : e4crypt_initialize_global_de
02-08 23:55:59.077   523   549 D vold    : Key exists, using: /data/unencrypted/key
02-08 23:55:59.082   523   549 I vold    : List of Keymaster HALs found:
02-08 23:55:59.082   523   549 I vold    : Keymaster HAL #1: SoftwareWrappedKeymaster1Device from Google SecurityLevel: TRUSTED_ENVIRONMENT HAL: android.hardware.keymaster@3.0::IKeymasterDevice/default
02-08 23:55:59.083   523   549 I vold    : Using SoftwareWrappedKeymaster1Device from Google for encryption.  Security level: TRUSTED_ENVIRONMENT, HAL: android.hardware.keymaster@3.0::IKeymasterDevice/default
02-08 23:55:59.340   523   549 D vold    : Added key 395294104 (ext4:8a0904ab6d8e7de3) to keyring 465086907 in process 523
02-08 23:55:59.340   523   549 D vold    : Added key 267523808 (f2fs:8a0904ab6d8e7de3) to keyring 465086907 in process 523
02-08 23:55:59.340   523   549 D vold    : Added key 654453538 (fscrypt:8a0904ab6d8e7de3) to keyring 465086907 in process 523
02-08 23:55:59.341   523   549 I vold    : Wrote system DE key reference to:/data/unencrypted/ref
02-08 23:55:59.438   523   549 D vold    : e4crypt_init_user0
02-08 23:55:59.438   523   549 D vold    : Preparing: /data/misc/vold/user_keys
02-08 23:55:59.438   523   549 D vold    : Preparing: /data/misc/vold/user_keys/ce
02-08 23:55:59.439   523   549 D vold    : Preparing: /data/misc/vold/user_keys/de
02-08 23:55:59.442   523   549 I vold    : List of Keymaster HALs found:
02-08 23:55:59.443   523   549 I vold    : Keymaster HAL #1: SoftwareWrappedKeymaster1Device from Google SecurityLevel: TRUSTED_ENVIRONMENT HAL: android.hardware.keymaster@3.0::IKeymasterDevice/default
02-08 23:55:59.443   523   549 I vold    : Using SoftwareWrappedKeymaster1Device from Google for encryption.  Security level: TRUSTED_ENVIRONMENT, HAL: android.hardware.keymaster@3.0::IKeymasterDevice/default
02-08 23:55:59.458   523   549 D vold    : Added key 723742797 (ext4:afc4978443007dfb) to keyring 465086907 in process 523
02-08 23:55:59.458   523   549 D vold    : Added key 616016247 (f2fs:afc4978443007dfb) to keyring 465086907 in process 523
02-08 23:55:59.458   523   549 D vold    : Added key 123460801 (fscrypt:afc4978443007dfb) to keyring 465086907 in process 523
02-08 23:55:59.458   523   549 D vold    : Installed de key for user 0
02-08 23:55:59.458   523   549 D vold    : Skipping non-de-key ..
02-08 23:55:59.458   523   549 D vold    : Skipping non-de-key .
02-08 23:55:59.458   523   549 D vold    : e4crypt_prepare_user_storage for volume null, user 0, serial 0, flags 1
02-08 23:55:59.458   523   549 D vold    : Preparing: /data/system/users/0
02-08 23:55:59.458   523   549 D vold    : Preparing: /data/misc/profiles/cur/0
02-08 23:55:59.459   523   549 D vold    : Preparing: /data/system_de/0
02-08 23:55:59.459   523   549 D vold    : Preparing: /data/misc_de/0
02-08 23:55:59.459   523   549 D vold    : Preparing: /data/vendor_de/0
02-08 23:55:59.459   523   549 D vold    : Preparing: /data/user_de/0
02-08 23:55:59.460   523   549 I vold    : Found policy afc4978443007dfb at /data/system_de/0 which matches expected value
02-08 23:55:59.461   523   549 I vold    : Found policy afc4978443007dfb at /data/misc_de/0 which matches expected value
02-08 23:55:59.461   523   549 I vold    : Found policy afc4978443007dfb at /data/vendor_de/0 which matches expected value
02-08 23:55:59.462   523   549 I vold    : Found policy afc4978443007dfb at /data/user_de/0 which matches expected value
02-08 23:55:59.462   523   549 V vold    : /system/bin/vold_prepare_subdirs
02-08 23:55:59.462   523   549 V vold    :     prepare
02-08 23:55:59.462   523   549 V vold    :     
02-08 23:55:59.462   523   549 V vold    :     0
02-08 23:55:59.462   523   549 V vold    :     1
02-08 23:56:00.275   649   649 I android.hardware.wifi@1.0-service: Wifi Hal is booting up...
02-08 23:56:00.828   601   601 D Zygote32Timing: PostZygoteInitGC took to complete: 14ms
02-08 23:56:00.828   601   601 D Zygote32Timing: ZygoteInit took to complete: 14ms
02-08 23:56:00.891   600   600 D Zygote64Timing: BeginIcuCachePinning took to complete: 57ms
02-08 23:56:01.014   771   771 I installd: installd firing up
02-08 23:56:01.161   787   787 I wificond: wificond is starting up...
02-08 23:56:01.531   600   600 D Zygote64Timing: PreloadClasses took to complete: 641ms
02-08 23:56:01.715   600   600 D Zygote64Timing: PreloadResources took to complete: 183ms
02-08 23:56:01.807   600   600 D Zygote64Timing: ZygotePreload took to complete: 973ms
02-08 23:56:01.879   600   600 D Zygote64Timing: PostZygoteInitGC took to complete: 73ms
02-08 23:56:01.879   600   600 D Zygote64Timing: ZygoteInit took to complete: 1047ms
02-08 23:56:02.083   903   903 I SystemServer: InitBeforeStartServices
02-08 23:56:02.083   903   903 I SystemServer: Entered the Android system server!
02-08 23:56:02.258   903   903 D SystemServerTiming: InitBeforeStartServices took to complete: 175ms
02-08 23:56:02.258   903   903 I SystemServer: StartServices
02-08 23:56:02.258   903   903 I SystemServer: Reading configuration...
02-08 23:56:02.258   903   903 I SystemServer: ReadingSystemConfig
02-08 23:56:02.259   903   903 D SystemServerTiming: ReadingSystemConfig took to complete: 0ms
02-08 23:56:02.259   903   903 I SystemServer: StartInstaller
02-08 23:56:02.259   903   903 I SystemServiceManager: Starting com.android.server.pm.Installer
02-08 23:56:02.261   903   903 D SystemServerTiming: StartInstaller took to complete: 2ms
02-08 23:56:02.261   903   903 I SystemServer: DeviceIdentifiersPolicyService
02-08 23:56:02.261   903   903 I SystemServiceManager: Starting com.android.server.os.DeviceIdentifiersPolicyService
02-08 23:56:02.262   903   903 D SystemServerTiming: DeviceIdentifiersPolicyService took to complete: 1ms
02-08 23:56:02.262   903   903 I SystemServer: StartActivityManager
02-08 23:56:02.262   903   903 I SystemServiceManager: Starting com.android.server.am.ActivityManagerService$Lifecycle
02-08 23:56:02.265   903   935 D SystemServerInitThreadPool: Started executing ReadingSystemConfig
02-08 23:56:02.321   903   903 I ActivityManager: Memory class: 256
02-08 23:56:02.343   903   903 D BatteryStatsImpl: Reading daily items from /data/system/batterystats-daily.xml
02-08 23:56:02.381   903   963 E BatteryExternalStatsWorker: no controller energy info supplied for telephony
02-08 23:56:02.382   903   963 I KernelUidCpuFreqTimeReader: mPerClusterTimesAvailable=false
02-08 23:56:02.457   903   903 W AppOps  : Unknown attribute in 'op' tag: n
02-08 23:56:02.472   903   903 I chatty  : uid=1000 system_server identical 244 lines
02-08 23:56:02.472   903   903 W AppOps  : Unknown attribute in 'op' tag: n
02-08 23:56:02.473   903   935 D SystemServerInitThreadPool: Finished executing ReadingSystemConfig
02-08 23:56:02.480   903   903 I IntentFirewall: Read new rules (A:0 B:0 S:0)
02-08 23:56:02.511   903   903 D SystemServerTiming: StartLightsService took to complete: 1ms
02-08 23:56:02.511   903   903 I SystemServer: StartSidekickService
02-08 23:56:02.511   903   903 D SystemServerTiming: StartSidekickService took to complete: 0ms
02-08 23:56:02.511   903   903 I SystemServer: StartDisplayManager
02-08 23:56:02.511   903   903 I SystemServiceManager: Starting com.android.server.display.DisplayManagerService
02-08 23:56:02.513   903   903 D SystemServerTiming: StartDisplayManager took to complete: 3ms
02-08 23:56:02.513   903   903 I SystemServer: WaitForDisplay
02-08 23:56:02.513   903   903 I SystemServiceManager: Starting phase 100
02-08 23:56:02.521   903   983 I DisplayManagerService: Display device added: DisplayDeviceInfo{"内置屏幕": uniqueId="local:0", 1440 x 2560, modeId 1, defaultModeId 1, supportedModes [{id=1, width=1440, height=2560, fps=60.000004}], colorMode 0, supportedColorModes [0, 7, 8], HdrCapabilities android.view.Display$HdrCapabilities@40f16308, density 560, 537.882 x 532.983 dpi, appVsyncOff 2000000, presDeadline 11666666, touch INTERNAL, rotation 0, type BUILT_IN, state UNKNOWN, FLAG_DEFAULT_DISPLAY, FLAG_ROTATES_WITH_CONTENT, FLAG_SECURE, FLAG_SUPPORTS_PROTECTED_BUFFERS}
02-08 23:56:02.524   903   903 D SystemServerTiming: WaitForDisplay took to complete: 10ms
02-08 23:56:02.524   903   983 I DisplayManagerService: Display device changed state: "内置屏幕", ON
02-08 23:56:02.524   903   903 I SystemServer: StartPackageManagerService
02-08 23:56:02.534   903   903 D SELinuxMMAC: Using policy file /system/etc/selinux/plat_mac_permissions.xml
02-08 23:56:02.535   903   903 D SELinuxMMAC: Using policy file /vendor/etc/selinux/vendor_mac_permissions.xml
02-08 23:56:02.650   903   985 W ProcessCpuTracker: Skipping unknown process pid 984
02-08 23:56:02.689   903   903 W PackageManager: Wiping cache directory because the system partition changed.
02-08 23:56:02.758   903   903 W PackageManager: Failed to parse /system/framework/oat: Missing base APK in /system/framework/oat
02-08 23:56:02.759   903   903 W PackageManager: Failed to parse /system/framework/arm64: Missing base APK in /system/framework/arm64
02-08 23:56:02.760   903   903 W PackageManager: Failed to parse /system/framework/arm: Missing base APK in /system/framework/arm
02-08 23:56:02.805   903  1015 W PackageParser: Ignoring duplicate uses-permissions/uses-permissions-sdk-m: android.permission.READ_EXTERNAL_STORAGE in package: com.android.launcher3 at: Binary XML file line #80
02-08 23:56:02.892   903  1014 W PackageParser: Unknown element under <manifest>: meta-data at /system/priv-app/Dialer/Dialer.apk Binary XML file line #111
02-08 23:56:02.993   903  1015 I PackageParser: Parse times for '/system/priv-app/Settings': parse=140ms, update_cache=6 ms
02-08 23:56:03.019   903  1016 W PackageParser: Ignoring duplicate uses-permissions/uses-permissions-sdk-m: android.permission.CONFIGURE_WIFI_DISPLAY in package: com.android.systemui at: Binary XML file line #134
02-08 23:56:03.045   903  1016 W PackageParser: Ignoring duplicate uses-permissions/uses-permissions-sdk-m: android.permission.INSTALL_GRANT_RUNTIME_PERMISSIONS in package: com.android.shell at: Binary XML file line #111
02-08 23:56:03.111   903  1066 W PackageParser: No actions in intent filter at /system/app/CarrierDefaultApp/CarrierDefaultApp.apk Binary XML file line #52
02-08 23:56:03.150   903  1063 W PackageParser: Ignoring duplicate uses-permissions/uses-permissions-sdk-m: android.permission.CHANGE_WIFI_STATE in package: com.android.nfc at: Binary XML file line #47
02-08 23:56:03.151   903  1063 W PackageParser: Ignoring duplicate uses-permissions/uses-permissions-sdk-m: android.permission.ACCESS_WIFI_STATE in package: com.android.nfc at: Binary XML file line #48
02-08 23:56:03.177   903  1065 W PackageParser: Ignoring duplicate uses-permissions/uses-permissions-sdk-m: android.permission.READ_CONTACTS in package: com.android.bluetooth at: Binary XML file line #61
02-08 23:56:03.183   903  1065 W PackageParser: No actions in intent filter at /system/app/Bluetooth/Bluetooth.apk Binary XML file line #227
02-08 23:56:03.244   903   903 I PackageManager: /vendor/app/atfwd changed; collecting certs
02-08 23:56:03.247   903   903 E PackageManager: Adding duplicate shared id: 1000 name=com.qualcomm.atfwd
02-08 23:56:03.249   903   903 W PackageManager: Failed to scan /vendor/app/atfwd: Signature mismatch for shared user: SharedUserSetting{5e1bb29 android.uid.system/1000}
02-08 23:56:03.249   903   903 I PackageManager: /vendor/app/RCSBootstraputil changed; collecting certs
02-08 23:56:03.263   903   903 E PackageManager: Adding duplicate shared id: 1001 name=com.qualcomm.qti.rcsbootstraputil
02-08 23:56:03.264   903   903 W PackageManager: Failed to scan /vendor/app/RCSBootstraputil: Signature mismatch for shared user: SharedUserSetting{9ab1f3f android.uid.phone/1001}
02-08 23:56:03.264   903   903 I PackageManager: /vendor/app/radioconfig changed; collecting certs
02-08 23:56:03.272   903   903 E PackageManager: Adding duplicate shared id: 1001 name=com.qualcomm.qti.radioconfiginterface
02-08 23:56:03.272   903   903 W PackageManager: Failed to scan /vendor/app/radioconfig: Signature mismatch for shared user: SharedUserSetting{9ab1f3f android.uid.phone/1001}
02-08 23:56:03.274   903   903 I PackageManager: /vendor/app/datastatusnotification changed; collecting certs
02-08 23:56:03.277   903   903 E PackageManager: Adding duplicate shared id: 1001 name=com.qti.qualcomm.datastatusnotification
02-08 23:56:03.278   903   903 W PackageManager: Failed to scan /vendor/app/datastatusnotification: Signature mismatch for shared user: SharedUserSetting{9ab1f3f android.uid.phone/1001}
02-08 23:56:03.278   903   903 I PackageManager: /vendor/app/imssettings changed; collecting certs
02-08 23:56:03.280   903   903 E PackageManager: Adding duplicate shared id: 1001 name=com.qualcomm.qti.ims
02-08 23:56:03.280   903   903 W PackageManager: Failed to scan /vendor/app/imssettings: Signature mismatch for shared user: SharedUserSetting{9ab1f3f android.uid.phone/1001}
02-08 23:56:03.281   903   903 I PackageManager: /vendor/app/SecureExtAuthService changed; collecting certs
02-08 23:56:03.283   903   903 E PackageManager: Adding duplicate shared id: 1000 name=com.qualcomm.qti.auth.secureextauthservice
02-08 23:56:03.283   903   903 W PackageManager: Failed to scan /vendor/app/SecureExtAuthService: Signature mismatch for shared user: SharedUserSetting{5e1bb29 android.uid.system/1000}
02-08 23:56:03.284   903   903 I PackageManager: /vendor/app/colorservice changed; collecting certs
02-08 23:56:03.285   903   903 E PackageManager: Adding duplicate shared id: 1000 name=com.qti.service.colorservice
02-08 23:56:03.286   903   903 W PackageManager: Failed to scan /vendor/app/colorservice: Signature mismatch for shared user: SharedUserSetting{5e1bb29 android.uid.system/1000}
02-08 23:56:03.286   903   903 I PackageManager: /vendor/app/TimeService changed; collecting certs
02-08 23:56:03.288   903   903 E PackageManager: Adding duplicate shared id: 1000 name=com.qualcomm.timeservice
02-08 23:56:03.289   903   903 W PackageManager: Failed to scan /vendor/app/TimeService: Signature mismatch for shared user: SharedUserSetting{5e1bb29 android.uid.system/1000}
02-08 23:56:03.289   903   903 I PackageManager: /vendor/app/fastdormancy changed; collecting certs
02-08 23:56:03.291   903   903 E PackageManager: Adding duplicate shared id: 1000 name=com.qualcomm.fastdormancy
02-08 23:56:03.291   903   903 W PackageManager: Failed to scan /vendor/app/fastdormancy: Signature mismatch for shared user: SharedUserSetting{5e1bb29 android.uid.system/1000}
02-08 23:56:03.292   903   903 I PackageManager: Finished scanning system apps. Time: 604 ms, packageCount: 89 , timePerPackage: 6 , cached: 0
02-08 23:56:03.361   903  1121 W PackageParser: Unknown element under <manifest>: meta-data at /data/app/com.ss.android.ugc.aweme-HasFJKt3GT-kBHI_SlNVqA==/base.apk Binary XML file line #80
02-08 23:56:03.395   903  1121 I PackageParser: Parse times for '/data/app/com.ss.android.ugc.aweme-HasFJKt3GT-kBHI_SlNVqA==': parse=95ms, update_cache=6 ms
02-08 23:56:03.402   903  1118 W PackageParser: No actions in intent filter at /data/app/com.sohu.inputmethod.sogou-Z3PFzb6gEa2KxZI2EHQWDQ==/base.apk Binary XML file line #1002
02-08 23:56:03.403   903  1120 I PackageParser: Parse times for '/data/app/tv.danmaku.bili-rBtIVnH2ssXOfvCQVXkvBg==': parse=90ms, update_cache=20 ms
02-08 23:56:03.420   903  1118 I PackageParser: Parse times for '/data/app/com.sohu.inputmethod.sogou-Z3PFzb6gEa2KxZI2EHQWDQ==': parse=121ms, update_cache=5 ms
02-08 23:56:03.429   903  1119 I PackageParser: Parse times for '/data/app/com.tencent.mm-JnuiPa7FWBOOHdBRq0Cj5A==': parse=102ms, update_cache=33 ms
02-08 23:56:03.491   903  1118 W PackageParser: Ignoring duplicate uses-permissions/uses-permissions-sdk-m: android.permission.WRITE_EXTERNAL_STORAGE in package: com.qihoo.appstore at: Binary XML file line #182
02-08 23:56:03.491   903  1118 W PackageParser: Ignoring duplicate uses-permissions/uses-permissions-sdk-m: android.permission.SYSTEM_ALERT_WINDOW in package: com.qihoo.appstore at: Binary XML file line #184
02-08 23:56:03.491   903  1118 W PackageParser: Ignoring duplicate uses-permissions/uses-permissions-sdk-m: android.permission.CAMERA in package: com.qihoo.appstore at: Binary XML file line #185
02-08 23:56:03.491   903  1118 W PackageParser: Ignoring duplicate uses-permissions/uses-permissions-sdk-m: android.permission.PACKAGE_USAGE_STATS in package: com.qihoo.appstore at: Binary XML file line #186
02-08 23:56:03.491   903  1118 W PackageParser: Ignoring duplicate uses-permissions/uses-permissions-sdk-m: android.permission.INTERNET in package: com.qihoo.appstore at: Binary XML file line #187
02-08 23:56:03.492   903  1118 W PackageParser: Ignoring duplicate uses-permissions/uses-permissions-sdk-m: android.permission.USE_FINGERPRINT in package: com.qihoo.appstore at: Binary XML file line #188
02-08 23:56:03.492   903  1118 W PackageParser: Ignoring duplicate uses-permissions/uses-permissions-sdk-m: android.permission.ACCESS_NETWORK_STATE in package: com.qihoo.appstore at: Binary XML file line #189
02-08 23:56:03.492   903  1118 W PackageParser: Ignoring duplicate uses-permissions/uses-permissions-sdk-m: android.permission.READ_PHONE_STATE in package: com.qihoo.appstore at: Binary XML file line #194
02-08 23:56:03.549   903  1120 W PackageParser: Ignoring duplicate uses-permissions/uses-permissions-sdk-m: android.permission.INTERNET in package: com.ss.android.article.video at: Binary XML file line #19
02-08 23:56:03.554   903  1118 I PackageParser: Parse times for '/data/app/com.qihoo.appstore-XLP4vaqiDKLi3H1Eln0tMw==': parse=118ms, update_cache=16 ms
02-08 23:56:03.573   903  1120 I PackageParser: Parse times for '/data/app/com.ss.android.article.video-rvy1JMGPL9SR4arM7bBX5g==': parse=160ms, update_cache=9 ms
02-08 23:56:03.589   903  1118 W PackageParser: Unknown element under <manifest>: user-permission at /data/app/com.baidu.searchbox-KbYftUKy-lL7sHEmQAX43A==/base.apk Binary XML file line #193
02-08 23:56:03.599   903  1118 W PackageParser: No actions in intent filter at /data/app/com.baidu.searchbox-KbYftUKy-lL7sHEmQAX43A==/base.apk Binary XML file line #1096
02-08 23:56:03.599   903  1118 W PackageParser: No actions in intent filter at /data/app/com.baidu.searchbox-KbYftUKy-lL7sHEmQAX43A==/base.apk Binary XML file line #1129
02-08 23:56:03.615   903  1120 W PackageParser: Unknown element under <manifest>: uses-sdk at /data/app/com.example.helloc-olR2UNp9rcxqg900PJeVGA==/split_lib_resources_apk.apk Binary XML file line #7
02-08 23:56:03.637   903  1120 W PackageParser: Ignoring duplicate uses-permissions/uses-permissions-sdk-m: android.permission.PACKAGE_USAGE_STATS in package: com.snda.wifilocating at: Binary XML file line #50
02-08 23:56:03.637   903  1120 W PackageParser: Ignoring duplicate uses-permissions/uses-permissions-sdk-m: com.android.launcher.permission.UNINSTALL_SHORTCUT in package: com.snda.wifilocating at: Binary XML file line #94
02-08 23:56:03.649   903  1121 W PackageParser: No actions in intent filter at /data/app/com.qiyi.video-14vLE7E02lsF8cFOJjFurQ==/base.apk Binary XML file line #1478
02-08 23:56:03.658   903  1121 I PackageParser: Parse times for '/data/app/com.qiyi.video-14vLE7E02lsF8cFOJjFurQ==': parse=204ms, update_cache=6 ms
02-08 23:56:03.659   903   903 W PackageManager: Skipping provider name com.qiyi.video.fileprovider (in package com.qiyi.video): name already used by com.qiyi.video
02-08 23:56:03.660   903  1119 I PackageParser: Parse times for '/data/app/com.smile.gifmaker-MKNN5-MaLfqRYG6seurasg==': parse=172ms, update_cache=7 ms
02-08 23:56:03.666   903   903 W PackageManager: Skipping provider name com.smile.gifmaker.fileprovider (in package com.smile.gifmaker): name already used by com.smile.gifmaker
02-08 23:56:03.671   903   903 W PackageManager: Skipping provider name com.sdk.plus.com.snda.wifilocating (in package com.snda.wifilocating): name already used by com.snda.wifilocating
02-08 23:56:03.677   903   903 I PackageManager: Finished scanning non-system apps. Time: 385 ms, packageCount: 13 , timePerPackage: 29 , cached: 0
02-08 23:56:03.681   903   903 I PackageManager: Time to scan packages: 0.994 seconds
02-08 23:56:03.686   903   903 V PackageManager: reconcileAppsData for null u0 0x1 migrateAppData=true
02-08 23:56:03.721   903   903 V PackageManager: reconcileAppsData finished 18 packages
02-08 23:56:03.721   903  1124 D SystemServerInitThreadPool: Started executing prepareAppData
02-08 23:56:03.778   903   903 D PackageManager: Ephemeral resolver NOT found; no matching intent filters
02-08 23:56:03.779   903   903 D PackageManager: Instant App installer not found with android.intent.action.INSTALL_INSTANT_APP_PACKAGE
02-08 23:56:03.779   903   903 D PackageManager: Clear ephemeral installer activity
02-08 23:56:03.877   903  1124 D SystemServerTimingAsync: AppDataFixup took to complete: 155ms
02-08 23:56:03.913   903   903 D SystemServerTiming: StartPackageManagerService took to complete: 1389ms
02-08 23:56:03.913   903   903 I SystemServer: StartOtaDexOptService
02-08 23:56:03.914   903   903 D OTADexopt: No upgrade, skipping A/B artifacts check.
02-08 23:56:03.914   903   903 D SystemServerTiming: StartOtaDexOptService took to complete: 1ms
02-08 23:56:03.914   903   903 I SystemServer: StartUserManagerService
02-08 23:56:03.914   903   903 I SystemServiceManager: Starting com.android.server.pm.UserManagerService$LifeCycle
02-08 23:56:03.914   903   903 D SystemServerTiming: StartUserManagerService took to complete: 1ms
02-08 23:56:03.914   903   903 I SystemServer: InitAttributerCache
02-08 23:56:03.914   903   903 D SystemServerTiming: InitAttributerCache took to complete: 0ms
02-08 23:56:03.914   903   903 I SystemServer: SetSystemProcess
02-08 23:56:03.921   903   903 D SystemServerTiming: SetSystemProcess took to complete: 7ms
02-08 23:56:03.923   903   903 I SystemServer: StartOverlayManagerService
02-08 23:56:03.924   903   903 D SystemServerTiming: StartOverlayManagerService took to complete: 2ms
02-08 23:56:03.925   903  1129 D SystemServerInitThreadPool: Started executing Init OverlayManagerService
02-08 23:56:03.925   903   903 I SystemServer: StartBatteryService
02-08 23:56:03.925   903   903 I SystemServiceManager: Starting com.android.server.BatteryService
02-08 23:56:03.929   903  1130 D SystemServerInitThreadPool: Started executing StartSensorService
02-08 23:56:03.935   903   903 I HealthServiceWrapper: health: HealthServiceWrapper listening to instance default
02-08 23:56:03.941   903   903 I BatteryService: health: Waited 6ms and received the update.
02-08 23:56:03.947   903   903 D SystemServerTiming: StartBatteryService took to complete: 22ms
02-08 23:56:03.947   903   903 I SystemServer: StartUsageService
02-08 23:56:03.947   903   903 I SystemServiceManager: Starting com.android.server.usage.UsageStatsService
02-08 23:56:03.964   903   903 I UsageStatsService: User[0] Rollover scheduled @ 1970-02-09 23:56:03(3455763955)
02-08 23:56:03.964   903   903 D SystemServerTiming: StartUsageService took to complete: 17ms
02-08 23:56:03.964   903   903 I SystemServer: StartWebViewUpdateService
02-08 23:56:03.964   903   903 I SystemServiceManager: Starting com.android.server.webkit.WebViewUpdateService
02-08 23:56:03.967   903   903 D SystemServerTiming: StartWebViewUpdateService took to complete: 3ms
02-08 23:56:03.967   903   903 I SystemServer: StartBinderCallsStatsService
02-08 23:56:03.968   903   903 D SystemServerTiming: StartBinderCallsStatsService took to complete: 1ms
02-08 23:56:03.968   903   935 D SystemServerInitThreadPool: Started executing SecondaryZygotePreload
02-08 23:56:03.968   903   903 I SystemServer: StartKeyAttestationApplicationIdProviderService
02-08 23:56:03.968   903   935 I SystemServer: SecondaryZygotePreload
02-08 23:56:03.969   903   903 D SystemServerTiming: StartKeyAttestationApplicationIdProviderService took to complete: 0ms
02-08 23:56:03.969   903   903 I SystemServer: StartKeyChainSystemService
02-08 23:56:03.969   903   903 I SystemServiceManager: Starting com.android.server.security.KeyChainSystemService
02-08 23:56:03.970   903   903 D SystemServerTiming: StartKeyChainSystemService took to complete: 0ms
02-08 23:56:03.970   903   903 I SystemServer: StartSchedulingPolicyService
02-08 23:56:03.971   903   903 D SystemServerTiming: StartSchedulingPolicyService took to complete: 1ms
02-08 23:56:03.971   903   903 I SystemServer: StartTelecomLoaderService
02-08 23:56:03.971   903   903 I SystemServiceManager: Starting com.android.server.telecom.TelecomLoaderService
02-08 23:56:03.972   903   903 D SystemServerTiming: StartTelecomLoaderService took to complete: 0ms
02-08 23:56:03.972   903   903 I SystemServer: StartTelephonyRegistry
02-08 23:56:03.974   903   903 D SystemServerTiming: StartTelephonyRegistry took to complete: 2ms
02-08 23:56:03.974   903   903 I SystemServer: StartEntropyMixer
02-08 23:56:03.977   903   903 W EntropyMixer: Failed to add HW RNG output to entropy pool
02-08 23:56:03.977   903   903 W EntropyMixer: java.io.FileNotFoundException: /dev/hw_random (Permission denied)
02-08 23:56:03.977   903   903 W EntropyMixer: 	at java.io.FileInputStream.open0(Native Method)
02-08 23:56:03.977   903   903 W EntropyMixer: 	at java.io.FileInputStream.open(FileInputStream.java:231)
02-08 23:56:03.977   903   903 W EntropyMixer: 	at java.io.FileInputStream.<init>(FileInputStream.java:165)
02-08 23:56:03.977   903   903 W EntropyMixer: 	at java.io.FileInputStream.<init>(FileInputStream.java:112)
02-08 23:56:03.977   903   903 W EntropyMixer: 	at com.android.server.RandomBlock.fromFile(RandomBlock.java:45)
02-08 23:56:03.977   903   903 W EntropyMixer: 	at com.android.server.EntropyMixer.addHwRandomEntropy(EntropyMixer.java:205)
02-08 23:56:03.977   903   903 W EntropyMixer: 	at com.android.server.EntropyMixer.<init>(EntropyMixer.java:115)
02-08 23:56:03.977   903   903 W EntropyMixer: 	at com.android.server.EntropyMixer.<init>(EntropyMixer.java:97)
02-08 23:56:03.977   903   903 W EntropyMixer: 	at com.android.server.SystemServer.startOtherServices(SystemServer.java:822)
02-08 23:56:03.977   903   903 W EntropyMixer: 	at com.android.server.SystemServer.run(SystemServer.java:437)
02-08 23:56:03.977   903   903 W EntropyMixer: 	at com.android.server.SystemServer.main(SystemServer.java:296)
02-08 23:56:03.977   903   903 W EntropyMixer: 	at java.lang.reflect.Method.invoke(Native Method)
02-08 23:56:03.977   903   903 W EntropyMixer: 	at com.android.internal.os.RuntimeInit$MethodAndArgsCaller.run(RuntimeInit.java:493)
02-08 23:56:03.977   903   903 W EntropyMixer: 	at com.android.internal.os.ZygoteInit.main(ZygoteInit.java:838)
02-08 23:56:03.977   903   903 I EntropyMixer: Writing entropy...
02-08 23:56:03.988   903   903 D SystemServerTiming: StartEntropyMixer took to complete: 14ms
02-08 23:56:03.988   903   903 I SystemServer: StartAccountManagerService
02-08 23:56:03.989   903   903 I SystemServiceManager: Starting com.android.server.accounts.AccountManagerService$Lifecycle
02-08 23:56:03.996   903   903 D SystemServerTiming: StartAccountManagerService took to complete: 7ms
02-08 23:56:03.996   903   903 I SystemServer: StartContentService
02-08 23:56:03.996   903   903 I SystemServiceManager: Starting com.android.server.content.ContentService$Lifecycle
02-08 23:56:03.999   903  1130 D SystemServerTimingAsync: StartSensorService took to complete: 70ms
02-08 23:56:03.999   903  1130 D SystemServerInitThreadPool: Finished executing StartSensorService
02-08 23:56:03.999   903  1130 D SystemServerInitThreadPool: Started executing SchedulingPolicyService.<init>
02-08 23:56:04.005   785   895 I storaged: storaged: Start
02-08 23:56:04.008   903   903 D SystemServerTiming: StartContentService took to complete: 12ms
02-08 23:56:04.008   903   903 I SystemServer: InstallSystemProviders
02-08 23:56:04.016   903  1130 D SystemServerInitThreadPool: Finished executing SchedulingPolicyService.<init>
02-08 23:56:04.032   601   601 D ZygoteInitTiming_lazy: BeginIcuCachePinning took to complete: 16ms
02-08 23:56:04.042   903   903 D SystemServerTiming: InstallSystemProviders took to complete: 34ms
02-08 23:56:04.042   903   903 I SystemServer: StartDropBoxManager
02-08 23:56:04.042   903   903 I SystemServiceManager: Starting com.android.server.DropBoxManagerService
02-08 23:56:04.043   903   903 D SystemServerTiming: StartDropBoxManager took to complete: 1ms
02-08 23:56:04.043   903   903 I SystemServer: StartVibratorService
02-08 23:56:04.047   903   903 D SystemServerTiming: StartVibratorService took to complete: 4ms
02-08 23:56:04.047   903   903 I SystemServer: StartConsumerIrService
02-08 23:56:04.048   903   903 D SystemServerTiming: StartConsumerIrService took to complete: 2ms
02-08 23:56:04.049   903   903 I SystemServer: StartAlarmManagerService
02-08 23:56:04.049   903   903 I SystemServiceManager: Starting com.android.server.AlarmManagerService
02-08 23:56:04.051   903   903 I AlarmManager: Current time only 3369364051, advancing to build time 1559871176000
06-07 01:32:56.003   903   903 D SystemServerTiming: StartAlarmManagerService took to complete: 5ms
06-07 01:32:56.003   903   903 I SystemServer: InitWatchdog
06-07 01:32:56.003   903   903 D SystemServerTiming: InitWatchdog took to complete: 0ms
06-07 01:32:56.003   903   903 I SystemServer: StartInputManagerService
06-07 01:32:56.003   903   903 I InputManager: Initializing input manager, mUseDevInputEventForAudioJack=true
06-07 01:32:56.004   903   903 D SystemServerTiming: StartInputManagerService took to complete: 1ms
06-07 01:32:56.004   903   903 I SystemServer: StartWindowManagerService
06-07 01:32:56.012   903   983 I WindowManager: No existing display settings /data/system/display_settings.xml; starting empty
06-07 01:32:56.025   903   903 D SystemServerTiming: StartWindowManagerService took to complete: 21ms
06-07 01:32:56.025   903   903 I SystemServer: SetWindowManagerService
06-07 01:32:56.085   903   903 D SystemServerTiming: SetWindowManagerService took to complete: 60ms
06-07 01:32:56.085   903   903 I SystemServer: WindowManagerServiceOnInitReady
06-07 01:32:56.122   903   903 D SystemServerTiming: WindowManagerServiceOnInitReady took to complete: 37ms
06-07 01:32:56.122   903   903 I SystemServer: StartVrManagerService
06-07 01:32:56.122   903   903 I SystemServiceManager: Starting com.android.server.vr.VrManagerService
06-07 01:32:56.123   903  1130 D SystemServerInitThreadPool: Started executing StartHidlServices
06-07 01:32:56.125   903  1130 D SystemServerTimingAsync: StartHidlServices took to complete: 2ms
06-07 01:32:56.125   903  1130 D SystemServerInitThreadPool: Finished executing StartHidlServices
06-07 01:32:56.127   903   903 D SystemServerTiming: StartVrManagerService took to complete: 5ms
06-07 01:32:56.127   903   903 I SystemServer: StartInputManager
06-07 01:32:56.131   903   903 I InputManager: Starting input manager
06-07 01:32:56.133   903   903 D SystemServerTiming: StartInputManager took to complete: 5ms
06-07 01:32:56.133   903   903 I SystemServer: DisplayManagerWindowManagerAndInputReady
06-07 01:32:56.133   903   903 D SystemServerTiming: DisplayManagerWindowManagerAndInputReady took to complete: 1ms
06-07 01:32:56.133   903   903 I SystemServer: StartBluetoothService
06-07 01:32:56.133   903   903 I SystemServiceManager: Starting com.android.server.BluetoothService
06-07 01:32:56.135   903   903 D BluetoothManagerService: Loading stored name and address
06-07 01:32:56.136   903   903 D BluetoothManagerService: Stored bluetooth Name=AOSP on msm8996,Address=80:7A:BF:FB:71:20
06-07 01:32:56.136   903   903 D BluetoothManagerService: Bluetooth persisted state: 1
06-07 01:32:56.136   903   903 D BluetoothManagerService: Startup: Bluetooth persisted state is ON.
06-07 01:32:56.136   903   903 D BluetoothManagerService: Detected SystemUiUid: 10027
06-07 01:32:56.137   903   903 D SystemServerTiming: StartBluetoothService took to complete: 3ms
06-07 01:32:56.137   903   903 I SystemServer: IpConnectivityMetrics
06-07 01:32:56.137   903   903 I SystemServiceManager: Starting com.android.server.connectivity.IpConnectivityMetrics
06-07 01:32:56.142   903   903 D SystemServerTiming: IpConnectivityMetrics took to complete: 5ms
06-07 01:32:56.142   903   903 I SystemServer: NetworkWatchlistService
06-07 01:32:56.142   903   903 I SystemServiceManager: Starting com.android.server.net.watchlist.NetworkWatchlistService$Lifecycle
06-07 01:32:56.144   903  1129 D SystemServerInitThreadPool: Finished executing Init OverlayManagerService
06-07 01:32:56.150   903   903 I WatchlistSettings: Reload watchlist settings done
06-07 01:32:56.151   903   903 D SystemServerTiming: NetworkWatchlistService took to complete: 9ms
06-07 01:32:56.151   903   903 I SystemServer: PinnerService
06-07 01:32:56.151   903   903 I SystemServiceManager: Starting com.android.server.PinnerService
06-07 01:32:56.152   903  1157 I WatchlistLoggingHandler: No need to aggregate record yet.
06-07 01:32:56.152   903  1157 I WatchlistLoggingHandler: Milliseconds spent on tryAggregateRecords(): 0
06-07 01:32:56.154   903   954 D PinnerService: pinRangeStream: null
06-07 01:32:56.154   903   903 D SystemServerTiming: PinnerService took to complete: 3ms
06-07 01:32:56.154   903   903 I SystemServer: StartInputMethodManagerLifecycle
06-07 01:32:56.154   903   903 I SystemServiceManager: Starting com.android.server.InputMethodManagerService$Lifecycle
06-07 01:32:56.161   903   903 D SystemServerTiming: StartInputMethodManagerLifecycle took to complete: 6ms
06-07 01:32:56.161   903   903 I SystemServer: StartAccessibilityManagerService
06-07 01:32:56.164   903   903 D SystemServerTiming: StartAccessibilityManagerService took to complete: 3ms
06-07 01:32:56.164   903   903 I SystemServer: MakeDisplayReady
06-07 01:32:56.165   903   903 I ActivityManager: Config changes=20005df8 {1.0 ?mcc?mnc [zh_CN_#Hans] ldltr sw411dp w411dp h731dp 560dpi nrml long port ?uimode ?night -touch -keyb/v/h -nav/h winConfig={ mBounds=Rect(0, 0 - 0, 0) mAppBounds=Rect(0, 0 - 1440, 2560) mWindowingMode=fullscreen mActivityType=undefined} s.2}
06-07 01:32:56.168   903   903 I ActivityManager: Override config changes=60007dfc {1.0 ?mcc?mnc [zh_CN_#Hans] ldltr sw411dp w411dp h731dp 560dpi nrml long port ?uimode ?night -touch -keyb/v/h -nav/h winConfig={ mBounds=Rect(0, 0 - 1440, 2560) mAppBounds=Rect(0, 0 - 1440, 2560) mWindowingMode=fullscreen mActivityType=undefined} s.2} for displayId=0
06-07 01:32:56.176   903   903 I ActivityManager: Config changes=20000500 {1.0 ?mcc?mnc [zh_CN_#Hans] ldltr sw411dp w411dp h659dp 560dpi nrml port ?uimode ?night -touch -keyb/v/h -nav/h winConfig={ mBounds=Rect(0, 0 - 0, 0) mAppBounds=Rect(0, 0 - 1440, 2392) mWindowingMode=fullscreen mActivityType=undefined} s.3}
06-07 01:32:56.179   903   954 D PinnerService: pinRangeStream: null
06-07 01:32:56.181   903   903 I ActivityManager: Override config changes=20000500 {1.0 ?mcc?mnc [zh_CN_#Hans] ldltr sw411dp w411dp h659dp 560dpi nrml port ?uimode ?night -touch -keyb/v/h -nav/h winConfig={ mBounds=Rect(0, 0 - 1440, 2560) mAppBounds=Rect(0, 0 - 1440, 2392) mWindowingMode=fullscreen mActivityType=undefined} s.3} for displayId=0
06-07 01:32:56.199   903   954 D PinnerService: pinRangeStream: null
06-07 01:32:56.207   903   903 D SystemServerTiming: MakeDisplayReady took to complete: 44ms
06-07 01:32:56.207   903   903 I SystemServer: StartStorageManagerService
06-07 01:32:56.208   903   903 I SystemServiceManager: Starting com.android.server.StorageManagerService$Lifecycle
06-07 01:32:56.220   903   954 D PinnerService: pinRangeStream: null
06-07 01:32:56.233   903  1124 D SystemServerTimingAsync: AppDataPrepare took to complete: 407ms
06-07 01:32:56.241   903  1124 I PackageManager: Deferred reconcileAppsData finished 84 packages
06-07 01:32:56.241   903  1124 D SystemServerInitThreadPool: Finished executing prepareAppData
06-07 01:32:56.246   903  1158 D StorageManagerService: Thinking about init, mSystemReady=false, mDaemonConnected=true
06-07 01:32:56.246   903  1158 D StorageManagerService: Thinking about reset, mSystemReady=false, mDaemonConnected=true
06-07 01:32:56.249   903  1153 I ActivityManager: Config changes=8 {1.0 ?mcc?mnc [zh_CN_#Hans] ldltr sw411dp w411dp h659dp 560dpi nrml port ?uimode ?night finger -keyb/v/h -nav/h winConfig={ mBounds=Rect(0, 0 - 0, 0) mAppBounds=Rect(0, 0 - 1440, 2392) mWindowingMode=fullscreen mActivityType=undefined} s.4}
06-07 01:32:56.249   903   903 D SystemServerTiming: StartStorageManagerService took to complete: 42ms
06-07 01:32:56.249   903   903 I SystemServer: StartStorageStatsService
06-07 01:32:56.250   903   903 I SystemServiceManager: Starting com.android.server.usage.StorageStatsService$Lifecycle
06-07 01:32:56.255   903   903 D SystemServerTiming: StartStorageStatsService took to complete: 5ms
06-07 01:32:56.255   903   903 I SystemServer: StartUiModeManager
06-07 01:32:56.255   903   903 I SystemServiceManager: Starting com.android.server.UiModeManagerService
06-07 01:32:56.255   903  1153 I ActivityManager: Override config changes=8 {1.0 ?mcc?mnc [zh_CN_#Hans] ldltr sw411dp w411dp h659dp 560dpi nrml port ?uimode ?night finger -keyb/v/h -nav/h winConfig={ mBounds=Rect(0, 0 - 1440, 2560) mAppBounds=Rect(0, 0 - 1440, 2392) mWindowingMode=fullscreen mActivityType=undefined} s.4} for displayId=0
06-07 01:32:56.259   903  1130 D SystemServerInitThreadPool: Started executing UiModeManager.onStart
06-07 01:32:56.259   903  1130 I ActivityManager: Config changes=200 {1.0 ?mcc?mnc [zh_CN_#Hans] ldltr sw411dp w411dp h659dp 560dpi nrml port finger -keyb/v/h -nav/h winConfig={ mBounds=Rect(0, 0 - 0, 0) mAppBounds=Rect(0, 0 - 1440, 2392) mWindowingMode=fullscreen mActivityType=undefined} s.5}
06-07 01:32:56.264   903   903 D SystemServerTiming: StartUiModeManager took to complete: 9ms
06-07 01:32:56.264   903   903 I SystemServer: UpdatePackagesIfNeeded
06-07 01:32:56.264   903   903 D SystemServerTiming: UpdatePackagesIfNeeded took to complete: 0ms
06-07 01:32:56.264   903   903 I SystemServer: PerformFstrimIfNeeded
06-07 01:32:56.264   903   903 D SystemServerTiming: PerformFstrimIfNeeded took to complete: 1ms
06-07 01:32:56.264   903   903 I SystemServer: StartLockSettingsService
06-07 01:32:56.265   903   903 I SystemServiceManager: Starting com.android.server.locksettings.LockSettingsService$Lifecycle
06-07 01:32:56.266   903  1130 I ActivityManager: Override config changes=200 {1.0 ?mcc?mnc [zh_CN_#Hans] ldltr sw411dp w411dp h659dp 560dpi nrml port finger -keyb/v/h -nav/h winConfig={ mBounds=Rect(0, 0 - 1440, 2560) mAppBounds=Rect(0, 0 - 1440, 2392) mWindowingMode=fullscreen mActivityType=undefined} s.5} for displayId=0
06-07 01:32:56.272   903   954 D PinnerService: pinRangeStream: null
06-07 01:32:56.272   903  1130 D SystemServerInitThreadPool: Finished executing UiModeManager.onStart
06-07 01:32:56.274   903   903 D SystemServerTiming: StartLockSettingsService took to complete: 10ms
06-07 01:32:56.274   903   903 I SystemServer: StartPersistentDataBlock
06-07 01:32:56.275   903   903 I SystemServiceManager: Starting com.android.server.PersistentDataBlockService
06-07 01:32:56.275   903   903 D SystemServerTiming: StartPersistentDataBlock took to complete: 1ms
06-07 01:32:56.275   903  1129 D SystemServerInitThreadPool: Started executing PersistentDataBlockService.onStart
06-07 01:32:56.275   903   903 I SystemServer: StartOemLockService
06-07 01:32:56.275   903   903 I SystemServiceManager: Starting com.android.server.oemlock.OemLockService
06-07 01:32:56.276   903  1129 E PersistentDataBlockService: not able to find package com.google.android.gms
06-07 01:32:56.276   903  1129 E PersistentDataBlockService: android.content.pm.PackageManager$NameNotFoundException: com.google.android.gms
06-07 01:32:56.276   903  1129 E PersistentDataBlockService: 	at android.app.ApplicationPackageManager.getPackageUidAsUser(ApplicationPackageManager.java:299)
06-07 01:32:56.276   903  1129 E PersistentDataBlockService: 	at com.android.server.PersistentDataBlockService.getAllowedUid(PersistentDataBlockService.java:113)
06-07 01:32:56.276   903  1129 E PersistentDataBlockService: 	at com.android.server.PersistentDataBlockService.lambda$onStart$0(PersistentDataBlockService.java:126)
06-07 01:32:56.276   903  1129 E PersistentDataBlockService: 	at com.android.server.-$$Lambda$PersistentDataBlockService$EZl9OYaT2eNL7kfSr2nKUBjxidk.run(Unknown Source:2)
06-07 01:32:56.276   903  1129 E PersistentDataBlockService: 	at com.android.server.SystemServerInitThreadPool.lambda$submit$0(SystemServerInitThreadPool.java:64)
06-07 01:32:56.276   903  1129 E PersistentDataBlockService: 	at com.android.server.-$$Lambda$SystemServerInitThreadPool$7wfLGkZF7FvYZv7xj3ghvuiJJGk.run(Unknown Source:4)
06-07 01:32:56.276   903  1129 E PersistentDataBlockService: 	at java.util.concurrent.Executors$RunnableAdapter.call(Executors.java:458)
06-07 01:32:56.276   903  1129 E PersistentDataBlockService: 	at java.util.concurrent.FutureTask.run(FutureTask.java:266)
06-07 01:32:56.276   903  1129 E PersistentDataBlockService: 	at java.util.concurrent.ThreadPoolExecutor.runWorker(ThreadPoolExecutor.java:1167)
06-07 01:32:56.276   903  1129 E PersistentDataBlockService: 	at java.util.concurrent.ThreadPoolExecutor$Worker.run(ThreadPoolExecutor.java:641)
06-07 01:32:56.276   903  1129 E PersistentDataBlockService: 	at com.android.internal.util.ConcurrentUtils$1$1.run(ConcurrentUtils.java:62)
06-07 01:32:56.276   903   903 I OemLock : OemLock HAL not present on device
06-07 01:32:56.277   903   903 I OemLock : Using persistent data block based lock
06-07 01:32:56.278   903   903 D SystemServerTiming: StartOemLockService took to complete: 2ms
06-07 01:32:56.278   903   903 I SystemServer: StartDeviceIdleController
06-07 01:32:56.278   903   903 I SystemServiceManager: Starting com.android.server.DeviceIdleController
06-07 01:32:56.288   903   903 D SystemServerTiming: StartDeviceIdleController took to complete: 11ms
06-07 01:32:56.288   903   903 I SystemServer: StartDevicePolicyManager
06-07 01:32:56.289   903   903 I SystemServiceManager: Starting com.android.server.devicepolicy.DevicePolicyManagerService$Lifecycle
06-07 01:32:56.309   903   903 D SystemServerTiming: StartDevicePolicyManager took to complete: 21ms
06-07 01:32:56.309   903   903 I SystemServer: StartStatusBarManagerService
06-07 01:32:56.310   903   903 D SystemServerTiming: StartStatusBarManagerService took to complete: 1ms
06-07 01:32:56.310   903   903 I SystemServer: StartClipboardService
06-07 01:32:56.310   903   903 I SystemServiceManager: Starting com.android.server.clipboard.ClipboardService
06-07 01:32:56.312   903   903 D SystemServerTiming: StartClipboardService took to complete: 1ms
06-07 01:32:56.312   903   903 I SystemServer: StartNetworkManagementService
06-07 01:32:56.314   903   954 D PinnerService: pinRangeStream: null
06-07 01:32:56.315   903  1171 I NetworkManagement: onDaemonConnected()
06-07 01:32:56.316   903   903 D SystemServerTiming: StartNetworkManagementService took to complete: 5ms
06-07 01:32:56.316   903   903 I SystemServer: StartIpSecService
06-07 01:32:56.318   903  1129 D SystemServerInitThreadPool: Finished executing PersistentDataBlockService.onStart
06-07 01:32:56.321   903   903 D SystemServerTiming: StartIpSecService took to complete: 5ms
06-07 01:32:56.321   903   903 I SystemServer: StartTextServicesManager
06-07 01:32:56.321   903   903 I SystemServiceManager: Starting com.android.server.TextServicesManagerService$Lifecycle
06-07 01:32:56.323   903   903 D SystemServerTiming: StartTextServicesManager took to complete: 1ms
06-07 01:32:56.323   903   903 I SystemServer: StartTextClassificationManagerService
06-07 01:32:56.323   903   903 I SystemServiceManager: Starting com.android.server.textclassifier.TextClassificationManagerService$Lifecycle
06-07 01:32:56.324   903   903 D SystemServerTiming: StartTextClassificationManagerService took to complete: 1ms
06-07 01:32:56.324   903   903 I SystemServer: StartNetworkScoreService
06-07 01:32:56.324   903   903 I SystemServiceManager: Starting com.android.server.NetworkScoreService$Lifecycle
06-07 01:32:56.326   903   903 D SystemServerTiming: StartNetworkScoreService took to complete: 2ms
06-07 01:32:56.326   903   903 I SystemServer: StartNetworkStatsService
06-07 01:32:56.327   903   954 D PinnerService: pinRangeStream: null
06-07 01:32:56.329   903   954 D PinnerService: pinRangeStream: null
06-07 01:32:56.330   903   903 D SystemServerTiming: StartNetworkStatsService took to complete: 3ms
06-07 01:32:56.330   903   903 I SystemServer: StartNetworkPolicyManagerService
06-07 01:32:56.334   903   954 D PinnerService: pinRangeStream: null
06-07 01:32:56.336   903   903 D SystemServerTiming: StartNetworkPolicyManagerService took to complete: 7ms
06-07 01:32:56.336   903   903 I SystemServer: StartWifi
06-07 01:32:56.346   903   903 I SystemServiceManager: Starting com.android.server.wifi.WifiService
06-07 01:32:56.363   903   954 D PinnerService: pinRangeStream: null
06-07 01:32:56.368   903   954 D PinnerService: pinRangeStream: null
06-07 01:32:56.369   903   954 I UsageStatsService: Time changed in UsageStats by 1556501811 seconds
06-07 01:32:56.369   903   954 I UsageStatsDatabase: Time changed by +18015d1h36m51s949ms. files deleted: 0 files moved: 0
06-07 01:32:56.370   903   954 I UsageStatsService: User[0] Rollover scheduled @ 2019-06-08 01:32:56(1559957576369)
06-07 01:32:56.430   903   903 D SystemServerTiming: StartWifi took to complete: 94ms
06-07 01:32:56.430   903   903 I SystemServer: StartWifiScanning
06-07 01:32:56.431   903   903 I SystemServiceManager: Starting com.android.server.wifi.scanner.WifiScanningService
06-07 01:32:56.433   903   903 D SystemServerTiming: StartWifiScanning took to complete: 3ms
06-07 01:32:56.433   903   903 I SystemServer: StartRttService
06-07 01:32:56.434   903   903 I SystemServiceManager: Starting com.android.server.wifi.rtt.RttService
06-07 01:32:56.435   903   903 D SystemServerTiming: StartRttService took to complete: 2ms
06-07 01:32:56.435   903   903 I SystemServer: StartWifiP2P
06-07 01:32:56.436   903   903 I SystemServiceManager: Starting com.android.server.wifi.p2p.WifiP2pService
06-07 01:32:56.443   903   903 D SystemServerTiming: StartWifiP2P took to complete: 7ms
06-07 01:32:56.443   903   903 I SystemServer: StartEthernet
06-07 01:32:56.443   903   903 I SystemServiceManager: Starting com.android.server.ethernet.EthernetService
06-07 01:32:56.444   903   903 D SystemServerTiming: StartEthernet took to complete: 2ms
06-07 01:32:56.444   903   903 I SystemServer: StartConnectivityService
06-07 01:32:56.447   903   903 D ConnectivityService: ConnectivityService starting up
06-07 01:32:56.449   903   903 D ConnectivityService: wifiOnly=false
06-07 01:32:56.464   903   903 D SystemServerTiming: StartConnectivityService took to complete: 19ms
06-07 01:32:56.464   903   903 I SystemServer: StartNsdService
06-07 01:32:56.465   903   903 D NsdService: Network service discovery is enabled
06-07 01:32:56.467   903   903 D SystemServerTiming: StartNsdService took to complete: 4ms
06-07 01:32:56.467   903   903 I SystemServer: StartSystemUpdateManagerService
06-07 01:32:56.468   903   903 I SystemUpdateManagerService: No existing info file /data/system/system-update-info.xml
06-07 01:32:56.468   903   903 D SystemServerTiming: StartSystemUpdateManagerService took to complete: 1ms
06-07 01:32:56.468   903   903 I SystemServer: StartUpdateLockService
06-07 01:32:56.470   903   903 D SystemServerTiming: StartUpdateLockService took to complete: 1ms
06-07 01:32:56.470   903   903 I SystemServer: StartNotificationManager
06-07 01:32:56.470   903   903 I SystemServiceManager: Starting com.android.server.notification.NotificationManagerService
06-07 01:32:56.483   903   903 D ConditionProviders.SCP: new ScheduleConditionProvider()
06-07 01:32:56.491   903   903 I ConditionProviders: Read condition provider permissions from xml
06-07 01:32:56.491   903   903 D NotificationAssistants: Approving default notification assistant for user 0
06-07 01:32:56.496   903   903 D SystemServerTiming: StartNotificationManager took to complete: 26ms
06-07 01:32:56.496   903   903 I SystemServer: StartDeviceMonitor
06-07 01:32:56.496   903   903 I SystemServiceManager: Starting com.android.server.storage.DeviceStorageMonitorService
06-07 01:32:56.497   903   903 D SystemServerTiming: StartDeviceMonitor took to complete: 2ms
