06-07 01:32:56.498   903   903 I SystemServer: StartLocationManagerService
06-07 01:32:56.499   903   903 D SystemServerTiming: StartLocationManagerService took to complete: 1ms
06-07 01:32:56.499   903   903 I SystemServer: StartCountryDetectorService
06-07 01:32:56.499   903   903 D SystemServerTiming: StartCountryDetectorService took to complete: 1ms
06-07 01:32:56.499   903   903 I SystemServer: StartSearchManagerService
06-07 01:32:56.499   903   903 I SystemServiceManager: Starting com.android.server.search.SearchManagerService$Lifecycle
06-07 01:32:56.501   903   903 D SystemServerTiming: StartSearchManagerService took to complete: 1ms
06-07 01:32:56.501   903   903 I SystemServer: StartWallpaperManagerService
06-07 01:32:56.501   903   903 I SystemServiceManager: Starting com.android.server.wallpaper.WallpaperManagerService$Lifecycle
06-07 01:32:56.503   903   903 D SystemServerTiming: StartWallpaperManagerService took to complete: 2ms
06-07 01:32:56.503   903   903 I SystemServer: StartAudioService
06-07 01:32:56.503   903   903 I SystemServiceManager: Starting com.android.server.audio.AudioService$Lifecycle
06-07 01:32:56.575   903   903 D SystemServerTiming: StartAudioService took to complete: 72ms
06-07 01:32:56.575   903   903 I SystemServer: StartDockObserver
06-07 01:32:56.575   903   903 I SystemServiceManager: Starting com.android.server.DockObserver
06-07 01:32:56.575   903   903 W DockObserver: This kernel does not have dock station support
06-07 01:32:56.576   903   903 D SystemServerTiming: StartDockObserver took to complete: 2ms
06-07 01:32:56.576   903   903 I SystemServer: StartWiredAccessoryManager
06-07 01:32:56.577   601   601 D ZygoteInitTiming_lazy: PreloadClasses took to complete: 596ms
06-07 01:32:56.577   903   903 W WiredAccessoryManager: This kernel does not have usb audio support
06-07 01:32:56.578   903   903 D SystemServerTiming: StartWiredAccessoryManager took to complete: 2ms
06-07 01:32:56.579   903   903 I SystemServer: StartMidiManager
06-07 01:32:56.579   903   903 I SystemServiceManager: Starting com.android.server.midi.MidiService$Lifecycle
06-07 01:32:56.582   903   903 D SystemServerTiming: StartMidiManager took to complete: 3ms
06-07 01:32:56.583   903   903 I SystemServer: StartUsbService
06-07 01:32:56.583   903   903 I SystemServiceManager: Starting com.android.server.usb.UsbService$Lifecycle
06-07 01:32:56.586   903   903 I UsbDeviceManager: USB GADGET HAL not present in the device
06-07 01:32:56.586   903   903 I UsbDeviceManager: java.util.NoSuchElementException
06-07 01:32:56.586   903   903 I UsbDeviceManager: 	at android.os.HwBinder.getService(Native Method)
06-07 01:32:56.586   903   903 I UsbDeviceManager: 	at android.hardware.usb.gadget.V1_0.IUsbGadget.getService(IUsbGadget.java:40)
06-07 01:32:56.586   903   903 I UsbDeviceManager: 	at android.hardware.usb.gadget.V1_0.IUsbGadget.getService(IUsbGadget.java:44)
06-07 01:32:56.586   903   903 I UsbDeviceManager: 	at com.android.server.usb.UsbDeviceManager.<init>(UsbDeviceManager.java:267)
06-07 01:32:56.586   903   903 I UsbDeviceManager: 	at com.android.server.usb.UsbService.<init>(UsbService.java:139)
06-07 01:32:56.586   903   903 I UsbDeviceManager: 	at com.android.server.usb.UsbService$Lifecycle.onStart(UsbService.java:73)
06-07 01:32:56.586   903   903 I UsbDeviceManager: 	at com.android.server.SystemServiceManager.startService(SystemServiceManager.java:126)
06-07 01:32:56.586   903   903 I UsbDeviceManager: 	at com.android.server.SystemServiceManager.startService(SystemServiceManager.java:113)
06-07 01:32:56.586   903   903 I UsbDeviceManager: 	at com.android.server.SystemServiceManager.startService(SystemServiceManager.java:72)
06-07 01:32:56.586   903   903 I UsbDeviceManager: 	at com.android.server.SystemServer.startOtherServices(SystemServer.java:1316)
06-07 01:32:56.586   903   903 I UsbDeviceManager: 	at com.android.server.SystemServer.run(SystemServer.java:437)
06-07 01:32:56.586   903   903 I UsbDeviceManager: 	at com.android.server.SystemServer.main(SystemServer.java:296)
06-07 01:32:56.586   903   903 I UsbDeviceManager: 	at java.lang.reflect.Method.invoke(Native Method)
06-07 01:32:56.586   903   903 I UsbDeviceManager: 	at com.android.internal.os.RuntimeInit$MethodAndArgsCaller.run(RuntimeInit.java:493)
06-07 01:32:56.586   903   903 I UsbDeviceManager: 	at com.android.internal.os.ZygoteInit.main(ZygoteInit.java:838)
06-07 01:32:56.602   903  1156 I UsbPortManager: Usb hal service started android.hardware.usb@1.0::IUsb default
06-07 01:32:56.612   903   903 D SystemServerTiming: StartUsbService took to complete: 30ms
06-07 01:32:56.612   903   903 I SystemServer: StartSerialService
06-07 01:32:56.613   903   903 D SystemServerTiming: StartSerialService took to complete: 1ms
06-07 01:32:56.617   903   903 I SystemServer: StartHardwarePropertiesManagerService
06-07 01:32:56.620   903   903 D SystemServerTiming: StartHardwarePropertiesManagerService took to complete: 4ms
06-07 01:32:56.620   903   903 I SystemServer: StartTwilightService
06-07 01:32:56.620   903   903 I SystemServiceManager: Starting com.android.server.twilight.TwilightService
06-07 01:32:56.620   903   903 D SystemServerTiming: StartTwilightService took to complete: 0ms
06-07 01:32:56.620   903   903 I SystemServer: StartNightDisplay
06-07 01:32:56.620   903   903 I SystemServiceManager: Starting com.android.server.display.ColorDisplayService
06-07 01:32:56.621   903   903 D SystemServerTiming: StartNightDisplay took to complete: 0ms
06-07 01:32:56.621   903   903 I SystemServer: StartJobScheduler
06-07 01:32:56.621   903   903 I SystemServiceManager: Starting com.android.server.job.JobSchedulerService
06-07 01:32:56.628   903   903 D JobStore: Start tag: job-info
06-07 01:32:56.628   903   903 W JobStore: Periodic job for uid='10070' persisted run-time is too big [11:02:38, 12:02:38]. Clamping to [1:00:08,2:00:08]
06-07 01:32:56.629   903   903 W JobStore: Periodic job for uid='10067' persisted run-time is too big [10:24:17, 10:34:17]. Clamping to [15:08,25:08]
06-07 01:32:56.630   903   903 W JobStore: Periodic job for uid='1000' persisted run-time is too big [24:00:48, 48:00:48]. Clamping to [24:00:08,48:00:08]
06-07 01:32:56.630   903   903 W JobStore: Periodic job for uid='1000' persisted run-time is too big [24:00:48, 48:00:48]. Clamping to [24:00:08,48:00:08]
06-07 01:32:56.630   903   903 W JobStore: Periodic job for uid='1000' persisted run-time is too big [2:52:10, 2:57:10]. Clamping to [15:08,20:08]
06-07 01:32:56.631   903   903 W JobStore: Periodic job for uid='1000' persisted run-time is too big [48:01, 53:01]. Clamping to [15:08,20:08]
06-07 01:32:56.631   903   903 I JobStore: Read 11 jobs
06-07 01:32:56.635   903   903 W JobScheduler: !!! RTC not yet good; tracking time updates for job scheduling
06-07 01:32:56.636   903   903 D SystemServerTiming: StartJobScheduler took to complete: 16ms
06-07 01:32:56.636   903   903 I SystemServer: StartSoundTrigger
06-07 01:32:56.636   903   903 I SystemServiceManager: Starting com.android.server.soundtrigger.SoundTriggerService
06-07 01:32:56.637   903   903 D SystemServerTiming: StartSoundTrigger took to complete: 1ms
06-07 01:32:56.637   903   903 I SystemServer: StartTrustManager
06-07 01:32:56.637   903   903 I SystemServiceManager: Starting com.android.server.trust.TrustManagerService
06-07 01:32:56.639   903   903 D SystemServerTiming: StartTrustManager took to complete: 1ms
06-07 01:32:56.639   903   903 I SystemServer: StartBackupManager
06-07 01:32:56.639   903   903 I SystemServiceManager: Starting com.android.server.backup.BackupManagerService$Lifecycle
06-07 01:32:56.641   903   903 D SystemServerTiming: StartBackupManager took to complete: 1ms
06-07 01:32:56.641   903   903 I SystemServer: StartAppWidgerService
06-07 01:32:56.641   903   903 I SystemServiceManager: Starting com.android.server.appwidget.AppWidgetService
06-07 01:32:56.644   903   903 D SystemServerTiming: StartAppWidgerService took to complete: 4ms
06-07 01:32:56.644   903   903 I SystemServer: StartVoiceRecognitionManager
06-07 01:32:56.644   903   903 I SystemServiceManager: Starting com.android.server.voiceinteraction.VoiceInteractionManagerService
06-07 01:32:56.645   903   903 D SystemServerTiming: StartVoiceRecognitionManager took to complete: 1ms
06-07 01:32:56.646   903   903 I SystemServer: StartGestureLauncher
06-07 01:32:56.646   903   903 I SystemServiceManager: Starting com.android.server.GestureLauncherService
06-07 01:32:56.646   903   903 D SystemServerTiming: StartGestureLauncher took to complete: 1ms
06-07 01:32:56.646   903   903 I SystemServer: StartSensorNotification
06-07 01:32:56.646   903   903 I SystemServiceManager: Starting com.android.server.SensorNotificationService
06-07 01:32:56.646   903   903 D SystemServerTiming: StartSensorNotification took to complete: 0ms
06-07 01:32:56.646   903   903 I SystemServer: StartContextHubSystemService
06-07 01:32:56.646   903   903 I SystemServiceManager: Starting com.android.server.ContextHubSystemService
06-07 01:32:56.646   903   903 D SystemServerTiming: StartContextHubSystemService took to complete: 0ms
06-07 01:32:56.646   903   903 I SystemServer: StartDiskStatsService
06-07 01:32:56.647   903  1124 D SystemServerInitThreadPool: Started executing Init ContextHubSystemService
06-07 01:32:56.648   903   903 D SystemServerTiming: StartDiskStatsService took to complete: 2ms
06-07 01:32:56.648   903   903 I SystemServer: StartNetworkTimeUpdateService
06-07 01:32:56.649   903   903 D SystemServerTiming: StartNetworkTimeUpdateService took to complete: 1ms
06-07 01:32:56.649   903   903 I SystemServer: StartCommonTimeManagementService
06-07 01:32:56.651   903   903 D SystemServerTiming: StartCommonTimeManagementService took to complete: 1ms
06-07 01:32:56.651   903   903 I SystemServer: CertBlacklister
06-07 01:32:56.651   903   903 D SystemServerTiming: CertBlacklister took to complete: 1ms
06-07 01:32:56.651   903   903 I SystemServer: StartEmergencyAffordanceService
06-07 01:32:56.651   903   903 I SystemServiceManager: Starting com.android.server.emergency.EmergencyAffordanceService
06-07 01:32:56.652   903   903 D SystemServerTiming: StartEmergencyAffordanceService took to complete: 0ms
06-07 01:32:56.652   903   903 I SystemServer: StartDreamManager
06-07 01:32:56.652   903   903 I SystemServiceManager: Starting com.android.server.dreams.DreamManagerService
06-07 01:32:56.652   903  1124 D SystemServerInitThreadPool: Finished executing Init ContextHubSystemService
06-07 01:32:56.654   903   903 D SystemServerTiming: StartDreamManager took to complete: 2ms
06-07 01:32:56.655   903   903 I SystemServer: AddGraphicsStatsService
06-07 01:32:56.656   903   903 D SystemServerTiming: AddGraphicsStatsService took to complete: 2ms
06-07 01:32:56.657   903   903 I SystemServer: StartPrintManager
06-07 01:32:56.657   903   903 I SystemServiceManager: Starting com.android.server.print.PrintManagerService
06-07 01:32:56.659   903   903 D SystemServerTiming: StartPrintManager took to complete: 1ms
06-07 01:32:56.659   903   903 I SystemServer: StartCompanionDeviceManager
06-07 01:32:56.659   903   903 I SystemServiceManager: Starting com.android.server.companion.CompanionDeviceManagerService
06-07 01:32:56.661   903   903 D SystemServerTiming: StartCompanionDeviceManager took to complete: 2ms
06-07 01:32:56.661   903   903 I SystemServer: StartRestrictionManager
06-07 01:32:56.662   903   903 I SystemServiceManager: Starting com.android.server.restrictions.RestrictionsManagerService
06-07 01:32:56.664   903   903 D SystemServerTiming: StartRestrictionManager took to complete: 2ms
06-07 01:32:56.664   903   903 I SystemServer: StartMediaSessionService
06-07 01:32:56.664   903   903 I SystemServiceManager: Starting com.android.server.media.MediaSessionService
06-07 01:32:56.667   903   903 D SystemServerTiming: StartMediaSessionService took to complete: 4ms
06-07 01:32:56.667   903   903 I SystemServer: StartMediaUpdateService
06-07 01:32:56.667   903   903 I SystemServiceManager: Starting com.android.server.media.MediaUpdateService
06-07 01:32:56.667   903   903 D SystemServerTiming: StartMediaUpdateService took to complete: 0ms
06-07 01:32:56.667   903   903 I SystemServer: StartMediaResourceMonitor
06-07 01:32:56.667   903   903 I SystemServiceManager: Starting com.android.server.media.MediaResourceMonitorService
06-07 01:32:56.668   903   903 D SystemServerTiming: StartMediaResourceMonitor took to complete: 1ms
06-07 01:32:56.668   903   903 I SystemServer: StartMediaRouterService
06-07 01:32:56.670   903   903 D SystemServerTiming: StartMediaRouterService took to complete: 1ms
06-07 01:32:56.670   903   903 I SystemServer: StartFingerprintSensor
06-07 01:32:56.670   903   903 I SystemServiceManager: Starting com.android.server.fingerprint.FingerprintService
06-07 01:32:56.673   903  1130 D SystemServerInitThreadPool: Started executing FingerprintService.onStart
06-07 01:32:56.673   903  1130 V FingerprintService: mDaemon was null, reconnect to fingerprint
06-07 01:32:56.674   903   903 D SystemServerTiming: StartFingerprintSensor took to complete: 4ms
06-07 01:32:56.674   903   903 I SystemServer: StartBackgroundDexOptService
06-07 01:32:56.674   903   903 D SystemServerTiming: StartBackgroundDexOptService took to complete: 1ms
06-07 01:32:56.674   903   903 I SystemServer: StartPruneInstantAppsJobService
06-07 01:32:56.675   903   903 D SystemServerTiming: StartPruneInstantAppsJobService took to complete: 0ms
06-07 01:32:56.675   903   903 I SystemServer: StartShortcutServiceLifecycle
06-07 01:32:56.675   903   903 I SystemServiceManager: Starting com.android.server.pm.ShortcutService$Lifecycle
06-07 01:32:56.677   903  1130 V FingerprintService: Fingerprint HAL id: 523178872832
06-07 01:32:56.679   903   903 D SystemServerTiming: StartShortcutServiceLifecycle took to complete: 3ms
06-07 01:32:56.679   903   903 I SystemServer: StartLauncherAppsService
06-07 01:32:56.679   903   903 I SystemServiceManager: Starting com.android.server.pm.LauncherAppsService
06-07 01:32:56.680   903   903 D SystemServerTiming: StartLauncherAppsService took to complete: 2ms
06-07 01:32:56.680   903   903 I SystemServer: StartCrossProfileAppsService
06-07 01:32:56.680   903   903 I SystemServiceManager: Starting com.android.server.pm.CrossProfileAppsService
06-07 01:32:56.681   903   903 D SystemServerTiming: StartCrossProfileAppsService took to complete: 1ms
06-07 01:32:56.681   903   903 I SystemServer: StartMediaProjectionManager
06-07 01:32:56.681   903   903 I SystemServiceManager: Starting com.android.server.media.projection.MediaProjectionManagerService
06-07 01:32:56.685   903   903 D SystemServerTiming: StartMediaProjectionManager took to complete: 3ms
06-07 01:32:56.685   903   903 I SystemServer: StartSliceManagerService
06-07 01:32:56.685   903   903 I SystemServiceManager: Starting com.android.server.slice.SliceManagerService$Lifecycle
06-07 01:32:56.688   903   903 D SystemServerTiming: StartSliceManagerService took to complete: 3ms
06-07 01:32:56.688   903   903 I SystemServer: StartCameraServiceProxy
06-07 01:32:56.688   903   903 I SystemServiceManager: Starting com.android.server.camera.CameraServiceProxy
06-07 01:32:56.691   903   903 D SystemServerTiming: StartCameraServiceProxy took to complete: 3ms
06-07 01:32:56.691   903   903 I SystemServer: StartStatsCompanionService
06-07 01:32:56.691   903   903 I SystemServiceManager: Starting com.android.server.stats.StatsCompanionService$Lifecycle
06-07 01:32:56.691   903  1130 V FingerprintService: Enumerating user(0)
06-07 01:32:56.692   903  1130 V FingerprintService: starting client InternalEnumerateClient(android), initiatedByClient = true
06-07 01:32:56.692   903  1130 D SystemServerInitThreadPool: Finished executing FingerprintService.onStart
06-07 01:32:56.693   903   903 I KernelUidCpuFreqTimeReader: mPerClusterTimesAvailable=false
06-07 01:32:56.695   903   903 I StatsCompanionService: register thermal listener successfully
06-07 01:32:56.696   903   903 D SystemServerTiming: StartStatsCompanionService took to complete: 4ms
06-07 01:32:56.696   903   903 I SystemServer: StartJitCompilation
06-07 01:32:56.696   903   903 D SystemServerTiming: StartJitCompilation took to complete: 0ms
06-07 01:32:56.696   903   903 I SystemServer: StartMmsService
06-07 01:32:56.696   903   903 I SystemServiceManager: Starting com.android.server.MmsServiceBroker
06-07 01:32:56.697   903   903 D SystemServerTiming: StartMmsService took to complete: 1ms
06-07 01:32:56.698   903   903 I SystemServer: StartAutoFillService
06-07 01:32:56.698   903   903 I SystemServiceManager: Starting com.android.server.autofill.AutofillManagerService
06-07 01:32:56.699   903   903 I AutofillManagerService: Setting debug to true
06-07 01:32:56.700   903   903 D SystemServerTiming: StartAutoFillService took to complete: 3ms
06-07 01:32:56.700   903   903 I SystemServer: MakeVibratorServiceReady
06-07 01:32:56.702   903   903 D SystemServerTiming: MakeVibratorServiceReady took to complete: 1ms
06-07 01:32:56.702   903   903 I SystemServer: MakeLockSettingsServiceReady
06-07 01:32:56.716   903   903 I SyntheticPasswordManager: Device does not support weaver
06-07 01:32:56.717   903   903 I LockSettingsService: Device doesn't implement AuthSecret HAL
06-07 01:32:56.718   903   903 E LockSettingsStorage: Cannot read file java.io.FileNotFoundException: /data/system/gatekeeper.password.key: open failed: ENOENT (No such file or directory)
06-07 01:32:56.718   903   903 E LockSettingsStorage: Cannot read file java.io.FileNotFoundException: /data/system/password.key: open failed: ENOENT (No such file or directory)
06-07 01:32:56.718   903   903 E LockSettingsStorage: Cannot read file java.io.FileNotFoundException: /data/system/gatekeeper.pattern.key: open failed: ENOENT (No such file or directory)
06-07 01:32:56.719   903   903 E LockSettingsStorage: Cannot read file java.io.FileNotFoundException: /data/system/gatekeeper.gesture.key: open failed: ENOENT (No such file or directory)
06-07 01:32:56.719   903   903 E LockSettingsStorage: Cannot read file java.io.FileNotFoundException: /data/system/gesture.key: open failed: ENOENT (No such file or directory)
06-07 01:32:56.720   903   903 D SystemServerTiming: MakeLockSettingsServiceReady took to complete: 18ms
06-07 01:32:56.720   903   903 I SystemServer: StartBootPhaseLockSettingsReady
06-07 01:32:56.720   903   903 I SystemServiceManager: Starting phase 480
06-07 01:32:56.726   903   903 I DevicePolicyManager: Set ro.device_owner property to false
06-07 01:32:56.727   903  1129 D SystemServerInitThreadPool: Started executing DevicePolicyManager
06-07 01:32:56.727   903  1129 D SystemServerInitThreadPool: Finished executing DevicePolicyManager
06-07 01:32:56.728   903   903 D SystemServerTiming: StartBootPhaseLockSettingsReady took to complete: 8ms
06-07 01:32:56.728   903   903 I SystemServer: StartBootPhaseSystemServicesReady
06-07 01:32:56.728   903   903 I SystemServiceManager: Starting phase 500
06-07 01:32:56.729   903   903 D AppStandbyController: Setting app idle enabled state
06-07 01:32:56.733   903   903 I VrManagerService: No default vr listener service found.
06-07 01:32:56.739   601   601 D ZygoteInitTiming_lazy: PreloadResources took to complete: 161ms
06-07 01:32:56.740   903   903 I WifiService: WifiService starting up with Wi-Fi enabled
06-07 01:32:56.751   903   903 D WifiService: setWifiEnabled: true pid=903, uid=1000, package=android
06-07 01:32:56.761   903  1185 D ConnectivityService: Got NetworkFactory Messenger for Ethernet
06-07 01:32:56.773   903   903 D SystemServerTiming: StartBootPhaseSystemServicesReady took to complete: 44ms
06-07 01:32:56.773   903   903 I SystemServer: MakeWindowManagerServiceReady
06-07 01:32:56.782   903   903 D SystemServerTiming: MakeWindowManagerServiceReady took to complete: 9ms
06-07 01:32:56.782   903   903 I SystemServer: MakePowerManagerServiceReady
06-07 01:32:56.797   903   986 W KeyguardServiceDelegate: onScreenTurningOn(): no keyguard service!
06-07 01:32:56.797   903   903 D SystemServerTiming: MakePowerManagerServiceReady took to complete: 15ms
06-07 01:32:56.798   903   903 I SystemServer: MakePackageManagerServiceReady
06-07 01:32:56.813   903   903 V UserDataPreparer: Found /data/user_de/0 with serial number 0
06-07 01:32:56.813   903   903 V UserDataPreparer: Found /data/user/0 with serial number 0
06-07 01:32:56.813   903   903 V UserDataPreparer: Found /data/system_de/0 with serial number 0
06-07 01:32:56.813   903   903 V UserDataPreparer: Found /data/system_ce/0 with serial number 0
06-07 01:32:56.813   903   903 V UserDataPreparer: Found /data/misc_ce/0 with serial number 0
06-07 01:32:56.814   903   903 D SystemServerTiming: MakePackageManagerServiceReady took to complete: 12ms
06-07 01:32:56.814   903   903 I SystemServer: MakeDisplayManagerServiceReady
06-07 01:32:56.814   903   903 D SystemServerTiming: MakeDisplayManagerServiceReady took to complete: 0ms
06-07 01:32:56.814   903   903 I SystemServer: StartDeviceSpecificServices
06-07 01:32:56.814   903   903 D SystemServerTiming: StartDeviceSpecificServices took to complete: 0ms
06-07 01:32:56.814   903   903 I SystemServer: StartBootPhaseDeviceSpecificServicesReady
06-07 01:32:56.814   903   903 I SystemServiceManager: Starting phase 520
06-07 01:32:56.814   903   903 D SystemServerTiming: StartBootPhaseDeviceSpecificServicesReady took to complete: 0ms
06-07 01:32:56.816   903   903 W UsageStatsService: Event reported without a package name
06-07 01:32:56.818   903   903 I AppOps  : Pruning old package system/com.android.server.AppOpsService$UidState@4aa62f5: new uid=-1
06-07 01:32:56.819   903   903 I ActivityManager: System now ready
06-07 01:32:56.824   903   903 I ActivityManager: Config changes=104 {1.0 ?mcc?mnc [zh_CN_#Hans,en_US] ldltr sw411dp w411dp h659dp 560dpi nrml port finger -keyb/v/h -nav/h winConfig={ mBounds=Rect(0, 0 - 0, 0) mAppBounds=Rect(0, 0 - 1440, 2392) mWindowingMode=fullscreen mActivityType=undefined} s.6}
06-07 01:32:56.834   903   903 I ActivityManager: Override config changes=104 {1.0 ?mcc?mnc [zh_CN_#Hans,en_US] ldltr sw411dp w411dp h659dp 560dpi nrml port finger -keyb/v/h -nav/h winConfig={ mBounds=Rect(0, 0 - 1440, 2560) mAppBounds=Rect(0, 0 - 1440, 2392) mWindowingMode=fullscreen mActivityType=undefined} s.6} for displayId=0
06-07 01:32:56.836   903   935 D SystemServerTimingAsync: SecondaryZygotePreload took to complete: 918ms
06-07 01:32:56.836   903   935 D SystemServerInitThreadPool: Finished executing SecondaryZygotePreload
06-07 01:32:56.851   903   983 I ActivityManager: Config changes=100 {1.0 ?mcc?mnc [zh_CN_#Hans,en_US] ldltr sw411dp w411dp h659dp 560dpi nrml port finger -keyb/v/h -nav/h winConfig={ mBounds=Rect(0, 0 - 0, 0) mAppBounds=Rect(0, 0 - 1440, 2392) mWindowingMode=fullscreen mActivityType=undefined} s.7}
06-07 01:32:56.852   903   983 I ActivityManager: Override config changes=100 {1.0 ?mcc?mnc [zh_CN_#Hans,en_US] ldltr sw411dp w411dp h659dp 560dpi nrml port finger -keyb/v/h -nav/h winConfig={ mBounds=Rect(0, 0 - 1440, 2560) mAppBounds=Rect(0, 0 - 1440, 2392) mWindowingMode=fullscreen mActivityType=undefined} s.7} for displayId=0
06-07 01:32:56.852   903   903 I SystemServer: Making services ready
06-07 01:32:56.852   903   903 I SystemServer: StartActivityManagerReadyPhase
06-07 01:32:56.852   903   903 I SystemServiceManager: Starting phase 550
06-07 01:32:56.856   903   903 W ActivityManager: Too early to start/bind service in system_server: Phase=550 ComponentInfo{com.android.server.telecom/com.android.server.telecom.components.TelecomService}
06-07 01:32:56.856   903   903 W ActivityManager: Too early to start/bind service in system_server: Phase=550 ComponentInfo{com.android.server.telecom/com.android.server.telecom.components.TelecomService}
06-07 01:32:56.988   903   903 W SystemServiceManager: Service com.android.server.content.ContentService$Lifecycle took 131 ms in onBootPhase
06-07 01:32:56.988   903   903 D BluetoothManagerService: Bluetooth boot completed
06-07 01:32:56.988   903   903 D BluetoothManagerService: Auto-enabling Bluetooth.
06-07 01:32:56.989   903   982 D BluetoothManagerService: MESSAGE_ENABLE(0): mBluetooth = null
06-07 01:32:57.012   903   957 I ActivityManager: Start proc 1225:com.android.bluetooth/1002 for service com.android.bluetooth/.btservice.AdapterService
06-07 01:32:57.053   903   903 W SystemServiceManager: Service com.android.server.InputMethodManagerService$Lifecycle took 63 ms in onBootPhase
06-07 01:32:57.054   903  1158 D StorageManagerService: Thinking about init, mSystemReady=true, mDaemonConnected=true
06-07 01:32:57.054   903  1158 D StorageManagerService: Thinking about reset, mSystemReady=true, mDaemonConnected=true
06-07 01:32:57.057   903   955 I ActivityManager: Force stopping com.android.providers.media appid=10017 user=-1: vold reset
06-07 01:32:57.060   903   903 I WallpaperManagerService: No static wallpaper imagery; defaults will be shown
06-07 01:32:57.061   903   903 W WallpaperManagerService: Invalid wallpaper data
06-07 01:32:57.061   903   903 E WallpaperManagerService: Unable to apply new wallpaper
06-07 01:32:57.065   903   903 D SystemServerTiming: StartActivityManagerReadyPhase took to complete: 212ms
06-07 01:32:57.065   903   903 I SystemServer: StartObservingNativeCrashes
06-07 01:32:57.066   903  1132 I UsbPortManager: ClientCallback: port0
06-07 01:32:57.066   903   957 I ActivityManager: Start proc 1240:com.android.inputmethod.latin/u0a58 for service com.android.inputmethod.latin/.LatinIME
06-07 01:32:57.066   903   903 D SystemServerTiming: StartObservingNativeCrashes took to complete: 2ms
06-07 01:32:57.067   903   903 I SystemServer: StartSystemUI
06-07 01:32:57.068   903   903 D SystemServerTiming: StartSystemUI took to complete: 2ms
06-07 01:32:57.068   903   903 I SystemServer: MakeNetworkManagementServiceReady
06-07 01:32:57.070   903   903 D NetworkManagement: enabling bandwidth control
06-07 01:32:57.071   903  1124 D SystemServerInitThreadPool: Started executing WebViewFactoryPreparation
06-07 01:32:57.073   903  1124 I SystemServer: WebViewFactoryPreparation
06-07 01:32:57.083   903   981 I UsbPortManager: USB port added: port=UsbPort{id=port0, supportedModes=dual}, status=UsbPortStatus{connected=true, currentMode=ufp, currentPowerRole=sink, currentDataRole=device, supportedRoleCombinations=[source:host, sink:device]}, canChangeMode=true, canChangePowerRole=false, canChangeDataRole=false
06-07 01:32:57.087   903  1197 D BluetoothManagerService: Creating new ProfileServiceConnections object for profile: 1
06-07 01:32:57.091   903  1199 V StorageManagerService: Found primary storage at VolumeInfo{emulated}:
06-07 01:32:57.091   903  1199 V StorageManagerService:     type=EMULATED diskId=null partGuid= mountFlags=0 mountUserId=-1 
06-07 01:32:57.091   903  1199 V StorageManagerService:     state=UNMOUNTED 
06-07 01:32:57.091   903  1199 V StorageManagerService:     fsType=null fsUuid=null fsLabel=null 
06-07 01:32:57.091   903  1199 V StorageManagerService:     path=null internalPath=null 
06-07 01:32:57.096   903  1124 D SystemServerTimingAsync: WebViewFactoryPreparation took to complete: 22ms
06-07 01:32:57.096   903  1124 D SystemServerInitThreadPool: Finished executing WebViewFactoryPreparation
06-07 01:32:57.096   523   553 V vold    : Waiting for FUSE to spin up...
06-07 01:32:57.119   903   903 D SystemServerTiming: MakeNetworkManagementServiceReady took to complete: 51ms
06-07 01:32:57.119   903   903 I SystemServer: MakeIpSecServiceReady
06-07 01:32:57.123   903   963 E BatteryExternalStatsWorker: no controller energy info supplied for wifi
06-07 01:32:57.123   903   963 E BatteryExternalStatsWorker: no controller energy info supplied for telephony
06-07 01:32:57.123   903   903 D IpSecService: IpSecService is ready
06-07 01:32:57.123   903   903 D SystemServerTiming: MakeIpSecServiceReady took to complete: 4ms
06-07 01:32:57.123   903   903 I SystemServer: MakeNetworkStatsServiceReady
06-07 01:32:57.128   903  1174 W NetworkPolicy: setRestrictBackgroundUL: already false
06-07 01:32:57.146   523   553 V vold    : Waiting for FUSE to spin up...
06-07 01:32:57.150  1251  1251 W sdcard  : Device explicitly enabled sdcardfs
06-07 01:32:57.152   903   957 W ActivityManager: Slow operation: 84ms so far, now at startProcess: returned from zygote!
06-07 01:32:57.152   903   957 W ActivityManager: Slow operation: 85ms so far, now at startProcess: done updating battery stats
06-07 01:32:57.152   903   957 W ActivityManager: Slow operation: 85ms so far, now at startProcess: building log message
06-07 01:32:57.152   903   957 I ActivityManager: Start proc 1262:com.android.systemui/u0a27 for service com.android.systemui/.SystemUIService
06-07 01:32:57.152   903   957 W ActivityManager: Slow operation: 85ms so far, now at startProcess: starting to update pids map
06-07 01:32:57.152   903   957 W ActivityManager: Slow operation: 85ms so far, now at startProcess: done updating pids map
06-07 01:32:57.152   903   957 W ActivityManager: Slow operation: 60ms so far, now at startProcess: asking zygote to start proc
06-07 01:32:57.166   903   903 D SystemServerTiming: MakeNetworkStatsServiceReady took to complete: 43ms
06-07 01:32:57.166   903   903 I SystemServer: MakeConnectivityServiceReady
06-07 01:32:57.181   903   903 D SystemServerTiming: MakeConnectivityServiceReady took to complete: 15ms
06-07 01:32:57.181   903   903 I SystemServer: MakeNetworkPolicyServiceReady
06-07 01:32:57.225   903   903 D SystemServerTiming: MakeNetworkPolicyServiceReady took to complete: 44ms
06-07 01:32:57.225   903   903 I SystemServer: StartWatchdog
06-07 01:32:57.226   903   903 D SystemServerTiming: StartWatchdog took to complete: 1ms
06-07 01:32:57.226   903   903 I SystemServer: PhaseThirdPartyAppsCanStart
06-07 01:32:57.226   903   903 I SystemServiceManager: Starting phase 600
06-07 01:32:57.229   903   903 V WallpaperManagerService: bindWallpaperComponentLocked: componentName=ComponentInfo{com.android.systemui/com.android.systemui.ImageWallpaper}
06-07 01:32:57.255   903   903 I StatsCompanionService: Told statsd that StatsCompanionService is alive.
06-07 01:32:57.257   903   903 D SystemServerTiming: PhaseThirdPartyAppsCanStart took to complete: 31ms
06-07 01:32:57.258   903   903 I SystemServer: MakeLocationServiceReady
06-07 01:32:57.277   903   903 W LocationManagerService: no network location provider found
06-07 01:32:57.283   903   903 E LocationManagerService: no geocoder provider found
06-07 01:32:57.288   903   903 D LocationManagerService: Unable to bind FLP Geofence proxy.
06-07 01:32:57.294   903   903 D LocationManagerService: Hardware Activity-Recognition not supported.
06-07 01:32:57.303   903   903 D LocationManagerService: Unable to bind ActivityRecognitionProxy.
06-07 01:32:57.306   903   903 D SystemServerTiming: MakeLocationServiceReady took to complete: 49ms
06-07 01:32:57.307   903   903 I SystemServer: MakeCountryDetectionServiceReady
06-07 01:32:57.307   903   903 D SystemServerTiming: MakeCountryDetectionServiceReady took to complete: 0ms
06-07 01:32:57.307   903   903 I SystemServer: MakeNetworkTimeUpdateReady
06-07 01:32:57.311   903   957 W ActivityManager: Slow operation: 219ms so far, now at startProcess: returned from zygote!
06-07 01:32:57.311   903   957 W ActivityManager: Slow operation: 219ms so far, now at startProcess: done updating battery stats
06-07 01:32:57.311   903   957 W ActivityManager: Slow operation: 219ms so far, now at startProcess: building log message
06-07 01:32:57.311   903   957 I ActivityManager: Start proc 1325:WebViewLoader-armeabi-v7a/1037 [android.webkit.WebViewLibraryLoader$RelroFileCreator] for 
06-07 01:32:57.312   903   957 W ActivityManager: Slow operation: 219ms so far, now at startProcess: starting to update pids map
06-07 01:32:57.312   903   957 W ActivityManager: Slow operation: 219ms so far, now at startProcess: done updating pids map
06-07 01:32:57.312   903   957 W ActivityManager: Slow operation: 218ms so far, now at startProcess: asking zygote to start proc
06-07 01:32:57.315   903   903 D ConnectivityService: requestNetwork for uid/pid:1000/903 NetworkRequest [ TRACK_DEFAULT id=6, [ Capabilities: INTERNET&NOT_RESTRICTED&TRUSTED Unwanted:  Uid: 1000] ]
06-07 01:32:57.316   903   903 D SystemServerTiming: MakeNetworkTimeUpdateReady took to complete: 10ms
06-07 01:32:57.316   903   903 I SystemServer: MakeCommonTimeManagementServiceReady
06-07 01:32:57.323   903   903 D SystemServerTiming: MakeCommonTimeManagementServiceReady took to complete: 7ms
06-07 01:32:57.323   903   903 I SystemServer: MakeInputManagerServiceReady
06-07 01:32:57.324   903   903 D SystemServerTiming: MakeInputManagerServiceReady took to complete: 0ms
06-07 01:32:57.324   903   903 I SystemServer: MakeTelephonyRegistryReady
06-07 01:32:57.324   903   903 D SystemServerTiming: MakeTelephonyRegistryReady took to complete: 1ms
06-07 01:32:57.324   903   903 I SystemServer: MakeMediaRouterServiceReady
06-07 01:32:57.325   903   903 D SystemServerTiming: MakeMediaRouterServiceReady took to complete: 0ms
06-07 01:32:57.325   903   903 I SystemServer: MakeMmsServiceReady
06-07 01:32:57.325   903   903 I MmsServiceBroker: Delay connecting to MmsService until an API is called
06-07 01:32:57.325   903   903 D SystemServerTiming: MakeMmsServiceReady took to complete: 0ms
06-07 01:32:57.325   903   903 I SystemServer: IncidentDaemonReady
06-07 01:32:57.325   649   649 I android.hardware.wifi@1.0-service: Wifi HAL started
06-07 01:32:57.334   903   903 D SystemServerTiming: IncidentDaemonReady took to complete: 10ms
06-07 01:32:57.335   903   903 I SystemServiceManager: Calling onStartUser u0
06-07 01:32:57.338   903   903 W VoiceInteractionManagerService: no available voice interaction services found for user 0
06-07 01:32:57.339   903   903 W VoiceInteractionManagerService: no available voice recognition services found for user 0
06-07 01:32:57.351   903   903 I ActivityManager: START u0 {act=android.intent.action.MAIN cat=[android.intent.category.HOME] flg=0x10000100 cmp=com.android.settings/.FallbackHome} from uid 0
06-07 01:32:57.362   903   957 W ActivityManager: Slow operation: 269ms so far, now at startProcess: returned from zygote!
06-07 01:32:57.390   903   903 I ActivityManager: Loaded persisted task ids for user 0
06-07 01:32:57.492   903   903 D SystemServerTiming: ActivityManagerStartApps took to complete: 157ms
06-07 01:32:57.492   903   903 D SystemServerTiming: PhaseActivityManagerReady took to complete: 678ms
06-07 01:32:57.493   903   956 W Looper  : Slow dispatch took 150ms android.ui h=com.android.server.am.ActivityManagerService$UiHandler c=null m=53
06-07 01:32:57.494   903   957 W ActivityManager: Slow operation: 401ms so far, now at startProcess: done updating battery stats
06-07 01:32:57.494   903   957 W ActivityManager: Slow operation: 401ms so far, now at startProcess: building log message
06-07 01:32:57.494   903   957 I ActivityManager: Start proc 1352:WebViewLoader-arm64-v8a/1037 [android.webkit.WebViewLibraryLoader$RelroFileCreator] for 
06-07 01:32:57.494   903   957 W ActivityManager: Slow operation: 401ms so far, now at startProcess: starting to update pids map
06-07 01:32:57.494   903   957 W ActivityManager: Slow operation: 401ms so far, now at startProcess: done updating pids map
06-07 01:32:57.494   903   957 W ActivityManager: Slow operation: 152ms so far, now at startProcess: asking zygote to start proc
06-07 01:32:57.495   903   903 D SystemServerInitThreadPool: Shutdown successful
06-07 01:32:57.495   903   903 D SystemServerTiming: StartServices took to complete: 3289ms
06-07 01:32:57.510   903  1387 I ActivityManager: Process WebViewLoader-armeabi-v7a (pid 1325) has died: psvc PER 
06-07 01:32:57.512   649   649 E android.hardware.wifi@1.0-service: Unknown iface name: wlan0
06-07 01:32:57.521  1408  1408 I SMLOG   : VERSION: 1.0.2
06-07 01:32:57.521  1408  1408 D SMLOG   : SMLOG enable: 1
06-07 01:32:57.521  1408  1408 I SMLOG   : qmi_client_init QCRIL_QMI_CLIENT_SSDEXT Service
06-07 01:32:57.525   903   903 W Looper  : Slow delivery took 1607ms main h=android.os.Handler c=com.android.server.-$$Lambda$BatteryService$2x73lvpB0jctMSVP4qb9sHAqRPw@aa32073 m=0
06-07 01:32:57.531   903   957 W ActivityManager: Slow operation: 189ms so far, now at startProcess: returned from zygote!
06-07 01:32:57.540   903   957 W ActivityManager: Slow operation: 198ms so far, now at startProcess: done updating battery stats
06-07 01:32:57.541   903   957 W ActivityManager: Slow operation: 198ms so far, now at startProcess: building log message
06-07 01:32:57.541   903   957 I ActivityManager: Start proc 1411:com.qualcomm.qti.telephonyservice/u0a62 for added application com.qualcomm.qti.telephonyservice
06-07 01:32:57.541   903   957 W ActivityManager: Slow operation: 198ms so far, now at startProcess: starting to update pids map
06-07 01:32:57.541   903   957 W ActivityManager: Slow operation: 198ms so far, now at startProcess: done updating pids map
06-07 01:32:57.544   903   957 W ActivityManager: Slow operation: 202ms so far, now at startProcess: asking zygote to start proc
06-07 01:32:57.546  1408  1408 D SMLOG   : Get SSDEXT client handle
06-07 01:32:57.556  1408  1408 E SMLOG   : qmi_transport_error 0
06-07 01:32:57.556  1408  1408 E SMLOG   : qmi_service_response->result: 0
06-07 01:32:57.556  1408  1408 E SMLOG   : qmi_service_response->error: 0
06-07 01:32:57.556  1408  1408 D SMLOG   : QMI client 0 release successful
06-07 01:32:57.567   903   957 W ActivityManager: Slow operation: 225ms so far, now at startProcess: returned from zygote!
06-07 01:32:57.568   903   957 W ActivityManager: Slow operation: 225ms so far, now at startProcess: done updating battery stats
06-07 01:32:57.568   903   957 W ActivityManager: Slow operation: 226ms so far, now at startProcess: building log message
06-07 01:32:57.568   903   957 I ActivityManager: Start proc 1429:com.android.phone/1001 for added application com.android.phone
06-07 01:32:57.568   903   957 W ActivityManager: Slow operation: 226ms so far, now at startProcess: starting to update pids map
06-07 01:32:57.568   903   957 W ActivityManager: Slow operation: 226ms so far, now at startProcess: done updating pids map
06-07 01:32:57.568   903   957 W ActivityManager: Slow operation: 164ms so far, now at startProcess: asking zygote to start proc
06-07 01:32:57.579  1240  1426 E ActivityThread: Failed to find provider info for user_dictionary
06-07 01:32:57.596  1262  1262 D SystemUIBootTiming: StartServicescom.android.systemui.Dependency took to complete: 3ms
06-07 01:32:57.643   903   957 W ActivityManager: Slow operation: 238ms so far, now at startProcess: returned from zygote!
06-07 01:32:57.657   903   957 W ActivityManager: Slow operation: 253ms so far, now at startProcess: done updating battery stats
06-07 01:32:57.657   903   957 W ActivityManager: Slow operation: 253ms so far, now at startProcess: building log message
06-07 01:32:57.658   903   957 I ActivityManager: Start proc 1459:com.android.settings/1000 for activity com.android.settings/.FallbackHome
06-07 01:32:57.658   903   957 W ActivityManager: Slow operation: 253ms so far, now at startProcess: starting to update pids map
06-07 01:32:57.658   903   957 W ActivityManager: Slow operation: 253ms so far, now at startProcess: done updating pids map
06-07 01:32:57.661  1262  1262 D SystemUIBootTiming: StartServicescom.android.systemui.util.NotificationChannels took to complete: 64ms
06-07 01:32:57.662  1262  1262 D SystemUIBootTiming: StartServicescom.android.systemui.statusbar.CommandQueue$CommandQueueStart took to complete: 1ms
06-07 01:32:57.745   903   903 W Looper  : Slow dispatch took 177ms main h=android.app.ActivityThread$H c=null m=156
06-07 01:32:57.757   903  1387 I ActivityManager: Process WebViewLoader-arm64-v8a (pid 1352) has died: psvc PER 
06-07 01:32:57.767  1262  1262 D SystemUIBootTiming: StartServicescom.android.systemui.keyguard.KeyguardViewMediator took to complete: 106ms
06-07 01:32:57.768   903   903 D ConditionProviders.SCP: onConnected
06-07 01:32:57.777   903   903 D ConditionProviders: Subscribing to condition://android/event?userId=-10000&calendar=&reply=1 with ComponentInfo{android/com.android.server.notification.EventConditionProvider}
06-07 01:32:57.777   903   903 D ConditionProviders: Subscribing to condition://android/schedule?days=1.2.3.4.5.6.7&start=22.0&end=7.0&exitAtAlarm=true with ComponentInfo{android/com.android.server.notification.ScheduleConditionProvider}
06-07 01:32:57.778   903   903 V FingerprintService: Done with client: android
06-07 01:32:57.778   903   903 V FingerprintService: clearEnumerateState()
06-07 01:32:57.788   903   903 V SettingsProvider: Notifying for 0: content://settings/secure/location_providers_allowed
06-07 01:32:57.788   903   903 V SettingsProvider: Notifying for 0: content://settings/global/location_global_kill_switch
06-07 01:32:57.789   903   903 D AutofillManagerService: Autofill restriction did not change for user 0
06-07 01:32:57.814   903   981 D UsbDeviceManager: push notification:正在通过 USB 为此设备充电
06-07 01:32:57.835   903  1405 W ActivityManager: Unable to start service Intent { act=android.intent.action.QUICKSTEP_SERVICE pkg=com.android.launcher3 } U=0: not found
06-07 01:32:57.843   903  1137 W ActivityManager: Unable to start service Intent { cmp=com.qualcomm.qcrilmsgtunnel/.QcrilMsgTunnelService } U=0: not found
06-07 01:32:57.844   903  1137 W ActivityManager: Unable to start service Intent { cmp=com.qualcomm.qcrilmsgtunnel/.QcrilMsgTunnelService } U=0: not found
06-07 01:32:57.864   903  1533 I Telecom : BluetoothRouteManager: getBluetoothAudioConnectedDevice: no headset service available.
06-07 01:32:57.867   903   903 I Telecom : SystemStateProvider: Registering car mode receiver: android.content.IntentFilter@19aa4f8: TS.init@AAA
06-07 01:32:57.875   903  1538 I Telecom : Logging.Events: Non-call EVENT: AUDIO_ROUTE, Entering state QuiescentEarpieceRoute
06-07 01:32:57.875   903  1538 I Telecom : BluetoothRouteManager: getBluetoothAudioConnectedDevice: no headset service available.
06-07 01:32:57.893   903  1541 I Telecom : CallAudioModeStateMachine: Message received: null.: TS.init->CAMSM.pM_1@AAA
06-07 01:32:57.897   903   903 I Telecom : MissedCallNotifierImpl: reloadFromDatabase: Boot not yet complete -- call log db may not be available. Deferring loading until boot complete for user 0: TS.init@AAA
06-07 01:32:57.933   903   903 I Telecom : Class: TelecomSystem.INSTANCE being set
06-07 01:32:57.935   903   903 W ContextImpl: Calling a method in the system process without a qualified user: android.app.ContextImpl.startService:1531 android.content.ContextWrapper.startService:664 com.android.server.telecom.components.TelecomService.initializeTelecomSystem:197 com.android.server.telecom.components.TelecomService.onBind:67 android.app.ActivityThread.handleBindService:3597 
06-07 01:32:57.937   903   903 W ContextImpl: Calling a method in the system process without a qualified user: android.app.ContextImpl.startService:1531 com.android.server.content.SyncManager$14.run:756 android.os.Handler.handleCallback:873 android.os.Handler.dispatchMessage:99 android.os.Looper.loop:193 
06-07 01:32:57.941   903   903 V SettingsProvider: Notifying for 0: content://settings/global/boot_count
06-07 01:32:57.953   903   955 W KeyguardServiceDelegate: onScreenTurningOn(): no keyguard service!
06-07 01:32:57.968  1262  1262 D SystemUIBootTiming: StartServicescom.android.systemui.recents.Recents took to complete: 200ms
06-07 01:32:58.005   903  1184 E WifiP2pService: Unexpected disable request when WifiChannel is null
06-07 01:32:58.005   903   903 D BluetoothManagerService: Bluetooth Adapter name changed to AOSP on msm8996
06-07 01:32:58.006   903   903 D BluetoothManagerService: Stored Bluetooth name: AOSP on msm8996
06-07 01:32:58.006   903   903 V WiredAccessoryManager: notifyWiredAccessoryChanged: when=0 bits= mask=54
06-07 01:32:58.006   903   903 V WiredAccessoryManager: newName=h2w newState=0 headsetState=0 prev headsetState=0
06-07 01:32:58.006   903   903 V WiredAccessoryManager: init()
06-07 01:32:58.087   903   903 D AccessibilityManagerService: Ignoring non-encryption-aware service ComponentInfo{com.qihoo.appstore/com.qihoo.appstore.accessibility.AppstoreAccessibility}
06-07 01:32:58.087   903   903 D AccessibilityManagerService: Ignoring non-encryption-aware service ComponentInfo{com.snda.wifilocating/com.wifikeycore.accessibilityservice.WifiAccessibilityService}
06-07 01:32:58.087   903   903 D AccessibilityManagerService: Ignoring non-encryption-aware service ComponentInfo{com.sohu.inputmethod.sogou/com.sohu.inputmethod.flx.quicktype.QuickAccessibilityService}
06-07 01:32:58.146   903   903 D BluetoothManagerService: BluetoothServiceConnection: com.android.bluetooth.btservice.AdapterService
06-07 01:32:58.150   903   982 D BluetoothManagerService: MESSAGE_BLUETOOTH_SERVICE_CONNECTED: 1
06-07 01:32:58.151   903   982 D BluetoothManagerService: Broadcasting onBluetoothServiceUp() to 2 receivers.
06-07 01:32:58.153   903   982 D BluetoothManagerService: MESSAGE_BLUETOOTH_STATE_CHANGE: OFF > BLE_TURNING_ON
06-07 01:32:58.153   903   982 D BluetoothManagerService: Sending BLE State Change: OFF > BLE_TURNING_ON
06-07 01:32:58.162   903   918 W UsageStatsService: Event reported without a package name
06-07 01:32:58.162   903   903 D ConditionProviders.SCP: onSubscribe condition://android/schedule?days=1.2.3.4.5.6.7&start=22.0&end=7.0&exitAtAlarm=true
06-07 01:32:58.163   903   903 D ConditionProviders.SCP: setRegistered true
06-07 01:32:58.186   903   903 D ConditionProviders.SCP: evaluateSubscriptionLocked cal=ScheduleCalendar[mDays={1, 2, 3, 4, 5, 6, 7}, mSchedule=ScheduleInfo{days=[1, 2, 3, 4, 5, 6, 7], startHour=22, startMinute=0, endHour=7, endMinute=0, exitAtAlarm=true, nextAlarm=Thu Jan 01 00:00:00 GMT 1970 (0)}], now=Fri Jun 07 01:32:58 GMT 2019 (1559871178163), nextUserAlarmTime=Thu Jan 01 00:00:00 GMT 1970 (0)
06-07 01:32:58.186   903   903 D ConditionProviders.SCP: notifyCondition condition://android/schedule?days=1.2.3.4.5.6.7&start=22.0&end=7.0&exitAtAlarm=true STATE_TRUE reason=meetsSchedule
06-07 01:32:58.192   903   903 D ConditionProviders.SCP: Scheduling evaluate for Fri Jun 07 07:00:00 GMT 2019 (1559890800000), in +5h27m1s837ms, now=Fri Jun 07 01:32:58 GMT 2019 (1559871178163)
06-07 01:32:58.205  1262  1262 D SystemUIBootTiming: StartServicescom.android.systemui.volume.VolumeUI took to complete: 238ms
06-07 01:32:58.208   903   903 I Telecom : WiredHeadsetManager: ACTION_HEADSET_PLUG event, plugged in: false, : WHC.oADA@AAE
06-07 01:32:58.226   903  1224 I SyncManager: Got SyncJobService instance.
06-07 01:32:58.240   903   903 W Looper  : Drained
06-07 01:32:58.257  1262  1262 D SystemUIBootTiming: StartServicescom.android.systemui.stackdivider.Divider took to complete: 51ms
06-07 01:32:58.258   903   903 V SettingsProvider: Notifying for 0: content://settings/global/zen_mode_config_etag
06-07 01:32:58.261   903  1195 E ActivityThread: Failed to find provider info for com.android.calendar
06-07 01:32:58.261   903  1195 E ActivityThread: Failed to find provider info for com.android.calendar
06-07 01:32:58.307   903  1387 D ConnectivityService: requestNetwork for uid/pid:10027/1262 NetworkRequest [ TRACK_DEFAULT id=9, [ Capabilities: INTERNET&NOT_RESTRICTED&TRUSTED Unwanted:  Uid: 10027] ]
06-07 01:32:58.419   903  1185 D ConnectivityService: Got NetworkFactory Messenger for PhoneSwitcherNetworkRequstListener
06-07 01:32:58.428   903  1185 D ConnectivityService: Got NetworkFactory Messenger for TelephonyNetworkFactory[0]
06-07 01:32:58.475  1429  1684 E ActivityThread: Failed to find provider info for com.android.contacts
06-07 01:32:58.496  1429  1429 I TelecomFramework: TtyManager: updateUiTtyMode -1 -> 0
06-07 01:32:58.508   903   919 W WallpaperManagerService: Cannot extract colors because wallpaper could not be read.
06-07 01:32:58.508   903   919 W WallpaperManagerService: Cannot get theme colors because WallpaperColors is null.
06-07 01:32:58.509   903   919 W WallpaperManagerService: Cannot extract colors because wallpaper could not be read.
06-07 01:32:58.509   903   919 W WallpaperManagerService: Cannot get theme colors because WallpaperColors is null.
06-07 01:32:58.529   903  1387 I StatusBarManagerService: registerStatusBar bar=com.android.internal.statusbar.IStatusBar$Stub$Proxy@24bb9a0
06-07 01:32:58.719   903  1199 I WifiService: WifiService trying to set country code to 
06-07 01:32:58.731   903   919 I Telecom : PhoneAccountRegistrar: Modify account: [ComponentInfo{com.android.phone/com.android.services.telephony.TelephonyConnectionService}, ***, UserHandle{0}]: TSI.rPA@AAY
06-07 01:32:58.734  1429  1429 I TelecomFramework: AccountEntry: Registered phoneAccount: [[ ] PhoneAccount: ComponentInfo{com.android.phone/com.android.services.telephony.TelephonyConnectionService}, ***, UserHandle{0} Capabilities: CallProvider MultiUser PlaceEmerg SimSub  Audio Routes: BESW Schemes: tel voicemail  Extras: Bundle[{android.telecom.extra.SUPPORTS_VIDEO_CALLING_FALLBACK=true}] GroupId: ***] with handle: ComponentInfo{com.android.phone/com.android.services.telephony.TelephonyConnectionService}, ***, UserHandle{0}
06-07 01:32:58.735  1429  1429 I TelecomFramework: PstnIncomingCallNotifier: Registering: Handler (com.android.internal.telephony.GsmCdmaPhone) {54ef49c}
06-07 01:32:58.743  1429  1429 I TelecomFramework: PstnPhoneCapabilitiesNotifier: handleVideoCapabilitesChanged. Video capability - false
