06-07 01:33:38.725  2821  3406 E qtp_http_client_static: HCDN_LOG: [2019-06-07 01:33:38.725][T:3406][func:SetState],[line:827],QTP State changed: QSD1R0_WAITFOR_HTTP_RESP1 =========> QS_SUCCESS (requestId: 91590008)
06-07 01:33:38.725  2821  3406 E qtp_http_client_static: HCDN_LOG: [2019-06-07 01:33:38.725][T:3406][func:CollectHttpStat],[line:1553],Connection info for requestId: 91590008, connection info: (m_primaryIp: 115.182.115.44, m_primaryPort: 80, m_connectIp: 115.182.115.44, m_connectPort: 80, m_localIp: 192.168.0.12, m_localPort: 39479, m_resolveTime: 0.041787, m_connectTime: 0.104258, m_appConnectTime: 0, m_preTransTime: 0.104629, m_startTransTime: 0.1498, m_totalTime: 0.151, m_avgDownloadSpeed: 0, m_totalDownloadSize: 0, m_avgUploadSpeed: 0, m_totalUploadSize: 0, sslInfo: None, m_mptcpWifiInfo: , m_mptcpLteInfo:, m_isHappyEyeballsHappened:0)
06-07 01:33:38.725  2821  3406 E qtp_http_client_static: HCDN_LOG: [2019-06-07 01:33:38.725][T:3406][func:ExecuteCallback],[line:1470],HTTP time information: requestId: 91590008, reqScheduleTime: 1559871218574, reqBeginTime: 1559871218574, qtpDnsEndTime: 1559871218574, resolveTime: 0.041787, connectTime: 0.104258, startTransTime: 0.149800, startRecvHeaderTime: 1559871218725, startRecvBodyTime: 0, reqEndTime: 1559871218725
06-07 01:33:38.725  2821  3406 E qtp_http_client_static: HCDN_LOG: [2019-06-07 01:33:38.725][T:3406][func:ExecuteCallback],[line:1594],HTTP finished, requestId: 91590008, status: ownErrCode: 0 (MultiCurl HTTP request success), sysErrno: 0, transErrCode: 0, mCurlErrCode: 0, eCurlErrCode: 0, HTTP status code: 200
06-07 01:33:38.751  3334  3334 I LTE Embms Link: Using debugTraceId: 202
06-07 01:33:38.751  3334  3334 I LTE Application: onEmbmsServiceConnected() getE911State attempt traceId: 202
06-07 01:33:38.751  3326  3354 I eMBMS  Service: getE911State called
06-07 01:33:38.752  3326  3354 I eMBMS  Service: EmbmsService is not ready
06-07 01:33:38.752  3334  3334 I LTE Application: onEmbmsServiceConnected() Calling getE911State() and waiting for E911Indication attempt : 200 Return Value is :4
06-07 01:33:38.802  3334  3334 I LTE Embms Link: Using debugTraceId: 203
06-07 01:33:38.802  3334  3334 I LTE Application: onEmbmsServiceConnected() getE911State attempt traceId: 203
06-07 01:33:38.803  3326  3354 I eMBMS  Service: getE911State called
06-07 01:33:38.803  3326  3354 I eMBMS  Service: EmbmsService is not ready
06-07 01:33:38.803  3334  3334 I LTE Application: onEmbmsServiceConnected() Calling getE911State() and waiting for E911Indication attempt : 201 Return Value is :4
06-07 01:33:38.854  3334  3334 I LTE Embms Link: Using debugTraceId: 204
06-07 01:33:38.854  3334  3334 I LTE Application: onEmbmsServiceConnected() getE911State attempt traceId: 204
06-07 01:33:38.854  3326  3354 I eMBMS  Service: getE911State called
06-07 01:33:38.854  3326  3354 I eMBMS  Service: EmbmsService is not ready
06-07 01:33:38.855  3334  3334 I LTE Application: onEmbmsServiceConnected() Calling getE911State() and waiting for E911Indication attempt : 202 Return Value is :4
06-07 01:33:38.905  3334  3334 I LTE Embms Link: Using debugTraceId: 205
06-07 01:33:38.905  3334  3334 I LTE Application: onEmbmsServiceConnected() getE911State attempt traceId: 205
06-07 01:33:38.906  3326  3354 I eMBMS  Service: getE911State called
06-07 01:33:38.906  3326  3354 I eMBMS  Service: EmbmsService is not ready
06-07 01:33:38.906  3334  3334 I LTE Application: onEmbmsServiceConnected() Calling getE911State() and waiting for E911Indication attempt : 203 Return Value is :4
06-07 01:33:38.920  3788  3892 I chatty  : uid=10078(com.tiqiaa.icontrol) AWCN Scheduler1 expire 4 lines
06-07 01:33:38.956  3334  3334 I LTE Embms Link: Using debugTraceId: 206
06-07 01:33:38.957  3334  3334 I LTE Application: onEmbmsServiceConnected() getE911State attempt traceId: 206
06-07 01:33:38.957  3326  3354 I eMBMS  Service: getE911State called
06-07 01:33:38.957  3326  3354 I eMBMS  Service: EmbmsService is not ready
06-07 01:33:38.957  3334  3334 I LTE Application: onEmbmsServiceConnected() Calling getE911State() and waiting for E911Indication attempt : 204 Return Value is :4
06-07 01:33:38.979  3788  3893 I chatty  : uid=10078(com.tiqiaa.icontrol) expire 3 lines
06-07 01:33:39.008  3334  3334 I LTE Embms Link: Using debugTraceId: 207
06-07 01:33:39.008  3334  3334 I LTE Application: onEmbmsServiceConnected() getE911State attempt traceId: 207
06-07 01:33:39.010  3326  3354 I eMBMS  Service: getE911State called
06-07 01:33:39.010  3326  3354 I eMBMS  Service: EmbmsService is not ready
06-07 01:33:39.011  3334  3334 I LTE Application: onEmbmsServiceConnected() Calling getE911State() and waiting for E911Indication attempt : 205 Return Value is :4
06-07 01:33:39.061  3334  3334 I LTE Embms Link: Using debugTraceId: 208
06-07 01:33:39.061  3334  3334 I LTE Application: onEmbmsServiceConnected() getE911State attempt traceId: 208
06-07 01:33:39.062  3326  3354 I eMBMS  Service: getE911State called
06-07 01:33:39.062  3326  3354 I eMBMS  Service: EmbmsService is not ready
06-07 01:33:39.062  3334  3334 I LTE Application: onEmbmsServiceConnected() Calling getE911State() and waiting for E911Indication attempt : 206 Return Value is :4
06-07 01:33:39.112  3334  3334 I LTE Embms Link: Using debugTraceId: 209
06-07 01:33:39.112  3334  3334 I LTE Application: onEmbmsServiceConnected() getE911State attempt traceId: 209
06-07 01:33:39.113  3326  3354 I eMBMS  Service: getE911State called
06-07 01:33:39.113  3326  3354 I eMBMS  Service: EmbmsService is not ready
06-07 01:33:39.113  3334  3334 I LTE Application: onEmbmsServiceConnected() Calling getE911State() and waiting for E911Indication attempt : 207 Return Value is :4
06-07 01:33:39.163  3334  3334 I LTE Embms Link: Using debugTraceId: 210
06-07 01:33:39.164  3334  3334 I LTE Application: onEmbmsServiceConnected() getE911State attempt traceId: 210
06-07 01:33:39.164  3326  3354 I eMBMS  Service: getE911State called
06-07 01:33:39.164  3326  3354 I eMBMS  Service: EmbmsService is not ready
06-07 01:33:39.164  3334  3334 I LTE Application: onEmbmsServiceConnected() Calling getE911State() and waiting for E911Indication attempt : 208 Return Value is :4
06-07 01:33:39.165  3788  3883 I tiqiaa.icontro:   at com.taobao.accs.IACCSManager com.taobao.accs.ACCSManager.createInner(android.content.Context, java.lang.String) ((null):-1)
06-07 01:33:39.165  3788  3883 I tiqiaa.icontro:   at com.taobao.accs.IACCSManager com.taobao.accs.ACCSManager.getAccsInstance(android.content.Context, java.lang.String, java.lang.String) ((null):-1)
06-07 01:33:39.165  3788  3883 I tiqiaa.icontro:   at void com.taobao.agoo.TaobaoRegister.register(android.content.Context, java.lang.String, java.lang.String, java.lang.String, java.lang.String, com.taobao.agoo.IRegister) ((null):-1)
06-07 01:33:39.165  3788  3883 I tiqiaa.icontro:   at void com.taobao.agoo.TaobaoRegister.register(android.content.Context, java.lang.String, java.lang.String, java.lang.String, com.taobao.agoo.IRegister) ((null):-1)
06-07 01:33:39.165  3788  3883 I tiqiaa.icontro:   at void com.umeng.message.PushAgent$2.run() ((null):-1)
06-07 01:33:39.165  3788  3883 I tiqiaa.icontro:   at java.lang.Object java.util.concurrent.Executors$RunnableAdapter.call() (Executors.java:458)
06-07 01:33:39.165  3788  3883 I tiqiaa.icontro:   at void java.util.concurrent.FutureTask.run() (FutureTask.java:266)
06-07 01:33:39.165  3788  3883 I tiqiaa.icontro:   at void java.util.concurrent.ScheduledThreadPoolExecutor$ScheduledFutureTask.run() (ScheduledThreadPoolExecutor.java:301)
06-07 01:33:39.165  3788  3883 I tiqiaa.icontro:   at void java.util.concurrent.ThreadPoolExecutor.runWorker(java.util.concurrent.ThreadPoolExecutor$Worker) (ThreadPoolExecutor.java:1167)
06-07 01:33:39.165  3788  3883 I tiqiaa.icontro:   at void java.util.concurrent.ThreadPoolExecutor$Worker.run() (ThreadPoolExecutor.java:641)
06-07 01:33:39.165  3788  3883 I tiqiaa.icontro:   at void java.lang.Thread.run() (Thread.java:764)
06-07 01:33:39.165  3788  3883 I tiqiaa.icontro: 
06-07 01:33:39.165  3788  3883 W accs.ACCSMgrImpl_umeng:512dc25d52701570b2000025:  no orange sdk
06-07 01:33:39.187  3788  3788 D com.umeng.message.proguard.as: appLaunchAt=1559896085016
06-07 01:33:39.193  3788  3880 I chromium: [INFO:library_loader_hooks.cc(36)] Chromium logging enabled: level = 0, default verbosity = 0
06-07 01:33:39.193  3788  3880 I cr_LibraryLoader: Expected native library version number "66.0.3359.158", actual native library version number "66.0.3359.158"
06-07 01:33:39.196  3675  3695 I tencent.mm:pus: Waiting for a blocking GC ProfileSaver
06-07 01:33:39.215  3334  3334 I LTE Embms Link: Using debugTraceId: 211
06-07 01:33:39.215  3334  3334 I LTE Application: onEmbmsServiceConnected() getE911State attempt traceId: 211
06-07 01:33:39.216  3326  3354 I eMBMS  Service: getE911State called
06-07 01:33:39.216  3326  3354 I eMBMS  Service: EmbmsService is not ready
06-07 01:33:39.216  3334  3334 I LTE Application: onEmbmsServiceConnected() Calling getE911State() and waiting for E911Indication attempt : 209 Return Value is :4
06-07 01:33:39.226  3788  3880 D accs.MsgDistribute:  action:com.taobao.accs.intent.action.RECEIVE
06-07 01:33:39.226  3788  3880 I accs.MsgDistribute:  distribute command::1  serviceId::  dataId:: appkey:umeng:512dc25d52701570b2000025 config:umeng:512dc25d52701570b2000025
06-07 01:33:39.226  3788  3880 I accs.TaobaoRegister:  onBindApp errorCode:200
06-07 01:33:39.268  3334  3334 I LTE Embms Link: Using debugTraceId: 212
06-07 01:33:39.268  3334  3334 I LTE Application: onEmbmsServiceConnected() getE911State attempt traceId: 212
06-07 01:33:39.269  3326  3354 I eMBMS  Service: getE911State called
06-07 01:33:39.269  3326  3354 I eMBMS  Service: EmbmsService is not ready
06-07 01:33:39.269  3334  3334 I LTE Application: onEmbmsServiceConnected() Calling getE911State() and waiting for E911Indication attempt : 210 Return Value is :4
06-07 01:33:39.296  3788  3880 I accs.AgooBindCache:  restoreAgooClients mAgooBindStatus restore = {com.tiqiaa.icontrol=2}
06-07 01:33:39.297  3788  3880 I accs.AgooBindCache:  isAgooRegistered begin..appStatus=2,mAgooBindStatus={com.tiqiaa.icontrol=2}
06-07 01:33:39.298  3788  3880 I accs.TaobaoRegister:  agoo aready Registered return 
06-07 01:33:39.298  3788  3880 I accs.Config:  getDeviceToken token:AlDxlGIJwzl_I4S6LI-KcY1cvxZQETED41Nu7wePBMTj
06-07 01:33:39.299   903   919 W ActivityManager: Background start not allowed: service Intent { act=com.umeng.messge.registercallback.action pkg=com.tiqiaa.icontrol (has extras) } to com.tiqiaa.icontrol/com.umeng.message.UmengMessageCallbackHandlerService from pid=3788 uid=10078 pkg=com.tiqiaa.icontrol startFg?=false
06-07 01:33:39.301  3788  3880 E accs.TaobaoRegister:  register onBindApp
06-07 01:33:39.301  3788  3880 E accs.TaobaoRegister: java.lang.IllegalStateException: Not allowed to start service Intent { act=com.umeng.messge.registercallback.action pkg=com.tiqiaa.icontrol (has extras) }: app is in background uid UidRecord{5dcd10 u0a78 CEM  idle change:cached procs:2 seq(0,0,0)}
06-07 01:33:39.301  3788  3880 E accs.TaobaoRegister: 	at android.app.ContextImpl.startServiceCommon(ContextImpl.java:1577)
06-07 01:33:39.301  3788  3880 E accs.TaobaoRegister: 	at android.app.ContextImpl.startService(ContextImpl.java:1532)
06-07 01:33:39.301  3788  3880 E accs.TaobaoRegister: 	at android.content.ContextWrapper.startService(ContextWrapper.java:664)
06-07 01:33:39.301  3788  3880 E accs.TaobaoRegister: 	at com.umeng.message.PushAgent.a(Unknown Source:32)
06-07 01:33:39.301  3788  3880 E accs.TaobaoRegister: 	at com.umeng.message.PushAgent.a(Unknown Source:0)
06-07 01:33:39.301  3788  3880 E accs.TaobaoRegister: 	at com.umeng.message.PushAgent$2$1.onSuccess(Unknown Source:28)
06-07 01:33:39.301  3788  3880 E accs.TaobaoRegister: 	at com.taobao.agoo.f.onBindApp(Unknown Source:93)
06-07 01:33:39.301  3788  3880 E accs.TaobaoRegister: 	at com.taobao.accs.data.d.a(Unknown Source:143)
06-07 01:33:39.301  3788  3880 E accs.TaobaoRegister: 	at com.taobao.accs.data.d.b(Unknown Source:386)
06-07 01:33:39.301  3788  3880 E accs.TaobaoRegister: 	at com.taobao.accs.data.d.a(Unknown Source:0)
06-07 01:33:39.301  3788  3880 E accs.TaobaoRegister: 	at com.taobao.accs.data.e.run(Unknown Source:8)
06-07 01:33:39.301  3788  3880 E accs.TaobaoRegister: 	at java.util.concurrent.Executors$RunnableAdapter.call(Executors.java:458)
06-07 01:33:39.301  3788  3880 E accs.TaobaoRegister: 	at java.util.concurrent.FutureTask.run(FutureTask.java:266)
06-07 01:33:39.301  3788  3880 E accs.TaobaoRegister: 	at java.util.concurrent.ScheduledThreadPoolExecutor$ScheduledFutureTask.run(ScheduledThreadPoolExecutor.java:301)
06-07 01:33:39.301  3788  3880 E accs.TaobaoRegister: 	at java.util.concurrent.ThreadPoolExecutor.runWorker(ThreadPoolExecutor.java:1167)
06-07 01:33:39.301  3788  3880 E accs.TaobaoRegister: 	at java.util.concurrent.ThreadPoolExecutor$Worker.run(ThreadPoolExecutor.java:641)
06-07 01:33:39.301  3788  3880 E accs.TaobaoRegister: 	at java.lang.Thread.run(Thread.java:764)
06-07 01:33:39.301  3788  3880 I accs.MsgDistribute:  distribMessage serviceId is null!! command:1
06-07 01:33:39.319  3334  3334 I LTE Embms Link: Using debugTraceId: 213
06-07 01:33:39.319  3334  3334 I LTE Application: onEmbmsServiceConnected() getE911State attempt traceId: 213
06-07 01:33:39.320  3326  3354 I eMBMS  Service: getE911State called
06-07 01:33:39.320  3326  3354 I eMBMS  Service: EmbmsService is not ready
06-07 01:33:39.320  3334  3334 I LTE Application: onEmbmsServiceConnected() Calling getE911State() and waiting for E911Indication attempt : 211 Return Value is :4
06-07 01:33:39.371  3334  3334 I LTE Embms Link: Using debugTraceId: 214
06-07 01:33:39.371  3334  3334 I LTE Application: onEmbmsServiceConnected() getE911State attempt traceId: 214
06-07 01:33:39.371  3326  3354 I eMBMS  Service: getE911State called
06-07 01:33:39.371  3326  3354 I eMBMS  Service: EmbmsService is not ready
06-07 01:33:39.372  3334  3334 I LTE Application: onEmbmsServiceConnected() Calling getE911State() and waiting for E911Indication attempt : 212 Return Value is :4
06-07 01:33:39.400  3788  3883 W Settings: Setting android_id has moved from android.provider.Settings.System to android.provider.Settings.Secure, returning read-only value.
06-07 01:33:39.422  3334  3334 I LTE Embms Link: Using debugTraceId: 215
06-07 01:33:39.422  3334  3334 I LTE Application: onEmbmsServiceConnected() getE911State attempt traceId: 215
06-07 01:33:39.423  3326  3354 I eMBMS  Service: getE911State called
06-07 01:33:39.423  3326  3354 I eMBMS  Service: EmbmsService is not ready
06-07 01:33:39.423  3334  3334 I LTE Application: onEmbmsServiceConnected() Calling getE911State() and waiting for E911Indication attempt : 213 Return Value is :4
06-07 01:33:39.474  3334  3334 I LTE Embms Link: Using debugTraceId: 216
06-07 01:33:39.474  3334  3334 I LTE Application: onEmbmsServiceConnected() getE911State attempt traceId: 216
06-07 01:33:39.474  3326  3354 I eMBMS  Service: getE911State called
06-07 01:33:39.475  3326  3354 I eMBMS  Service: EmbmsService is not ready
06-07 01:33:39.475  3334  3334 I LTE Application: onEmbmsServiceConnected() Calling getE911State() and waiting for E911Indication attempt : 214 Return Value is :4
06-07 01:33:39.511  2565  2579 W .qihoo.appstor: Suspending all threads took: 75.419ms
06-07 01:33:39.525  3334  3334 I LTE Embms Link: Using debugTraceId: 217
06-07 01:33:39.526  3334  3334 I LTE Application: onEmbmsServiceConnected() getE911State attempt traceId: 217
06-07 01:33:39.526  3326  3354 I eMBMS  Service: getE911State called
06-07 01:33:39.526  3326  3354 I eMBMS  Service: EmbmsService is not ready
06-07 01:33:39.527  3334  3334 I LTE Application: onEmbmsServiceConnected() Calling getE911State() and waiting for E911Indication attempt : 215 Return Value is :4
06-07 01:33:39.577  3334  3334 I LTE Embms Link: Using debugTraceId: 218
06-07 01:33:39.578  3334  3334 I LTE Application: onEmbmsServiceConnected() getE911State attempt traceId: 218
06-07 01:33:39.578  3326  3354 I eMBMS  Service: getE911State called
06-07 01:33:39.579  3326  3354 I eMBMS  Service: EmbmsService is not ready
06-07 01:33:39.579  3334  3334 I LTE Application: onEmbmsServiceConnected() Calling getE911State() and waiting for E911Indication attempt : 216 Return Value is :4
06-07 01:33:39.629  3334  3334 I LTE Embms Link: Using debugTraceId: 219
06-07 01:33:39.629  3334  3334 I LTE Application: onEmbmsServiceConnected() getE911State attempt traceId: 219
06-07 01:33:39.630  3326  3354 I eMBMS  Service: getE911State called
06-07 01:33:39.630  3326  3354 I eMBMS  Service: EmbmsService is not ready
06-07 01:33:39.630  3334  3334 I LTE Application: onEmbmsServiceConnected() Calling getE911State() and waiting for E911Indication attempt : 217 Return Value is :4
06-07 01:33:39.661  3788  3788 D awcn.NetworkStatusMonitor:  receiver:android.net.conn.CONNECTIVITY_CHANGE
06-07 01:33:39.661  3788  3892 D awcn.NetworkStatusMonitor:  [checkNetworkStatus]
06-07 01:33:39.663  3788  3892 I awcn.NetworkStatusMonitor:  checkNetworkStatus info.isConnected:true info.isAvailable:true
06-07 01:33:39.681  3334  3334 I LTE Embms Link: Using debugTraceId: 220
06-07 01:33:39.681  3334  3334 I LTE Application: onEmbmsServiceConnected() getE911State attempt traceId: 220
06-07 01:33:39.682  3326  3354 I eMBMS  Service: getE911State called
06-07 01:33:39.682  3326  3354 I eMBMS  Service: EmbmsService is not ready
06-07 01:33:39.682  3334  3334 I LTE Application: onEmbmsServiceConnected() Calling getE911State() and waiting for E911Indication attempt : 218 Return Value is :4
06-07 01:33:39.733  3334  3334 I LTE Embms Link: Using debugTraceId: 221
06-07 01:33:39.733  3334  3334 I LTE Application: onEmbmsServiceConnected() getE911State attempt traceId: 221
06-07 01:33:39.733  3326  3354 I eMBMS  Service: getE911State called
06-07 01:33:39.733  3326  3354 I eMBMS  Service: EmbmsService is not ready
06-07 01:33:39.734  3334  3334 I LTE Application: onEmbmsServiceConnected() Calling getE911State() and waiting for E911Indication attempt : 219 Return Value is :4
06-07 01:33:39.791  3334  3334 I LTE Embms Link: Using debugTraceId: 222
06-07 01:33:39.791  3334  3334 I LTE Application: onEmbmsServiceConnected() getE911State attempt traceId: 222
06-07 01:33:39.792  3326  3354 I eMBMS  Service: getE911State called
06-07 01:33:39.792  3326  3354 I eMBMS  Service: EmbmsService is not ready
06-07 01:33:39.792  3334  3334 I LTE Application: onEmbmsServiceConnected() Calling getE911State() and waiting for E911Indication attempt : 220 Return Value is :4
06-07 01:33:39.800  3913  3913 W ProcessingThrea: type=1400 audit(0.0:105): avc: denied { getattr } for path="/proc/wifi_country" dev="proc" ino=4026533509 scontext=u:r:untrusted_app_27:s0:c512,c768 tcontext=u:object_r:proc:s0 tclass=file permissive=0
06-07 01:33:39.803  3913  3913 W ProcessingThrea: type=1400 audit(0.0:106): avc: denied { getattr } for path="/proc/uid_time_in_state" dev="proc" ino=4026532986 scontext=u:r:untrusted_app_27:s0:c512,c768 tcontext=u:object_r:proc_uid_time_in_state:s0 tclass=file permissive=0
06-07 01:33:39.803  3913  3913 W ProcessingThrea: type=1400 audit(0.0:107): avc: denied { getattr } for path="/proc/sysrq-trigger" dev="proc" ino=4026532499 scontext=u:r:untrusted_app_27:s0:c512,c768 tcontext=u:object_r:proc_sysrq:s0 tclass=file permissive=0
06-07 01:33:39.803  3913  3913 W ProcessingThrea: type=1400 audit(0.0:108): avc: denied { getattr } for path="/proc/partitions" dev="proc" ino=4026532424 scontext=u:r:untrusted_app_27:s0:c512,c768 tcontext=u:object_r:proc:s0 tclass=file permissive=0
06-07 01:33:39.803  3913  3913 W ProcessingThrea: type=1400 audit(0.0:109): avc: denied { getattr } for path="/proc/diskstats" dev="proc" ino=4026532423 scontext=u:r:untrusted_app_27:s0:c512,c768 tcontext=u:object_r:proc_diskstats:s0 tclass=file permissive=0
06-07 01:33:39.803  3913  3913 W ProcessingThrea: type=1400 audit(0.0:110): avc: denied { getattr } for path="/proc/crypto" dev="proc" ino=4026532422 scontext=u:r:untrusted_app_27:s0:c512,c768 tcontext=u:object_r:proc:s0 tclass=file permissive=0
06-07 01:33:39.803  3913  3913 W ProcessingThrea: type=1400 audit(0.0:111): avc: denied { getattr } for path="/proc/key-users" dev="proc" ino=4026532421 scontext=u:r:untrusted_app_27:s0:c512,c768 tcontext=u:object_r:proc:s0 tclass=file permissive=0
06-07 01:33:39.803  3913  3913 W ProcessingThrea: type=1400 audit(0.0:112): avc: denied { getattr } for path="/proc/locks" dev="proc" ino=4026532418 scontext=u:r:untrusted_app_27:s0:c512,c768 tcontext=u:object_r:proc:s0 tclass=file permissive=0
06-07 01:33:39.843  3334  3334 I LTE Embms Link: Using debugTraceId: 223
06-07 01:33:39.843  3334  3334 I LTE Application: onEmbmsServiceConnected() getE911State attempt traceId: 223
06-07 01:33:39.843  3326  3354 I eMBMS  Service: getE911State called
06-07 01:33:39.843  3326  3354 I eMBMS  Service: EmbmsService is not ready
06-07 01:33:39.844  3334  3334 I LTE Application: onEmbmsServiceConnected() Calling getE911State() and waiting for E911Indication attempt : 221 Return Value is :4
06-07 01:33:39.856  3675  3695 I tencent.mm:pus: WaitForGcToComplete blocked ProfileSaver on AddRemoveAppImageSpace for 660.774ms
06-07 01:33:39.887  3788  3883 W Settings: Setting android_id has moved from android.provider.Settings.System to android.provider.Settings.Secure, returning read-only value.
06-07 01:33:39.894  3334  3334 I LTE Embms Link: Using debugTraceId: 224
06-07 01:33:39.894  3334  3334 I LTE Application: onEmbmsServiceConnected() getE911State attempt traceId: 224
06-07 01:33:39.895  3326  3354 I eMBMS  Service: getE911State called
06-07 01:33:39.895  3326  3354 I eMBMS  Service: EmbmsService is not ready
06-07 01:33:39.896  3334  3334 I LTE Application: onEmbmsServiceConnected() Calling getE911State() and waiting for E911Indication attempt : 222 Return Value is :4
06-07 01:33:39.907  3788  3926 I tiqiaa.icontro: The ClassLoaderContext is a special shared library.
06-07 01:33:39.946  3334  3334 I LTE Embms Link: Using debugTraceId: 225
06-07 01:33:39.947  3334  3334 I LTE Application: onEmbmsServiceConnected() getE911State attempt traceId: 225
06-07 01:33:39.947  3326  3354 I eMBMS  Service: getE911State called
06-07 01:33:39.947  3326  3354 I eMBMS  Service: EmbmsService is not ready
06-07 01:33:39.947  3334  3334 I LTE Application: onEmbmsServiceConnected() Calling getE911State() and waiting for E911Indication attempt : 223 Return Value is :4
06-07 01:33:39.950  3675  3687 I tencent.mm:pus: WaitForGcToComplete blocked HeapTrim on ProfileSaver for 90.086ms
06-07 01:33:39.998  3334  3334 I LTE Embms Link: Using debugTraceId: 226
06-07 01:33:39.998  3334  3334 I LTE Application: onEmbmsServiceConnected() getE911State attempt traceId: 226
06-07 01:33:39.999  3326  3354 I eMBMS  Service: getE911State called
06-07 01:33:39.999  3326  3354 I eMBMS  Service: EmbmsService is not ready
06-07 01:33:39.999  3334  3334 I LTE Application: onEmbmsServiceConnected() Calling getE911State() and waiting for E911Indication attempt : 224 Return Value is :4
06-07 01:33:40.049  3334  3334 I LTE Embms Link: Using debugTraceId: 227
06-07 01:33:40.049  3334  3334 I LTE Application: onEmbmsServiceConnected() getE911State attempt traceId: 227
06-07 01:33:40.050  3326  3354 I eMBMS  Service: getE911State called
06-07 01:33:40.050  3326  3354 I eMBMS  Service: EmbmsService is not ready
06-07 01:33:40.050  3334  3334 I LTE Application: onEmbmsServiceConnected() Calling getE911State() and waiting for E911Indication attempt : 225 Return Value is :4
06-07 01:33:40.076  3788  3915 W tiqiaa.icontro: resources.arsc in APK '/data/app/com.sohu.inputmethod.sogou-Z3PFzb6gEa2KxZI2EHQWDQ==/base.apk' is compressed.
06-07 01:33:40.087  3788  3913 I TDLog   : TalkingData App Analytics SDK init...
06-07 01:33:40.087  3788  3913 I TDLog   : 	SDK_VERSION is: Android+TD+V4.0.20 gp Type:Native  Build_Num:635
06-07 01:33:40.087  3788  3913 I TDLog   : 	App ID is: 181D320282CBD9C9E7DF36752586A3EC
06-07 01:33:40.087  3788  3913 I TDLog   : 	App Channel is: Tiqiaa
06-07 01:33:40.087  3788  3913 I TDLog   : 	SDK_OVC is: TDOVC+c88979000865d5d33d5fc55fe6d89ac5+SaaS
06-07 01:33:40.101  3334  3334 I LTE Embms Link: Using debugTraceId: 228
06-07 01:33:40.101  3334  3334 I LTE Application: onEmbmsServiceConnected() getE911State attempt traceId: 228
06-07 01:33:40.101  3326  3354 I eMBMS  Service: getE911State called
06-07 01:33:40.101  3326  3354 I eMBMS  Service: EmbmsService is not ready
06-07 01:33:40.102  3334  3334 I LTE Application: onEmbmsServiceConnected() Calling getE911State() and waiting for E911Indication attempt : 226 Return Value is :4
06-07 01:33:40.152  3334  3334 I LTE Embms Link: Using debugTraceId: 229
06-07 01:33:40.152  3334  3334 I LTE Application: onEmbmsServiceConnected() getE911State attempt traceId: 229
06-07 01:33:40.153  3326  3354 I eMBMS  Service: getE911State called
06-07 01:33:40.153  3326  3354 I eMBMS  Service: EmbmsService is not ready
06-07 01:33:40.153  3334  3334 I LTE Application: onEmbmsServiceConnected() Calling getE911State() and waiting for E911Indication attempt : 227 Return Value is :4
06-07 01:33:40.159  2821  3574 D IM_PS   : [PushServiceManager] connectMqtt mConnect = false
06-07 01:33:40.160  2821  3574 D IM_PS   : [PushServiceManager] connect connectMqtt result = false
06-07 01:33:40.160  2821  3574 D IM_PS   : [PushServiceManager] startTryConnectTask
06-07 01:33:40.199  2821  3939 D IM_PS   : [PushServiceManager] startTryConnectTask run deviceId = 1000DABD7B55B2751737E2C17BCD8E552768
06-07 01:33:40.203  3334  3334 I LTE Embms Link: Using debugTraceId: 230
06-07 01:33:40.203  3334  3334 I LTE Application: onEmbmsServiceConnected() getE911State attempt traceId: 230
06-07 01:33:40.204  3326  3354 I eMBMS  Service: getE911State called
06-07 01:33:40.204  3326  3354 I eMBMS  Service: EmbmsService is not ready
06-07 01:33:40.204  3334  3334 I LTE Application: onEmbmsServiceConnected() Calling getE911State() and waiting for E911Indication attempt : 228 Return Value is :4
06-07 01:33:40.220  2821  3939 D IM_PS   : [MqttMessageManager] sendConnectMessage oneMessage = version: 1
06-07 01:33:40.221  2821  3939 E IM-VIDEO: Connector castArcane @com.iqiyi.f.aux:a:27, IllegalStateException: Not connected to server.
06-07 01:33:40.221  2821  3939 D IM_PS   : [PushServiceManager] connectMqtt result = true
06-07 01:33:40.255  3334  3334 I LTE Embms Link: Using debugTraceId: 231
06-07 01:33:40.255  3334  3334 I LTE Application: onEmbmsServiceConnected() getE911State attempt traceId: 231
06-07 01:33:40.256  3326  3354 I eMBMS  Service: getE911State called
06-07 01:33:40.256  3326  3354 I eMBMS  Service: EmbmsService is not ready
06-07 01:33:40.256  3334  3334 I LTE Application: onEmbmsServiceConnected() Calling getE911State() and waiting for E911Indication attempt : 229 Return Value is :4
06-07 01:33:40.307  3334  3334 I LTE Embms Link: Using debugTraceId: 232
06-07 01:33:40.307  3334  3334 I LTE Application: onEmbmsServiceConnected() getE911State attempt traceId: 232
06-07 01:33:40.307  3326  3354 I eMBMS  Service: getE911State called
06-07 01:33:40.307  3326  3354 I eMBMS  Service: EmbmsService is not ready
06-07 01:33:40.308  3334  3334 I LTE Application: onEmbmsServiceConnected() Calling getE911State() and waiting for E911Indication attempt : 230 Return Value is :4
06-07 01:33:40.358  3334  3334 I LTE Embms Link: Using debugTraceId: 233
06-07 01:33:40.358  3334  3334 I LTE Application: onEmbmsServiceConnected() getE911State attempt traceId: 233
06-07 01:33:40.358  3326  3354 I eMBMS  Service: getE911State called
06-07 01:33:40.358  3326  3354 I eMBMS  Service: EmbmsService is not ready
06-07 01:33:40.359  3334  3334 I LTE Application: onEmbmsServiceConnected() Calling getE911State() and waiting for E911Indication attempt : 231 Return Value is :4
06-07 01:33:40.367  3732  3824 W AppMonitor: load ut_c_api.so failed
06-07 01:33:40.409  3334  3334 I LTE Embms Link: Using debugTraceId: 234
06-07 01:33:40.409  3334  3334 I LTE Application: onEmbmsServiceConnected() getE911State attempt traceId: 234
06-07 01:33:40.410  3326  3354 I eMBMS  Service: getE911State called
06-07 01:33:40.410  3326  3354 I eMBMS  Service: EmbmsService is not ready
06-07 01:33:40.410  3334  3334 I LTE Application: onEmbmsServiceConnected() Calling getE911State() and waiting for E911Indication attempt : 232 Return Value is :4
06-07 01:33:40.426   903   913 I system_server: Background concurrent copying GC freed 189586(8MB) AllocSpace objects, 63(4MB) LOS objects, 42% free, 10MB/18MB, paused 224us total 161.673ms
06-07 01:33:40.460  3334  3334 I LTE Embms Link: Using debugTraceId: 235
06-07 01:33:40.460  3334  3334 I LTE Application: onEmbmsServiceConnected() getE911State attempt traceId: 235
06-07 01:33:40.460  3326  3354 I eMBMS  Service: getE911State called
06-07 01:33:40.461  3326  3354 I eMBMS  Service: EmbmsService is not ready
06-07 01:33:40.461  3334  3334 I LTE Application: onEmbmsServiceConnected() Calling getE911State() and waiting for E911Indication attempt : 233 Return Value is :4
06-07 01:33:40.471  3732  3824 I mtopsdk.SDKConfig: [setGlobalAppVersion]set appVersion=3.1.1.206
06-07 01:33:40.471  3732  3824 D mtopsdk.Mtop: [init] ttid=null
06-07 01:33:40.472  3732  3824 I mtopsdk.MtopSDK: [init]ttid=null
06-07 01:33:40.511  3334  3334 I LTE Embms Link: Using debugTraceId: 236
06-07 01:33:40.511  3334  3334 I LTE Application: onEmbmsServiceConnected() getE911State attempt traceId: 236
06-07 01:33:40.512  3326  3354 I eMBMS  Service: getE911State called
06-07 01:33:40.512  3326  3354 I eMBMS  Service: EmbmsService is not ready
06-07 01:33:40.512  3334  3334 I LTE Application: onEmbmsServiceConnected() Calling getE911State() and waiting for E911Indication attempt : 234 Return Value is :4
06-07 01:33:40.514  3732  3945 I mtopsdk.MtopSDK: [init]MtopSDK init Called
06-07 01:33:40.514  3732  3945 I mtopsdk.MtopSDK: [executeInitCoreTask]MtopSDK initcore start. ttid=null
06-07 01:33:40.515  3732  3945 D mtopsdk.AsyncServiceBinder: [asyncBind]try to bind service for a
06-07 01:33:40.555  3788  3947 I System.out: true
06-07 01:33:40.562  3334  3334 I LTE Embms Link: Using debugTraceId: 237
06-07 01:33:40.562  3334  3334 I LTE Application: onEmbmsServiceConnected() getE911State attempt traceId: 237
06-07 01:33:40.563  3326  3354 I eMBMS  Service: getE911State called
06-07 01:33:40.563  3326  3354 I eMBMS  Service: EmbmsService is not ready
06-07 01:33:40.563  3334  3334 I LTE Application: onEmbmsServiceConnected() Calling getE911State() and waiting for E911Indication attempt : 235 Return Value is :4
06-07 01:33:40.614  3334  3334 I LTE Embms Link: Using debugTraceId: 238
06-07 01:33:40.614  3334  3334 I LTE Application: onEmbmsServiceConnected() getE911State attempt traceId: 238
06-07 01:33:40.615  3326  3354 I eMBMS  Service: getE911State called
06-07 01:33:40.615  3326  3354 I eMBMS  Service: EmbmsService is not ready
06-07 01:33:40.615  3334  3334 I LTE Application: onEmbmsServiceConnected() Calling getE911State() and waiting for E911Indication attempt : 236 Return Value is :4
06-07 01:33:40.631  3732  3945 W mtopsdk.AsyncServiceBinder: [asyncBind]service framework not exist. use intent to bind service.
06-07 01:33:40.666  3334  3334 I LTE Embms Link: Using debugTraceId: 239
06-07 01:33:40.666  3334  3334 I LTE Application: onEmbmsServiceConnected() getE911State attempt traceId: 239
06-07 01:33:40.666  3326  3354 I eMBMS  Service: getE911State called
06-07 01:33:40.666  3326  3354 I eMBMS  Service: EmbmsService is not ready
06-07 01:33:40.667  3334  3334 I LTE Application: onEmbmsServiceConnected() Calling getE911State() and waiting for E911Indication attempt : 237 Return Value is :4
06-07 01:33:40.674   903  3384 W ActivityManager: Unable to start service Intent { act=mtopsdk.xstate.a.a cat=[android.intent.category.DEFAULT] pkg=com.tiqiaa.icontrol cmp=com.tiqiaa.icontrol/mtopsdk.xstate.d } U=0: not found
06-07 01:33:40.678  3732  3945 D mtopsdk.AsyncServiceBinder: [asyncBind]bindService ret=false
06-07 01:33:40.717  3334  3334 I LTE Embms Link: Using debugTraceId: 240
06-07 01:33:40.718  3334  3334 I LTE Application: onEmbmsServiceConnected() getE911State attempt traceId: 240
06-07 01:33:40.718  3326  3354 I eMBMS  Service: getE911State called
06-07 01:33:40.718  3326  3354 I eMBMS  Service: EmbmsService is not ready
06-07 01:33:40.719  3334  3334 I LTE Application: onEmbmsServiceConnected() Calling getE911State() and waiting for E911Indication attempt : 238 Return Value is :4
06-07 01:33:40.769  3334  3334 I LTE Embms Link: Using debugTraceId: 241
06-07 01:33:40.769  3334  3334 I LTE Application: onEmbmsServiceConnected() getE911State attempt traceId: 241
06-07 01:33:40.769  3326  3354 I eMBMS  Service: getE911State called
06-07 01:33:40.769  3326  3354 I eMBMS  Service: EmbmsService is not ready
06-07 01:33:40.770  3334  3334 I LTE Application: onEmbmsServiceConnected() Calling getE911State() and waiting for E911Indication attempt : 239 Return Value is :4
06-07 01:33:40.810  3732  3945 D mtopsdk.SecuritySignImpl: [init]SecuritySignImpl ISign init.set GlobalAppKey=24724137
06-07 01:33:40.811  3732  3945 E mtopsdk.SecuritySignImpl: [init]SecuritySignImpl init securityguard error.---java.lang.NoClassDefFoundError: Failed resolution of: Lcom/alibaba/wireless/security/jaq/SecurityVerification;
06-07 01:33:40.820  3334  3334 I LTE Embms Link: Using debugTraceId: 242
06-07 01:33:40.820  3334  3334 I LTE Application: onEmbmsServiceConnected() getE911State attempt traceId: 242
06-07 01:33:40.820  3326  3354 I eMBMS  Service: getE911State called
06-07 01:33:40.820  3326  3354 I eMBMS  Service: EmbmsService is not ready
06-07 01:33:40.821  3334  3334 I LTE Application: onEmbmsServiceConnected() Calling getE911State() and waiting for E911Indication attempt : 240 Return Value is :4
06-07 01:33:40.853  3732  3954 I mtopsdk.SDKConfig: [setGlobalAppVersion]set appVersion=4.2.2
06-07 01:33:40.871  3334  3334 I LTE Embms Link: Using debugTraceId: 243
06-07 01:33:40.871  3334  3334 I LTE Application: onEmbmsServiceConnected() getE911State attempt traceId: 243
06-07 01:33:40.871  3326  3354 I eMBMS  Service: getE911State called
06-07 01:33:40.871  3326  3354 I eMBMS  Service: EmbmsService is not ready
06-07 01:33:40.872  3334  3334 I LTE Application: onEmbmsServiceConnected() Calling getE911State() and waiting for E911Indication attempt : 241 Return Value is :4
06-07 01:33:40.922  3334  3334 I LTE Embms Link: Using debugTraceId: 244
06-07 01:33:40.922  3334  3334 I LTE Application: onEmbmsServiceConnected() getE911State attempt traceId: 244
06-07 01:33:40.923  3326  3354 I eMBMS  Service: getE911State called
06-07 01:33:40.923  3326  3354 I eMBMS  Service: EmbmsService is not ready
06-07 01:33:40.923  3334  3334 I LTE Application: onEmbmsServiceConnected() Calling getE911State() and waiting for E911Indication attempt : 242 Return Value is :4
06-07 01:33:40.973  3334  3334 I LTE Embms Link: Using debugTraceId: 245
06-07 01:33:40.973  3334  3334 I LTE Application: onEmbmsServiceConnected() getE911State attempt traceId: 245
06-07 01:33:40.981  3326  3354 I eMBMS  Service: getE911State called
06-07 01:33:40.981  3326  3354 I eMBMS  Service: EmbmsService is not ready
06-07 01:33:40.982  3334  3334 I LTE Application: onEmbmsServiceConnected() Calling getE911State() and waiting for E911Indication attempt : 243 Return Value is :4
06-07 01:33:41.032  3334  3334 I LTE Embms Link: Using debugTraceId: 246
06-07 01:33:41.032  3334  3334 I LTE Application: onEmbmsServiceConnected() getE911State attempt traceId: 246
06-07 01:33:41.033  3326  3354 I eMBMS  Service: getE911State called
06-07 01:33:41.033  3326  3354 I eMBMS  Service: EmbmsService is not ready
06-07 01:33:41.033  3334  3334 I LTE Application: onEmbmsServiceConnected() Calling getE911State() and waiting for E911Indication attempt : 244 Return Value is :4
06-07 01:33:41.047  3732  3945 I mtopsdk.XState: [setValue]Attention :User XState Local Mode: key:appKey value:24724137
06-07 01:33:41.047  3732  3945 I mtopsdk.MtopSDK: [executeInitCoreTask]MtopSDK initcore end
06-07 01:33:41.084  3334  3334 I LTE Embms Link: Using debugTraceId: 247
06-07 01:33:41.084  3334  3334 I LTE Application: onEmbmsServiceConnected() getE911State attempt traceId: 247
06-07 01:33:41.084  3326  3354 I eMBMS  Service: getE911State called
06-07 01:33:41.084  3326  3354 I eMBMS  Service: EmbmsService is not ready
06-07 01:33:41.085  3334  3334 I LTE Application: onEmbmsServiceConnected() Calling getE911State() and waiting for E911Indication attempt : 245 Return Value is :4
06-07 01:33:41.135  3334  3334 I LTE Embms Link: Using debugTraceId: 248
06-07 01:33:41.135  3334  3334 I LTE Application: onEmbmsServiceConnected() getE911State attempt traceId: 248
06-07 01:33:41.136  3326  3354 I eMBMS  Service: getE911State called
06-07 01:33:41.136  3326  3354 I eMBMS  Service: EmbmsService is not ready
06-07 01:33:41.136  3334  3334 I LTE Application: onEmbmsServiceConnected() Calling getE911State() and waiting for E911Indication attempt : 246 Return Value is :4
06-07 01:33:41.163  3732  3749 I control:channe: Waiting for a blocking GC ProfileSaver
06-07 01:33:41.186  3334  3334 I LTE Embms Link: Using debugTraceId: 249
06-07 01:33:41.187  3334  3334 I LTE Application: onEmbmsServiceConnected() getE911State attempt traceId: 249
06-07 01:33:41.187  3326  3354 I eMBMS  Service: getE911State called
06-07 01:33:41.187  3326  3354 I eMBMS  Service: EmbmsService is not ready
06-07 01:33:41.188  3334  3334 I LTE Application: onEmbmsServiceConnected() Calling getE911State() and waiting for E911Indication attempt : 247 Return Value is :4
06-07 01:33:41.228  3732  3971 I mtopsdk.MtopSDK: [executeInitExtraTask]MtopSDK initextra start
06-07 01:33:41.229  3732  3971 I mtopsdk.MtopSDK: [executeInitExtraTask]MtopSDK initextra end
06-07 01:33:41.238  3334  3334 I LTE Embms Link: Using debugTraceId: 250
06-07 01:33:41.238  3334  3334 I LTE Application: onEmbmsServiceConnected() getE911State attempt traceId: 250
06-07 01:33:41.239  3326  3354 I eMBMS  Service: getE911State called
06-07 01:33:41.239  3326  3354 I eMBMS  Service: EmbmsService is not ready
06-07 01:33:41.239  3334  3334 I LTE Application: onEmbmsServiceConnected() Calling getE911State() and waiting for E911Indication attempt : 248 Return Value is :4
06-07 01:33:41.290  3334  3334 I LTE Embms Link: Using debugTraceId: 251
06-07 01:33:41.290  3334  3334 I LTE Application: onEmbmsServiceConnected() getE911State attempt traceId: 251
06-07 01:33:41.290  3326  3354 I eMBMS  Service: getE911State called
06-07 01:33:41.290  3326  3354 I eMBMS  Service: EmbmsService is not ready
06-07 01:33:41.291  3334  3334 I LTE Application: onEmbmsServiceConnected() Calling getE911State() and waiting for E911Indication attempt : 249 Return Value is :4
06-07 01:33:41.341  3334  3334 I LTE Embms Link: Using debugTraceId: 252
06-07 01:33:41.342  3334  3334 I LTE Application: onEmbmsServiceConnected() getE911State attempt traceId: 252
06-07 01:33:41.342  3326  3354 I eMBMS  Service: getE911State called
06-07 01:33:41.342  3326  3354 I eMBMS  Service: EmbmsService is not ready
06-07 01:33:41.342  3334  3334 I LTE Application: onEmbmsServiceConnected() Calling getE911State() and waiting for E911Indication attempt : 250 Return Value is :4
06-07 01:33:41.393  3334  3334 I LTE Embms Link: Using debugTraceId: 253
06-07 01:33:41.393  3334  3334 I LTE Application: onEmbmsServiceConnected() getE911State attempt traceId: 253
06-07 01:33:41.394  3326  3354 I eMBMS  Service: getE911State called
06-07 01:33:41.394  3326  3354 I eMBMS  Service: EmbmsService is not ready
06-07 01:33:41.394  3334  3334 I LTE Application: onEmbmsServiceConnected() Calling getE911State() and waiting for E911Indication attempt : 251 Return Value is :4
06-07 01:33:41.445  3334  3334 I LTE Embms Link: Using debugTraceId: 254
06-07 01:33:41.445  3334  3334 I LTE Application: onEmbmsServiceConnected() getE911State attempt traceId: 254
06-07 01:33:41.446  3326  3354 I eMBMS  Service: getE911State called
06-07 01:33:41.446  3326  3354 I eMBMS  Service: EmbmsService is not ready
06-07 01:33:41.446  3334  3334 I LTE Application: onEmbmsServiceConnected() Calling getE911State() and waiting for E911Indication attempt : 252 Return Value is :4
06-07 01:33:41.497  3334  3334 I LTE Embms Link: Using debugTraceId: 255
06-07 01:33:41.497  3334  3334 I LTE Application: onEmbmsServiceConnected() getE911State attempt traceId: 255
06-07 01:33:41.497  3326  3354 I eMBMS  Service: getE911State called
06-07 01:33:41.497  3326  3354 I eMBMS  Service: EmbmsService is not ready
06-07 01:33:41.498  3334  3334 I LTE Application: onEmbmsServiceConnected() Calling getE911State() and waiting for E911Indication attempt : 253 Return Value is :4
06-07 01:33:41.548  3334  3334 I LTE Embms Link: Using debugTraceId: 256
06-07 01:33:41.548  3334  3334 I LTE Application: onEmbmsServiceConnected() getE911State attempt traceId: 256
06-07 01:33:41.549  3326  3354 I eMBMS  Service: getE911State called
06-07 01:33:41.549  3326  3354 I eMBMS  Service: EmbmsService is not ready
06-07 01:33:41.549  3334  3334 I LTE Application: onEmbmsServiceConnected() Calling getE911State() and waiting for E911Indication attempt : 254 Return Value is :4
06-07 01:33:41.556  3788  3917 I System.out: true
06-07 01:33:41.599  3334  3334 I LTE Embms Link: Using debugTraceId: 257
06-07 01:33:41.600  3334  3334 I LTE Application: onEmbmsServiceConnected() getE911State attempt traceId: 257
06-07 01:33:41.600  3326  3354 I eMBMS  Service: getE911State called
06-07 01:33:41.600  3326  3354 I eMBMS  Service: EmbmsService is not ready
06-07 01:33:41.600  3334  3334 I LTE Application: onEmbmsServiceConnected() Calling getE911State() and waiting for E911Indication attempt : 255 Return Value is :4
06-07 01:33:41.651  3334  3334 I LTE Embms Link: Using debugTraceId: 258
06-07 01:33:41.651  3334  3334 I LTE Application: onEmbmsServiceConnected() getE911State attempt traceId: 258
06-07 01:33:41.651  3326  3354 I eMBMS  Service: getE911State called
06-07 01:33:41.651  3326  3354 I eMBMS  Service: EmbmsService is not ready
06-07 01:33:41.652  3334  3334 I LTE Application: onEmbmsServiceConnected() Calling getE911State() and waiting for E911Indication attempt : 256 Return Value is :4
06-07 01:33:41.703  3334  3334 I LTE Embms Link: Using debugTraceId: 259
06-07 01:33:41.703  3334  3334 I LTE Application: onEmbmsServiceConnected() getE911State attempt traceId: 259
06-07 01:33:41.704  3326  3354 I eMBMS  Service: getE911State called
06-07 01:33:41.704  3326  3354 I eMBMS  Service: EmbmsService is not ready
06-07 01:33:41.708  3334  3334 I LTE Application: onEmbmsServiceConnected() Calling getE911State() and waiting for E911Indication attempt : 257 Return Value is :4
06-07 01:33:41.758  3334  3334 I LTE Embms Link: Using debugTraceId: 260
06-07 01:33:41.758  3334  3334 I LTE Application: onEmbmsServiceConnected() getE911State attempt traceId: 260
06-07 01:33:41.759  3326  3354 I eMBMS  Service: getE911State called
06-07 01:33:41.759  3326  3354 I eMBMS  Service: EmbmsService is not ready
06-07 01:33:41.759  3334  3334 I LTE Application: onEmbmsServiceConnected() Calling getE911State() and waiting for E911Indication attempt : 258 Return Value is :4
06-07 01:33:41.764  3389  3458 W baidu.searchbo: Verification of java.lang.String com.baidu.blink.BlinkSettings.getAppId() took 130.181ms
06-07 01:33:41.809  3334  3334 I LTE Embms Link: Using debugTraceId: 261
06-07 01:33:41.810  3334  3334 I LTE Application: onEmbmsServiceConnected() getE911State attempt traceId: 261
06-07 01:33:41.810  3326  3354 I eMBMS  Service: getE911State called
06-07 01:33:41.810  3326  3354 I eMBMS  Service: EmbmsService is not ready
06-07 01:33:41.810  3334  3334 I LTE Application: onEmbmsServiceConnected() Calling getE911State() and waiting for E911Indication attempt : 259 Return Value is :4
06-07 01:33:41.841  3732  3749 I control:channe: WaitForGcToComplete blocked ProfileSaver on AddRemoveAppImageSpace for 677.702ms
06-07 01:33:41.861  3334  3334 I LTE Embms Link: Using debugTraceId: 262
06-07 01:33:41.861  3334  3334 I LTE Application: onEmbmsServiceConnected() getE911State attempt traceId: 262
06-07 01:33:41.861  3326  3354 I eMBMS  Service: getE911State called
06-07 01:33:41.861  3326  3354 I eMBMS  Service: EmbmsService is not ready
06-07 01:33:41.862  3334  3334 I LTE Application: onEmbmsServiceConnected() Calling getE911State() and waiting for E911Indication attempt : 260 Return Value is :4
06-07 01:33:41.912  3334  3334 I LTE Embms Link: Using debugTraceId: 263
06-07 01:33:41.912  3334  3334 I LTE Application: onEmbmsServiceConnected() getE911State attempt traceId: 263
06-07 01:33:41.913  3326  3354 I eMBMS  Service: getE911State called
06-07 01:33:41.913  3326  3354 I eMBMS  Service: EmbmsService is not ready
06-07 01:33:41.913  3334  3334 I LTE Application: onEmbmsServiceConnected() Calling getE911State() and waiting for E911Indication attempt : 261 Return Value is :4
06-07 01:33:41.933  3732  3813 W control:channe: Long monitor contention with owner excHandlerThread (3846) at void com.tendcloud.tenddata.et.onTDEBEventDataStore(com.tendcloud.tenddata.ep)(:-1) waiters=0 in void com.tendcloud.tenddata.et.onTDEBEventDataStore(com.tendcloud.tenddata.ep) for 3.988s
06-07 01:33:41.952  3389  3458 W baidu.searchbo: Verification of void com.baidu.blink.BlinkSettings.notifyBdAppStatusChange(int) took 184.549ms
06-07 01:33:41.963  3334  3334 I LTE Embms Link: Using debugTraceId: 264
06-07 01:33:41.964  3334  3334 I LTE Application: onEmbmsServiceConnected() getE911State attempt traceId: 264
06-07 01:33:41.964  3326  3354 I eMBMS  Service: getE911State called
06-07 01:33:41.964  3326  3354 I eMBMS  Service: EmbmsService is not ready
06-07 01:33:41.964  3334  3334 I LTE Application: onEmbmsServiceConnected() Calling getE911State() and waiting for E911Indication attempt : 262 Return Value is :4
06-07 01:33:42.015  3334  3334 I LTE Embms Link: Using debugTraceId: 265
06-07 01:33:42.015  3334  3334 I LTE Application: onEmbmsServiceConnected() getE911State attempt traceId: 265
06-07 01:33:42.015  3326  3354 I eMBMS  Service: getE911State called
06-07 01:33:42.015  3326  3354 I eMBMS  Service: EmbmsService is not ready
06-07 01:33:42.016  3334  3334 I LTE Application: onEmbmsServiceConnected() Calling getE911State() and waiting for E911Indication attempt : 263 Return Value is :4
06-07 01:33:42.066  3334  3334 I LTE Embms Link: Using debugTraceId: 266
06-07 01:33:42.066  3334  3334 I LTE Application: onEmbmsServiceConnected() getE911State attempt traceId: 266
06-07 01:33:42.066  3326  3354 I eMBMS  Service: getE911State called
06-07 01:33:42.066  3326  3354 I eMBMS  Service: EmbmsService is not ready
06-07 01:33:42.067  3334  3334 I LTE Application: onEmbmsServiceConnected() Calling getE911State() and waiting for E911Indication attempt : 264 Return Value is :4
06-07 01:33:42.073  3389  3458 I Configuration: load_proxy_config fail
06-07 01:33:42.117  3334  3334 I LTE Embms Link: Using debugTraceId: 267
06-07 01:33:42.117  3334  3334 I LTE Application: onEmbmsServiceConnected() getE911State attempt traceId: 267
06-07 01:33:42.118  3326  3354 I eMBMS  Service: getE911State called
06-07 01:33:42.118  3326  3354 I eMBMS  Service: EmbmsService is not ready
06-07 01:33:42.118  3334  3334 I LTE Application: onEmbmsServiceConnected() Calling getE911State() and waiting for E911Indication attempt : 265 Return Value is :4
06-07 01:33:42.124  3389  3458 W SetMinLogLevel: log_level 2
06-07 01:33:42.125  3389  3458 E ZeusLog : ZeusSDK.ZeusMinLogLevel=6, sDebugApk=false
06-07 01:33:42.169  3334  3334 I LTE Embms Link: Using debugTraceId: 268
06-07 01:33:42.169  3334  3334 I LTE Application: onEmbmsServiceConnected() getE911State attempt traceId: 268
06-07 01:33:42.169  3326  3354 I eMBMS  Service: getE911State called
06-07 01:33:42.169  3326  3354 I eMBMS  Service: EmbmsService is not ready
06-07 01:33:42.170  3334  3334 I LTE Application: onEmbmsServiceConnected() Calling getE911State() and waiting for E911Indication attempt : 266 Return Value is :4
06-07 01:33:42.170  3788  3926 I mtopsdk.SDKConfig: [setGlobalAppVersion]set appVersion=3.1.1.206
06-07 01:33:42.171  3788  3926 D mtopsdk.Mtop: [init] ttid=null
06-07 01:33:42.171  3788  3926 I mtopsdk.MtopSDK: [init]ttid=null
06-07 01:33:42.198  3788  3980 I mtopsdk.MtopSDK: [init]MtopSDK init Called
06-07 01:33:42.198  3788  3980 I mtopsdk.MtopSDK: [executeInitCoreTask]MtopSDK initcore start. ttid=null
06-07 01:33:42.215  3389  3458 E zeusplat_support: JNI_OnLoad libzeusplat_support.so
06-07 01:33:42.220  3334  3334 I LTE Embms Link: Using debugTraceId: 269
06-07 01:33:42.220  3334  3334 I LTE Application: onEmbmsServiceConnected() getE911State attempt traceId: 269
06-07 01:33:42.221  3326  3354 I eMBMS  Service: getE911State called
06-07 01:33:42.221  3326  3354 I eMBMS  Service: EmbmsService is not ready
06-07 01:33:42.221  3334  3334 I LTE Application: onEmbmsServiceConnected() Calling getE911State() and waiting for E911Indication attempt : 267 Return Value is :4
06-07 01:33:42.199  3788  3980 D mtopsdk.AsyncServiceBinder: [asyncBind]try to bind service for a
06-07 01:33:42.265  3788  3983 I mtopsdk.SDKConfig: [setGlobalAppVersion]set appVersion=4.2.2
06-07 01:33:42.272  3334  3334 I LTE Embms Link: Using debugTraceId: 270
06-07 01:33:42.272  3334  3334 I LTE Application: onEmbmsServiceConnected() getE911State attempt traceId: 270
06-07 01:33:42.272  3326  3354 I eMBMS  Service: getE911State called
06-07 01:33:42.272  3326  3354 I eMBMS  Service: EmbmsService is not ready
06-07 01:33:42.273  3334  3334 I LTE Application: onEmbmsServiceConnected() Calling getE911State() and waiting for E911Indication attempt : 268 Return Value is :4
