06-07 01:33:49.518  3732  3824 W System.err: 	at com.alibaba.mtl.log.e.h.b(Unknown Source:8)
06-07 01:33:49.518  3732  3824 W System.err: 	at com.alibaba.mtl.log.e.h.a(Unknown Source:109)
06-07 01:33:49.521  3732  3824 W System.err: 	at com.alibaba.mtl.log.model.a.s(Unknown Source:34)
06-07 01:33:49.521  3732  3824 W System.err: 	at com.alibaba.mtl.log.model.a.<init>(Unknown Source:36)
06-07 01:33:49.524  3334  3334 I LTE Embms Link: Using debugTraceId: 398
06-07 01:33:49.524  3334  3334 I LTE Application: onEmbmsServiceConnected() getE911State attempt traceId: 398
06-07 01:33:49.525  3326  3354 I eMBMS  Service: getE911State called
06-07 01:33:49.525  3326  3354 I eMBMS  Service: EmbmsService is not ready
06-07 01:33:49.526  3334  3334 I LTE Application: onEmbmsServiceConnected() Calling getE911State() and waiting for E911Indication attempt : 396 Return Value is :4
06-07 01:33:49.526  3732  3824 W System.err: 	at com.alibaba.mtl.log.a.a(Unknown Source:97)
06-07 01:33:49.526  3732  3824 W System.err: 	at com.ut.mini.UTTracker.send(Unknown Source:118)
06-07 01:33:49.526  3732  3824 W System.err: 	at java.lang.reflect.Method.invoke(Native Method)
06-07 01:33:49.526  3732  3824 W System.err: 	at com.alibaba.alibclinkpartner.j.h.a(Unknown Source:96)
06-07 01:33:49.526  3732  3824 W System.err: 	at com.alibaba.alibclinkpartner.d.e.c.b(Unknown Source:96)
06-07 01:33:49.526  3732  3824 W System.err: 	at com.alibaba.alibclinkpartner.d.e.c.a(Unknown Source:6)
06-07 01:33:49.526  3732  3824 W System.err: 	at com.alibaba.alibclinkpartner.a.b(Unknown Source:5)
06-07 01:33:49.526  3732  3824 W System.err: 	at com.alibaba.alibclinkpartner.a.init(Unknown Source:92)
06-07 01:33:49.526  3732  3824 W System.err: 	at com.alibaba.baichuan.trade.biz.applink.adapter.AlibcApplink.init(Unknown Source:35)
06-07 01:33:49.527  3732  3824 W System.err: 	at com.alibaba.baichuan.trade.biz.AlibcMiniTradeBiz.init(Unknown Source:48)
06-07 01:33:49.528  3732  3824 W System.err: 	at com.alibaba.baichuan.trade.biz.AlibcTradeBiz.init(Unknown Source:26)
06-07 01:33:49.528  3732  3824 W System.err: 	at com.alibaba.baichuan.android.trade.AlibcTradeSDK.b(Unknown Source:3)
06-07 01:33:49.528  3732  3824 W System.err: 	at com.alibaba.baichuan.android.trade.AlibcTradeSDK.a(Unknown Source:0)
06-07 01:33:49.528  3732  3824 W System.err: 	at com.alibaba.baichuan.android.trade.f.run(Unknown Source:4)
06-07 01:33:49.528  3732  3824 W System.err: 	at android.os.Handler.handleCallback(Handler.java:873)
06-07 01:33:49.528  3732  3824 W System.err: 	at android.os.Handler.dispatchMessage(Handler.java:99)
06-07 01:33:49.528  3732  3824 W System.err: 	at android.os.Looper.loop(Looper.java:193)
06-07 01:33:49.528  3732  3824 W System.err: 	at android.os.HandlerThread.run(HandlerThread.java:65)
06-07 01:33:49.543  3389  3458 W baidu.searchbo: Verification of int org.chromium.android_webview.AwContents.getErrorUiType() took 195.112ms
06-07 01:33:49.565  3841  4047 W System.err: 	at android.os.Looper.loop(Looper.java:193)
06-07 01:33:49.565  3841  4047 W System.err: 	at android.os.HandlerThread.run(HandlerThread.java:65)
06-07 01:33:49.576  3334  3334 I LTE Embms Link: Using debugTraceId: 399
06-07 01:33:49.576  3334  3334 I LTE Application: onEmbmsServiceConnected() getE911State attempt traceId: 399
06-07 01:33:49.577  3326  3354 I eMBMS  Service: getE911State called
06-07 01:33:49.577  3326  3354 I eMBMS  Service: EmbmsService is not ready
06-07 01:33:49.578  3334  3334 I LTE Application: onEmbmsServiceConnected() Calling getE911State() and waiting for E911Indication attempt : 397 Return Value is :4
06-07 01:33:49.628  3334  3334 I LTE Embms Link: Using debugTraceId: 400
06-07 01:33:49.628  3334  3334 I LTE Application: onEmbmsServiceConnected() getE911State attempt traceId: 400
06-07 01:33:49.629  3326  3354 I eMBMS  Service: getE911State called
06-07 01:33:49.629  3326  3354 I eMBMS  Service: EmbmsService is not ready
06-07 01:33:49.630  3334  3334 I LTE Application: onEmbmsServiceConnected() Calling getE911State() and waiting for E911Indication attempt : 398 Return Value is :4
06-07 01:33:49.681  3334  3334 I LTE Embms Link: Using debugTraceId: 401
06-07 01:33:49.683  3334  3334 I LTE Application: onEmbmsServiceConnected() getE911State attempt traceId: 401
06-07 01:33:49.684  3326  3354 I eMBMS  Service: getE911State called
06-07 01:33:49.684  3326  3354 I eMBMS  Service: EmbmsService is not ready
06-07 01:33:49.685  3334  3334 I LTE Application: onEmbmsServiceConnected() Calling getE911State() and waiting for E911Indication attempt : 399 Return Value is :4
06-07 01:33:49.712  3389  3458 W baidu.searchbo: Verification of void org.chromium.android_webview.AwContents.lambda$invokeVisualStateCallback$10$AwContents(org.chromium.android_webview.AwContents$VisualStateCallback, long) took 129.636ms
06-07 01:33:49.736  3334  3334 I LTE Embms Link: Using debugTraceId: 402
06-07 01:33:49.736  3334  3334 I LTE Application: onEmbmsServiceConnected() getE911State attempt traceId: 402
06-07 01:33:49.737  3326  3354 I eMBMS  Service: getE911State called
06-07 01:33:49.737  3326  3354 I eMBMS  Service: EmbmsService is not ready
06-07 01:33:49.738  3334  3334 I LTE Application: onEmbmsServiceConnected() Calling getE911State() and waiting for E911Indication attempt : 400 Return Value is :4
06-07 01:33:49.788  3334  3334 I LTE Embms Link: Using debugTraceId: 403
06-07 01:33:49.788  3334  3334 I LTE Application: onEmbmsServiceConnected() getE911State attempt traceId: 403
06-07 01:33:49.789  3326  3354 I eMBMS  Service: getE911State called
06-07 01:33:49.789  3326  3354 I eMBMS  Service: EmbmsService is not ready
06-07 01:33:49.790  3334  3334 I LTE Application: onEmbmsServiceConnected() Calling getE911State() and waiting for E911Indication attempt : 401 Return Value is :4
06-07 01:33:49.840  3334  3334 I LTE Embms Link: Using debugTraceId: 404
06-07 01:33:49.840  3334  3334 I LTE Application: onEmbmsServiceConnected() getE911State attempt traceId: 404
06-07 01:33:49.841  3326  3354 I eMBMS  Service: getE911State called
06-07 01:33:49.841  3326  3354 I eMBMS  Service: EmbmsService is not ready
06-07 01:33:49.842  3334  3334 I LTE Application: onEmbmsServiceConnected() Calling getE911State() and waiting for E911Indication attempt : 402 Return Value is :4
06-07 01:33:49.892  3334  3334 I LTE Embms Link: Using debugTraceId: 405
06-07 01:33:49.892  3334  3334 I LTE Application: onEmbmsServiceConnected() getE911State attempt traceId: 405
06-07 01:33:49.893  3326  3354 I eMBMS  Service: getE911State called
06-07 01:33:49.893  3326  3354 I eMBMS  Service: EmbmsService is not ready
06-07 01:33:49.894  3334  3334 I LTE Application: onEmbmsServiceConnected() Calling getE911State() and waiting for E911Indication attempt : 403 Return Value is :4
06-07 01:33:49.944  3334  3334 I LTE Embms Link: Using debugTraceId: 406
06-07 01:33:49.945  3334  3334 I LTE Application: onEmbmsServiceConnected() getE911State attempt traceId: 406
06-07 01:33:49.945  3326  3354 I eMBMS  Service: getE911State called
06-07 01:33:49.945  3326  3354 I eMBMS  Service: EmbmsService is not ready
06-07 01:33:49.946  3334  3334 I LTE Application: onEmbmsServiceConnected() Calling getE911State() and waiting for E911Indication attempt : 404 Return Value is :4
06-07 01:33:49.997  3334  3334 I LTE Embms Link: Using debugTraceId: 407
06-07 01:33:49.997  3334  3334 I LTE Application: onEmbmsServiceConnected() getE911State attempt traceId: 407
06-07 01:33:49.998  3326  3354 I eMBMS  Service: getE911State called
06-07 01:33:49.999  3326  3354 I eMBMS  Service: EmbmsService is not ready
06-07 01:33:49.999  3334  3334 I LTE Application: onEmbmsServiceConnected() Calling getE911State() and waiting for E911Indication attempt : 405 Return Value is :4
06-07 01:33:50.010  3389  3458 W baidu.searchbo: Verification of void org.chromium.android_webview.AwContents.onContainerViewChanged() took 249.568ms
06-07 01:33:50.050  3334  3334 I LTE Embms Link: Using debugTraceId: 408
06-07 01:33:50.050  3334  3334 I LTE Application: onEmbmsServiceConnected() getE911State attempt traceId: 408
06-07 01:33:50.051  3326  3354 I eMBMS  Service: getE911State called
06-07 01:33:50.051  3326  3354 I eMBMS  Service: EmbmsService is not ready
06-07 01:33:50.051  3334  3334 I LTE Application: onEmbmsServiceConnected() Calling getE911State() and waiting for E911Indication attempt : 406 Return Value is :4
06-07 01:33:50.101  3334  3334 I LTE Embms Link: Using debugTraceId: 409
06-07 01:33:50.102  3334  3334 I LTE Application: onEmbmsServiceConnected() getE911State attempt traceId: 409
06-07 01:33:50.103  3326  3354 I eMBMS  Service: getE911State called
06-07 01:33:50.103  3326  3354 I eMBMS  Service: EmbmsService is not ready
06-07 01:33:50.104  3334  3334 I LTE Application: onEmbmsServiceConnected() Calling getE911State() and waiting for E911Indication attempt : 407 Return Value is :4
06-07 01:33:50.155  3334  3334 I LTE Embms Link: Using debugTraceId: 410
06-07 01:33:50.155  3334  3334 I LTE Application: onEmbmsServiceConnected() getE911State attempt traceId: 410
06-07 01:33:50.156  3326  3354 I eMBMS  Service: getE911State called
06-07 01:33:50.156  3326  3354 I eMBMS  Service: EmbmsService is not ready
06-07 01:33:50.156  3334  3334 I LTE Application: onEmbmsServiceConnected() Calling getE911State() and waiting for E911Indication attempt : 408 Return Value is :4
06-07 01:33:50.167  3841  4054 E XLogProxy: appenderOpen switchOutputFile file name logs
06-07 01:33:50.186  3841  3841 W Tinker.Tinker: tinker patch directory: /data/user/0/com.duowan.live/tinker
06-07 01:33:50.207  3334  3334 I LTE Embms Link: Using debugTraceId: 411
06-07 01:33:50.207  3334  3334 I LTE Application: onEmbmsServiceConnected() getE911State attempt traceId: 411
06-07 01:33:50.208  3326  3354 I eMBMS  Service: getE911State called
06-07 01:33:50.208  3326  3354 I eMBMS  Service: EmbmsService is not ready
06-07 01:33:50.208  3334  3334 I LTE Application: onEmbmsServiceConnected() Calling getE911State() and waiting for E911Indication attempt : 409 Return Value is :4
06-07 01:33:50.222  2821  3939 D IM_PS   : [PushServiceManager] connectMqtt mConnect = false
06-07 01:33:50.222  2821  3939 D IM_PS   : [PushServiceManager] startTryConnectTask connectMqtt result = false
06-07 01:33:50.236  3841  3841 I Tinker.Tinker: try to install tinker, isEnable: true, version: 1.9.8
06-07 01:33:50.259  3334  3334 I LTE Embms Link: Using debugTraceId: 412
06-07 01:33:50.259  3334  3334 I LTE Application: onEmbmsServiceConnected() getE911State attempt traceId: 412
06-07 01:33:50.259  3326  3354 I eMBMS  Service: getE911State called
06-07 01:33:50.260  3326  3354 I eMBMS  Service: EmbmsService is not ready
06-07 01:33:50.260  3334  3334 I LTE Application: onEmbmsServiceConnected() Calling getE911State() and waiting for E911Indication attempt : 410 Return Value is :4
06-07 01:33:50.265  3841  3841 I Tinker.TinkerLoadResult: parseTinkerResult loadCode:-2, process name:com.duowan.live, main process:true, systemOTA:false, fingerPrint:Android/aosp_marlin/marlin:9/PQ2A.190405.003/key06070900:userdebug/test-keys, oatDir:null, useInterpretMode:false
06-07 01:33:50.266  3841  3841 W Tinker.TinkerLoadResult: can't find patch file, is ok, just return
06-07 01:33:50.266  3841  3841 I Tinker.DefaultLoadReporter: patch loadReporter onLoadResult: patch load result, path:/data/user/0/com.duowan.live/tinker, code: -2, cost: 68ms
06-07 01:33:50.278  3841  3841 W Tinker.Tinker: tinker load fail!
06-07 01:33:50.306  3841  3841 I Tinker.LoadLibrary: tinker is not loaded, just return
06-07 01:33:50.311  3334  3334 I LTE Embms Link: Using debugTraceId: 413
06-07 01:33:50.311  3334  3334 I LTE Application: onEmbmsServiceConnected() getE911State attempt traceId: 413
06-07 01:33:50.312  3326  3354 I eMBMS  Service: getE911State called
06-07 01:33:50.312  3326  3354 I eMBMS  Service: EmbmsService is not ready
06-07 01:33:50.312  3334  3334 I LTE Application: onEmbmsServiceConnected() Calling getE911State() and waiting for E911Indication attempt : 411 Return Value is :4
06-07 01:33:50.359  3841  3841 I Tinker.ComponentHotplug: method install() is not invoked, ignore ensuring operations.
06-07 01:33:50.363  3334  3334 I LTE Embms Link: Using debugTraceId: 414
06-07 01:33:50.363  3334  3334 I LTE Application: onEmbmsServiceConnected() getE911State attempt traceId: 414
06-07 01:33:50.364  3326  3354 I eMBMS  Service: getE911State called
06-07 01:33:50.364  3326  3354 I eMBMS  Service: EmbmsService is not ready
06-07 01:33:50.365  3334  3334 I LTE Application: onEmbmsServiceConnected() Calling getE911State() and waiting for E911Indication attempt : 412 Return Value is :4
06-07 01:33:50.415  3334  3334 I LTE Embms Link: Using debugTraceId: 415
06-07 01:33:50.416  3334  3334 I LTE Application: onEmbmsServiceConnected() getE911State attempt traceId: 415
06-07 01:33:50.417  3326  3354 I eMBMS  Service: getE911State called
06-07 01:33:50.417  3326  3354 I eMBMS  Service: EmbmsService is not ready
06-07 01:33:50.417  3334  3334 I LTE Application: onEmbmsServiceConnected() Calling getE911State() and waiting for E911Indication attempt : 413 Return Value is :4
06-07 01:33:50.433  3841  4054 I kiwi    : application maxMemory:256(P:3841)(T:main-3841)(C:Tinker.SamplePatchListener)
06-07 01:33:50.468  3334  3334 I LTE Embms Link: Using debugTraceId: 416
06-07 01:33:50.468  3334  3334 I LTE Application: onEmbmsServiceConnected() getE911State attempt traceId: 416
06-07 01:33:50.468  3326  3354 I eMBMS  Service: getE911State called
06-07 01:33:50.468  3326  3354 I eMBMS  Service: EmbmsService is not ready
06-07 01:33:50.469  3334  3334 I LTE Application: onEmbmsServiceConnected() Calling getE911State() and waiting for E911Indication attempt : 414 Return Value is :4
06-07 01:33:50.478  3841  3841 D         : [3841] AndroidCallbackBase constructor 0xffe967c0 0x227a
06-07 01:33:50.478  3841  3841 I ForceLogCallback: constructor 0xffe967c0 0xf20d5ae4
06-07 01:33:50.482  3841  3841 D         : [3841] AndroidCallbackBase constructor 0xffe96c20 0x228a
06-07 01:33:50.487  3841  3841 I auk     : [3841] AndroidCallbackBase constructor 0xffe96c20 0x228a
06-07 01:33:50.497  3841  3841 I ForceLogCallback: constructor 0xffe96c20 0xf20d5ae4
06-07 01:33:50.520  3334  3334 I LTE Embms Link: Using debugTraceId: 417
06-07 01:33:50.520  3334  3334 I LTE Application: onEmbmsServiceConnected() getE911State attempt traceId: 417
06-07 01:33:50.520  3326  3354 I eMBMS  Service: getE911State called
06-07 01:33:50.520  3326  3354 I eMBMS  Service: EmbmsService is not ready
06-07 01:33:50.521  3334  3334 I LTE Application: onEmbmsServiceConnected() Calling getE911State() and waiting for E911Indication attempt : 415 Return Value is :4
06-07 01:33:50.572  3334  3334 I LTE Embms Link: Using debugTraceId: 418
06-07 01:33:50.572  3334  3334 I LTE Application: onEmbmsServiceConnected() getE911State attempt traceId: 418
06-07 01:33:50.573  3326  3354 I eMBMS  Service: getE911State called
06-07 01:33:50.573  3326  3354 I eMBMS  Service: EmbmsService is not ready
06-07 01:33:50.573  3334  3334 I LTE Application: onEmbmsServiceConnected() Calling getE911State() and waiting for E911Indication attempt : 416 Return Value is :4
06-07 01:33:50.623  3334  3334 I LTE Embms Link: Using debugTraceId: 419
06-07 01:33:50.624  3334  3334 I LTE Application: onEmbmsServiceConnected() getE911State attempt traceId: 419
06-07 01:33:50.625  3326  3354 I eMBMS  Service: getE911State called
06-07 01:33:50.625  3326  3354 I eMBMS  Service: EmbmsService is not ready
06-07 01:33:50.625  3334  3334 I LTE Application: onEmbmsServiceConnected() Calling getE911State() and waiting for E911Indication attempt : 417 Return Value is :4
06-07 01:33:50.645  3841  4047 W System.err: java.io.IOException: No such file or directory
06-07 01:33:50.675  3334  3334 I LTE Embms Link: Using debugTraceId: 420
06-07 01:33:50.676  3334  3334 I LTE Application: onEmbmsServiceConnected() getE911State attempt traceId: 420
06-07 01:33:50.677  3326  3354 I eMBMS  Service: getE911State called
06-07 01:33:50.677  3326  3354 I eMBMS  Service: EmbmsService is not ready
06-07 01:33:50.677  3334  3334 I LTE Application: onEmbmsServiceConnected() Calling getE911State() and waiting for E911Indication attempt : 418 Return Value is :4
06-07 01:33:50.697  3841  4047 W System.err: 	at java.io.UnixFileSystem.createFileExclusively0(Native Method)
06-07 01:33:50.719   903  4057 D NetworkMonitor/NetworkAgentInfo [WIFI () - 100]: PROBE_DNS connectivitycheck.gstatic.com 4ms OK 203.208.40.47
06-07 01:33:50.722   903  4056 D NetworkMonitor/NetworkAgentInfo [WIFI () - 100]: PROBE_DNS www.google.com 6ms OK 31.13.86.16
06-07 01:33:50.727  3841  4047 W System.err: 	at java.io.UnixFileSystem.createFileExclusively(UnixFileSystem.java:281)
06-07 01:33:50.728  3334  3334 I LTE Embms Link: Using debugTraceId: 421
06-07 01:33:50.728  3334  3334 I LTE Application: onEmbmsServiceConnected() getE911State attempt traceId: 421
06-07 01:33:50.729  3326  3354 I eMBMS  Service: getE911State called
06-07 01:33:50.729  3326  3354 I eMBMS  Service: EmbmsService is not ready
06-07 01:33:50.730  3334  3334 I LTE Application: onEmbmsServiceConnected() Calling getE911State() and waiting for E911Indication attempt : 419 Return Value is :4
06-07 01:33:50.744  3841  4047 W System.err: 	at java.io.File.createNewFile(File.java:1008)
06-07 01:33:50.745  3841  4047 W System.err: 	at com.duowan.auk.util.LogToES.writeLogToFileReal(LogToES.java:133)
06-07 01:33:50.745  3841  4047 W System.err: 	at com.duowan.auk.util.LogToES.access$000(LogToES.java:18)
06-07 01:33:50.778  3841  4047 W System.err: 	at com.duowan.auk.util.LogToES$2.run(LogToES.java:87)
06-07 01:33:50.778  3841  4047 W System.err: 	at android.os.Handler.handleCallback(Handler.java:873)
06-07 01:33:50.778  3841  4047 W System.err: 	at android.os.Handler.dispatchMessage(Handler.java:99)
06-07 01:33:50.778  3841  4047 W System.err: 	at android.os.Looper.loop(Looper.java:193)
06-07 01:33:50.778  3841  4047 W System.err: 	at android.os.HandlerThread.run(HandlerThread.java:65)
06-07 01:33:50.780  3334  3334 I LTE Embms Link: Using debugTraceId: 422
06-07 01:33:50.780  3334  3334 I LTE Application: onEmbmsServiceConnected() getE911State attempt traceId: 422
06-07 01:33:50.781  3326  3354 I eMBMS  Service: getE911State called
06-07 01:33:50.781  3326  3354 I eMBMS  Service: EmbmsService is not ready
06-07 01:33:50.782  3334  3334 I LTE Application: onEmbmsServiceConnected() Calling getE911State() and waiting for E911Indication attempt : 420 Return Value is :4
06-07 01:33:50.816   903  4057 D NetworkMonitor/NetworkAgentInfo [WIFI () - 100]: PROBE_HTTP http://connectivitycheck.gstatic.com/generate_204 time=92ms ret=204 request={User-Agent=[Mozilla/5.0 (X11; Linux x86_64) AppleWebKit/537.36 (KHTML, like Gecko) Chrome/60.0.3112.32 Safari/537.36]} headers={null=[HTTP/1.1 204 No Content], Content-Length=[0], Date=[Sat, 08 Jun 2019 14:21:57 GMT], X-Android-Received-Millis=[1559871230815], X-Android-Response-Source=[NETWORK 204], X-Android-Selected-Protocol=[http/1.1], X-Android-Sent-Millis=[1559871230724]}
06-07 01:33:50.832  3334  3334 I LTE Embms Link: Using debugTraceId: 423
06-07 01:33:50.832  3334  3334 I LTE Application: onEmbmsServiceConnected() getE911State attempt traceId: 423
06-07 01:33:50.833  3326  3354 I eMBMS  Service: getE911State called
06-07 01:33:50.833  3326  3354 I eMBMS  Service: EmbmsService is not ready
06-07 01:33:50.834  3334  3334 I LTE Application: onEmbmsServiceConnected() Calling getE911State() and waiting for E911Indication attempt : 421 Return Value is :4
06-07 01:33:50.884  3334  3334 I LTE Embms Link: Using debugTraceId: 424
06-07 01:33:50.884  3334  3334 I LTE Application: onEmbmsServiceConnected() getE911State attempt traceId: 424
06-07 01:33:50.885  3326  3354 I eMBMS  Service: getE911State called
06-07 01:33:50.885  3326  3354 I eMBMS  Service: EmbmsService is not ready
06-07 01:33:50.886  3334  3334 I LTE Application: onEmbmsServiceConnected() Calling getE911State() and waiting for E911Indication attempt : 422 Return Value is :4
06-07 01:33:50.936  3334  3334 I LTE Embms Link: Using debugTraceId: 425
06-07 01:33:50.936  3334  3334 I LTE Application: onEmbmsServiceConnected() getE911State attempt traceId: 425
06-07 01:33:50.937  3326  3354 I eMBMS  Service: getE911State called
06-07 01:33:50.937  3326  3354 I eMBMS  Service: EmbmsService is not ready
06-07 01:33:50.938  3334  3334 I LTE Application: onEmbmsServiceConnected() Calling getE911State() and waiting for E911Indication attempt : 423 Return Value is :4
06-07 01:33:50.989  3334  3334 I LTE Embms Link: Using debugTraceId: 426
06-07 01:33:50.989  3334  3334 I LTE Application: onEmbmsServiceConnected() getE911State attempt traceId: 426
06-07 01:33:50.989  3326  3354 I eMBMS  Service: getE911State called
06-07 01:33:50.990  3326  3354 I eMBMS  Service: EmbmsService is not ready
06-07 01:33:50.990  3334  3334 I LTE Application: onEmbmsServiceConnected() Calling getE911State() and waiting for E911Indication attempt : 424 Return Value is :4
06-07 01:33:51.014  3389  3458 W baidu.searchbo: Verification of void org.chromium.android_webview.AwContents.setNewAwContentsPreO(long) took 667.821ms
06-07 01:33:51.022  3732  3824 W control:channe: Long monitor contention with owner AppMonitor:1 (3953) at java.util.Map com.alibaba.mtl.log.e.d.a(android.content.Context)(:-1) waiters=0 in java.util.Map com.alibaba.mtl.log.e.d.a(android.content.Context) for 1.419s
06-07 01:33:51.029  3841  3841 I live    : LiveApplication1 onCreate, time=1559871231016(P:3841)(T:2)(C:LiveApplication)at (LiveApplication.java:140)
06-07 01:33:51.032  3732  3824 E q       : get() ERROR!!! Exception!
06-07 01:33:51.032  3732  3824 E q       : java.lang.IllegalAccessException: void android.os.SystemProperties.<init>() is not accessible from java.lang.Class<com.alibaba.mtl.log.e.q>
06-07 01:33:51.032  3732  3824 E q       : 	at java.lang.Class.newInstance(Native Method)
06-07 01:33:51.032  3732  3824 E q       : 	at com.alibaba.mtl.log.e.q.get(Unknown Source:22)
06-07 01:33:51.032  3732  3824 E q       : 	at com.alibaba.mtl.log.e.d.k(Unknown Source:36)
06-07 01:33:51.032  3732  3824 E q       : 	at com.alibaba.mtl.log.e.h.t(Unknown Source:44)
06-07 01:33:51.032  3732  3824 E q       : 	at com.alibaba.mtl.log.e.h.a(Unknown Source:239)
06-07 01:33:51.032  3732  3824 E q       : 	at com.alibaba.mtl.log.e.h.b(Unknown Source:8)
06-07 01:33:51.032  3732  3824 E q       : 	at com.alibaba.mtl.log.e.h.a(Unknown Source:109)
06-07 01:33:51.032  3732  3824 E q       : 	at com.alibaba.mtl.log.model.a.s(Unknown Source:34)
06-07 01:33:51.032  3732  3824 E q       : 	at com.alibaba.mtl.log.model.a.<init>(Unknown Source:36)
06-07 01:33:51.032  3732  3824 E q       : 	at com.alibaba.mtl.log.a.a(Unknown Source:97)
06-07 01:33:51.032  3732  3824 E q       : 	at com.ut.mini.UTTracker.send(Unknown Source:118)
06-07 01:33:51.032  3732  3824 E q       : 	at com.alibaba.baichuan.trade.common.adapter.ut.impl.AppMonitorUserTracker.sendCustomHit(Unknown Source:94)
06-07 01:33:51.032  3732  3824 E q       : 	at com.alibaba.baichuan.trade.common.adapter.ut.impl.AppMonitorUserTracker.sendCustomHit(Unknown Source:7)
06-07 01:33:51.032  3732  3824 E q       : 	at com.alibaba.baichuan.trade.common.adapter.ut.impl.AppMonitorUserTracker.sendCustomHit(Unknown Source:6)
06-07 01:33:51.032  3732  3824 E q       : 	at com.alibaba.baichuan.trade.common.adapter.ut.AlibcUserTracker.sendCustomHit(Unknown Source:6)
06-07 01:33:51.032  3732  3824 E q       : 	at com.alibaba.baichuan.trade.biz.core.taoke.a.e.send(Unknown Source:4)
06-07 01:33:51.032  3732  3824 E q       : 	at com.alimama.tunion.b.d.a(Unknown Source:29)
06-07 01:33:51.032  3732  3824 E q       : 	at com.alimama.tunion.b.d.b(Unknown Source:0)
06-07 01:33:51.032  3732  3824 E q       : 	at com.alimama.tunion.b.e.start(Unknown Source:8)
06-07 01:33:51.032  3732  3824 E q       : 	at com.alimama.tunion.trade.a.a.a(Unknown Source:19)
06-07 01:33:51.032  3732  3824 E q       : 	at com.alimama.tunion.trade.a.a.b(Unknown Source:20)
06-07 01:33:51.032  3732  3824 E q       : 	at com.alimama.tunion.trade.a.a.on(Unknown Source:7)
06-07 01:33:51.032  3732  3824 E q       : 	at com.alimama.tunion.trade.a.b(Unknown Source:91)
06-07 01:33:51.032  3732  3824 E q       : 	at com.alibaba.baichuan.trade.biz.core.taoke.AlibcAidCompoment.init(Unknown Source:34)
06-07 01:33:51.032  3732  3824 E q       : 	at com.alibaba.baichuan.trade.biz.AlibcMiniTradeBiz.init(Unknown Source:73)
06-07 01:33:51.032  3732  3824 E q       : 	at com.alibaba.baichuan.trade.biz.AlibcTradeBiz.init(Unknown Source:26)
06-07 01:33:51.032  3732  3824 E q       : 	at com.alibaba.baichuan.android.trade.AlibcTradeSDK.b(Unknown Source:3)
06-07 01:33:51.032  3732  3824 E q       : 	at com.alibaba.baichuan.android.trade.AlibcTradeSDK.a(Unknown Source:0)
06-07 01:33:51.032  3732  3824 E q       : 	at com.alibaba.baichuan.android.trade.f.run(Unknown Source:4)
06-07 01:33:51.032  3732  3824 E q       : 	at android.os.Handler.handleCallback(Handler.java:873)
06-07 01:33:51.032  3732  3824 E q       : 	at android.os.Handler.dispatchMessage(Handler.java:99)
06-07 01:33:51.032  3732  3824 E q       : 	at android.os.Looper.loop(Looper.java:193)
06-07 01:33:51.032  3732  3824 E q       : 	at android.os.HandlerThread.run(HandlerThread.java:65)
06-07 01:33:51.033  3732  3824 W System.err: java.lang.IllegalAccessException: void android.os.SystemProperties.<init>() is not accessible from java.lang.Class<com.alibaba.mtl.log.e.d>
06-07 01:33:51.034  3732  3824 W System.err: 	at java.lang.Class.newInstance(Native Method)
06-07 01:33:51.034  3732  3824 W System.err: 	at com.alibaba.mtl.log.e.d.c(Unknown Source:20)
06-07 01:33:51.034  3732  3824 W System.err: 	at com.alibaba.mtl.log.e.d.l(Unknown Source:2)
06-07 01:33:51.034  3732  3824 W System.err: 	at com.alibaba.mtl.log.e.d.k(Unknown Source:47)
06-07 01:33:51.034  3732  3824 W System.err: 	at com.alibaba.mtl.log.e.h.t(Unknown Source:44)
06-07 01:33:51.034  3732  3824 W System.err: 	at com.alibaba.mtl.log.e.h.a(Unknown Source:239)
06-07 01:33:51.034  3732  3824 W System.err: 	at com.alibaba.mtl.log.e.h.b(Unknown Source:8)
06-07 01:33:51.034  3732  3824 W System.err: 	at com.alibaba.mtl.log.e.h.a(Unknown Source:109)
06-07 01:33:51.034  3732  3824 W System.err: 	at com.alibaba.mtl.log.model.a.s(Unknown Source:34)
06-07 01:33:51.034  3732  3824 W System.err: 	at com.alibaba.mtl.log.model.a.<init>(Unknown Source:36)
06-07 01:33:51.034  3732  3824 W System.err: 	at com.alibaba.mtl.log.a.a(Unknown Source:97)
06-07 01:33:51.034  3732  3824 W System.err: 	at com.ut.mini.UTTracker.send(Unknown Source:118)
06-07 01:33:51.034  3732  3824 W System.err: 	at com.alibaba.baichuan.trade.common.adapter.ut.impl.AppMonitorUserTracker.sendCustomHit(Unknown Source:94)
06-07 01:33:51.034  3732  3824 W System.err: 	at com.alibaba.baichuan.trade.common.adapter.ut.impl.AppMonitorUserTracker.sendCustomHit(Unknown Source:7)
06-07 01:33:51.035  3732  3824 W System.err: 	at com.alibaba.baichuan.trade.common.adapter.ut.impl.AppMonitorUserTracker.sendCustomHit(Unknown Source:6)
06-07 01:33:51.035  3732  3824 W System.err: 	at com.alibaba.baichuan.trade.common.adapter.ut.AlibcUserTracker.sendCustomHit(Unknown Source:6)
06-07 01:33:51.035  3732  3824 W System.err: 	at com.alibaba.baichuan.trade.biz.core.taoke.a.e.send(Unknown Source:4)
06-07 01:33:51.035  3732  3824 W System.err: 	at com.alimama.tunion.b.d.a(Unknown Source:29)
06-07 01:33:51.035  3732  3824 W System.err: 	at com.alimama.tunion.b.d.b(Unknown Source:0)
06-07 01:33:51.035  3732  3824 W System.err: 	at com.alimama.tunion.b.e.start(Unknown Source:8)
06-07 01:33:51.035  3732  3824 W System.err: 	at com.alimama.tunion.trade.a.a.a(Unknown Source:19)
06-07 01:33:51.035  3732  3824 W System.err: 	at com.alimama.tunion.trade.a.a.b(Unknown Source:20)
06-07 01:33:51.035  3732  3824 W System.err: 	at com.alimama.tunion.trade.a.a.on(Unknown Source:7)
06-07 01:33:51.035  3732  3824 W System.err: 	at com.alimama.tunion.trade.a.b(Unknown Source:91)
06-07 01:33:51.035  3732  3824 W System.err: 	at com.alibaba.baichuan.trade.biz.core.taoke.AlibcAidCompoment.init(Unknown Source:34)
06-07 01:33:51.035  3732  3824 W System.err: 	at com.alibaba.baichuan.trade.biz.AlibcMiniTradeBiz.init(Unknown Source:73)
06-07 01:33:51.035  3732  3824 W System.err: 	at com.alibaba.baichuan.trade.biz.AlibcTradeBiz.init(Unknown Source:26)
06-07 01:33:51.035  3732  3824 W System.err: 	at com.alibaba.baichuan.android.trade.AlibcTradeSDK.b(Unknown Source:3)
06-07 01:33:51.035  3732  3824 W System.err: 	at com.alibaba.baichuan.android.trade.AlibcTradeSDK.a(Unknown Source:0)
06-07 01:33:51.036  3732  3824 W System.err: 	at com.alibaba.baichuan.android.trade.f.run(Unknown Source:4)
06-07 01:33:51.036  3732  3824 W System.err: 	at android.os.Handler.handleCallback(Handler.java:873)
06-07 01:33:51.038  3732  3824 W System.err: 	at android.os.Handler.dispatchMessage(Handler.java:99)
06-07 01:33:51.039  3732  3824 W System.err: 	at android.os.Looper.loop(Looper.java:193)
06-07 01:33:51.039  3732  3824 W System.err: 	at android.os.HandlerThread.run(HandlerThread.java:65)
06-07 01:33:51.039  3732  3824 W System.err: java.lang.IllegalAccessException: void android.os.SystemProperties.<init>() is not accessible from java.lang.Class<com.alibaba.mtl.log.e.d>
06-07 01:33:51.039  3732  3824 W System.err: 	at java.lang.Class.newInstance(Native Method)
06-07 01:33:51.041  3334  3334 I LTE Embms Link: Using debugTraceId: 427
06-07 01:33:51.041  3334  3334 I LTE Application: onEmbmsServiceConnected() getE911State attempt traceId: 427
06-07 01:33:51.042  3326  3354 I eMBMS  Service: getE911State called
06-07 01:33:51.042  3326  3354 I eMBMS  Service: EmbmsService is not ready
06-07 01:33:51.042  3334  3334 I LTE Application: onEmbmsServiceConnected() Calling getE911State() and waiting for E911Indication attempt : 425 Return Value is :4
06-07 01:33:51.049  3732  3824 W System.err: 	at com.alibaba.mtl.log.e.d.c(Unknown Source:20)
06-07 01:33:51.049  3732  3824 W System.err: 	at com.alibaba.mtl.log.e.d.l(Unknown Source:14)
06-07 01:33:51.049  3732  3824 W System.err: 	at com.alibaba.mtl.log.e.d.k(Unknown Source:47)
06-07 01:33:51.049  3732  3824 W System.err: 	at com.alibaba.mtl.log.e.h.t(Unknown Source:44)
06-07 01:33:51.049  3732  3824 W System.err: 	at com.alibaba.mtl.log.e.h.a(Unknown Source:239)
06-07 01:33:51.049  3732  3824 W System.err: 	at com.alibaba.mtl.log.e.h.b(Unknown Source:8)
06-07 01:33:51.049  3732  3824 W System.err: 	at com.alibaba.mtl.log.e.h.a(Unknown Source:109)
06-07 01:33:51.049  3732  3824 W System.err: 	at com.alibaba.mtl.log.model.a.s(Unknown Source:34)
06-07 01:33:51.049  3732  3824 W System.err: 	at com.alibaba.mtl.log.model.a.<init>(Unknown Source:36)
06-07 01:33:51.049  3732  3824 W System.err: 	at com.alibaba.mtl.log.a.a(Unknown Source:97)
06-07 01:33:51.049  3732  3824 W System.err: 	at com.ut.mini.UTTracker.send(Unknown Source:118)
06-07 01:33:51.049  3732  3824 W System.err: 	at com.alibaba.baichuan.trade.common.adapter.ut.impl.AppMonitorUserTracker.sendCustomHit(Unknown Source:94)
06-07 01:33:51.049  3732  3824 W System.err: 	at com.alibaba.baichuan.trade.common.adapter.ut.impl.AppMonitorUserTracker.sendCustomHit(Unknown Source:7)
06-07 01:33:51.049  3732  3824 W System.err: 	at com.alibaba.baichuan.trade.common.adapter.ut.impl.AppMonitorUserTracker.sendCustomHit(Unknown Source:6)
06-07 01:33:51.050  3732  3824 W System.err: 	at com.alibaba.baichuan.trade.common.adapter.ut.AlibcUserTracker.sendCustomHit(Unknown Source:6)
06-07 01:33:51.050  3732  3824 W System.err: 	at com.alibaba.baichuan.trade.biz.core.taoke.a.e.send(Unknown Source:4)
06-07 01:33:51.053  3732  3824 W System.err: 	at com.alimama.tunion.b.d.a(Unknown Source:29)
06-07 01:33:51.054  3732  3824 W System.err: 	at com.alimama.tunion.b.d.b(Unknown Source:0)
06-07 01:33:51.054  3732  3824 W System.err: 	at com.alimama.tunion.b.e.start(Unknown Source:8)
06-07 01:33:51.054  3732  3824 W System.err: 	at com.alimama.tunion.trade.a.a.a(Unknown Source:19)
06-07 01:33:51.054  3732  3824 W System.err: 	at com.alimama.tunion.trade.a.a.b(Unknown Source:20)
06-07 01:33:51.054  3732  3824 W System.err: 	at com.alimama.tunion.trade.a.a.on(Unknown Source:7)
06-07 01:33:51.054  3732  3824 W System.err: 	at com.alimama.tunion.trade.a.b(Unknown Source:91)
06-07 01:33:51.054  3732  3824 W System.err: 	at com.alibaba.baichuan.trade.biz.core.taoke.AlibcAidCompoment.init(Unknown Source:34)
06-07 01:33:51.054  3732  3824 W System.err: 	at com.alibaba.baichuan.trade.biz.AlibcMiniTradeBiz.init(Unknown Source:73)
06-07 01:33:51.054  3732  3824 W System.err: 	at com.alibaba.baichuan.trade.biz.AlibcTradeBiz.init(Unknown Source:26)
06-07 01:33:51.054  3732  3824 W System.err: 	at com.alibaba.baichuan.android.trade.AlibcTradeSDK.b(Unknown Source:3)
06-07 01:33:51.054  3732  3824 W System.err: 	at com.alibaba.baichuan.android.trade.AlibcTradeSDK.a(Unknown Source:0)
06-07 01:33:51.054  3732  3824 W System.err: 	at com.alibaba.baichuan.android.trade.f.run(Unknown Source:4)
06-07 01:33:51.054  3732  3824 W System.err: 	at android.os.Handler.handleCallback(Handler.java:873)
06-07 01:33:51.069  3732  3824 W System.err: 	at android.os.Handler.dispatchMessage(Handler.java:99)
06-07 01:33:51.069  3732  3824 W System.err: 	at android.os.Looper.loop(Looper.java:193)
06-07 01:33:51.069  3732  3824 W System.err: 	at android.os.HandlerThread.run(HandlerThread.java:65)
06-07 01:33:51.079  3732  3824 I mtop.rb-RemoteBusiness: [seq:RB0.MTOP1]|start request api=[mtop.taobao.tbk.sdk.config]
06-07 01:33:51.086  3732  3824 W mtopsdk.XState: [getValue]Attention :User XState Local Mode : key=uid
06-07 01:33:51.093  3334  3334 I LTE Embms Link: Using debugTraceId: 428
06-07 01:33:51.093  3334  3334 I LTE Application: onEmbmsServiceConnected() getE911State attempt traceId: 428
06-07 01:33:51.094  3326  3354 I eMBMS  Service: getE911State called
06-07 01:33:51.094  3326  3354 I eMBMS  Service: EmbmsService is not ready
06-07 01:33:51.095  3334  3334 I LTE Application: onEmbmsServiceConnected() Calling getE911State() and waiting for E911Indication attempt : 426 Return Value is :4
06-07 01:33:51.102  3732  3824 D mtopsdk.MtopProxyBase: [seq:MTOP1]|[validateBusinessInit]MtopRequest [ apiName=mtop.taobao.tbk.sdk.config, version=1.0, data={"mcid":"tunion4android@02:00:00:00:00:00","appVersion":"4.2.2","os":"android9","aliapp":"","deviceModel":"AOSP on msm8996","sdkVersion":"0.3.2","packageName":"com.tiqiaa.icontrol"}, needEcode=false, needSession=true]
06-07 01:33:51.102  3732  3824 W mtopsdk.XState: [getValue]Attention :User XState Local Mode : key=lat
06-07 01:33:51.102  3732  3824 W mtopsdk.XState: [getValue]Attention :User XState Local Mode : key=t_offset
06-07 01:33:51.102  3732  3824 W mtopsdk.XState: [getValue]Attention :User XState Local Mode : key=sid
06-07 01:33:51.102  3732  3824 W mtopsdk.XState: [getValue]Attention :User XState Local Mode : key=accessToken
06-07 01:33:51.108  3732  3824 W mtopsdk.XState: [getValue]Attention :User XState Local Mode : key=utdid
06-07 01:33:51.109  3732  3824 I mtopsdk.MtopFeatureManager: [setMtopFeatureFlag] set feature=UNIT_INFO_FEATURE , openFlag=true
06-07 01:33:51.112  3732  3824 I mtopsdk.MtopFeatureManager: [setMtopFeatureFlag] set feature=SUPPORT_UTDID_UNIT , openFlag=true
06-07 01:33:51.112  3732  3824 I mtopsdk.MtopFeatureManager: [setMtopFeatureFlag] set feature=DISABLE_X_COMMAND , openFlag=true
06-07 01:33:51.112  3732  3824 W mtopsdk.XState: [getValue]Attention :User XState Local Mode : key=ttid
06-07 01:33:51.117  3732  3824 W mtopsdk.XState: [getValue]Attention :User XState Local Mode : key=sid
06-07 01:33:51.145  3334  3334 I LTE Embms Link: Using debugTraceId: 429
06-07 01:33:51.145  3334  3334 I LTE Application: onEmbmsServiceConnected() getE911State attempt traceId: 429
06-07 01:33:51.146  3326  3354 I eMBMS  Service: getE911State called
06-07 01:33:51.146  3326  3354 I eMBMS  Service: EmbmsService is not ready
06-07 01:33:51.147  3334  3334 I LTE Application: onEmbmsServiceConnected() Calling getE911State() and waiting for E911Indication attempt : 427 Return Value is :4
06-07 01:33:51.177  3732  3824 W mtopsdk.XState: [getValue]Attention :User XState Local Mode : key=ua
06-07 01:33:51.178  3732  3824 W mtopsdk.XState: [getValue]Attention :User XState Local Mode : key=t_offset
06-07 01:33:51.195  3732  3824 D mtop.rb-RemoteAuth: com.alibaba.baichuan.trade.biz.auth.c@3436b52
06-07 01:33:51.197  3334  3334 I LTE Embms Link: Using debugTraceId: 430
06-07 01:33:51.197  3334  3334 I LTE Application: onEmbmsServiceConnected() getE911State attempt traceId: 430
06-07 01:33:51.199  3326  3354 I eMBMS  Service: getE911State called
06-07 01:33:51.199  3326  3354 I eMBMS  Service: EmbmsService is not ready
06-07 01:33:51.199  3334  3334 I LTE Application: onEmbmsServiceConnected() Calling getE911State() and waiting for E911Indication attempt : 428 Return Value is :4
06-07 01:33:51.210  3732  3824 I mtopsdk.XState: [setValue]Attention :User XState Local Mode: key:ttid value:2014_0_24724137@baichuan_android_3.1.1.206
06-07 01:33:51.249  3334  3334 I LTE Embms Link: Using debugTraceId: 431
06-07 01:33:51.250  3334  3334 I LTE Application: onEmbmsServiceConnected() getE911State attempt traceId: 431
06-07 01:33:51.250  3326  3354 I eMBMS  Service: getE911State called
06-07 01:33:51.250  3326  3354 I eMBMS  Service: EmbmsService is not ready
06-07 01:33:51.251  3334  3334 I LTE Application: onEmbmsServiceConnected() Calling getE911State() and waiting for E911Indication attempt : 429 Return Value is :4
06-07 01:33:51.301  3334  3334 I LTE Embms Link: Using debugTraceId: 432
06-07 01:33:51.302  3334  3334 I LTE Application: onEmbmsServiceConnected() getE911State attempt traceId: 432
06-07 01:33:51.303  3326  3354 I eMBMS  Service: getE911State called
06-07 01:33:51.303  3326  3354 I eMBMS  Service: EmbmsService is not ready
06-07 01:33:51.303  3334  3334 I LTE Application: onEmbmsServiceConnected() Calling getE911State() and waiting for E911Indication attempt : 430 Return Value is :4
06-07 01:33:51.354  3334  3334 I LTE Embms Link: Using debugTraceId: 433
06-07 01:33:51.354  3334  3334 I LTE Application: onEmbmsServiceConnected() getE911State attempt traceId: 433
06-07 01:33:51.355  3326  3354 I eMBMS  Service: getE911State called
06-07 01:33:51.355  3326  3354 I eMBMS  Service: EmbmsService is not ready
06-07 01:33:51.355  3334  3334 I LTE Application: onEmbmsServiceConnected() Calling getE911State() and waiting for E911Indication attempt : 431 Return Value is :4
06-07 01:33:51.406  3334  3334 I LTE Embms Link: Using debugTraceId: 434
06-07 01:33:51.406  3334  3334 I LTE Application: onEmbmsServiceConnected() getE911State attempt traceId: 434
06-07 01:33:51.407  3326  3354 I eMBMS  Service: getE911State called
06-07 01:33:51.407  3326  3354 I eMBMS  Service: EmbmsService is not ready
06-07 01:33:51.407  3334  3334 I LTE Application: onEmbmsServiceConnected() Calling getE911State() and waiting for E911Indication attempt : 432 Return Value is :4
06-07 01:33:51.458  3334  3334 I LTE Embms Link: Using debugTraceId: 435
06-07 01:33:51.458  3334  3334 I LTE Application: onEmbmsServiceConnected() getE911State attempt traceId: 435
06-07 01:33:51.459  3326  3354 I eMBMS  Service: getE911State called
06-07 01:33:51.459  3326  3354 I eMBMS  Service: EmbmsService is not ready
06-07 01:33:51.460  3334  3334 I LTE Application: onEmbmsServiceConnected() Calling getE911State() and waiting for E911Indication attempt : 433 Return Value is :4
06-07 01:33:51.465  3389  3458 W baidu.searchbo: Verification of void org.chromium.android_webview.AwContents.exitFullScreen() took 141.453ms
06-07 01:33:51.487  3841  3841 W Bundle  : Key UMENG_CHANNEL expected String but value was a java.lang.Integer.  The default value <null> was returned.
06-07 01:33:51.492  3841  3841 W Bundle  : Attempt to cast generated internal exception:
06-07 01:33:51.492  3841  3841 W Bundle  : java.lang.ClassCastException: java.lang.Integer cannot be cast to java.lang.String
06-07 01:33:51.492  3841  3841 W Bundle  : 	at android.os.BaseBundle.getString(BaseBundle.java:1158)
06-07 01:33:51.492  3841  3841 W Bundle  : 	at com.duowan.live.common.AppUtils.getAppMetaData(AppUtils.java:340)
06-07 01:33:51.492  3841  3841 W Bundle  : 	at com.duowan.live.LiveApplication.initCrashReport(LiveApplication.java:250)
06-07 01:33:51.492  3841  3841 W Bundle  : 	at com.duowan.live.LiveApplication.onCreate(LiveApplication.java:155)
06-07 01:33:51.492  3841  3841 W Bundle  : 	at com.tencent.tinker.loader.app.TinkerApplication.onCreate(TinkerApplication.java:175)
06-07 01:33:51.492  3841  3841 W Bundle  : 	at com.stub.StubApp.onCreate(SourceFile:120)
06-07 01:33:51.492  3841  3841 W Bundle  : 	at android.app.Instrumentation.callApplicationOnCreate(Instrumentation.java:1154)
06-07 01:33:51.492  3841  3841 W Bundle  : 	at android.app.ActivityThread.handleBindApplication(ActivityThread.java:5920)
06-07 01:33:51.492  3841  3841 W Bundle  : 	at android.app.ActivityThread.access$1100(ActivityThread.java:200)
06-07 01:33:51.492  3841  3841 W Bundle  : 	at android.app.ActivityThread$H.handleMessage(ActivityThread.java:1656)
06-07 01:33:51.492  3841  3841 W Bundle  : 	at android.os.Handler.dispatchMessage(Handler.java:106)
06-07 01:33:51.492  3841  3841 W Bundle  : 	at android.os.Looper.loop(Looper.java:193)
06-07 01:33:51.492  3841  3841 W Bundle  : 	at android.app.ActivityThread.main(ActivityThread.java:6718)
06-07 01:33:51.492  3841  3841 W Bundle  : 	at java.lang.reflect.Method.invoke(Native Method)
06-07 01:33:51.492  3841  3841 W Bundle  : 	at com.android.internal.os.RuntimeInit$MethodAndArgsCaller.run(RuntimeInit.java:493)
06-07 01:33:51.492  3841  3841 W Bundle  : 	at com.android.internal.os.ZygoteInit.main(ZygoteInit.java:858)
06-07 01:33:51.510  3334  3334 I LTE Embms Link: Using debugTraceId: 436
06-07 01:33:51.510  3334  3334 I LTE Application: onEmbmsServiceConnected() getE911State attempt traceId: 436
06-07 01:33:51.511  3326  3354 I eMBMS  Service: getE911State called
06-07 01:33:51.511  3326  3354 I eMBMS  Service: EmbmsService is not ready
06-07 01:33:51.512  3334  3334 I LTE Application: onEmbmsServiceConnected() Calling getE911State() and waiting for E911Indication attempt : 434 Return Value is :4
06-07 01:33:51.562  3334  3334 I LTE Embms Link: Using debugTraceId: 437
06-07 01:33:51.562  3334  3334 I LTE Application: onEmbmsServiceConnected() getE911State attempt traceId: 437
06-07 01:33:51.563  3326  3354 I eMBMS  Service: getE911State called
06-07 01:33:51.563  3326  3354 I eMBMS  Service: EmbmsService is not ready
06-07 01:33:51.564  3334  3334 I LTE Application: onEmbmsServiceConnected() Calling getE911State() and waiting for E911Indication attempt : 435 Return Value is :4
06-07 01:33:51.615  3334  3334 I LTE Embms Link: Using debugTraceId: 438
06-07 01:33:51.616  3334  3334 I LTE Application: onEmbmsServiceConnected() getE911State attempt traceId: 438
06-07 01:33:51.616  3326  3354 I eMBMS  Service: getE911State called
06-07 01:33:51.617  3326  3354 I eMBMS  Service: EmbmsService is not ready
06-07 01:33:51.617  3334  3334 I LTE Application: onEmbmsServiceConnected() Calling getE911State() and waiting for E911Indication attempt : 436 Return Value is :4
06-07 01:33:51.667  3334  3334 I LTE Embms Link: Using debugTraceId: 439
06-07 01:33:51.668  3334  3334 I LTE Application: onEmbmsServiceConnected() getE911State attempt traceId: 439
06-07 01:33:51.669  3326  3354 I eMBMS  Service: getE911State called
06-07 01:33:51.669  3326  3354 I eMBMS  Service: EmbmsService is not ready
06-07 01:33:51.670  3334  3334 I LTE Application: onEmbmsServiceConnected() Calling getE911State() and waiting for E911Indication attempt : 437 Return Value is :4
06-07 01:33:51.720  3334  3334 I LTE Embms Link: Using debugTraceId: 440
06-07 01:33:51.721  3334  3334 I LTE Application: onEmbmsServiceConnected() getE911State attempt traceId: 440
06-07 01:33:51.721  3326  3354 I eMBMS  Service: getE911State called
06-07 01:33:51.721  3326  3354 I eMBMS  Service: EmbmsService is not ready
06-07 01:33:51.722  3334  3334 I LTE Application: onEmbmsServiceConnected() Calling getE911State() and waiting for E911Indication attempt : 438 Return Value is :4
06-07 01:33:51.773  3334  3334 I LTE Embms Link: Using debugTraceId: 441
06-07 01:33:51.773  3334  3334 I LTE Application: onEmbmsServiceConnected() getE911State attempt traceId: 441
06-07 01:33:51.774  3326  3354 I eMBMS  Service: getE911State called
06-07 01:33:51.774  3326  3354 I eMBMS  Service: EmbmsService is not ready
06-07 01:33:51.775  3334  3334 I LTE Application: onEmbmsServiceConnected() Calling getE911State() and waiting for E911Indication attempt : 439 Return Value is :4
06-07 01:33:51.825  3334  3334 I LTE Embms Link: Using debugTraceId: 442
06-07 01:33:51.826  3334  3334 I LTE Application: onEmbmsServiceConnected() getE911State attempt traceId: 442
06-07 01:33:51.826  3326  3354 I eMBMS  Service: getE911State called
06-07 01:33:51.827  3326  3354 I eMBMS  Service: EmbmsService is not ready
06-07 01:33:51.827  3334  3334 I LTE Application: onEmbmsServiceConnected() Calling getE911State() and waiting for E911Indication attempt : 440 Return Value is :4
06-07 01:33:51.878  3334  3334 I LTE Embms Link: Using debugTraceId: 443
06-07 01:33:51.878  3334  3334 I LTE Application: onEmbmsServiceConnected() getE911State attempt traceId: 443
06-07 01:33:51.878  3326  3354 I eMBMS  Service: getE911State called
06-07 01:33:51.879  3326  3354 I eMBMS  Service: EmbmsService is not ready
06-07 01:33:51.879  3334  3334 I LTE Application: onEmbmsServiceConnected() Calling getE911State() and waiting for E911Indication attempt : 441 Return Value is :4
06-07 01:33:51.912  3732  4070 I mtopsdk.XState: [setValue]Attention :User XState Local Mode: key:t_offset value:132487
06-07 01:33:51.913  3732  4070 W mtopsdk.XState: [getValue]Attention :User XState Local Mode : key=uid
06-07 01:33:51.913  3732  4070 D mtopsdk.MtopProxyBase: [seq:MTOP1]|[validateBusinessInit]MtopReque