06-07 01:33:31.891  3423  3678 I live    : 		RatesConfig_4500
06-07 01:33:31.891  3423  3678 I live    : 		-,-,-,22006
06-07 01:33:31.891  3423  3678 I live    : 	)
06-07 01:33:31.891  3423  3678 I live    : 	(
06-07 01:33:31.891  3423  3678 I live    : 		anchorLinkFrameRate
06-07 01:33:31.891  3423  3678 I live    : 		16
06-07 01:33:31.891  3423  3678 I live    : 	)
06-07 01:33:31.891  3423  3678 I live    : 	(
06-07 01:33:31.891  3423  3678 I live    : 		location_text
06-07 01:33:31.891  3423  3678 I live    : 		开启定位功能，可获得更多观众
06-07 01:33:31.891  3423  3678 I live    : 	)
06-07 01:33:31.891  3423  3678 I live    : 	(
06-07 01:33:31.891  3423  3678 I live    : 		RatesConfig_500
06-07 01:33:31.891  3423  3678 I live    : 		-,450,24,100570500
06-07 01:33:31.891  3423  3678 I live    : 	)
06-07 01:33:31.891  3423  3678 I live    : 	(
06-07 01:33:31.891  3423  3678 I live    : 		enablePKEntrance
06-07 01:33:31.891  3423  3678 I live    : 		true
06-07 01:33:31.891  3423  3678 I live    : 	)
06-07 01:33:31.891  3423  3678 I live    : 	(
06-07 01:33:31.891  3423  3678 I live    : 		enableTextWidget
06-07 01:33:31.891  3423  3678 I live    : 		true
06-07 01:33:31.891  3423  3678 I live    : 	)
06-07 01:33:31.891  3423  3678 I live    : 	(
06-07 01:33:31.891  3423  3678 I live    : 		location_enable
06-07 01:33:31.891  3423  3678 I live    : 		true
06-07 01:33:31.891  3423  3678 I live    : 	)
06-07 01:33:31.891  3423  3678 I live    : 	(
06-07 01:33:31.891  3423  3678 I live    : 		encodeFramePolicy
06-07 01:33:31.891  3423  3678 I live    : 		true
06-07 01:33:31.891  3423  3678 I live    : 	)
06-07 01:33:31.891  3423  3678 I live    : 	(
06-07 01:33:31.891  3423  3678 I live    : 		starShowPCLowLinkEncodeSize
06-07 01:33:31.891  3423  3678 I live    : 		640|352
06-07 01:33:31.891  3423  3678 I live    : 	)
06-07 01:33:31.891  3423  3678 I live    : 	(
06-07 01:33:31.891  3423  3678 I live    : 		starShowPCLowLinkSize
06-07 01:33:31.891  3423  3678 I live    : 		320|352
06-07 01:33:31.891  3423  3678 I live    : 	)
06-07 01:33:31.891  3423  3678 I live    : 	(
06-07 01:33:31.891  3423  3678 I live    : 		enableFaceDetect
06-07 01:33:31.891  3423  3678 I live    : 		false
06-07 01:33:31.891  3423  3678 I live    : 	)
06-07 01:33:31.891  3423  3678 I live    : 	(
06-07 01:33:31.891  3423  3678 I live    : 		enablePushSwitch
06-07 01:33:31.891  3423  3678 I live    : 		true
06-07 01:33:31.891  3423  3678 I live    : 	)
06-07 01:33:31.891  3423  3678 I live    : 	(
06-07 01:33:31.891  3423  3678 I live    : 		anchorLinkFramePolicy
06-07 01:33:31.891  3423  3678 I live    : 		TimerFrameRatePolicy
06-07 01:33:31.891  3423  3678 I live    : 	)
06-07 01:33:31.891  3423  3678 I live    : 	(
06-07 01:33:31.891  3423  3678 I live    : 		RatesConfig_100
06-07 01:33:31.891  3423  3678 I live    : 		-,158,12,22024
06-07 01:33:31.891  3423  3678 I live    : 	)
06-07 01:33:31.891  3423  3678 I live    : 	(
06-07 01:33:31.891  3423  3678 I live    : 		enableHiidoReport
06-07 01:33:31.891  3423  3678 I live    : 		true
06-07 01:33:31.891  3423  3678 I live    : 	)
06-07 01:33:31.891  3423  3678 I live    : 	(
06-07 01:33:31.891  3423  3678 I live    : 		enableGopBuffer
06-07 01:33:31.891  3423  3678 I live    : 		false
06-07 01:33:31.891  3423  3678 I live    : 	)
06-07 01:33:31.891  3423  3678 I live    : 	(
06-07 01:33:31.891  3423  3678 I live    : 		resHigh
06-07 01:33:31.891  3423  3678 I live    : 		0|4|720|1280|1200|2000|2000|24|超清
06-07 01:33:31.891  3423  3678 I live    : 	)
06-07 01:33:31.891  3423  3678 I live    : 	(
06-07 01:33:31.891  3423  3678 I live    : 		virtual2DFps
06-07 01:33:31.891  3423  3678 I live    : 		60
06-07 01:33:31.891  3423  3678 I live    : 	)
06-07 01:33:31.891  3423  3678 I live    : 	(
06-07 01:33:31.891  3423  3678 I live    : 		RatesConfig_3000
06-07 01:33:31.891  3423  3678 I live    : 		-,1440,-,22003
06-07 01:33:31.891  3423  3678 I live    : 	)
06-07 01:33:31.891  3423  3678 I live    : 	(
06-07 01:33:31.891  3423  3678 I live    : 		liveVirtual3DHardDecode
06-07 01:33:31.891  3423  3678 I live    : 		true
06-07 01:33:31.891  3423  3678 I live    : 	)
06-07 01:33:31.891  3423  3678 I live    : 	(
06-07 01:33:31.891  3423  3678 I live    : 		enablePhoneCamera
06-07 01:33:31.891  3423  3678 I live    : 		true
06-07 01:33:31.891  3423  3678 I live    : 	)
06-07 01:33:31.891  3423  3678 I live    : 	(
06-07 01:33:31.891  3423  3678 I live    : 		anchorLinkSize
06-07 01:33:31.891  3423  3678 I live    : 		512|288
06-07 01:33:31.891  3423  3678 I live    : 	)
06-07 01:33:31.891  3423  3678 I live    : 	(
06-07 01:33:31.891  3423  3678 I live    : 		livingMessageMaxCount
06-07 01:33:31.891  3423  3678 I live    : 		10
06-07 01:33:31.891  3423  3678 I live    : 	)
06-07 01:33:31.891  3423  3678 I live    : 	(
06-07 01:33:31.891  3423  3678 I live    : 		RatesConfig_1500
06-07 01:33:31.891  3423  3678 I live    : 		-,1080,30,100571500
06-07 01:33:31.891  3423  3678 I live    : 	)
06-07 01:33:31.891  3423  3678 I live    : 	(
06-07 01:33:31.891  3423  3678 I live    : 		danmakuConfig
06-07 01:33:31.891  3423  3678 I live    : 		{"isDanmakuEnabled": true,"speedInLandscape": 2.4,"speedInPortrait": 2.4,"interval":1000}
06-07 01:33:31.891  3423  3678 I live    : 	)
06-07 01:33:31.891  3423  3678 I live    : 	(
06-07 01:33:31.891  3423  3678 I live    : 		enable_qrscan_login
06-07 01:33:31.891  3423  3678 I live    : 		true
06-07 01:33:31.891  3423  3678 I live    : 	)
06-07 01:33:31.891  3423  3678 I live    : 	(
06-07 01:33:31.891  3423  3678 I live    : 		option_voice_chat
06-07 01:33:31.891  3423  3678 I live    : 		16|960|544|100|100|100|6
06-07 01:33:31.891  3423  3678 I live    : 	)
06-07 01:33:31.891  3423  3678 I live    : 	(
06-07 01:33:31.891  3423  3678 I live    : 		enableDynamicBitrate
06-07 01:33:31.891  3423  3678 I live    : 		true
06-07 01:33:31.891  3423  3678 I live    : 	)
06-07 01:33:31.891  3423  3678 I live    : 	(
06-07 01:33:31.891  3423  3678 I live    : 		starShowPhoneLinkEncodeSize
06-07 01:33:31.891  3423  3678 I live    : 		704|640
06-07 01:33:31.891  3423  3678 I live    : 	)
06-07 01:33:31.891  3423  3678 I live    : 	(
06-07 01:33:31.891  3423  3678 I live    : 		location_per_day
06-07 01:33:31.891  3423  3678 I live    : 		0
06-07 01:33:31.891  3423  3678 I live    : 	)
06-07 01:33:31.891  3423  3678 I live    : 	(
06-07 01:33:31.891  3423  3678 I live    : 		new_verify_url
06-07 01:33:31.891  3423  3678 I live    : 		https://hd.huya.com/huya_auth_h5/newVersion6/index.html
06-07 01:33:31.891  3423  3678 I live    : 	)
06-07 01:33:31.891  3423  3678 I live    : 	(
06-07 01:33:31.891  3423  3678 I live    : 		enableLgnJump
06-07 01:33:31.891  3423  3678 I live    : 		true
06-07 01:33:31.891  3423  3678 I live    : 	)
06-07 01:33:31.891  3423  3678 I live    : 	(
06-07 01:33:31.891  3423  3678 I live    : 		resKey
06-07 01:33:31.891  3423  3678 I live    : 		resSmooth|resMedium|resHigh
06-07 01:33:31.891  3423  3678 I live    : 	)
06-07 01:33:31.891  3423  3678 I live    : 	(
06-07 01:33:31.891  3423  3678 I live    : 		alipayCertification
06-07 01:33:31.891  3423  3678 I live    : 		true
06-07 01:33:31.891  3423  3678 I live    : 	)
06-07 01:33:31.891  3423  3678 I live    : 	(
06-07 01:33:31.891  3423  3678 I live    : 		liveAudioHardEncode
06-07 01:33:31.891  3423  3678 I live    : 		true
06-07 01:33:31.891  3423  3678 I live    : 	)
06-07 01:33:31.891  3423  3678 I live    : 	(
06-07 01:33:31.891  3423  3678 I live    : 		resMedium
06-07 01:33:31.891  3423  3678 I live    : 		0|2|544|960|800|1200|1200|24|高清
06-07 01:33:31.891  3423  3678 I live    : 	)
06-07 01:33:31.891  3423  3678 I live    : 	(
06-07 01:33:31.891  3423  3678 I live    : 		RatesConfig_4000
06-07 01:33:31.891  3423  3678 I live    : 		-,-,-,22005
06-07 01:33:31.891  3423  3678 I live    : 	)
06-07 01:33:31.891  3423  3678 I live    : 	(
06-07 01:33:31.891  3423  3678 I live    : 		RatesConfig_6500
06-07 01:33:31.891  3423  3678 I live    : 		-,-,-,22007
06-07 01:33:31.891  3423  3678 I live    : 	)
06-07 01:33:31.891  3423  3678 I live    : 	(
06-07 01:33:31.891  3423  3678 I live    : 		disableGiftCD
06-07 01:33:31.891  3423  3678 I live    : 		false
06-07 01:33:31.891  3423  3678 I live    : 	)
06-07 01:33:31.891  3423  3678 I live    : 	(
06-07 01:33:31.891  3423  3678 I live    : 		RatesConfig_2500
06-07 01:33:31.891  3423  3678 I live    : 		-,1080,30,22002
06-07 01:33:31.891  3423  3678 I live    : 	)
06-07 01:33:31.891  3423  3678 I live    : 	(
06-07 01:33:31.891  3423  3678 I live    : 		starShowPCHightLinkSize
06-07 01:33:31.891  3423  3678 I live    : 		480|544
06-07 01:33:31.891  3423  3678 I live    : 	)
06-07 01:33:31.891  3423  3678 I live    : 	(
06-07 01:33:31.891  3423  3678 I live    : 		RatesConfig_0
06-07 01:33:31.891  3423  3678 I live    : 		-,-,-,10057
06-07 01:33:31.891  3423  3678 I live    : 	)
06-07 01:33:31.891  3423  3678 I live    : 	(
06-07 01:33:31.891  3423  3678 I live    : 		linkVideoHardDecode
06-07 01:33:31.891  3423  3678 I live    : 		false
06-07 01:33:31.891  3423  3678 I live    : 	)
06-07 01:33:31.891  3423  3678 I live    : 	(
06-07 01:33:31.891  3423  3678 I live    : 		RatesConfig_800
06-07 01:33:31.891  3423  3678 I live    : 		-,540,24,100570800
06-07 01:33:31.891  3423  3678 I live    : 	)
06-07 01:33:31.891  3423  3678 I live    : 	(
06-07 01:33:31.891  3423  3678 I live    : 		isLocationGd
06-07 01:33:31.891  3423  3678 I live    : 		true
06-07 01:33:31.891  3423  3678 I live    : 	)
06-07 01:33:31.891  3423  3678 I live    : 	(
06-07 01:33:31.891  3423  3678 I live    : 		linkVideoHardEncode
06-07 01:33:31.891  3423  3678 I live    : 		true
06-07 01:33:31.891  3423  3678 I live    : 	)
06-07 01:33:31.891  3423  3678 I live    : 	(
06-07 01:33:31.891  3423  3678 I live    : 		enableMasterCertificate
06-07 01:33:31.891  3423  3678 I live    : 		true
06-07 01:33:31.891  3423  3678 I live    : 	)
06-07 01:33:31.891  3423  3678 I live    : 	(
06-07 01:33:31.891  3423  3678 I live    : 		pkLinkSearchLabel
06-07 01:33:31.891  3423  3678 I live    : 		仅支持与手机端开播主播或PC端的星秀、二次元主播进行视频连麦
06-07 01:33:31.891  3423  3678 I live    : 	)
06-07 01:33:31.891  3423  3678 I live    : 	(
06-07 01:33:31.891  3423  3678 I live    : 		enableFaceActivity
06-07 01:33:31.891  3423  3678 I live    : 		true
06-07 01:33:31.891  3423  3678 I live    : 	)
06-07 01:33:31.891  3423  3678 I live    : 	(
06-07 01:33:31.891  3423  3678 I live    : 		starShowPCHightLinkEncodeSize
06-07 01:33:31.891  3423  3678 I live    : 		960|544
06-07 01:33:31.891  3423  3678 I live    : 	)
06-07 01:33:31.891  3423  3678 I live    : 	(
06-07 01:33:31.891  3423  3678 I live    : 		RatesConfig_1000
06-07 01:33:31.891  3423  3678 I live    : 		-,540,30,22001
06-07 01:33:31.891  3423  3678 I live    : 	)
06-07 01:33:31.891  3423  3678 I live    : 	(
06-07 01:33:31.891  3423  3678 I live    : 		RatesConfig_1200
06-07 01:33:31.891  3423  3678 I live    : 		-,720,30,100571200
06-07 01:33:31.891  3423  3678 I live    : 	)
06-07 01:33:31.891  3423  3678 I live    : 	(
06-07 01:33:31.891  3423  3678 I live    : 		RatesConfig_3500
06-07 01:33:31.891  3423  3678 I live    : 		-,1440,-,22004
06-07 01:33:31.891  3423  3678 I live    : 	)
06-07 01:33:31.891  3423  3678 I live    : 	(
06-07 01:33:31.891  3423  3678 I live    : 		enableGiftVote
06-07 01:33:31.891  3423  3678 I live    : 		true
06-07 01:33:31.891  3423  3678 I live    : 	)
06-07 01:33:31.891  3423  3678 I live    : 	(
06-07 01:33:31.891  3423  3678 I live    : 		resSmooth
06-07 01:33:31.891  3423  3678 I live    : 		0|1|368|640|200|750|750|24|流畅
06-07 01:33:31.891  3423  3678 I live    : 	)
06-07 01:33:31.891  3423  3678 I live    : }
06-07 01:33:31.891  3423  3678 I live    : mpExperiment: 1, {
06-07 01:33:31.891  3423  3678 I live    : 	(
06-07 01:33:31.891  3423  3678 I live    : 		exp_upload_frameseq_continue
06-07 01:33:31.891  3423  3678 I live    : 		1
06-07 01:33:31.891  3423  3678 I live    : 	)
06-07 01:33:31.891  3423  3678 I live    : }
06-07 01:33:31.891  3423  3678 I live    : (P:3423)(T:163)(C:LiveModule)at (LiveModule.java:661)
06-07 01:33:31.892  3423  3678 I live    : parsePresenterConfig(P:3423)(T:163)(C:LiveModule)at (PresenterConfigHelper.java:163)
06-07 01:33:31.892  3423  3678 I live    : setExperimentConfig exp_upload_frameseq_continue.1(P:3423)(T:163)(C:LiveModule)at (PresenterConfigHelper.java:110)
06-07 01:33:31.894  3423  3487 I kiwi    : mOExpMap not changed(P:3423)(T:HySignalDispatcherThread-4-3678)(C:HySignalWrapper)
06-07 01:33:31.894  3423  3678 I live    : 码率:RateInfo{mWidth=0, mHeight=0, mBitRate=0, mFrameRate=0, mChannelId=10057}(P:3423)(T:163)(C:LiveModule)at (PresenterConfigHelper.java:575)
06-07 01:33:31.895  3423  3678 I live    : 码率:RateInfo{mWidth=0, mHeight=158, mBitRate=100, mFrameRate=12, mChannelId=22024}(P:3423)(T:163)(C:LiveModule)at (PresenterConfigHelper.java:575)
06-07 01:33:31.895  3423  3678 I live    : 码率:RateInfo{mWidth=0, mHeight=450, mBitRate=500, mFrameRate=24, mChannelId=100570500}(P:3423)(T:163)(C:LiveModule)at (PresenterConfigHelper.java:575)
06-07 01:33:31.897  3423  3678 I live    : 码率:RateInfo{mWidth=0, mHeight=540, mBitRate=800, mFrameRate=24, mChannelId=100570800}(P:3423)(T:163)(C:LiveModule)at (PresenterConfigHelper.java:575)
06-07 01:33:31.897  3423  3678 I live    : 码率:RateInfo{mWidth=0, mHeight=540, mBitRate=1000, mFrameRate=30, mChannelId=22001}(P:3423)(T:163)(C:LiveModule)at (PresenterConfigHelper.java:575)
06-07 01:33:31.898  3423  3678 I live    : 码率:RateInfo{mWidth=0, mHeight=720, mBitRate=1200, mFrameRate=30, mChannelId=100571200}(P:3423)(T:163)(C:LiveModule)at (PresenterConfigHelper.java:575)
06-07 01:33:31.898  3423  3678 I live    : 码率:RateInfo{mWidth=0, mHeight=1080, mBitRate=1500, mFrameRate=30, mChannelId=100571500}(P:3423)(T:163)(C:LiveModule)at (PresenterConfigHelper.java:575)
06-07 01:33:31.899  3423  3678 I live    : 码率:RateInfo{mWidth=0, mHeight=1080, mBitRate=2000, mFrameRate=30, mChannelId=100572000}(P:3423)(T:163)(C:LiveModule)at (PresenterConfigHelper.java:575)
06-07 01:33:31.900  3423  3678 I live    : 码率:RateInfo{mWidth=0, mHeight=1080, mBitRate=2500, mFrameRate=30, mChannelId=22002}(P:3423)(T:163)(C:LiveModule)at (PresenterConfigHelper.java:575)
06-07 01:33:31.900  3423  3678 I live    : 码率:RateInfo{mWidth=0, mHeight=1440, mBitRate=3000, mFrameRate=0, mChannelId=22003}(P:3423)(T:163)(C:LiveModule)at (PresenterConfigHelper.java:575)
06-07 01:33:31.901  3423  3678 I live    : 码率:RateInfo{mWidth=0, mHeight=1440, mBitRate=3500, mFrameRate=0, mChannelId=22004}(P:3423)(T:163)(C:LiveModule)at (PresenterConfigHelper.java:575)
06-07 01:33:31.901  3423  3678 I live    : 码率:RateInfo{mWidth=0, mHeight=0, mBitRate=4000, mFrameRate=0, mChannelId=22005}(P:3423)(T:163)(C:LiveModule)at (PresenterConfigHelper.java:575)
06-07 01:33:31.902  3423  3678 I live    : 码率:RateInfo{mWidth=0, mHeight=0, mBitRate=4500, mFrameRate=0, mChannelId=22006}(P:3423)(T:163)(C:LiveModule)at (PresenterConfigHelper.java:575)
06-07 01:33:31.902  3423  3678 I live    : 码率:RateInfo{mWidth=0, mHeight=0, mBitRate=6500, mFrameRate=0, mChannelId=22007}(P:3423)(T:163)(C:LiveModule)at (PresenterConfigHelper.java:575)
06-07 01:33:31.903  3423  3678 I live    : 码率:RateInfo{mWidth=0, mHeight=0, mBitRate=8500, mFrameRate=0, mChannelId=22008}(P:3423)(T:163)(C:LiveModule)at (PresenterConfigHelper.java:575)
06-07 01:33:31.906   930   930 W Looper  : Slow delivery took 459ms main h=com.android.server.notification.NotificationManagerService$WorkerHandler c=null m=3
06-07 01:33:31.916  3160  3160 I LTE Embms Link: Using debugTraceId: 143
06-07 01:33:31.916  3160  3160 I LTE Application: onEmbmsServiceConnected() getE911State attempt traceId: 143
06-07 01:33:31.916  3144  3166 I eMBMS  Service: getE911State called
06-07 01:33:31.916  3144  3166 I eMBMS  Service: EmbmsService is not ready
06-07 01:33:31.917  3160  3160 I LTE Application: onEmbmsServiceConnected() Calling getE911State() and waiting for E911Indication attempt : 141 Return Value is :4
06-07 01:33:31.922  3423  3653 D TaskDataDBManager: saveTask CostTime:69
06-07 01:33:31.954  3634  3634 W Tinker.TinkerLoader: tryLoadPatchFiles:patch dir not exist:/data/user/0/com.duowan.live/tinker
06-07 01:33:31.967  3160  3160 I LTE Embms Link: Using debugTraceId: 144
06-07 01:33:31.967  3160  3160 I LTE Application: onEmbmsServiceConnected() getE911State attempt traceId: 144
06-07 01:33:31.967  3144  3166 I eMBMS  Service: getE911State called
06-07 01:33:31.967  3144  3166 I eMBMS  Service: EmbmsService is not ready
06-07 01:33:31.968  3160  3160 I LTE Application: onEmbmsServiceConnected() Calling getE911State() and waiting for E911Indication attempt : 142 Return Value is :4
06-07 01:33:31.969  3634  3634 D Tinker.DefaultAppLike: onBaseContextAttached:
06-07 01:33:31.972  3634  3634 I MultiDex: VM with version 2.1.0 has multidex support
06-07 01:33:31.972  3634  3634 I MultiDex: Installing application
06-07 01:33:31.972  3634  3634 I MultiDex: VM has multidex support, MultiDex support library is disabled.
06-07 01:33:31.975  3619  3755 D IOCanary.JNI: JNI_OnLoad
06-07 01:33:31.975  3619  3755 D IOCanary.JNI: JNI_OnLoad done
06-07 01:33:31.977  3619  3755 I IOCanary.JNI: doHook
06-07 01:33:31.977  3619  3755 I IOCanary.JNI: try to hook function in libopenjdkjvm.so.
06-07 01:33:31.973  3755  3755 W parallels-3: type=1400 audit(0.0:39): avc: denied { execmod } for path="/system/lib/libopenjdkjvm.so" dev="dm-0" ino=856 scontext=u:r:untrusted_app_27:s0:c512,c768 tcontext=u:object_r:system_file:s0 tclass=file permissive=0
06-07 01:33:31.973  3755  3755 W parallels-3: type=1400 audit(0.0:40): avc: denied { execmod } for path="/system/lib/libopenjdkjvm.so" dev="dm-0" ino=856 scontext=u:r:untrusted_app_27:s0:c512,c768 tcontext=u:object_r:system_file:s0 tclass=file permissive=0
06-07 01:33:31.979  3619  3755 I IOCanary.JNI: try to hook function in libjavacore.so.
06-07 01:33:31.979  3634  3634 I auk     : hotfix isTesEnv:false(P:3634)(T:2)(C:LiveApplication)at (LiveApplication.java:201)
06-07 01:33:31.981  3619  3755 I IOCanary.JNI: try to hook function in libopenjdk.so.
06-07 01:33:31.976  3755  3755 W parallels-3: type=1400 audit(0.0:41): avc: denied { execmod } for path="/system/lib/libjavacore.so" dev="dm-0" ino=595 scontext=u:r:untrusted_app_27:s0:c512,c768 tcontext=u:object_r:system_file:s0 tclass=file permissive=0
06-07 01:33:31.976  3755  3755 I chatty  : uid=10075(com.tencent.mm) parallels-3 identical 2 lines
06-07 01:33:31.976  3755  3755 W parallels-3: type=1400 audit(0.0:44): avc: denied { execmod } for path="/system/lib/libjavacore.so" dev="dm-0" ino=595 scontext=u:r:untrusted_app_27:s0:c512,c768 tcontext=u:object_r:system_file:s0 tclass=file permissive=0
06-07 01:33:31.989  3634  3781 W System.err: java.io.IOException: No such file or directory
06-07 01:33:31.990  3634  3781 W System.err: 	at java.io.UnixFileSystem.createFileExclusively0(Native Method)
06-07 01:33:31.990  3634  3781 W System.err: 	at java.io.UnixFileSystem.createFileExclusively(UnixFileSystem.java:281)
06-07 01:33:31.990  3634  3781 W System.err: 	at java.io.File.createNewFile(File.java:1008)
06-07 01:33:31.990  3634  3781 W System.err: 	at com.duowan.auk.util.LogToES.writeLogToFileReal(LogToES.java:133)
06-07 01:33:31.990  3634  3781 W System.err: 	at com.duowan.auk.util.LogToES.access$000(LogToES.java:18)
06-07 01:33:31.990  3634  3781 W System.err: 	at com.duowan.auk.util.LogToES$2.run(LogToES.java:87)
06-07 01:33:31.990  3634  3781 W System.err: 	at android.os.Handler.handleCallback(Handler.java:873)
06-07 01:33:31.990  3634  3781 W System.err: 	at android.os.Handler.dispatchMessage(Handler.java:99)
06-07 01:33:31.990  3634  3781 W System.err: 	at android.os.Looper.loop(Looper.java:193)
06-07 01:33:31.990  3634  3781 W System.err: 	at android.os.HandlerThread.run(HandlerThread.java:65)
06-07 01:33:32.020  3160  3160 I LTE Embms Link: Using debugTraceId: 145
06-07 01:33:32.020  3160  3160 I LTE Application: onEmbmsServiceConnected() getE911State attempt traceId: 145
06-07 01:33:32.020  3144  3166 I eMBMS  Service: getE911State called
06-07 01:33:32.020  3144  3166 I eMBMS  Service: EmbmsService is not ready
06-07 01:33:32.021  3160  3160 I LTE Application: onEmbmsServiceConnected() Calling getE911State() and waiting for E911Indication attempt : 143 Return Value is :4
06-07 01:33:32.027  3634  3785 E XLogProxy: appenderOpen switchOutputFile file name logs
06-07 01:33:32.029  3634  3785 I kiwi    : application maxMemory:256(P:3634)(T:main-3634)(C:Tinker.SamplePatchListener)
06-07 01:33:32.030  3634  3634 W Tinker.Tinker: tinker patch directory: /data/user/0/com.duowan.live/tinker
06-07 01:33:32.033  3634  3634 I Tinker.Tinker: try to install tinker, isEnable: true, version: 1.9.8
06-07 01:33:32.035  3634  3634 I Tinker.TinkerLoadResult: parseTinkerResult loadCode:-2, process name:com.duowan.live:cloudpatch, main process:false, systemOTA:false, fingerPrint:Android/aosp_marlin/marlin:9/PQ2A.190405.003/key06070900:userdebug/test-keys, oatDir:null, useInterpretMode:false
06-07 01:33:32.035  3634  3634 W Tinker.TinkerLoadResult: can't find patch file, is ok, just return
06-07 01:33:32.035  3634  3634 I Tinker.DefaultLoadReporter: patch loadReporter onLoadResult: patch load result, path:/data/user/0/com.duowan.live/tinker, code: -2, cost: 5ms
06-07 01:33:32.035  3634  3634 W Tinker.Tinker: tinker load fail!
06-07 01:33:32.039  3634  3634 I Tinker.ComponentHotplug: method install() is not invoked, ignore ensuring operations.
06-07 01:33:32.045  3634  3634 D         : [3634] AndroidCallbackBase constructor 0xffcbdc40 0x2276
06-07 01:33:32.045  3634  3634 I ForceLogCallback: constructor 0xffcbdc40 0xeb471ae4
06-07 01:33:32.045  3634  3634 D         : [3634] AndroidCallbackBase constructor 0xffcbe0a0 0x2286
06-07 01:33:32.046  3634  3634 I auk     : [3634] AndroidCallbackBase constructor 0xffcbe0a0 0x2286
06-07 01:33:32.046  3634  3634 I ForceLogCallback: constructor 0xffcbe0a0 0xeb471ae4
06-07 01:33:32.048  3634  3781 W System.err: java.io.IOException: No such file or directory
06-07 01:33:32.048  3634  3781 W System.err: 	at java.io.UnixFileSystem.createFileExclusively0(Native Method)
06-07 01:33:32.048  3634  3781 W System.err: 	at java.io.UnixFileSystem.createFileExclusively(UnixFileSystem.java:281)
06-07 01:33:32.048  3634  3781 W System.err: 	at java.io.File.createNewFile(File.java:1008)
06-07 01:33:32.048  3634  3781 W System.err: 	at com.duowan.auk.util.LogToES.writeLogToFileReal(LogToES.java:133)
06-07 01:33:32.048  3634  3781 W System.err: 	at com.duowan.auk.util.LogToES.access$000(LogToES.java:18)
06-07 01:33:32.048  3634  3781 W System.err: 	at com.duowan.auk.util.LogToES$2.run(LogToES.java:87)
06-07 01:33:32.048  3634  3781 W System.err: 	at android.os.Handler.handleCallback(Handler.java:873)
06-07 01:33:32.048  3634  3781 W System.err: 	at android.os.Handler.dispatchMessage(Handler.java:99)
06-07 01:33:32.048  3634  3781 W System.err: 	at android.os.Looper.loop(Looper.java:193)
06-07 01:33:32.048  3634  3781 W System.err: 	at android.os.HandlerThread.run(HandlerThread.java:65)
06-07 01:33:32.071  3160  3160 I LTE Embms Link: Using debugTraceId: 146
06-07 01:33:32.071  3160  3160 I LTE Application: onEmbmsServiceConnected() getE911State attempt traceId: 146
06-07 01:33:32.071  3634  3634 I live    : LiveApplication1 onCreate, time=1559871212071(P:3634)(T:2)(C:LiveApplication)at (LiveApplication.java:140)
06-07 01:33:32.072  3144  3166 I eMBMS  Service: getE911State called
06-07 01:33:32.072  3144  3166 I eMBMS  Service: EmbmsService is not ready
06-07 01:33:32.072  3160  3160 I LTE Application: onEmbmsServiceConnected() Calling getE911State() and waiting for E911Indication attempt : 144 Return Value is :4
06-07 01:33:32.082  3634  3634 D Tinker.DefaultAppLike: onCreate
06-07 01:33:32.087  3423  3423 I chromium: [INFO:library_loader_hooks.cc(36)] Chromium logging enabled: level = 0, default verbosity = 0
06-07 01:33:32.087  3423  3423 I cr_LibraryLoader: Expected native library version number "66.0.3359.158", actual native library version number "66.0.3359.158"
06-07 01:33:32.100  2629  2857 W com.qiyi.video: Long monitor contention with owner ConfigurationHelper (3772) at boolean java.io.UnixFileSystem.rename0(java.io.File, java.io.File)(UnixFileSystem.java:-2) waiters=0 in void android.app.SharedPreferencesImpl$2.run() for 354ms
06-07 01:33:32.105  3423  3796 W cr_ChildProcLH: Create a new ChildConnectionAllocator with package name = com.android.webview, sandboxed = true
06-07 01:33:32.108  3423  3423 I cr_BrowserStartup: Initializing chromium process, singleProcess=false
06-07 01:33:32.109  3423  3423 I cr_base : Android Locale: zh_CN_#Hans requires .pak files: []
06-07 01:33:32.122  3160  3160 I LTE Embms Link: Using debugTraceId: 147
06-07 01:33:32.122  3160  3160 I LTE Application: onEmbmsServiceConnected() getE911State attempt traceId: 147
06-07 01:33:32.123  3144  3166 I eMBMS  Service: getE911State called
06-07 01:33:32.123  3144  3166 I eMBMS  Service: EmbmsService is not ready
06-07 01:33:32.123   930  1031 I ActivityManager: Start proc 3797:com.android.webview:sandboxed_process0/u0i0 for webview_service com.duowan.live/org.chromium.content.app.SandboxedProcessService0
06-07 01:33:32.123  3160  3160 I LTE Application: onEmbmsServiceConnected() Calling getE911State() and waiting for E911Indication attempt : 145 Return Value is :4
06-07 01:33:32.136  3634  3634 I live    : app init, v3.0.3-3504(P:3634)(T:2)(C:BaseApp)at (BaseApp.java:88)
06-07 01:33:32.149   930   930 W Looper  : Drained
06-07 01:33:32.174  3160  3160 I LTE Embms Link: Using debugTraceId: 148
06-07 01:33:32.174  3160  3160 I LTE Application: onEmbmsServiceConnected() getE911State attempt traceId: 148
06-07 01:33:32.174  3144  3166 I eMBMS  Service: getE911State called
06-07 01:33:32.174  3144  3166 I eMBMS  Service: EmbmsService is not ready
06-07 01:33:32.175  3160  3160 I LTE Application: onEmbmsServiceConnected() Calling getE911State() and waiting for E911Indication attempt : 146 Return Value is :4
06-07 01:33:32.194  3797  3797 I LoadedApk: No resource references to update in package com.android.webview
06-07 01:33:32.203  3423  3835 E chromium: [ERROR:devtools_http_handler.cc(292)] Cannot start http server for devtools. Stop devtools.
06-07 01:33:32.206   930  1733 E AutofillManagerServiceImpl: Bad AutofillService name: com.google.android.gms/.autofill.service.AutofillService
06-07 01:33:32.206   930  1733 D AutofillManagerServiceImpl: Reset component for user 0 (com.google.android.gms/.autofill.service.AutofillService)
06-07 01:33:32.207  3423  3769 W cr_CrashFileManager: /data/user/0/com.duowan.live/cache/WebView/Crash Reports does not exist or is not a directory
06-07 01:33:32.212  3797  3797 I cr_ChildProcessService: Creating new ChildProcessService pid=3797
06-07 01:33:32.225  3160  3160 I LTE Embms Link: Using debugTraceId: 149
06-07 01:33:32.225  3160  3160 I LTE Application: onEmbmsServiceConnected() getE911State attempt traceId: 149
06-07 01:33:32.226  3144  3166 I eMBMS  Service: getE911State called
06-07 01:33:32.226  3144  3166 I eMBMS  Service: EmbmsService is not ready
06-07 01:33:32.226  3160  3160 I LTE Application: onEmbmsServiceConnected() Calling getE911State() and waiting for E911Indication attempt : 147 Return Value is :4
06-07 01:33:32.228  3634  3634 I ARK_DEBUG: resume log
06-07 01:33:32.253  3423  3423 I udbauth : msg id is b000003
06-07 01:33:32.253  3423  3423 I udbauth : UdbMsgHandler  receive msg
06-07 01:33:32.253  3423  3423 I udbauth : HandlerGetTicket  receive msg
06-07 01:33:32.255  3423  3423 I live    : mLoadUrl:https://udblgn.huya.com/login/ticket?uid=2373431014&appid=5109&ticket=vAC6AAEDAAAA5q53jQAAAAAAAAAAAAAAAAQANTEwOQ8AMzUyNjkzMDgwMzY3NjU1BAA1MTA5ggACFdekNVgBP73jFkaqA%252BjwRKJpcudia0MJtoFRcy8M6iirz%252FCtXdrSZ3JF7W9x22UbiBgnyFQ6TZDZBIkMk3O6YTAfJy1o3TSgT5u4WMXqUh8p1eJU9JEtODE1zGUY2KfUiRvJ1ehqAZp0MEuVK7cMHztIyUvYbo0CbcpYdIDKlndLAAAAAA%253D%253D&ticketType=2&busiId=5480&cks=true&busiUrl=https%3A%2F%2Fhd.huya.com%2FlgnAuto%2Findex.html&reqDomainList=lgn.huya.com&passport=qq_l8z6xvbfjebq&bypass=3(P:3423)(T:2)(C:CookieWebView)at (CookieWebView.java:52)
06-07 01:33:32.257  3634  3785 V kiwi    : com.duowan.live(P:3634)(T:main-3634)(C:packageName )
06-07 01:33:32.267  3634  3634 I live    : LiveApplication2 onCreate, time=1559871212267(P:3634)(T:2)(C:LiveApplication)at (LiveApplication.java:163)
06-07 01:33:32.275  3423  3423 I live    : start module: ActivePropsModule(P:3423)(T:2)(C:Class)at (Ark.java:23)
06-07 01:33:32.275  3423  3832 E cr_ApiBridge: Failed to init handler: Attempt to invoke virtual method 'java.lang.reflect.Constructor java.lang.Class.getDeclaredConstructor(java.lang.Class[])' on a null object reference
06-07 01:33:32.276  3160  3160 I LTE Embms Link: Using debugTraceId: 150
06-07 01:33:32.276  3160  3160 I LTE Application: onEmbmsServiceConnected() getE911State attempt traceId: 150
06-07 01:33:32.277  3144  3166 I eMBMS  Service: getE911State called
06-07 01:33:32.277  3144  3166 I eMBMS  Service: EmbmsService is not ready
06-07 01:33:32.277  3160  3160 I LTE Application: onEmbmsServiceConnected() Calling getE911State() and waiting for E911Indication attempt : 148 Return Value is :4
06-07 01:33:32.284  3423  3423 E live    : activeProps.....(P:3423)(T:2)(C:ActivePropsModule)at (ActivePropsModule.java:75)
06-07 01:33:32.291  3423  3493 I udbauth : msg id is b000003
06-07 01:33:32.291  3423  3493 I udbauth : UdbMsgHandler  receive msg
06-07 01:33:32.291  3423  3493 I udbauth : HandlerGetTicket  receive msg
06-07 01:33:32.294  3423  3423 I live    : resumed: live.channelsetting.ChannelSettingActivity(P:3423)(T:2)(C:BaseApp)at (BaseApp.java:135)
06-07 01:33:32.295  3423  3423 W StatisticsSdk: heart beat as for mbsdkdo has been started.
06-07 01:33:32.295  3423  3493 I live    : execute, cacheKey = getMobilePropsList, cacheType = AsConfig(P:3423)(T:83)(C:HttpFunction)at (HttpFunction.java:121)
06-07 01:33:32.296  3423  3423 I live    : report:activity resume(P:3423)(T:2)(C:ChannelSettingActivity)at (ArkReport.java:50)
06-07 01:33:32.297  3423  3493 I live    : [execute] currentExecutor = com.duowan.networkmars.hysignal.HySignalExecutor@8dc7603, cacheKey = getMobilePropsList(P:3423)(T:83)(C:FunctionExecutorQueue)at (FunctionExecutorQueue.java:87)
06-07 01:33:32.298  3423  3423 I udbauth : msg id is b000003
06-07 01:33:32.299  3423  3423 I udbauth : UdbMsgHandler  receive msg
06-07 01:33:32.299  3423  3423 I udbauth : HandlerGetTicket  receive msg
06-07 01:33:32.304  3423  3423 I live    : execute, cacheKey = getMobileUpdateInfo, cacheType = AsConfig(P:3423)(T:2)(C:HttpFunction)at (HttpFunction.java:121)
06-07 01:33:32.305  3423  3423 I live    : [execute] currentExecutor = com.duowan.networkmars.hysignal.HySignalExecutor@8dc7603, cacheKey = getMobileUpdateInfo(P:3423)(T:2)(C:FunctionExecutorQueue)at (FunctionExecutorQueue.java:87)
06-07 01:33:32.330  3423  3423 I live    : getNewMsgItemCount, loginUid=2373431014(P:3423)(T:2)(C:MsgSessionDao)at (MsgSessionDao.java:338)
06-07 01:33:32.331  3423  3677 I live    : updateMsgSessionCacheMap, loginUid=2373431014(P:3423)(T:162)(C:MsgSessionDao)at (MsgSessionDao.java:1006)
06-07 01:33:32.332  3160  3160 I LTE Embms Link: Using debugTraceId: 151
06-07 01:33:32.332  3160  3160 I LTE Application: onEmbmsServiceConnected() getE911State attempt traceId: 151
06-07 01:33:32.333  3144  3166 I eMBMS  Service: getE911State called
06-07 01:33:32.333  3144  3166 I eMBMS  Service: EmbmsService is not ready
06-07 01:33:32.333  3160  3160 I LTE Application: onEmbmsServiceConnected() Calling getE911State() and waiting for E911Indication attempt : 149 Return Value is :4
06-07 01:33:32.336  3423  3493 I live    : getUserProfile(P:3423)(T:83)(C:AnchorModule)at (AnchorModule.java:763)
06-07 01:33:32.337  3423  3493 I udbauth : msg id is b000003
06-07 01:33:32.337  3423  3633 I live    : deliverResponse, cacheKey = getMobileUpdateInfo, fromCache = false(P:3423)(T:142)(C:HttpFunction)at (HttpFunction.java:186)
06-07 01:33:32.337  3423  3493 I udbauth : UdbMsgHandler  receive msg
06-07 01:33:32.337  3423  3493 I udbauth : HandlerGetTicket  receive msg
06-07 01:33:32.337  3423  3633 I live    : [checkUpgradeInfo]->[onResponse] response=iIsUpdate: 0
06-07 01:33:32.337  3423  3633 I live    : iIsUpdateType: 0
06-07 01:33:32.337  3423  3633 I live    : sInfo: 
06-07 01:33:32.337  3423  3633 I live    : sNewVersion: 
06-07 01:33:32.337  3423  3633 I live    : sAppUrl: 
06-07 01:33:32.337  3423  3633 I live    : iTipType: 0
06-07 01:33:32.337  3423  3633 I live    : sMd5: 0c160026003c4605332e302e33525cfb1ef4
06-07 01:33:32.337  3423  3633 I live    : iRuleId: 0
06-07 01:33:32.337  3423  3633 I live    : iVersionCode: 0
06-07 01:33:32.337  3423  3633 I live    : sFileMd5: 
06-07 01:33:32.337  3423  3633 I live    : iIsSilenceDown: 0
06-07 01:33:32.337  3423  3633 I live    :  fromCache=false(P:3423)(T:142)(C:NewUpgradeModule)at (NewUpgradeModule.java:181)
06-07 01:33:32.338  3423  3633 I live    : upgrade check onResponse(P:3423)(T:142)(C:NewUpgradeModule)at (NewUpgradeModule.java:184)
06-07 01:33:32.338  3423  3493 I live    : execute, cacheKey = getUserProfile, cacheType = AsConfig(P:3423)(T:83)(C:HttpFunction)at (HttpFunction.java:121)
06-07 01:33:32.339  3423  3493 I live    : [execute] currentExecutor = com.duowan.networkmars.hysignal.HySignalExecutor@8dc7603, cacheKey = getUserProfile(P:3423)(T:83)(C:FunctionExecutorQueue)at (FunctionExecutorQueue.java:87)
06-07 01:33:32.343  3423  3677 I live    : fetchDBNewMsgCount, count=0(P:3423)(T:162)(C:MsgSessionDao)at (MsgSessionDao.java:345)
06-07 01:33:32.366  3423  3674 I live    : deliverResponse, cacheKey = getUserProfile, fromCache = false(P:3423)(T:160)(C:HttpFunction)at (HttpFunction.java:186)
06-07 01:33:32.366  3423  3674 I live    : getUserProfile success(P:3423)(T:160)(C:AnchorModule)at (AnchorModule.java:776)
06-07 01:33:32.368  3423  3493 I live    : yy = 2375323431, nickName = K(P:3423)(T:83)(C:LoginModule_UserInfoModule)at (UserInfoModule.java:98)
06-07 01:33:32.369  3634  3634 I live    : LiveApplication3 onCreate, time=1559871212368(P:3634)(T:2)(C:LiveApplication)at (LiveApplication.java:165)
06-07 01:33:32.384  3160  3160 I LTE Embms Link: Using debugTraceId: 152
06-07 01:33:32.384  3160  3160 I LTE Application: onEmbmsServiceConnected() getE911State attempt traceId: 152
06-07 01:33:32.384  3144  3166 I eMBMS  Service: getE911State called
06-07 01:33:32.384  3144  3166 I eMBMS  Service: EmbmsService is not ready
06-07 01:33:32.385  3160  3160 I LTE Application: onEmbmsServiceConnected() Calling getE911State() and waiting for E911Indication attempt : 150 Return Value is :4
06-07 01:33:32.413   661   745 I ThermalEngine: vs_get_temperature: read[0] tsens_tz_sensor15 56000 mC, weight[0] 1
06-07 01:33:32.413   661   745 I ThermalEngine: vs_get_temperature: read[1] tsens_tz_sensor0 61000 mC, weight[1] -1
06-07 01:33:32.436  3160  3160 I LTE Embms Link: Using debugTraceId: 153
06-07 01:33:32.436  3160  3160 I LTE Application: onEmbmsServiceConnected() getE911State attempt traceId: 153
06-07 01:33:32.439  3144  3166 I eMBMS  Service: getE911State called
06-07 01:33:32.439  3144  3166 I eMBMS  Service: EmbmsService is not ready
06-07 01:33:32.440  3160  3160 I LTE Application: onEmbmsServiceConnected() Calling getE911State() and waiting for E911Indication attempt : 151 Return Value is :4
06-07 01:33:32.441  3423  3675 I live    : deliverResponse, cacheKey = getMobilePropsList, fromCache = false(P:3423)(T:161)(C:HttpFunction)at (HttpFunction.java:186)
06-07 01:33:32.460  3423  3493 I udbauth : msg id is b000003
06-07 01:33:32.460  3423  3493 I udbauth : UdbMsgHandler  receive msg
06-07 01:33:32.460  3423  3493 I udbauth : HandlerGetTicket  receive msg
06-07 01:33:32.462  3423  3493 I live    : execute, cacheKey = getIMMsgHistory, cacheType = AsConfig(P:3423)(T:83)(C:HttpFunction)at (HttpFunction.java:121)
06-07 01:33:32.463  3423  3493 I live    : [execute] currentExecutor = com.duowan.networkmars.hysignal.HySignalExecutor@8dc7603, cacheKey = getIMMsgHistory(P:3423)(T:83)(C:FunctionExecutorQueue)at (FunctionExecutorQueue.java:87)
06-07 01:33:32.472  3423  3493 I udbauth : msg id is b000003
06-07 01:33:32.473  3423  3493 I udbauth : UdbMsgHandler  receive msg
06-07 01:33:32.473  3423  3493 I udbauth : HandlerGetTicket  receive msg
06-07 01:33:32.474  3423  3439 I com.duowan.liv: Waiting for a blocking GC ProfileSaver
06-07 01:33:32.475  3423  3493 I live    : getMobilePresenterChannel getMobilePresenterChannel, info=tId: {
06-07 01:33:32.475  3423  3493 I live    : 	lUid: 2373431014
06-07 01:33:32.475  3423  3493 I live    : 	sGuid: 3ad7b83cf41efb5cbe63387c397cfa71
06-07 01:33:32.475  3423  3493 I live    : 	sToken: vAC6AAEDAAAA5q53jQAAAAAAAAAAAAAAAAQANTEwOQ8AMzUyNjkzMDgwMzY3NjU1BAA1MTA5ggACFdekNVgBP73jFkaqA%2BjwRKJpcudia0MJtoFRcy8M6iirz%2FCtXdrSZ3JF7W9x22UbiBgnyFQ6TZDZBIkMk3O6YTAfJy1o3TSgT5u4WMXqUh8p1eJU9JEtODE1zGUY2KfUiRvJ1ehqAZp0MEuVK7cMHztIyUvYbo0CbcpYdIDKlndLAAAAAA%3D%3D
06-07 01:33:32.475  3423  3493 I live    : 	sHuYaUA: adr_zs&3.0.3&360
06-07 01:33:32.475  3423  3493 I live    : 	sCookie: 
06-07 01:33:32.475  3423  3493 I live    : 	iTokenType: 2
06-07 01:33:32.475  3423  3493 I live    : }
06-07 01:33:32.475  3423  3493 I live    : vChannelPair: null	(P:3423)(T:83)(C:ChannelSettingModule)at (ChannelSettingModule.java:194)
06-07 01:33:32.478  3423  3493 I live    : execute, cacheKey = getMobilePresenterChannel, cacheType = AsConfig(P:3423)(T:83)(C:HttpFunction)at (HttpFunction.java:121)
06-07 01:33:32.479  3423  3493 I live    : [execute] currentExecutor = com.duowan.networkmars.hysignal.HySignalExecutor@8dc7603, cacheKey = getMobilePresenterChannel(P:3423)(T:83)(C:FunctionExecutorQueue)at (FunctionExecutorQueue.java:87)
06-07 01:33:32.481  3423  3493 I udbauth : msg id is b000003
06-07 01:33:32.481  3423  3493 I udbauth : UdbMsgHandler  receive msg
06-07 01:33:32.481  3423  3493 I udbauth : HandlerGetTicket  receive msg
06-07 01:33:32.482  3423  3675 I live    : getMobilePropsList resp=vPropsItemList: 32, [
06-07 01:33:32.482  3423  3675 I live    : 	{
06-07 01:33:32.482  3423  3675 I live    : 		iPropsId: 20102
06-07 01:33:32.482  3423  3675 I live    : 		sPropsName: 生日蛋糕
06-07 01:33:32.482  3423  3675 I live    : 		fPropsYb: 0.1
06-07 01:33:32.482  3423  3675 I live    : 		fPropsGreenBean: 100.0
06-07 01:33:32.482  3423  3675 I live    : 		fPropsWhiteBean: -1.0
06-07 01:33:32.482  3423  3675 I live    : 		vPropsNum: 7, [
06-07 01:33:32.482  3423  3675 I live    : 			1
06-07 01:33:32.482  3423  3675 I live    : 			10
06-07 01:33:32.482  3423  3675 I live    : 			30
06-07 01:33:32.482  3423  3675 I live    : 			66
06-07 01:33:32.482  3423  3675 I live    : 			188
06-07 01:33:32.482  3423  3675 I live    : 			520
06-07 01:33:32.482  3423  3675 I live    : 			1314
06-07 01:33:32.482  3423  3675 I live    : 		]
06-07 01:33:32.482  3423  3675 I live    : 		iPropsMaxNum: 9999
06-07 01:33:32.482  3423  3675 I live    : 		iPropsWeights: 55
06-07 01:33:32.482  3423  3675 I live    : 		vPropsChannel: 1, [
06-07 01:33:32.482  3423  3675 I live    : 			0
06-07 01:33:32.482  3423  3675 I live    : 		]
06-07 01:33:32.482  3423  3675 I live    : 		tAppIdentity: {
06-07 01:33:32.482  3423  3675 I live    : 			sAndroid: http://livewebbs2.msstatic.com/YYapp-identity-20102-android-1484290913.zip
06-07 01:33:32.482  3423  3675 I live    : 			sIphone: http://livewebbs2.msstatic.com/YYapp-identity-20102-iphone-1484290745.zip
06-07 01:33:32.482  3423  3675 I live    : 			sIpad: http://livewebbs2.msstatic.com/YYapp-identity-20102-ipad-1484290316.zip
06-07 01:33:32.482  3423  3675 I live    : 			sBasicColor: #CF3FFF
06-07 01:33:32.482  3423  3675 I live    : 			sNickColor: #6699FF
06-07 01:33:32.482  3423  3675 I live    : 			sNumberColor: #6699FF
06-07 01:33:32.482  3423  3675 I live    : 			sAndriodEffect: http://livewebbs2.msstatic.com/YYapp-identity-20102-android2-1484290913.zip
06-07 01:33:32.482  3423  3675 I live    : 			sIphoneEffect: http://livewebbs2.msstatic.com/YYapp-identity-20102-iphone2-1484290745.zip
06-07 01:33:32.482  3423  3675 I live    : 			sIpadEffect: http://livewebbs2.msstatic.com/YYapp-identity-20102-ipad2-1484290316.zip
06-07 01:33:32.482  3423  3675 I live    : 			sWitch: 0
06-07 01:33:32.482  3423  3675 I live    : 			scornerMark: 
06-07 01:33:32.482  3423  3675 I live    : 			iPropViewId: 1
06-07 01:33:32.482  3423  3675 I live    : 			sAndroidSign: 
06-07 01:33:32.482  3423  3675 I live    : 			sIphoneSign: 
06-07 01:33:32.482  3423  3675 I live    : 			sIpadSign: 
06-07 01:33:32.482  3423  3675 I live    : 			sAndroidFaceU: 
06-07 01:33:32.482  3423  3675 I live    : 			sIphoneFaceU: 
06-07 01:33:32.482  3423  3675 I live    : 			sPadFaceU: 
06-07 01:33:32.482  3423  3675 I live    : 			sAndroidProspecial: 
06-07 01:33:32.482  3423  3675 I live    : 			sIphoneProspecial: 
06-07 01:33:32.482  3423  3675 I live    : 		}
06-07 01:33:32.482  3423  3675 I live    : 		tDisplayInfo: {
06-07 01:33:32.482  3423  3675 I live    : 			iMarqueeScopeMin: 1
06-07 01:33:32.482  3423  3675 I live    : 			iMarqueeScopeMax: 26399
06-07 01:33:32.482  3423  3675 I live    : 			vCurrentVideoMin: 0, []
06-07 01:33:32.482  3423  3675 I live    : 			vCurrentVideoMax: 0, []
06-07 01:33:32.482  3423  3675 I live    : 			vAllVideoMin: 1, [
06-07 01:33:32.482  3423  3675 I live    : 				26400
06-07 01:33:32.482  3423  3675 I live    : 			]
06-07 01:33:32.482  3423  3675 I live    : 			vAllVideoMax: 1, [
06-07 01:33:32.482  3423  3675 I live    : 				99999
06-07 01:33:32.482  3423  3675 I live    : 			]
06-07 01:33:32.482  3423  3675 I live    : 		}
06-07 01:33:32.482  3423  3675 I live    : 		iTemplateType: 99
06-07 01:33:32.482  3423  3675 I live    : 		iBanned: 0
06-07 01:33:32.482  3423  3675 I live    : 		iPropsGrade: 2
06-07 01:33:32.482  3423  3675 I live    : 		iPropsGroupNum: 66
06-07 01:33:32.482  3423  3675 I live    : 		iShelfStatus: 1
06-07 01:33:32.482  3423  3675 I live    : 		vPresenterUid: 1, [
06-07 01:33:32.482  3423  3675 I live    : 			2174470677
06-07 01:33:32.482  3423  3675 I live    : 		]
06-07 01:33:32.482  3423  3675 I live    : 		sPropFaceu: 
06-07 01:33:32.482  3423  3675 I live    : 		vAppIdentity: 1, [
06-07 01:33:32.482  3423  3675 I live    : 			{
06-07 01:33:32.482  3423  3675 I live    : 				sAndroid: http://livewebbs2.msstatic.com/YYapp-identity-20102-android-1484290913.zip
06-07 01:33:32.482  3423  3675 I live    : 				sIphone: http://livewebbs2.msstatic.com/YYapp-identity-20102-iphone-1484290745.zip
06-07 01:33:32.482  3423  3675 I live    : 				sIpad: http://livewebbs2.msstatic.com/YYapp-identity-20102-ipad-1484290316.zip
06-07 01:33:32.482  3423  3675 I live    : 				sBasicColor: #CF3FFF
06-07 01:33:32.482  3423  3675 I live    : 				sNickColor: #6699FF
06-07 01:33:32.482  3423  3675 I live    : 				sNumberColor: #6699FF
06-07 01:33:32.482  3423  3675 I live    : 				sAndriodEffect: http://livewebbs2.msstatic.com/YYapp-identity-20102-android2-1484290913.zip
06-07 01:33:32.482  3423  3675 I live    : 				sIphoneEffect: http://livewebbs2.msstatic.com/YYapp-identity-20102-iphone2-1484290745.zip
06-07 01:33:32.482  3423  3675 I live    : 				sIpadEffect: http://livewebbs2.msstatic.com/YYapp-identity-20102-ipad2-1484290316.zip
06-07 01:33:32.482  3423  3675 I live    : 				sWitch: 0
06-07 01:33:32.482  3423  3675 I live    : 				scornerMark: 
06-07 01:33:32.482  3423  3675 I live    : 				iPropViewId: 1
06-07 01:33:32.482  3423  3675 I live    : 				sAndroidSign: 
06-07 01:33:32.482  3423  3675 I live    : 				sIphoneSign: 
06-07 01:33:32.482  3423  3675 I live    : 				sIpadSign: 
06-07 01:33:32.482  3423  3675 I live    : 				sAndroidFaceU: 
06-07 01:33:32.482  3423  3675 I live    : 				sIphoneFaceU: 
06-07 01:33:32.482  3423  3675 I live    : 				sPadFaceU: 
06-07 01:33:32.482  3423  3675 I live    : 				sAndroidProspecial: 
06-07 01:33:32.482  3423  3675 I live    : 				sIphoneProspecial: 
06-07 01:33:32.482  3423  3675 I live    : 			}
06-07 01:33:32.482  3423  3675 I live    : 		]
06-07 01:33:32.482  3423  3675 I live    : 		vPropView: 1, [
06-07 01:33:32.482  3423  3675 I live    : 			{
06-07 01:33:32.482  3423  3675 I live    : 				id: 1
06-07 01:33:32.482  3423  3675 I live    : 				name: 生日蛋糕
06-07 01:33:32.482  3423  3675 I live    : 				uids: 0, {}
06-07 01:33:32.482  3423  3675 I live    : 				tips: 生日快乐！！！
06-07 01:33:32.482  3423  3675 I live    : 				gameids: 0, {}
06-07 01:33:32.482  3423  3675 I live    : 			}
06-07 01:33:32.482  3423  3675 I live    : 		]
06-07 01:33:32.482  3423  3675 I live    : 		sPropsToolTip: 生日快乐！！！
06-07 01:33:32.482  3423  3675 I live    : 		tSpecialInfo: {
06-07 01:33:32.482  3423  3675 I live    : 			iFirstSingle: 520
06-07 01:33:32.482  3423  3675 I live    : 			iFirstGroup: 10
06-07 01:33:32.482  3423  3675 I live    : 			sFirstTips: 普通特效
06-07 01:33:32.482  3423  3675 I live    : 			iSecondSingle: 5200
06-07 01:33:32.482  3423  3675 I live    : 			iSecondGroup: 100
06-07 01:33:32.482  3423  3675 I live    : 			sSecondTips: 中级特效
06-07 01:33:32.482  3423  3675 I live    : 			iThirdSingle: 9999
06-07 01:33:32.482  3423  3675 I live    : 			iThirdGroup: 200
06-07 01:33:32.482  3423  3675 I live    : 			sThirdTips: 高级特效
06-07 01:33:32.482  3423  3675 I live    : 			iWorldSingle: 26400
06-07 01:33:32.482  3423  3675 I live    : 			iWorldGroup: 400
06-07 01:33:32.482  3423  3675 I live    : 		}
06-07 01:33:32.482  3423  3675 I live    : 		iFaceUSwitch: 2
06-07 01:33:32.482  3423  3675 I live    : 		iDisplayCd: 3
06-07 01:33:32.482  3423  3675 I live    : 		iCount: 10
06-07 01:33:32.482  3423  3675 I live    : 		iVbCount: 100
06-07 01:33:32.482  3423  3675 I live    : 	}
06-07 01:33:32.482  3423  3675 I live    : 	{
06-07 01:33:32.482  3423  3675 I live    : 		iPropsId: 20208
06-07 01:33:32.482  3423  3675 I live    : 		sPropsName: 生日蛋糕
06-07 01:33:32.482  3423  3675 I live    : 		fPropsYb: 0.1
06-07 01:33:32.482  3423  3675 I live    : 		fPropsGreenBean: 100.0
06-07 01:33:32.482  3423  3675 I live    : 		fPropsWhiteBean: -1.0
06-07 01:33:32.482  3423  3675 I live    : 		vPropsNum: 6, [
06-07 01:33:32.482  3423  3675 I live    : 			10
06-07 01:33:32.482  3423  3675 I live    : 			30
06-07 01:33:32.482  3423  3675 