06-07 01:33:30.460  2481  2560 W System.err: 	at android.os.AsyncTask$2.call(AsyncTask.java:333)
06-07 01:33:30.460  2481  2560 W System.err: 	at java.util.concurrent.FutureTask.run(FutureTask.java:266)
06-07 01:33:30.460  2481  2560 W System.err: 	at java.util.concurrent.ThreadPoolExecutor.runWorker(ThreadPoolExecutor.java:1167)
06-07 01:33:30.460  2481  2560 W System.err: 	at java.util.concurrent.ThreadPoolExecutor$Worker.run(ThreadPoolExecutor.java:641)
06-07 01:33:30.460  2481  2560 W System.err: 	at java.lang.Thread.run(Thread.java:764)
06-07 01:33:30.496  3423  3706 I chatty  : uid=10079(com.duowan.live) expire 1 line
06-07 01:33:30.498  3160  3160 I LTE Embms Link: Using debugTraceId: 116
06-07 01:33:30.498  3160  3160 I LTE Application: onEmbmsServiceConnected() getE911State attempt traceId: 116
06-07 01:33:30.498  3144  3166 I eMBMS  Service: getE911State called
06-07 01:33:30.498  3144  3166 I eMBMS  Service: EmbmsService is not ready
06-07 01:33:30.499  3160  3160 I LTE Application: onEmbmsServiceConnected() Calling getE911State() and waiting for E911Indication attempt : 114 Return Value is :4
06-07 01:33:30.500   781  1354 I chatty  : uid=1046(mediacodec) HwBinder:781_3 expire 8 lines
06-07 01:33:30.521   781  3711 I chatty  : uid=1046(mediacodec) omx@1.0-service expire 1 line
06-07 01:33:30.533  3423  3693 I chatty  : uid=10079(com.duowan.live) MonitorThread-l expire 6 lines
06-07 01:33:30.540   629  3657 D audio_hw_primary: disable_audio_route: usecase(1) reset and update mixer path: low-latency-playback speaker
06-07 01:33:30.542   629  3657 D hardware_info: hw_info_append_hw_type : device_name = speaker
06-07 01:33:30.542   629  3657 D audio_hw_primary: disable_snd_device: snd_device(2: speaker)
06-07 01:33:30.549  3160  3160 I LTE Embms Link: Using debugTraceId: 117
06-07 01:33:30.550  3160  3160 I LTE Application: onEmbmsServiceConnected() getE911State attempt traceId: 117
06-07 01:33:30.550  3144  3166 I eMBMS  Service: getE911State called
06-07 01:33:30.550  3144  3166 I eMBMS  Service: EmbmsService is not ready
06-07 01:33:30.550  3160  3160 I LTE Application: onEmbmsServiceConnected() Calling getE911State() and waiting for E911Indication attempt : 115 Return Value is :4
06-07 01:33:30.600  3160  3160 I LTE Embms Link: Using debugTraceId: 118
06-07 01:33:30.601  3160  3160 I LTE Application: onEmbmsServiceConnected() getE911State attempt traceId: 118
06-07 01:33:30.601  3144  3166 I eMBMS  Service: getE911State called
06-07 01:33:30.601  3144  3166 I eMBMS  Service: EmbmsService is not ready
06-07 01:33:30.601  3160  3160 I LTE Application: onEmbmsServiceConnected() Calling getE911State() and waiting for E911Indication attempt : 116 Return Value is :4
06-07 01:33:30.651  3160  3160 I LTE Embms Link: Using debugTraceId: 119
06-07 01:33:30.652  3160  3160 I LTE Application: onEmbmsServiceConnected() getE911State attempt traceId: 119
06-07 01:33:30.652  3144  3166 I eMBMS  Service: getE911State called
06-07 01:33:30.652  3144  3166 I eMBMS  Service: EmbmsService is not ready
06-07 01:33:30.653  3160  3160 I LTE Application: onEmbmsServiceConnected() Calling getE911State() and waiting for E911Indication attempt : 117 Return Value is :4
06-07 01:33:30.703  3160  3160 I LTE Embms Link: Using debugTraceId: 120
06-07 01:33:30.703  3160  3160 I LTE Application: onEmbmsServiceConnected() getE911State attempt traceId: 120
06-07 01:33:30.704  3144  3166 I eMBMS  Service: getE911State called
06-07 01:33:30.704  3144  3166 I eMBMS  Service: EmbmsService is not ready
06-07 01:33:30.704  3160  3160 I LTE Application: onEmbmsServiceConnected() Calling getE911State() and waiting for E911Indication attempt : 118 Return Value is :4
06-07 01:33:30.708  3423  3714 I chatty  : uid=10079(com.duowan.live) MonitorThread-1 expire 1 line
06-07 01:33:30.737  3423  3713 I chatty  : uid=10079(com.duowan.live) RenderThread expire 8 lines
06-07 01:33:30.756  3160  3160 I LTE Embms Link: Using debugTraceId: 121
06-07 01:33:30.756  3160  3160 I LTE Application: onEmbmsServiceConnected() getE911State attempt traceId: 121
06-07 01:33:30.757  3144  3166 I eMBMS  Service: getE911State called
06-07 01:33:30.757  3144  3166 I eMBMS  Service: EmbmsService is not ready
06-07 01:33:30.758  3160  3160 I LTE Application: onEmbmsServiceConnected() Calling getE911State() and waiting for E911Indication attempt : 119 Return Value is :4
06-07 01:33:30.808  3160  3160 I LTE Embms Link: Using debugTraceId: 122
06-07 01:33:30.808  3160  3160 I LTE Application: onEmbmsServiceConnected() getE911State attempt traceId: 122
06-07 01:33:30.809  3144  3166 I eMBMS  Service: getE911State called
06-07 01:33:30.809  3144  3166 I eMBMS  Service: EmbmsService is not ready
06-07 01:33:30.810  3160  3160 I LTE Application: onEmbmsServiceConnected() Calling getE911State() and waiting for E911Indication attempt : 120 Return Value is :4
06-07 01:33:30.832  3619  3619 E ActivityThread: Failed to find provider info for com.tencent.mm.coolassist.debugprovider
06-07 01:33:30.860  3160  3160 I LTE Embms Link: Using debugTraceId: 123
06-07 01:33:30.860  3160  3160 I LTE Application: onEmbmsServiceConnected() getE911State attempt traceId: 123
06-07 01:33:30.861  3144  3166 I eMBMS  Service: getE911State called
06-07 01:33:30.861  3144  3166 I eMBMS  Service: EmbmsService is not ready
06-07 01:33:30.861  3160  3160 I LTE Application: onEmbmsServiceConnected() Calling getE911State() and waiting for E911Indication attempt : 121 Return Value is :4
06-07 01:33:30.889  3423  3663 I chatty  : uid=10079(com.duowan.live) mLoginThread expire 21 lines
06-07 01:33:30.911  3160  3160 I LTE Embms Link: Using debugTraceId: 124
06-07 01:33:30.911  3160  3160 I LTE Application: onEmbmsServiceConnected() getE911State attempt traceId: 124
06-07 01:33:30.912  3144  3166 I eMBMS  Service: getE911State called
06-07 01:33:30.912  3144  3166 I eMBMS  Service: EmbmsService is not ready
06-07 01:33:30.912  3160  3160 I LTE Application: onEmbmsServiceConnected() Calling getE911State() and waiting for E911Indication attempt : 122 Return Value is :4
06-07 01:33:30.916  3270  3288 I ox:bdservice_v: WaitForGcToComplete blocked ProfileSaver on AddRemoveAppImageSpace for 497.436ms
06-07 01:33:30.921  3423  3677 I chatty  : uid=10079(com.duowan.live) sqlLite expire 5 lines
06-07 01:33:30.926   655   655 D QCOM PowerHAL: LAUNCH HINT: OFF
06-07 01:33:30.913   930  1028 I ActivityManager: Displayed com.duowan.live/.startup.SplashActivity: +3s631ms
06-07 01:33:30.950  3619  3619 I MMKV    : <MMKV.cpp:192::initialize> page size:4096
06-07 01:33:30.950  3619  3619 I MMKV    : <MMKV.cpp:206::initializeMMKV> root dir: /data/user/0/com.tencent.mm/files/mmkv
06-07 01:33:30.962  3160  3160 I LTE Embms Link: Using debugTraceId: 125
06-07 01:33:30.962  3160  3160 I LTE Application: onEmbmsServiceConnected() getE911State attempt traceId: 125
06-07 01:33:30.963  3144  3166 I eMBMS  Service: getE911State called
06-07 01:33:30.963  3144  3166 I eMBMS  Service: EmbmsService is not ready
06-07 01:33:30.963  3160  3160 I LTE Application: onEmbmsServiceConnected() Calling getE911State() and waiting for E911Indication attempt : 123 Return Value is :4
06-07 01:33:30.964  3423  3633 I live    : deliverResponse, cacheKey = getIMMsgHistory, fromCache = false(P:3423)(T:142)(C:HttpFunction)at (HttpFunction.java:186)
06-07 01:33:30.976  3423  3562 I udbauth : msg id is b000015
06-07 01:33:30.976  3423  3562 I udbauth : UdbMsgHandler  receive msg
06-07 01:33:30.976  3423  3562 I udbauth : HandlerDecodeVerifyHyTk receive
06-07 01:33:30.977  3423  3562 E udbauth : verify ret is0
06-07 01:33:30.983  3423  3562 I udbauth : MarsCallBackResponse: call
06-07 01:33:30.983  3423  3601 I udbauth : msg process is 200b
06-07 01:33:30.984  3423  3601 I udbauth : UdbMsgHandler  receive msg
06-07 01:33:30.984  3423  3601 I udbauth : HandlerResponseLoginAnonymouse  receive msg
06-07 01:33:30.984  3423  3601 I udbauth : msg id is 9000005
06-07 01:33:30.984  3423  3601 I udbauth : HandlerReport  receive msg
06-07 01:33:30.984  3423  3601 I udbauth : HandlerReport report is {"app_ver":"3.0.3","appid":"5109","bypass":3,"carrier_type":4,"channel":"3423","device_id":"352693080367655","device_name":"AOSP on msm8996","level":1,"local_time":1559871210984,"net_state":0,"net_type":4,"requestId":878520,"rescode":"0","rsp_time":350,"sdk_ver":"109c3b4ab5bc4c600bafb7f6a7fdce15c84060fc73c1819fc8f31da9","server_host":"unknow","system_info":"android","system_ver":"AOSP on msm8996,28,9","term_type":1,"uid":1425857403335,"uri":"hyanonymousLogin"}, now is pushing
06-07 01:33:30.984  3423  3601 I udbauth : msg process is 2
06-07 01:33:30.985  3423  3601 I udbauth : PlatFormMsgHandler  receive msg
06-07 01:33:30.985  3423  3601 I udbauth : AndroidMsgHandler  receive msg
06-07 01:33:30.986  3423  3601 I udbauth : receiveMsg: call{"header":{"description":"","message":"","ret":0},"uid":1425857403335}
06-07 01:33:30.991  3423  3487 I kiwi    : statusCode 200(P:3423)(T:HttpDnsThread-2-3722)(C:DnsTask)
06-07 01:33:31.007  3423  3487 D kiwi    : from net queryHttpDnsRsp = mDomain2Ip: 19, {
06-07 01:33:31.007  3423  3487 D kiwi    : 	(
06-07 01:33:31.007  3423  3487 D kiwi    : 		al.p2p.huya.com
06-07 01:33:31.007  3423  3487 D kiwi    : 		{
06-07 01:33:31.007  3423  3487 D kiwi    : 			vIp: 0, []
06-07 01:33:31.007  3423  3487 D kiwi    : 			iExpireTime: 0
06-07 01:33:31.007  3423  3487 D kiwi    : 		}
06-07 01:33:31.007  3423  3487 D kiwi    : 	)
06-07 01:33:31.007  3423  3487 D kiwi    : 	(
06-07 01:33:31.007  3423  3487 D kiwi    : 		cdnws.api.huya.com
06-07 01:33:31.007  3423  3487 D kiwi    : 		{
06-07 01:33:31.007  3423  3487 D kiwi    : 			vIp: 5, [
06-07 01:33:31.007  3423  3487 D kiwi    : 				180.88.61.149
06-07 01:33:31.007  3423  3487 D kiwi    : 				124.14.2.91
06-07 01:33:31.007  3423  3487 D kiwi    : 				180.88.61.151
06-07 01:33:31.007  3423  3487 D kiwi    : 				124.14.2.89
06-07 01:33:31.007  3423  3487 D kiwi    : 				180.88.61.154
06-07 01:33:31.007  3423  3487 D kiwi    : 			]
06-07 01:33:31.007  3423  3487 D kiwi    : 			iExpireTime: 259200
06-07 01:33:31.007  3423  3487 D kiwi    : 		}
06-07 01:33:31.007  3423  3487 D kiwi    : 	)
06-07 01:33:31.007  3423  3487 D kiwi    : 	(
06-07 01:33:31.007  3423  3487 D kiwi    : 		js.flv.huya.com
06-07 01:33:31.007  3423  3487 D kiwi    : 		{
06-07 01:33:31.007  3423  3487 D kiwi    : 			vIp: 0, []
06-07 01:33:31.007  3423  3487 D kiwi    : 			iExpireTime: 0
06-07 01:33:31.007  3423  3487 D kiwi    : 		}
06-07 01:33:31.007  3423  3487 D kiwi    : 	)
06-07 01:33:31.007  3423  3487 D kiwi    : 	(
06-07 01:33:31.007  3423  3487 D kiwi    : 		tx.flv.huya.com
06-07 01:33:31.007  3423  3487 D kiwi    : 		{
06-07 01:33:31.007  3423  3487 D kiwi    : 			vIp: 0, []
06-07 01:33:31.007  3423  3487 D kiwi    : 			iExpireTime: 0
06-07 01:33:31.007  3423  3487 D kiwi    : 		}
06-07 01:33:31.007  3423  3487 D kiwi    : 	)
06-07 01:33:31.007  3423  3487 D kiwi    : 	(
06-07 01:33:31.007  3423  3487 D kiwi    : 		ws.stream.huya.com
06-07 01:33:31.007  3423  3487 D kiwi    : 		{
06-07 01:33:31.007  3423  3487 D kiwi    : 			vIp: 0, []
06-07 01:33:31.007  3423  3487 D kiwi    : 			iExpireTime: 0
06-07 01:33:31.007  3423  3487 D kiwi    : 		}
06-07 01:33:31.007  3423  3487 D kiwi    : 	)
06-07 01:33:31.007  3423  3487 D kiwi    : 	(
06-07 01:33:31.007  3423  3487 D kiwi    : 		ws3.stream.huya.com
06-07 01:33:31.007  3423  3487 D kiwi    : 		{
06-07 01:33:31.007  3423  3487 D kiwi    : 			vIp: 0, []
06-07 01:33:31.007  3423  3487 D kiwi    : 			iExpireTime: 0
06-07 01:33:31.007  3423  3487 D kiwi    : 		}
06-07 01:33:31.007  3423  3487 D kiwi    : 	)
06-07 01:33:31.007  3423  3487 D kiwi    : 	(
06-07 01:33:31.007  3423  3487 D kiwi    : 		ws4.stream.huya.com
06-07 01:33:31.007  3423  3487 D kiwi    : 		{
06-07 01:33:31.007  3423  3487 D kiwi    : 			vIp: 0, []
06-07 01:33:31.007  3423  3487 D kiwi    : 			iExpireTime: 0
06-07 01:33:31.007  3423  3487 D kiwi    : 		}
06-07 01:33:31.007  3423  3487 D kiwi    : 	)
06-07 01:33:31.007  3423  3487 D kiwi    : 	(
06-07 01:33:31.007  3423  3487 D kiwi    : 		al.flv.huya.com
06-07 01:33:31.007  3423  3487 D kiwi    : 		{
06-07 01:33:31.007  3423  3487 D kiwi    : 			vIp: 0, []
06-07 01:33:31.007  3423  3487 D kiwi    : 			iExpireTime: 0
06-07 01:33:31.007  3423  3487 D kiwi    : 		}
06-07 01:33:31.007  3423  3487 D kiwi    : 	)
06-07 01:33:31.007  3423  3487 D kiwi    : 	(
06-07 01:33:31.007  3423  3487 D kiwi    : 		tx.p2p.huya.com
06-07 01:33:31.007  3423  3487 D kiwi    : 		{
06-07 01:33:31.007  3423  3487 D kiwi    : 			vIp: 0, []
06-07 01:33:31.007  3423  3487 D kiwi    : 			iExpireTime: 0
06-07 01:33:31.007  3423  3487 D kiwi    : 		}
06-07 01:33:31.007  3423  3487 D kiwi    : 	)
06-07 01:33:31.007  3423  3487 D kiwi    : 	(
06-07 01:33:31.007  3423  3487 D kiwi    : 		ws.p2p.huya.com
06-07 01:33:31.007  3423  3487 D kiwi    : 		{
06-07 01:33:31.007  3423  3487 D kiwi    : 			vIp: 0, []
06-07 01:33:31.007  3423  3487 D kiwi    : 			iExpireTime: 0
06-07 01:33:31.007  3423  3487 D kiwi    : 		}
06-07 01:33:31.007  3423  3487 D kiwi    : 	)
06-07 01:33:31.007  3423  3487 D kiwi    : 	(
06-07 01:33:31.007  3423  3487 D kiwi    : 		wsapi.master.live
06-07 01:33:31.007  3423  3487 D kiwi    : 		{
06-07 01:33:31.007  3423  3487 D kiwi    : 			vIp: 5, [
06-07 01:33:31.007  3423  3487 D kiwi    : 				180.88.61.154
06-07 01:33:31.007  3423  3487 D kiwi    : 				124.14.2.89
06-07 01:33:31.007  3423  3487 D kiwi    : 				180.88.61.151
06-07 01:33:31.007  3423  3487 D kiwi    : 				124.14.2.91
06-07 01:33:31.007  3423  3487 D kiwi    : 				180.88.61.149
06-07 01:33:31.007  3423  3487 D kiwi    : 			]
06-07 01:33:31.007  3423  3487 D kiwi    : 			iExpireTime: 259200
06-07 01:33:31.007  3423  3487 D kiwi    : 		}
06-07 01:33:31.007  3423  3487 D kiwi    : 	)
06-07 01:33:31.007  3423  3487 D kiwi    : 	(
06-07 01:33:31.007  3423  3487 D kiwi    : 		txdirect.flv.huya.com
06-07 01:33:31.007  3423  3487 D kiwi    : 		{
06-07 01:33:31.007  3423  3487 D kiwi    : 			vIp: 0, []
06-07 01:33:31.007  3423  3487 D kiwi    : 			iExpireTime: 0
06-07 01:33:31.007  3423  3487 D kiwi    : 		}
06-07 01:33:31.007  3423  3487 D kiwi    : 	)
06-07 01:33:31.007  3423  3487 D kiwi    : 	(
06-07 01:33:31.007  3423  3487 D kiwi    : 		tx2.p2p.huya.com
06-07 01:33:31.007  3423  3487 D kiwi    : 		{
06-07 01:33:31.007  3423  3487 D kiwi    : 			vIp: 0, []
06-07 01:33:31.007  3423  3487 D kiwi    : 			iExpireTime: 0
06-07 01:33:31.007  3423  3487 D kiwi    : 		}
06-07 01:33:31.007  3423  3487 D kiwi    : 	)
06-07 01:33:31.007  3423  3487 D kiwi    : 	(
06-07 01:33:31.007  3423  3487 D kiwi    : 		tx1.p2p.huya.com
06-07 01:33:31.007  3423  3487 D kiwi    : 		{
06-07 01:33:31.007  3423  3487 D kiwi    : 			vIp: 0, []
06-07 01:33:31.007  3423  3487 D kiwi    : 			iExpireTime: 0
06-07 01:33:31.007  3423  3487 D kiwi    : 		}
06-07 01:33:31.007  3423  3487 D kiwi    : 	)
06-07 01:33:31.007  3423  3487 D kiwi    : 	(
06-07 01:33:31.007  3423  3487 D kiwi    : 		txdwk.flv.huya.com
06-07 01:33:31.007  3423  3487 D kiwi    : 		{
06-07 01:33:31.007  3423  3487 D kiwi    : 			vIp: 0, []
06-07 01:33:31.007  3423  3487 D kiwi    : 			iExpireTime: 0
06-07 01:33:31.007  3423  3487 D kiwi    : 		}
06-07 01:33:31.007  3423  3487 D kiwi    : 	)
06-07 01:33:31.007  3423  3487 D kiwi    : 	(
06-07 01:33:31.007  3423  3487 D kiwi    : 		aldirect.flv.huya.com
06-07 01:33:31.007  3423  3487 D kiwi    : 		{
06-07 01:33:31.007  3423  3487 D kiwi    : 			vIp: 0, []
06-07 01:33:31.007  3423  3487 D kiwi    : 			iExpireTime: 0
06-07 01:33:31.007  3423  3487 D kiwi    : 		}
06-07 01:33:31.007  3423  3487 D kiwi    : 	)
06-07 01:33:31.007  3423  3487 D kiwi    : 	(
06-07 01:33:31.007  3423  3487 D kiwi    : 		cdn.wup.huya.com
06-07 01:33:31.007  3423  3487 D kiwi    : 		{
06-07 01:33:31.007  3423  3487 D kiwi    : 			vIp: 5, [
06-07 01:33:31.007  3423  3487 D kiwi    : 				180.88.61.154
06-07 01:33:31.007  3423  3487 D kiwi    : 				124.14.2.91
06-07 01:33:31.007  3423  3487 D kiwi    : 				180.88.61.149
06-07 01:33:31.007  3423  3487 D kiwi    : 				124.14.2.89
06-07 01:33:31.007  3423  3487 D kiwi    : 				180.88.61.151
06-07 01:33:31.007  3423  3487 D kiwi    : 			]
06-07 01:33:31.007  3423  3487 D kiwi    : 			iExpireTime: 259200
06-07 01:33:31.007  3423  3487 D kiwi    : 		}
06-07 01:33:31.007  3423  3487 D kiwi    : 	)
06-07 01:33:31.007  3423  3487 D kiwi    : 	(
06-07 01:33:31.007  3423  3487 D kiwi    : 		js.p2p.huya.com
06-07 01:33:31.007  3423  3487 D kiwi    : 		{
06-07 01:33:31.007  3423  3487 D kiwi    : 			vIp: 0, []
06-07 01:33:31.007  3423  3487 D kiwi    : 			iExpireTime: 0
06-07 01:33:31.007  3423  3487 D kiwi    : 		}
06-07 01:33:31.007  3423  3487 D kiwi    : 	)
06-07 01:33:31.007  3423  3487 D kiwi    : 	(
06-07 01:33:31.007  3423  3487 D kiwi    : 		txdwk.p2p.huya.com
06-07 01:33:31.007  3423  3487 D kiwi    : 		{
06-07 01:33:31.007  3423  3487 D kiwi    : 			vIp: 0, []
06-07 01:33:31.007  3423  3487 D kiwi    : 			iExpireTime: 0
06-07 01:33:31.007  3423  3487 D kiwi    : 		}
06-07 01:33:31.007  3423  3487 D kiwi    : 	)
06-07 01:33:31.007  3423  3487 D kiwi    : }
06-07 01:33:31.007  3423  3487 D kiwi    : (P:3423)(T:HttpDnsThread-2-3722)(C:DnsTask)
06-07 01:33:31.012  3423  3487 I kiwi    : reportNetRequestStat HttpDnsNetRequestStat{responseTime=176.0, domainName='allDomains', iSuccess=0, iRetCode=200, error='null', localDnsIPs=[220.112.197.91], localDnsCostTime=0, connectCostTime=79, sendCostTime=80, ipConnectCostTime=79, ipSendCostTime=80, ipResponseTime=173, currentRetryCount=0, currentIp='https://220.112.197.91', hasLocalDnsIPs=true, isNetworkAvailable=true}(P:3423)(T:HttpDnsThread-2-3722)(C:HyHttpDns)
06-07 01:33:31.014  3160  3160 I LTE Embms Link: Using debugTraceId: 126
06-07 01:33:31.014  3160  3160 I LTE Application: onEmbmsServiceConnected() getE911State attempt traceId: 126
06-07 01:33:31.014  3144  3166 I eMBMS  Service: getE911State called
06-07 01:33:31.014  3144  3166 I eMBMS  Service: EmbmsService is not ready
06-07 01:33:31.014  3160  3160 I LTE Application: onEmbmsServiceConnected() Calling getE911State() and waiting for E911Indication attempt : 124 Return Value is :4
06-07 01:33:31.024  3423  3663 I live    : loginSuccess，匿名登录:1425857403335(P:3423)(T:153)(C:LoginModule)at (LoginModule.java:837)
06-07 01:33:31.025  3423  3492 I live    : parsePresenterConfig(P:3423)(T:82)(C:LiveModule)at (PresenterConfigHelper.java:163)
06-07 01:33:31.027  3423  3492 I live    : setExperimentConfig exp_upload_frameseq_continue.1(P:3423)(T:82)(C:LiveModule)at (PresenterConfigHelper.java:110)
06-07 01:33:31.032   930  1184 W BestClock: java.time.DateTimeException: Missing NTP fix
06-07 01:33:31.046  3423  3492 I live    : 码率:RateInfo{mWidth=0, mHeight=0, mBitRate=0, mFrameRate=0, mChannelId=10057}(P:3423)(T:82)(C:LiveModule)at (PresenterConfigHelper.java:575)
06-07 01:33:31.047  3423  3492 I live    : 码率:RateInfo{mWidth=0, mHeight=158, mBitRate=100, mFrameRate=12, mChannelId=22024}(P:3423)(T:82)(C:LiveModule)at (PresenterConfigHelper.java:575)
06-07 01:33:31.048  3423  3492 I live    : 码率:RateInfo{mWidth=0, mHeight=450, mBitRate=500, mFrameRate=24, mChannelId=100570500}(P:3423)(T:82)(C:LiveModule)at (PresenterConfigHelper.java:575)
06-07 01:33:31.048  3423  3492 I live    : 码率:RateInfo{mWidth=0, mHeight=540, mBitRate=800, mFrameRate=24, mChannelId=100570800}(P:3423)(T:82)(C:LiveModule)at (PresenterConfigHelper.java:575)
06-07 01:33:31.049  3423  3492 I live    : 码率:RateInfo{mWidth=0, mHeight=540, mBitRate=1000, mFrameRate=30, mChannelId=22001}(P:3423)(T:82)(C:LiveModule)at (PresenterConfigHelper.java:575)
06-07 01:33:31.049  3423  3492 I live    : 码率:RateInfo{mWidth=0, mHeight=720, mBitRate=1200, mFrameRate=30, mChannelId=100571200}(P:3423)(T:82)(C:LiveModule)at (PresenterConfigHelper.java:575)
06-07 01:33:31.050  3423  3492 I live    : 码率:RateInfo{mWidth=0, mHeight=1080, mBitRate=1500, mFrameRate=30, mChannelId=100571500}(P:3423)(T:82)(C:LiveModule)at (PresenterConfigHelper.java:575)
06-07 01:33:31.050  3423  3492 I live    : 码率:RateInfo{mWidth=0, mHeight=1080, mBitRate=2000, mFrameRate=30, mChannelId=100572000}(P:3423)(T:82)(C:LiveModule)at (PresenterConfigHelper.java:575)
06-07 01:33:31.055  3423  3492 I live    : 码率:RateInfo{mWidth=0, mHeight=1080, mBitRate=2500, mFrameRate=30, mChannelId=22002}(P:3423)(T:82)(C:LiveModule)at (PresenterConfigHelper.java:575)
06-07 01:33:31.056  3423  3492 I live    : 码率:RateInfo{mWidth=0, mHeight=1440, mBitRate=3000, mFrameRate=0, mChannelId=22003}(P:3423)(T:82)(C:LiveModule)at (PresenterConfigHelper.java:575)
06-07 01:33:31.057  3423  3492 I live    : 码率:RateInfo{mWidth=0, mHeight=1440, mBitRate=3500, mFrameRate=0, mChannelId=22004}(P:3423)(T:82)(C:LiveModule)at (PresenterConfigHelper.java:575)
06-07 01:33:31.057  3423  3492 I live    : 码率:RateInfo{mWidth=0, mHeight=0, mBitRate=4000, mFrameRate=0, mChannelId=22005}(P:3423)(T:82)(C:LiveModule)at (PresenterConfigHelper.java:575)
06-07 01:33:31.064  3423  3492 I live    : 码率:RateInfo{mWidth=0, mHeight=0, mBitRate=4500, mFrameRate=0, mChannelId=22006}(P:3423)(T:82)(C:LiveModule)at (PresenterConfigHelper.java:575)
06-07 01:33:31.065  3423  3492 I live    : 码率:RateInfo{mWidth=0, mHeight=0, mBitRate=6500, mFrameRate=0, mChannelId=22007}(P:3423)(T:82)(C:LiveModule)at (PresenterConfigHelper.java:575)
06-07 01:33:31.065  3160  3160 I LTE Embms Link: Using debugTraceId: 127
06-07 01:33:31.065  3160  3160 I LTE Application: onEmbmsServiceConnected() getE911State attempt traceId: 127
06-07 01:33:31.065  3423  3492 I live    : 码率:RateInfo{mWidth=0, mHeight=0, mBitRate=8500, mFrameRate=0, mChannelId=22008}(P:3423)(T:82)(C:LiveModule)at (PresenterConfigHelper.java:575)
06-07 01:33:31.065  3144  3166 I eMBMS  Service: getE911State called
06-07 01:33:31.065  3144  3166 I eMBMS  Service: EmbmsService is not ready
06-07 01:33:31.066  3160  3160 I LTE Application: onEmbmsServiceConnected() Calling getE911State() and waiting for E911Indication attempt : 125 Return Value is :4
06-07 01:33:31.071  3423  3492 I live    : onSplashTimeout()(P:3423)(T:82)(C:SplashActivity)at (SplashActivity.java:252)
06-07 01:33:31.071  3423  3492 I live    : onSplashTimeout() gotLive(P:3423)(T:82)(C:SplashActivity)at (SplashActivity.java:274)
06-07 01:33:31.085  3423  3487 D kiwi    : deliverResult DnsTask  key = [] dnsTask = com.huya.httpdns.dns.DnsTask@a26ec1(P:3423)(T:HttpDnsThread-2-3722)(C:DnsTask)
06-07 01:33:31.086  3423  3720 I udbauth : msg id is b000003
06-07 01:33:31.086  3423  3720 I udbauth : UdbMsgHandler  receive msg
06-07 01:33:31.086  3423  3720 I udbauth : HandlerGetTicket  receive msg
06-07 01:33:31.104   930  1184 W BestClock: java.time.DateTimeException: Missing NTP fix
06-07 01:33:31.112  2629  2913 I com.qiyi.video: IncrementDisableThreadFlip blocked for 26.563ms
06-07 01:33:31.116  3160  3160 I LTE Embms Link: Using debugTraceId: 128
06-07 01:33:31.116  3160  3160 I LTE Application: onEmbmsServiceConnected() getE911State attempt traceId: 128
06-07 01:33:31.116  3144  3166 I eMBMS  Service: getE911State called
06-07 01:33:31.116  3144  3166 I eMBMS  Service: EmbmsService is not ready
06-07 01:33:31.117  3160  3160 I LTE Application: onEmbmsServiceConnected() Calling getE911State() and waiting for E911Indication attempt : 126 Return Value is :4
06-07 01:33:31.118  2629  2748 I com.qiyi.video: IncrementDisableThreadFlip blocked for 5.485ms
06-07 01:33:31.120   930  1186 W BestClock: java.time.DateTimeException: Missing NTP fix
06-07 01:33:31.156  3423  3487 D kiwi    : lock key = [], lock =java.util.concurrent.locks.ReentrantLock@27220b[Unlocked](P:3423)(T:HttpDnsThread-2-3722)(C:SegmentLock)
06-07 01:33:31.163  3303  3329 I eme:pushservic: Waiting for a blocking GC ProfileSaver
06-07 01:33:31.166  3423  3720 I udbauth : msg id is b000003
06-07 01:33:31.167  3160  3160 I LTE Embms Link: Using debugTraceId: 129
06-07 01:33:31.167  3160  3160 I LTE Application: onEmbmsServiceConnected() getE911State attempt traceId: 129
06-07 01:33:31.167  3423  3720 I udbauth : UdbMsgHandler  receive msg
06-07 01:33:31.167  3423  3720 I udbauth : HandlerGetTicket  receive msg
06-07 01:33:31.167  3144  3166 I eMBMS  Service: getE911State called
06-07 01:33:31.167  3144  3166 I eMBMS  Service: EmbmsService is not ready
06-07 01:33:31.168  3160  3160 I LTE Application: onEmbmsServiceConnected() Calling getE911State() and waiting for E911Indication attempt : 127 Return Value is :4
06-07 01:33:31.193  3423  3487 D kiwi    : saveToDisk mNeedTrrigleSave = false(P:3423)(T:HttpDnsThread-2-3722)(C:HyHttpDns)
06-07 01:33:31.195  3423  3487 D kiwi    : unlock key = [], lock =java.util.concurrent.locks.ReentrantLock@27220b[Locked by thread HttpDnsThread-2](P:3423)(T:HttpDnsThread-2-3722)(C:SegmentLock)
06-07 01:33:31.207  3619  3619 W jni crash monitor: JNI_OnLoad
06-07 01:33:31.218  3160  3160 I LTE Embms Link: Using debugTraceId: 130
06-07 01:33:31.218  3160  3160 I LTE Application: onEmbmsServiceConnected() getE911State attempt traceId: 130
06-07 01:33:31.218  3144  3166 I eMBMS  Service: getE911State called
06-07 01:33:31.218  3144  3166 I eMBMS  Service: EmbmsService is not ready
06-07 01:33:31.219  3160  3160 I LTE Application: onEmbmsServiceConnected() Calling getE911State() and waiting for E911Indication attempt : 128 Return Value is :4
06-07 01:33:31.238   930  1260 I ActivityManager: START u0 {flg=0x24000000 cmp=com.duowan.live/.live.channelsetting.ChannelSettingActivity (has extras)} from uid 10079
06-07 01:33:31.244   655   655 D QCOM PowerHAL: LAUNCH HINT: ON
06-07 01:33:31.246   655   655 D QCOM PowerHAL: Activity launch hint handled
06-07 01:33:31.266  3423  3423 I live    : paused: startup.SplashActivity(P:3423)(T:2)(C:BaseApp)at (BaseApp.java:140)
06-07 01:33:31.267  3423  3487 D kiwi    : mLastMsgIdForQuery is 0, return(P:3423)(T:HySignalWrapperReqThread-3616)(C:com.huya.hysignalwrapper.HySignalHistoryMsgPuller:uid)
06-07 01:33:31.269  3160  3160 I LTE Embms Link: Using debugTraceId: 131
06-07 01:33:31.269  3160  3160 I LTE Application: onEmbmsServiceConnected() getE911State attempt traceId: 131
06-07 01:33:31.270  3144  3166 I eMBMS  Service: getE911State called
06-07 01:33:31.270  3144  3166 I eMBMS  Service: EmbmsService is not ready
06-07 01:33:31.270  3160  3160 I LTE Application: onEmbmsServiceConnected() Calling getE911State() and waiting for E911Indication attempt : 129 Return Value is :4
06-07 01:33:31.273  3423  3487 I kiwi    : query push msg finish(P:3423)(T:HySignalWrapperReqThread-3616)(C:com.huya.hysignalwrapper.HySignalHistoryMsgPuller:uid)
06-07 01:33:31.275  3423  3487 I kiwi    : updateUserExp = iResCode: 0
06-07 01:33:31.275  3423  3487 I kiwi    : (P:3423)(T:HySignalWrapperRspThread-3618)(C:HySignalWrapper)
06-07 01:33:31.278  3423  3493 I live    : getUserProfile(P:3423)(T:83)(C:AnchorModule)at (AnchorModule.java:763)
06-07 01:33:31.280  3423  3487 D kiwi    : real saveToDisk networkName = wifi-"Juice"(P:3423)(T:HyHttpDnsThread-3558)(C:HyHttpDns)
06-07 01:33:31.282  3423  3423 I live    : report: eid startup eDes 会话启动(P:3423)(T:2)(C:Report)at (Report.java:50)
06-07 01:33:31.284  3423  3647 D TaskDataDBManager: saveTask CostTime:1
06-07 01:33:31.284  3423  3493 I udbauth : msg id is b000003
06-07 01:33:31.285  3423  3493 I udbauth : UdbMsgHandler  receive msg
06-07 01:33:31.285  3423  3493 I udbauth : HandlerGetTicket  receive msg
06-07 01:33:31.288  3423  3493 I live    : execute, cacheKey = getUserProfile, cacheType = AsConfig(P:3423)(T:83)(C:HttpFunction)at (HttpFunction.java:121)
06-07 01:33:31.289  3423  3493 I live    : [execute] currentExecutor = com.duowan.networkmars.hysignal.HySignalExecutor@8dc7603, cacheKey = getUserProfile(P:3423)(T:83)(C:FunctionExecutorQueue)at (FunctionExecutorQueue.java:87)
06-07 01:33:31.292  3423  3423 W ActivityThread: handleWindowVisibility: no activity for token android.os.BinderProxy@5add47f
06-07 01:33:31.294  3423  3493 I udbauth : msg id is b000003
06-07 01:33:31.295  3423  3493 I udbauth : UdbMsgHandler  receive msg
06-07 01:33:31.295  3423  3493 I udbauth : HandlerGetTicket  receive msg
06-07 01:33:31.320  3160  3160 I LTE Embms Link: Using debugTraceId: 132
06-07 01:33:31.321  3160  3160 I LTE Application: onEmbmsServiceConnected() getE911State attempt traceId: 132
06-07 01:33:31.321  3144  3166 I eMBMS  Service: getE911State called
06-07 01:33:31.321  3144  3166 I eMBMS  Service: EmbmsService is not ready
06-07 01:33:31.321  3160  3160 I LTE Application: onEmbmsServiceConnected() Calling getE911State() and waiting for E911Indication attempt : 130 Return Value is :4
06-07 01:33:31.321  3303  3329 I eme:pushservic: WaitForGcToComplete blocked ProfileSaver on AddRemoveAppImageSpace for 158.767ms
06-07 01:33:31.325  3423  3675 I live    : deliverResponse, cacheKey = getUserProfile, fromCache = false(P:3423)(T:161)(C:HttpFunction)at (HttpFunction.java:186)
06-07 01:33:31.326  3423  3675 I live    : getUserProfile success(P:3423)(T:161)(C:AnchorModule)at (AnchorModule.java:776)
06-07 01:33:31.329  3423  3493 I live    : execute, cacheKey = getPresenterVeriInfo, cacheType = AsConfig(P:3423)(T:83)(C:HttpFunction)at (HttpFunction.java:121)
06-07 01:33:31.330  3423  3423 I live    : ChannelSettingActivity onCreate, time=1559871211330(P:3423)(T:2)(C:ChannelSettingActivity)at (ChannelSettingActivity.java:-2)
06-07 01:33:31.333  3423  3493 I live    : [execute] currentExecutor = com.duowan.networkmars.hysignal.HySignalExecutor@8dc7603, cacheKey = getPresenterVeriInfo(P:3423)(T:83)(C:FunctionExecutorQueue)at (FunctionExecutorQueue.java:87)
06-07 01:33:31.371  3160  3160 I LTE Embms Link: Using debugTraceId: 133
06-07 01:33:31.372  3160  3160 I LTE Application: onEmbmsServiceConnected() getE911State attempt traceId: 133
06-07 01:33:31.372  3144  3166 I eMBMS  Service: getE911State called
06-07 01:33:31.372  3144  3166 I eMBMS  Service: EmbmsService is not ready
06-07 01:33:31.372  3160  3160 I LTE Application: onEmbmsServiceConnected() Calling getE911State() and waiting for E911Indication attempt : 131 Return Value is :4
06-07 01:33:31.383  3423  3493 I live    : eventId = startup, desc = 会话启动, type = null, prop = null(P:3423)(T:83)(C:HuyaStatisApi)at (HuyaStatisApi.java:201)
06-07 01:33:31.397  3423  3674 I live    : deliverResponse, cacheKey = getPresenterVeriInfo, fromCache = false(P:3423)(T:160)(C:HttpFunction)at (HttpFunction.java:186)
06-07 01:33:31.400  3423  3647 D TaskDataDBManager: saveTask CostTime:0
06-07 01:33:31.412   661   745 I ThermalEngine: vs_get_temperature: read[0] tsens_tz_sensor15 56000 mC, weight[0] 1
06-07 01:33:31.412   661   745 I ThermalEngine: vs_get_temperature: read[1] tsens_tz_sensor0 61000 mC, weight[1] -1
06-07 01:33:31.423  3160  3160 I LTE Embms Link: Using debugTraceId: 134
06-07 01:33:31.424  3160  3160 I LTE Application: onEmbmsServiceConnected() getE911State attempt traceId: 134
06-07 01:33:31.424  3144  3166 I eMBMS  Service: getE911State called
06-07 01:33:31.424  3144  3166 I eMBMS  Service: EmbmsService is not ready
06-07 01:33:31.424  3160  3160 I LTE Application: onEmbmsServiceConnected() Calling getE911State() and waiting for E911Indication attempt : 132 Return Value is :4
06-07 01:33:31.433  3423  3493 I live    : yy = 2375323431, nickName = K(P:3423)(T:83)(C:LoginModule_UserInfoModule)at (UserInfoModule.java:98)
06-07 01:33:31.433  3423  3536 E Volley  : [106] NetworkDispatcher.run: Unhandled exception java.lang.RuntimeException: Bad URL 
06-07 01:33:31.433  3423  3536 E Volley  : java.lang.RuntimeException: Bad URL 
06-07 01:33:31.433  3423  3536 E Volley  : 	at com.android.volley.toolbox.BasicNetwork.performRequest(BasicNetwork.java:144)
06-07 01:33:31.433  3423  3536 E Volley  : 	at com.android.volley.NetworkDispatcher.run(NetworkDispatcher.java:112)
06-07 01:33:31.433  3423  3536 E Volley  : Caused by: java.net.MalformedURLException: no protocol: 
06-07 01:33:31.433  3423  3536 E Volley  : 	at java.net.URL.<init>(URL.java:601)
06-07 01:33:31.433  3423  3536 E Volley  : 	at java.net.URL.<init>(URL.java:498)
06-07 01:33:31.433  3423  3536 E Volley  : 	at java.net.URL.<init>(URL.java:447)
06-07 01:33:31.433  3423  3536 E Volley  : 	at com.android.volley.toolbox.HurlStack.performRequest(HurlStack.java:101)
06-07 01:33:31.433  3423  3536 E Volley  : 	at com.android.volley.toolbox.BasicNetwork.performRequest(BasicNetwork.java:96)
06-07 01:33:31.433  3423  3536 E Volley  : 	... 1 more
06-07 01:33:31.435  3423  3435 I com.duowan.liv: Background concurrent copying GC freed 60061(3MB) AllocSpace objects, 12(360KB) LOS objects, 49% free, 4MB/9MB, paused 416us total 534.340ms
06-07 01:33:31.444  3423  3433 W System  : A resource failed to call end. 
06-07 01:33:31.466  3423  3750 I TableUtils: creating table 'account_V2.0'
06-07 01:33:31.474  3160  3160 I LTE Embms Link: Using debugTraceId: 135
06-07 01:33:31.475  3160  3160 I LTE Application: onEmbmsServiceConnected() getE911State attempt traceId: 135
06-07 01:33:31.479  3144  3166 I eMBMS  Service: getE911State called
06-07 01:33:31.479  3144  3166 I eMBMS  Service: EmbmsService is not ready
06-07 01:33:31.479  3160  3160 I LTE Application: onEmbmsServiceConnected() Calling getE911State() and waiting for E911Indication attempt : 133 Return Value is :4
06-07 01:33:31.507   930  2370 D NetworkMonitor/NetworkAgentInfo [WIFI () - 100]: PROBE_FALLBACK http://www.google.com/gen_204 Probe failed with exception java.net.SocketTimeoutException: failed to connect to /67.228.102.32 (port 80) from /192.168.0.12 (port 40024) after 10000ms
06-07 01:33:31.508   930  1204 D ConnectivityService: NetworkAgentInfo [WIFI () - 100] validation failed
06-07 01:33:31.530  3160  3160 I LTE Embms Link: Using debugTraceId: 136
06-07 01:33:31.530  3160  3160 I LTE Application: onEmbmsServiceConnected() getE911State attempt traceId: 136
06-07 01:33:31.536  3144  3166 I eMBMS  Service: getE911State called
06-07 01:33:31.536  3144  3166 I eMBMS  Service: EmbmsService is not ready
06-07 01:33:31.536  3160  3160 I LTE Application: onEmbmsServiceConnected() Calling getE911State() and waiting for E911Indication attempt : 134 Return Value is :4
06-07 01:33:31.557  3423  3423 I live    : initList from cache(P:3423)(T:2)(C:ChannelTypeList)at (ChannelTypeList.java:90)
06-07 01:33:31.557  3423  3423 I live    : initList,size=9(P:3423)(T:2)(C:ChannelTypeList)at (ChannelTypeList.java:149)
06-07 01:33:31.561  3423  3423 I live    : initList,finish(P:3423)(T:2)(C:ChannelTypeList)at (ChannelTypeList.java:197)
06-07 01:33:31.579  3423  3423 I live    : report:event PageView/Setting PV/配置页(P:3423)(T:2)(C:PageView/Setting)at (Report.java:60)
06-07 01:33:31.582  2629  3766 I wapm    : has not enter splash
06-07 01:33:31.582  3423  3423 I live    : lastLiveState [sid:1446497425|subid:1446497425|net:wifi|livetime:2019.06.07  01:40|v:3504] ...(P:3423)(T:2)(C:ChannelSettingActivity)at (ChannelSettingActivity.java:-2)
06-07 01:33:31.583  3423  3423 I live    : set last LiveState:(P:3423)(T:2)(C:ChannelConfig)at (ChannelConfig.java:759)
06-07 01:33:31.592  3423  3493 I live    : eventId = PageView/Setting, desc = PV/配置页, type = null, prop = null(P:3423)(T:83)(C:HuyaStatisApi)at (HuyaStatisApi.java:201)
06-07 01:33:31.592  3160  3160 I LTE Embms Link: Using debugTraceId: 137
06-07 01:33:31.592  3160  3160 I LTE Application: onEmbmsServiceConnected() getE911State attempt traceId: 137
06-07 01:33:31.593  3144  3166 I eMBMS  Service: getE911State called
06-07 01:33:31.593  3144  3166 I eMBMS  Service: EmbmsService is not ready
06-07 01:33:31.593  3160  3160 I LTE Application: onEmbmsServiceConnected() Calling getE911State() and waiting for E911Indication attempt : 135 Return Value is :4
06-07 01:33:31.594  3423  3493 I udbauth : msg id is b000003
06-07 01:33:31.594  3423  3493 I udbauth : UdbMsgHandler  receive msg
06-07 01:33:31.594  3423  3493 I udbauth : HandlerGetTicket  receive msg
06-07 01:33:31.600  3423  3493 I live    : [getPresenterConfig] start load data true, 0(P:3423)(T:83)(C:LiveModule)at (LiveModule.java:656)
06-07 01:33:31.601  3423  3493 I live    : execute, cacheKey = getConfig, cacheType = AsConfig(P:3423)(T:83)(C:HttpFunction)at (HttpFunction.java:121)
06-07 01:33:31.602  3423  3493 I live    : [execute] currentExecutor = com.duowan.networkmars.hysignal.HySignalExecutor@8dc7603, cacheKey = getConfig(P:3423)(T:83)(C:FunctionExecutorQueue)at (FunctionExecutorQueue.java:87)
06-07 01:33:31.605  3423  3493 I udbauth : msg id is b000003
06-07 01:33:31.605  3423  3493 I udbauth : UdbMsgHandler  receive msg
06-07 01:33:31.605  3423  3493 I udbauth : HandlerGetTicket  receive msg
06-07 01:33:31.629  3423  3423 I live    : 写入cookie(P:3423)(T:2)(C:ChannelSettingActivity)at (ChannelSettingActivity.java:431)
06-07 01:33:31.639  3423  3423 I WebViewFactory: Loading com.android.webview version 66.0.3359.158 (code 336015855)
06-07 01:33:31.643  3160  3160 I LTE Embms Link: Using debugTraceId: 138
06-07 01:33:31.643  3160  3160 I LTE Application: onEmbmsServiceConnected() getE911State attempt traceId: 138
06-07 01:33:31.644  3144  3166 I eMBMS  Service: getE911State called
06-07 01:33:31.644  3144  3166 I eMBMS  Service: EmbmsService is not ready
06-07 01:33:31.645  3160  3160 I LTE Application: onEmbmsServiceConnected() Calling getE911State() and waiting for E911Indication attempt : 136 Return Value is :4
06-07 01:33:31.653   930   941 I system_server: Background concurrent copying GC freed 123930(5MB) AllocSpace objects, 37(1568KB) LOS objects, 42% free, 10MB/18MB, paused 147us total 266.215ms
06-07 01:33:31.657  3423  3715 I udbauth : msg id is b000003
06-07 01:33:31.660  3423  3715 I udbauth : UdbMsgHandler  receive msg
06-07 01:33:31.660  3423  3715 I udbauth : HandlerGetTicket  receive msg
06-07 01:33:31.683  3423  3715 I udbauth : msg id is b000003
06-07 01:33:31.683  3423  3715 I udbauth : UdbMsgHandler  receive msg
06-07 01:33:31.683  3423  3715 I udbauth : HandlerGetTicket  receive msg
06-07 01:33:31.695  3160  3160 I LTE Embms Link: Using debugTraceId: 139
06-07 01:33:31.695  3160  3160 I LTE Application: onEmbmsServiceConnected() getE911State attempt traceId: 139
06-07 01:33:31.695  3423  3715 I udbauth : msg id is b000003
06-07 01:33:31.696  3423  3715 I udbauth : UdbMsgHandler  receive msg
06-07 01:33:31.696  3423  3715 I udbauth : HandlerGetTicket  receive msg
06-07 01:33:31.699  3144  3166 I eMBMS  Service: getE911State called
06-07 01:33:31.699  3144  3166 I eMBMS  Service: EmbmsService is not ready
06-07 01:33:31.699  3423  3715 I udbauth : msg id is b000003
06-07 01:33:31.700  3423  3715 I udbauth : UdbMsgHandler  receive msg
06-07 01:33:31.700  3423  3715 I udbauth : HandlerGetTicket  receive msg
06-07 01:33:31.702  3160  3160 I LTE Application: onEmbmsServiceConnected() Calling getE911State() and waiting for E911Indication attempt : 137 Return Value is :4
06-07 01:33:31.707  3423  3423 I cr_LibraryLoader: Time to load native libraries: 10 ms (timestamps 4031-4041)
06-07 01:33:31.717  2629  2913 E SQLiteLog: (14) cannot open file at line 36667 of [c255889bd9]
06-07 01:33:31.717  2629  2913 E SQLiteLog: (14) os_unix.c:36667: (13) open(/storage/emulated/0/baidu/tempdata/ls.db) - 
06-07 01:33:31.747  2629  2913 E SQLiteDatabase: Failed to open database '/storage/emulated/0/baidu/tempdata/ls.db'.
06-07 01:33:31.747  2629  2913 E SQLiteDatabase: android.database.sqlite.SQLiteCantOpenDatabaseException: unknown error (code 14 SQLITE_CANTOPEN): Could not open database
06-07 01:33:31.747  2629  2913 E SQLiteDatabase: 	at android.database.sqlite.SQLiteConnection.nativeOpen(Native Method)
06-07 01:33:31.747  2629  2913 E SQLiteDatabase: 	at android.database.sqlite.SQLiteConnection.open(SQLiteConnection.java:212)
06-07 01:33:31.747  2629  2913 E SQLiteDatabase: 	at android.database.sqlite.SQLiteConnection.open(SQLiteConnection.java:196)
06-07 01:33:31.747  2629  2913 E SQLiteDatabase: 	at android.database.sqlite.SQLiteConnectionPool.openConnectionLocked(SQLiteConnectionPool.java:503)
06-07 01:33:31.747  2629  2913 E SQLiteDatabase: 	at android.database.sqlite.SQLiteConnectionPool.open(SQLiteConnectionPool.java:204)
06-07 01:33:31.747  2629  2913 E SQLiteDatabase: 	at android.database.sqlite.SQLiteConnectionPool.open(SQLiteConnectionPool.java:196)
06-07 01:33:31.747  2629  2913 E SQLiteDatabase: 	at android.database.sqlite.SQLiteDatabase.openInner(SQLiteDatabase.java:880)
06-07 01:33:31.747  2629  2913 E SQLiteDatabase: 	at android.database.sqlite.SQLiteDatabase.open(SQLiteDatabase.java:865)
06-07 01:33:31.747  2629  2913 E SQLiteDatabase: 	at android.database.sqlite.SQLiteDatabase.openDatabase(SQLiteDatabase.java:766)
06-07 01:33:31.747  2629  2913 E SQLiteDatabase: 	at android.database.sqlite.SQLiteDatabase.openOrCreateDatabase(SQLiteDatabase.java:783)
06-07 01:33:31.747  2629  2913 E SQLiteDatabase: 	at android.database.sqlite.SQLiteDatabase.openOrCreateDatabase(SQLiteDatabase.java:775)
06-07 01:33:31.747  2629  2913 E SQLiteDatabase: 	at com.baidu.location.d.a.d(Unknown Source:40)
06-07 01:33:31.747  2629  2913 E SQLiteDatabase: 	at com.baidu.location.d.a.a(Unknown Source:4)
06-07 01:33:31.747  2629  2913 E SQLiteDatabase: 	at com.baidu.location.a.j.b(Unknown Source:606)
06-07 01:33:31.747  2629  2913 E SQLiteDatabase: 	at com.baidu.location.a.j.a(Unknown Source:39)
06-07 01:33:31.747  2629  2913 E SQLiteDatabase: 	at com.baidu.location.a.g$a.handleMessage(Unknown Source:23)
06-07 01:33:31.747  2629  2913 E SQLiteDatabase: 	at android.os.Handler.dispatchMessage(Handler.java:106)
06-07 01:33:31.747  2629  2913 E SQLiteDatabase: 	at android.os.Looper.loop(Looper.java:193)
06-07 01:33:31.747  2629  2913 E SQLiteDatabase: 	at android.os.HandlerThread.run(HandlerThread.java:65)
06-07 01:33:31.752  3160  3160 I LTE Embms Link: Using debugTraceId: 140
06-07 01:33:31.752  3160  3160 I LTE Application: onEmbmsServiceConnected() getE911State attempt traceId: 140
06-07 01:33:31.753  3144  3166 I eMBMS  Service: getE911State called
06-07 01:33:31.753  3144  3166 I eMBMS  Service: EmbmsService is not ready
06-07 01:33:31.754  3160  3160 I LTE Application: onEmbmsServiceConnected() Calling getE911State() and waiting for E911Indication attempt : 138 Return Value is :4
06-07 01:33:31.764  3634  3634 W live:cloudpatc: Opening an oat file without a class loader. Are you using the deprecated DexFile APIs?
06-07 01:33:31.768  3634  3634 W live:cloudpatc: Opening an oat file without a class loader. Are you using the deprecated DexFile APIs?
06-07 01:33:31.787  3423  3719 I udbauth : msg id is b000003
06-07 01:33:31.787  3423  3719 I udbauth : UdbMsgHandler  receive msg
06-07 01:33:31.787  3423  3719 I udbauth : HandlerGetTicket  receive msg
06-07 01:33:31.788  3423  3719 I udbauth : msg id is b000003
06-07 01:33:31.788  3423  3719 I udbauth : UdbMsgHandler  receive msg
06-07 01:33:31.788  3423  3719 I udbauth : HandlerGetTicket  receive msg
06-07 01:33:31.804  3160  3160 I LTE Embms Link: Using debugTraceId: 141
06-07 01:33:31.804  3160  3160 I LTE Application: onEmbmsServiceConnected() getE911State attempt traceId: 141
06-07 01:33:31.807  3144  3166 I eMBMS  Service: getE911State called
06-07 01:33:31.807  3144  3166 I eMBMS  Service: EmbmsService is not ready
06-07 01:33:31.807  3160  3160 I LTE Application: onEmbmsServiceConnected() Calling getE911State() and waiting for E911Indication attempt : 139 Return Value is :4
06-07 01:33:31.810  2629  3773 E SQLiteLog: (14) cannot open file at line 36667 of [c255889bd9]
06-07 01:33:31.810  2629  3773 E SQLiteLog: (14) os_unix.c:36667: (13) open(/storage/emulated/0/baidu/tempdata/ls.db) - 
06-07 01:33:31.810  2629  3773 E SQLiteDatabase: Failed to open database '/storage/emulated/0/baidu/tempdata/ls.db'.
06-07 01:33:31.810  2629  3773 E SQLiteDatabase: android.database.sqlite.SQLiteCantOpenDatabaseException: unknown error (code 14 SQLITE_CANTOPEN): Could not open database
06-07 01:33:31.810  2629  3773 E SQLiteDatabase: 	at android.database.sqlite.SQLiteConnection.nativeOpen(Native Method)
06-07 01:33:31.810  2629  3773 E SQLiteDatabase: 	at android.database.sqlite.SQLiteConnection.open(SQLiteConnection.java:212)
06-07 01:33:31.810  2629  3773 E SQLiteDatabase: 	at android.database.sqlite.SQLiteConnection.open(SQLiteConnection.java:196)
06-07 01:33:31.810  2629  3773 E SQLiteDatabase: 	at android.database.sqlite.SQLiteConnectionPool.openConnectionLocked(SQLiteConnectionPool.java:503)
06-07 01:33:31.810  2629  3773 E SQLiteDatabase: 	at android.database.sqlite.SQLiteConnectionPool.open(SQLiteConnectionPool.java:204)
06-07 01:33:31.810  2629  3773 E SQLiteDatabase: 	at android.database.sqlite.SQLiteConnectionPool.open(SQLiteConnectionPool.java:196)
06-07 01:33:31.810  2629  3773 E SQLiteDatabase: 	at android.database.sqlite.SQLiteDatabase.openInner(SQLiteDatabase.java:880)
06-07 01:33:31.810  2629  3773 E SQLiteDatabase: 	at android.database.sqlite.SQLiteDatabase.open(SQLiteDatabase.java:865)
06-07 01:33:31.810  2629  3773 E SQLiteDatabase: 	at android.database.sqlite.SQLiteDatabase.openDatabase(SQLiteDatabase.java:766)
06-07 01:33:31.810  2629  3773 E SQLiteDatabase: 	at android.database.sqlite.SQLiteDatabase.openOrCreateDatabase(SQLiteDatabase.java:783)
06-07 01:33:31.810  2629  3773 E SQLiteDatabase: 	at com.baidu.location.d.a$b.a(Unknown Source:20)
06-07 01:33:31.810  2629  3773 E SQLiteDatabase: 	at com.baidu.location.d.a$b.doInBackground(Unknown Source:0)
06-07 01:33:31.810  2629  3773 E SQLiteDatabase: 	at android.os.AsyncTask$2.call(AsyncTask.java:333)
06-07 01:33:31.810  2629  3773 E SQLiteDatabase: 	at java.util.concurrent.FutureTask.run(FutureTask.java:266)
06-07 01:33:31.810  2629  3773 E SQLiteDatabase: 	at android.os.AsyncTask$SerialExecutor$1.run(AsyncTask.java:245)
06-07 01:33:31.810  2629  3773 E SQLiteDatabase: 	at java.util.concurrent.ThreadPoolExecutor.runWorker(ThreadPoolExecutor.java:1167)
06-07 01:33:31.810  2629  3773 E SQLiteDatabase: 	at java.util.concurrent.ThreadPoolExecutor$Worker.run(ThreadPoolExecutor.java:641)
06-07 01:33:31.810  2629  3773 E SQLiteDatabase: 	at java.lang.Thread.run(Thread.java:764)
06-07 01:33:31.842  3423  3647 D TaskDataDBManager: saveTask CostTime:245
06-07 01:33:31.847   930   930 W Looper  : Slow dispatch took 465ms main h=com.android.server.notification.NotificationManagerService$WorkerHandler c=null m=3
06-07 01:33:31.852  3423  3653 I TaskDataDBManager: saveTask CostTime:86
06-07 01:33:31.854  3634  3634 W System.err: Warning: Using deprecated Element constructor. Do not use internal APIs, this constructor will be removed in the future.
06-07 01:33:31.861  3160  3160 I LTE Embms Link: Using debugTraceId: 142
06-07 01:33:31.861  3160  3160 I LTE Application: onEmbmsServiceConnected() getE911State attempt traceId: 142
06-07 01:33:31.861  3144  3166 I eMBMS  Service: getE911State called
06-07 01:33:31.861  3144  3166 I eMBMS  Service: EmbmsService is not ready
06-07 01:33:31.863  3423  3750 I TableUtils: executed create table statement changed 0 rows: CREATE TABLE IF NOT EXISTS `account_V2.0` (`account` VARCHAR , `lastLoginTime` BIGINT NOT NULL , `password` VARCHAR NOT NULL , `token` VARCHAR , `type` INTEGER NOT NULL , `uid` BIGINT NOT NULL , PRIMARY KEY (`account`) ) 
06-07 01:33:31.866  3160  3160 I LTE Application: onEmbmsServiceConnected() Calling getE911State() and waiting for E911Indication attempt : 140 Return Value is :4
06-07 01:33:31.890  3423  3678 I live    : deliverResponse, cacheKey = getConfig, fromCache = false(P:3423)(T:163)(C:HttpFunction)at (HttpFunction.java:186)
06-07 01:33:31.891  3423  3678 I live    : [getPresenterConfig]->[onResponse] response=mpConfig: 66, {
06-07 01:33:31.891  3423  3678 I live    : 	(
06-07 01:33:31.891  3423  3678 I live    : 		flowControlPolicy
06-07 01:33:31.891  3423  3678 I live    : 		2
06-07 01:33:31.891  3423  3678 I live    : 	)
06-07 01:33:31.891  3423  3678 I live    : 	(
06-07 01:33:31.891  3423  3678 I live    : 		starShowPhoneLinkSize
06-07 01:33:31.891  3423  3678 I live    : 		352|640
06-07 01:33:31.891  3423  3678 I live    : 	)
06-07 01:33:31.891  3423  3678 I live    : 	(
06-07 01:33:31.891  3423  3678 I live    : 		pcLinkGameIds
06-07 01:33:31.891  3423  3678 I live    : 		2168|2633
06-07 01:33:31.891  3423  3678 I live    : 	)
06-07 01:33:31.891  3423  3678 I live    : 	(
06-07 01:33:31.891  3423  3678 I live    : 		giftVoteTime
06-07 01:33:31.891  3423  3678 I live    : 		2|5|10
06-07 01:33:31.891  3423  3678 I live    : 	)
06-07 01:33:31.891  3423  3678 I live    : 	(
06-07 01:33:31.891  3423  3678 I live    : 		liveFrameRatePolicy
06-07 01:33:31.891  3423  3678 I live    : 		TimerFrameRatePolicy
06-07 01:33:31.891  3423  3678 I live    : 	)
06-07 01:33:31.891  3423  3678 I live    : 	(
06-07 01:33:31.891  3423  3678 I live    : 		audioLinkVolume
06-07 01:33:31.891  3423  3678 I live    : 		20
06-07 01:33:31.891  3423  3678 I live    : 	)
06-07 01:33:31.891  3423  3678 I live    : 	(
06-07 01:33:31.891  3423  3678 I live    : 		option_audio_live
06-07 01:33:31.891  3423  3678 I live    : 		8|1280|720|100|300|300|8
06-07 01:33:31.891  3423  3678 I live    : 	)
06-07 01:33:31.891  3423  3678 I live    : 	(
06-07 01:33:31.891  3423  3678 I live    : 		anchorLinkBitrate
06-07 01:33:31.891  3423  3678 I live    : 		300|500|500
06-07 01:33:31.891  3423  3678 I live    : 	)
06-07 01:33:31.891  3423  3678 I live    : 	(
06-07 01:33:31.891  3423  3678 I live    : 		RatesConfig_8500
06-07 01:33:31.891  3423  3678 I live    : 		-,-,-,22008
06-07 01:33:31.891  3423  3678 I live    : 	)
06-07 01:33:31.891  3423  3678 I live    : 	(
06-07 01:33:31.891  3423  3678 I live    : 		simpleMediaMode
06-07 01:33:31.891  3423  3678 I live    : 		true
06-07 01:33:31.891  3423  3678 I live    : 	)
06-07 01:33:31.891  3423  3678 I live    : 	(
06-07 01:33:31.891  3423  3678 I live    : 		RatesConfig_2000
06-07 01:33:31.891  3423  3678 I live    : 		-,1080,30,100572000
06-07 01:33:31.891  3423  3678 I live    : 	)
06-07 01:33:31.891  3423  3678 I live    : 	(
