06-07 01:33:27.490  3303  3303 I eme:pushservic:   at void com.ss.android.ugc.awemepushlib.interaction.PushService.initOnApplication(android.content.Context, com.ss.android.ugc.awemepushapi.b) (SourceFile:33947845)
06-07 01:33:27.490  3303  3303 I eme:pushservic:   at void com.ss.android.di.push.c.run() ((null):1063)
06-07 01:33:27.490  3303  3303 I eme:pushservic:   at void com.ss.android.di.push.b.a() (SourceFile:262185)
06-07 01:33:27.490  3303  3303 I eme:pushservic:   at void com.ss.android.ugc.aweme.app.q.onCreate() (SourceFile:656713)
06-07 01:33:27.490  3303  3303 I eme:pushservic:   at void com.ss.android.ugc.aweme.app.l.onCreate() (SourceFile:591079)
06-07 01:33:27.490  3303  3303 I eme:pushservic:   at void com.ss.android.ugc.aweme.app.host.HostApplication.onCreate() (SourceFile:-1)
06-07 01:33:27.490  3303  3303 I eme:pushservic:   at void android.app.Instrumentation.callApplicationOnCreate(android.app.Application) (Instrumentation.java:1154)
06-07 01:33:27.490  3303  3303 I eme:pushservic:   at void android.app.ActivityThread.handleBindApplication(android.app.ActivityThread$AppBindData) (ActivityThread.java:5920)
06-07 01:33:27.490  3303  3303 I eme:pushservic:   at void android.app.ActivityThread.access$1100(android.app.ActivityThread, android.app.ActivityThread$AppBindData) (ActivityThread.java:200)
06-07 01:33:27.490  3303  3303 I eme:pushservic:   at void android.app.ActivityThread$H.handleMessage(android.os.Message) (ActivityThread.java:1656)
06-07 01:33:27.490  3303  3303 I eme:pushservic:   at void android.os.Handler.dispatchMessage(android.os.Message) (Handler.java:106)
06-07 01:33:27.490  3303  3303 I eme:pushservic:   at void android.os.Looper.loop() (Looper.java:193)
06-07 01:33:27.490  3303  3303 I eme:pushservic:   at void android.app.ActivityThread.main(java.lang.String[]) (ActivityThread.java:6718)
06-07 01:33:27.490  3303  3303 I eme:pushservic:   at java.lang.Object java.lang.reflect.Method.invoke(java.lang.Object, java.lang.Object[]) (Method.java:-2)
06-07 01:33:27.490  3303  3303 I eme:pushservic:   at void com.android.internal.os.RuntimeInit$MethodAndArgsCaller.run() (RuntimeInit.java:493)
06-07 01:33:27.490  3303  3303 I eme:pushservic:   at void com.android.internal.os.ZygoteInit.main(java.lang.String[]) (ZygoteInit.java:858)
06-07 01:33:27.490  3303  3303 I eme:pushservic: Caused by: java.lang.ClassNotFoundException: Didn't find class "com.taobao.orange.OrangeConfigListenerV1" on path: DexPathList[[zip file "/system/framework/org.apache.http.legacy.boot.jar", zip file "/data/app/com.ss.android.ugc.aweme-HasFJKt3GT-kBHI_SlNVqA==/base.apk"],nativeLibraryDirectories=[/data/app/com.ss.android.ugc.aweme-HasFJKt3GT-kBHI_SlNVqA==/lib/arm, /system/fake-libs, /data/app/com.ss.android.ugc.aweme-HasFJKt3GT-kBHI_SlNVqA==/base.apk!/lib/armeabi-v7a, /system/lib, /vendor/lib]]
06-07 01:33:27.490  3303  3303 I eme:pushservic:   at java.lang.Class dalvik.system.BaseDexClassLoader.findClass(java.lang.String) (BaseDexClassLoader.java:134)
06-07 01:33:27.490  3303  3303 I eme:pushservic:   at java.lang.Class java.lang.ClassLoader.loadClass(java.lang.String, boolean) (ClassLoader.java:379)
06-07 01:33:27.503  3303  3303 I eme:pushservic:   at java.lang.Class java.lang.ClassLoader.loadClass(java.lang.String) (ClassLoader.java:312)
06-07 01:33:27.503  3303  3303 I eme:pushservic:   at java.lang.Object java.lang.reflect.Constructor.newInstance0(java.lang.Object[]) (Constructor.java:-2)
06-07 01:33:27.503  3303  3303 I eme:pushservic:   at java.lang.Object java.lang.reflect.Constructor.newInstance(java.lang.Object[]) (Constructor.java:343)
06-07 01:33:27.503  3303  3303 I eme:pushservic:   at com.taobao.accs.IACCSManager com.taobao.accs.ACCSManager.createInner(android.content.Context, java.lang.String) ((null):-1)
06-07 01:33:27.503  3303  3303 I eme:pushservic:   at com.taobao.accs.IACCSManager com.taobao.accs.ACCSManager.getAccsInstance(android.content.Context, java.lang.String, java.lang.String) ((null):-1)
06-07 01:33:27.503  3303  3303 I eme:pushservic:   at void com.taobao.agoo.TaobaoRegister.register(android.content.Context, java.lang.String, java.lang.String, java.lang.String, java.lang.String, com.taobao.agoo.IRegister) ((null):-1)
06-07 01:33:27.503  3303  3303 I eme:pushservic:   at void com.taobao.agoo.TaobaoRegister.register(android.content.Context, java.lang.String, java.lang.String, java.lang.String, com.taobao.agoo.IRegister) ((null):-1)
06-07 01:33:27.503  3303  3303 I eme:pushservic:   at void com.umeng.message.PushAgent.b() (SourceFile:459009)
06-07 01:33:27.503  3303  3303 I eme:pushservic:   at void com.umeng.message.PushAgent.register(com.umeng.message.IUmengRegisterCallback) (SourceFile:16842755)
06-07 01:33:27.503  3303  3303 I eme:pushservic:   at void com.alibaba.sdk.android.push.PushService.initUmengPush(com.umeng.message.PushAgent, com.umeng.message.IUmengRegisterCallback) ((null):-1)
06-07 01:33:27.503  3303  3303 I eme:pushservic:   at void com.alibaba.sdk.android.push.PushService.initPushService(com.alibaba.sdk.android.push.CloudPushService, com.alibaba.sdk.android.push.CommonCallback, com.umeng.message.PushAgent, com.umeng.message.IUmengRegisterCallback) ((null):-1)
06-07 01:33:27.503  3303  3303 I eme:pushservic:   at void com.umeng.UmengPushAdapter.registerPush(android.content.Context, int) (SourceFile:33882204)
06-07 01:33:27.503  3303  3303 I eme:pushservic:   at void com.ss.android.pushmanager.thirdparty.PushManager.registerPush(android.content.Context, int) (SourceFile:33882198)
06-07 01:33:27.503  3303  3303 I eme:pushservic:   at void com.ss.android.pushmanager.client.MessageAppManager.registerPush(android.content.Context, int) (SourceFile:33882203)
06-07 01:33:27.503  3303  3303 I eme:pushservic:   at void com.ss.android.pushmanager.client.MessageAppManager.registerAliPushOnChannelProcess(android.content.Context) (SourceFile:17105008)
06-07 01:33:27.503  3303  3303 I eme:pushservic:   at void com.ss.android.pushmanager.client.MessageAppManager.initOnApplication(android.content.Context, com.ss.android.pushmanager.c, java.lang.String) (SourceFile:50856350)
06-07 01:33:27.503  3303  3303 I eme:pushservic:   at void com.ss.android.pushmanager.client.MessageAppManager.initOnApplication(android.content.Context, com.ss.android.pushmanager.c) (SourceFile:33882184)
06-07 01:33:27.503  3303  3303 I eme:pushservic:   at void com.ss.android.ugc.awemepushlib.interaction.PushService.initOnApplication(android.content.Context, com.ss.android.ugc.awemepushapi.b) (SourceFile:33947845)
06-07 01:33:27.503  3303  3303 I eme:pushservic:   at void com.ss.android.di.push.c.run() ((null):1063)
06-07 01:33:27.503  3303  3303 I eme:pushservic:   at void com.ss.android.di.push.b.a() (SourceFile:262185)
06-07 01:33:27.504  3303  3303 I eme:pushservic:   at void com.ss.android.ugc.aweme.app.q.onCreate() (SourceFile:656713)
06-07 01:33:27.504  3303  3303 I eme:pushservic:   at void com.ss.android.ugc.aweme.app.l.onCreate() (SourceFile:591079)
06-07 01:33:27.504  3303  3303 I eme:pushservic:   at void com.ss.android.ugc.aweme.app.host.HostApplication.onCreate() (SourceFile:-1)
06-07 01:33:27.504  3303  3303 I eme:pushservic:   at void android.app.Instrumentation.callApplicationOnCreate(android.app.Application) (Instrumentation.java:1154)
06-07 01:33:27.504  3303  3303 I eme:pushservic:   at void android.app.ActivityThread.handleBindApplication(android.app.ActivityThread$AppBindData) (ActivityThread.java:5920)
06-07 01:33:27.504  3303  3303 I eme:pushservic:   at void android.app.ActivityThread.access$1100(android.app.ActivityThread, android.app.ActivityThread$AppBindData) (ActivityThread.java:200)
06-07 01:33:27.504  3303  3303 I eme:pushservic:   at void android.app.ActivityThread$H.handleMessage(android.os.Message) (ActivityThread.java:1656)
06-07 01:33:27.504  3303  3303 I eme:pushservic:   at void android.os.Handler.dispatchMessage(android.os.Message) (Handler.java:106)
06-07 01:33:27.504  3303  3303 I eme:pushservic:   at void android.os.Looper.loop() (Looper.java:193)
06-07 01:33:27.504  3303  3303 I eme:pushservic:   at void android.app.ActivityThread.main(java.lang.String[]) (ActivityThread.java:6718)
06-07 01:33:27.504  3303  3303 I eme:pushservic:   at java.lang.Object java.lang.reflect.Method.invoke(java.lang.Object, java.lang.Object[]) (Method.java:-2)
06-07 01:33:27.504  3303  3303 I eme:pushservic:   at void com.android.internal.os.RuntimeInit$MethodAndArgsCaller.run() (RuntimeInit.java:493)
06-07 01:33:27.504  3303  3303 I eme:pushservic:   at void com.android.internal.os.ZygoteInit.main(java.lang.String[]) (ZygoteInit.java:858)
06-07 01:33:27.504  3303  3303 I eme:pushservic: 
06-07 01:33:27.513   478   514 I chatty  : uid=1000(system) Binder:478_1 expire 90 lines
06-07 01:33:27.535  3160  3160 I LTE Embms Link: Using debugTraceId: 59
06-07 01:33:27.536  3160  3160 I LTE Application: onEmbmsServiceConnected() getE911State attempt traceId: 59
06-07 01:33:27.536  3144  3166 I eMBMS  Service: getE911State called
06-07 01:33:27.537  3144  3166 I eMBMS  Service: EmbmsService is not ready
06-07 01:33:27.538  3160  3160 I LTE Application: onEmbmsServiceConnected() Calling getE911State() and waiting for E911Indication attempt : 57 Return Value is :4
06-07 01:33:27.498  3249  3353 W pstore:downloa: Verification of java.lang.String com.qihoo.sdk.report.common.d.a(int) took 378.077ms
06-07 01:33:27.557   478   576 I chatty  : uid=1000(system) Binder:478_3 expire 193 lines
06-07 01:33:27.565  3303  3303 I eme:pushservic: Rejecting re-init on previously-failed class java.lang.Class<com.taobao.accs.utl.i$a>: java.lang.NoClassDefFoundError: Failed resolution of: Lcom/taobao/orange/OrangeConfigListenerV1;
06-07 01:33:27.565  3303  3303 I eme:pushservic:   at java.lang.Object java.lang.reflect.Constructor.newInstance0(java.lang.Object[]) (Constructor.java:-2)
06-07 01:33:27.565  3303  3303 I eme:pushservic:   at java.lang.Object java.lang.reflect.Constructor.newInstance(java.lang.Object[]) (Constructor.java:343)
06-07 01:33:27.567  3303  3303 I eme:pushservic:   at com.taobao.accs.IACCSManager com.taobao.accs.ACCSManager.createInner(android.content.Context, java.lang.String) ((null):-1)
06-07 01:33:27.567  3303  3303 I eme:pushservic:   at com.taobao.accs.IACCSManager com.taobao.accs.ACCSManager.getAccsInstance(android.content.Context, java.lang.String, java.lang.String) ((null):-1)
06-07 01:33:27.567  3303  3303 I eme:pushservic:   at void com.taobao.agoo.TaobaoRegister.register(android.content.Context, java.lang.String, java.lang.String, java.lang.String, java.lang.String, com.taobao.agoo.IRegister) ((null):-1)
06-07 01:33:27.567  3303  3303 I eme:pushservic:   at void com.taobao.agoo.TaobaoRegister.register(android.content.Context, java.lang.String, java.lang.String, java.lang.String, com.taobao.agoo.IRegister) ((null):-1)
06-07 01:33:27.567  3303  3303 I eme:pushservic:   at void com.umeng.message.PushAgent.b() (SourceFile:459009)
06-07 01:33:27.567  3303  3303 I eme:pushservic:   at void com.umeng.message.PushAgent.register(com.umeng.message.IUmengRegisterCallback) (SourceFile:16842755)
06-07 01:33:27.567  3303  3303 I eme:pushservic:   at void com.alibaba.sdk.android.push.PushService.initUmengPush(com.umeng.message.PushAgent, com.umeng.message.IUmengRegisterCallback) ((null):-1)
06-07 01:33:27.567  3303  3303 I eme:pushservic:   at void com.alibaba.sdk.android.push.PushService.initPushService(com.alibaba.sdk.android.push.CloudPushService, com.alibaba.sdk.android.push.CommonCallback, com.umeng.message.PushAgent, com.umeng.message.IUmengRegisterCallback) ((null):-1)
06-07 01:33:27.567  3303  3303 I eme:pushservic:   at void com.umeng.UmengPushAdapter.registerPush(android.content.Context, int) (SourceFile:33882204)
06-07 01:33:27.567  3303  3303 I eme:pushservic:   at void com.ss.android.pushmanager.thirdparty.PushManager.registerPush(android.content.Context, int) (SourceFile:33882198)
06-07 01:33:27.567  3303  3303 I eme:pushservic:   at void com.ss.android.pushmanager.client.MessageAppManager.registerPush(android.content.Context, int) (SourceFile:33882203)
06-07 01:33:27.567  3303  3303 I eme:pushservic:   at void com.ss.android.pushmanager.client.MessageAppManager.registerAliPushOnChannelProcess(android.content.Context) (SourceFile:17105008)
06-07 01:33:27.567  3303  3303 I eme:pushservic:   at void com.ss.android.pushmanager.client.MessageAppManager.initOnApplication(android.content.Context, com.ss.android.pushmanager.c, java.lang.String) (SourceFile:50856350)
06-07 01:33:27.567  3303  3303 I eme:pushservic:   at void com.ss.android.pushmanager.client.MessageAppManager.initOnApplication(android.content.Context, com.ss.android.pushmanager.c) (SourceFile:33882184)
06-07 01:33:27.567  3303  3303 I eme:pushservic:   at void com.ss.android.ugc.awemepushlib.interaction.PushService.initOnApplication(android.content.Context, com.ss.android.ugc.awemepushapi.b) (SourceFile:33947845)
06-07 01:33:27.567  3303  3303 I eme:pushservic:   at void com.ss.android.di.push.c.run() ((null):1063)
06-07 01:33:27.567  3303  3303 I eme:pushservic:   at void com.ss.android.di.push.b.a() (SourceFile:262185)
06-07 01:33:27.567  3303  3303 I eme:pushservic:   at void com.ss.android.ugc.aweme.app.q.onCreate() (SourceFile:656713)
06-07 01:33:27.567  3303  3303 I eme:pushservic:   at void com.ss.android.ugc.aweme.app.l.onCreate() (SourceFile:591079)
06-07 01:33:27.567  3303  3303 I eme:pushservic:   at void com.ss.android.ugc.aweme.app.host.HostApplication.onCreate() (SourceFile:-1)
06-07 01:33:27.567  3303  3303 I eme:pushservic:   at void android.app.Instrumentation.callApplicationOnCreate(android.app.Application) (Instrumentation.java:1154)
06-07 01:33:27.567  3303  3303 I eme:pushservic:   at void android.app.ActivityThread.handleBindApplication(android.app.ActivityThread$AppBindData) (ActivityThread.java:5920)
06-07 01:33:27.567  3303  3303 I eme:pushservic:   at void android.app.ActivityThread.access$1100(android.app.ActivityThread, android.app.ActivityThread$AppBindData) (ActivityThread.java:200)
06-07 01:33:27.568  3303  3303 I eme:pushservic:   at void android.app.ActivityThread$H.handleMessage(android.os.Message) (ActivityThread.java:1656)
06-07 01:33:27.568  3303  3303 I eme:pushservic:   at void android.os.Handler.dispatchMessage(android.os.Message) (Handler.java:106)
06-07 01:33:27.568  3303  3303 I eme:pushservic:   at void android.os.Looper.loop() (Looper.java:193)
06-07 01:33:27.568  3303  3303 I eme:pushservic:   at void android.app.ActivityThread.main(java.lang.String[]) (ActivityThread.java:6718)
06-07 01:33:27.568  3303  3303 I eme:pushservic:   at java.lang.Object java.lang.reflect.Method.invoke(java.lang.Object, java.lang.Object[]) (Method.java:-2)
06-07 01:33:27.568  3303  3303 I eme:pushservic:   at void com.android.internal.os.RuntimeInit$MethodAndArgsCaller.run() (RuntimeInit.java:493)
06-07 01:33:27.568  3303  3303 I eme:pushservic:   at void com.android.internal.os.ZygoteInit.main(java.lang.String[]) (ZygoteInit.java:858)
06-07 01:33:27.568  3303  3303 I eme:pushservic: Caused by: java.lang.ClassNotFoundException: Didn't find class "com.taobao.orange.OrangeConfigListenerV1" on path: DexPathList[[zip file "/system/framework/org.apache.http.legacy.boot.jar", zip file "/data/app/com.ss.android.ugc.aweme-HasFJKt3GT-kBHI_SlNVqA==/base.apk"],nativeLibraryDirectories=[/data/app/com.ss.android.ugc.aweme-HasFJKt3GT-kBHI_SlNVqA==/lib/arm, /system/fake-libs, /data/app/com.ss.android.ugc.aweme-HasFJKt3GT-kBHI_SlNVqA==/base.apk!/lib/armeabi-v7a, /system/lib, /vendor/lib]]
06-07 01:33:27.568  3303  3303 I eme:pushservic:   at java.lang.Class dalvik.system.BaseDexClassLoader.findClass(java.lang.String) (BaseDexClassLoader.java:134)
06-07 01:33:27.568  3303  3303 I eme:pushservic:   at java.lang.Class java.lang.ClassLoader.loadClass(java.lang.String, boolean) (ClassLoader.java:379)
06-07 01:33:27.568  3303  3303 I eme:pushservic:   at java.lang.Class java.lang.ClassLoader.loadClass(java.lang.String) (ClassLoader.java:312)
06-07 01:33:27.568  3303  3303 I eme:pushservic:   at java.lang.Object java.lang.reflect.Constructor.newInstance0(java.lang.Object[]) (Constructor.java:-2)
06-07 01:33:27.568  3303  3303 I eme:pushservic:   at java.lang.Object java.lang.reflect.Constructor.newInstance(java.lang.Object[]) (Constructor.java:343)
06-07 01:33:27.568  3303  3303 I eme:pushservic:   at com.taobao.accs.IACCSManager com.taobao.accs.ACCSManager.createInner(android.content.Context, java.lang.String) ((null):-1)
06-07 01:33:27.568  3303  3303 I eme:pushservic:   at com.taobao.accs.IACCSManager com.taobao.accs.ACCSManager.getAccsInstance(android.content.Context, java.lang.String, java.lang.String) ((null):-1)
06-07 01:33:27.568  3303  3303 I eme:pushservic:   at void com.taobao.agoo.TaobaoRegister.register(android.content.Context, java.lang.String, java.lang.String, java.lang.String, java.lang.String, com.taobao.agoo.IRegister) ((null):-1)
06-07 01:33:27.568  3303  3303 I eme:pushservic:   at void com.taobao.agoo.TaobaoRegister.register(android.content.Context, java.lang.String, java.lang.String, java.lang.String, com.taobao.agoo.IRegister) ((null):-1)
06-07 01:33:27.568  3303  3303 I eme:pushservic:   at void com.umeng.message.PushAgent.b() (SourceFile:459009)
06-07 01:33:27.568  3303  3303 I eme:pushservic:   at void com.umeng.message.PushAgent.register(com.umeng.message.IUmengRegisterCallback) (SourceFile:16842755)
06-07 01:33:27.568  3303  3303 I eme:pushservic:   at void com.alibaba.sdk.android.push.PushService.initUmengPush(com.umeng.message.PushAgent, com.umeng.message.IUmengRegisterCallback) ((null):-1)
06-07 01:33:27.568  3303  3303 I eme:pushservic:   at void com.alibaba.sdk.android.push.PushService.initPushService(com.alibaba.sdk.android.push.CloudPushService, com.alibaba.sdk.android.push.CommonCallback, com.umeng.message.PushAgent, com.umeng.message.IUmengRegisterCallback) ((null):-1)
06-07 01:33:27.568  3303  3303 I eme:pushservic:   at void com.umeng.UmengPushAdapter.registerPush(android.content.Context, int) (SourceFile:33882204)
06-07 01:33:27.568  3303  3303 I eme:pushservic:   at void com.ss.android.pushmanager.thirdparty.PushManager.registerPush(android.content.Context, int) (SourceFile:33882198)
06-07 01:33:27.568  3303  3303 I eme:pushservic:   at void com.ss.android.pushmanager.client.MessageAppManager.registerPush(android.content.Context, int) (SourceFile:33882203)
06-07 01:33:27.568  3303  3303 I eme:pushservic:   at void com.ss.android.pushmanager.client.MessageAppManager.registerAliPushOnChannelProcess(android.content.Context) (SourceFile:17105008)
06-07 01:33:27.568  3303  3303 I eme:pushservic:   at void com.ss.android.pushmanager.client.MessageAppManager.initOnApplication(android.content.Context, com.ss.android.pushmanager.c, java.lang.String) (SourceFile:50856350)
06-07 01:33:27.568  3303  3303 I eme:pushservic:   at void com.ss.android.pushmanager.client.MessageAppManager.initOnApplication(android.content.Context, com.ss.android.pushmanager.c) (SourceFile:33882184)
06-07 01:33:27.568  3303  3303 I eme:pushservic:   at void com.ss.android.ugc.awemepushlib.interaction.PushService.initOnApplication(android.content.Context, com.ss.android.ugc.awemepushapi.b) (SourceFile:33947845)
06-07 01:33:27.568  3303  3303 I eme:pushservic:   at void com.ss.android.di.push.c.run() ((null):1063)
06-07 01:33:27.568  3303  3303 I eme:pushservic:   at void com.ss.android.di.push.b.a() (SourceFile:262185)
06-07 01:33:27.568  3303  3303 I eme:pushservic:   at void com.ss.android.ugc.aweme.app.q.onCreate() (SourceFile:656713)
06-07 01:33:27.568  3303  3303 I eme:pushservic:   at void com.ss.android.ugc.aweme.app.l.onCreate() (SourceFile:591079)
06-07 01:33:27.569  3303  3303 I eme:pushservic:   at void com.ss.android.ugc.aweme.app.host.HostApplication.onCreate() (SourceFile:-1)
06-07 01:33:27.569  3303  3303 I eme:pushservic:   at void android.app.Instrumentation.callApplicationOnCreate(android.app.Application) (Instrumentation.java:1154)
06-07 01:33:27.569  3303  3303 I eme:pushservic:   at void android.app.ActivityThread.handleBindApplication(android.app.ActivityThread$AppBindData) (ActivityThread.java:5920)
06-07 01:33:27.569  3303  3303 I eme:pushservic:   at void android.app.ActivityThread.access$1100(android.app.ActivityThread, android.app.ActivityThread$AppBindData) (ActivityThread.java:200)
06-07 01:33:27.569  3303  3303 I eme:pushservic:   at void android.app.ActivityThread$H.handleMessage(android.os.Message) (ActivityThread.java:1656)
06-07 01:33:27.569  3303  3303 I eme:pushservic:   at void android.os.Handler.dispatchMessage(android.os.Message) (Handler.java:106)
06-07 01:33:27.569  3303  3303 I eme:pushservic:   at void android.os.Looper.loop() (Looper.java:193)
06-07 01:33:27.569  3303  3303 I eme:pushservic:   at void android.app.ActivityThread.main(java.lang.String[]) (ActivityThread.java:6718)
06-07 01:33:27.569  3303  3303 I eme:pushservic:   at java.lang.Object java.lang.reflect.Method.invoke(java.lang.Object, java.lang.Object[]) (Method.java:-2)
06-07 01:33:27.570  3303  3303 I eme:pushservic:   at void com.android.internal.os.RuntimeInit$MethodAndArgsCaller.run() (RuntimeInit.java:493)
06-07 01:33:27.570  3303  3303 I eme:pushservic:   at void com.android.internal.os.ZygoteInit.main(java.lang.String[]) (ZygoteInit.java:858)
06-07 01:33:27.570  3303  3303 I eme:pushservic: 
06-07 01:33:27.587   930  3442 I OpenGLRenderer: Initialized EGL, version 1.4
06-07 01:33:27.587   930  3442 D OpenGLRenderer: Swap behavior 1
06-07 01:33:27.588  3160  3160 I LTE Embms Link: Using debugTraceId: 60
06-07 01:33:27.588  3160  3160 I LTE Application: onEmbmsServiceConnected() getE911State attempt traceId: 60
06-07 01:33:27.590  3144  3166 I eMBMS  Service: getE911State called
06-07 01:33:27.590  3144  3166 I eMBMS  Service: EmbmsService is not ready
06-07 01:33:27.590  3160  3160 I LTE Application: onEmbmsServiceConnected() Calling getE911State() and waiting for E911Indication attempt : 58 Return Value is :4
06-07 01:33:27.590  3115  3141 I .qualcomm.embm: Waiting for a blocking GC ProfileSaver
06-07 01:33:27.592  3303  3303 I eme:pushservic: Rejecting re-init on previously-failed class java.lang.Class<com.taobao.accs.utl.i$a>: java.lang.NoClassDefFoundError: Failed resolution of: Lcom/taobao/orange/OrangeConfigListenerV1;
06-07 01:33:27.592  3303  3303 I eme:pushservic:   at java.lang.Object java.lang.reflect.Constructor.newInstance0(java.lang.Object[]) (Constructor.java:-2)
06-07 01:33:27.592  3303  3303 I eme:pushservic:   at java.lang.Object java.lang.reflect.Constructor.newInstance(java.lang.Object[]) (Constructor.java:343)
06-07 01:33:27.592  3303  3303 I eme:pushservic:   at com.taobao.accs.IACCSManager com.taobao.accs.ACCSManager.createInner(android.content.Context, java.lang.String) ((null):-1)
06-07 01:33:27.592  3303  3303 I eme:pushservic:   at com.taobao.accs.IACCSManager com.taobao.accs.ACCSManager.getAccsInstance(android.content.Context, java.lang.String, java.lang.String) ((null):-1)
06-07 01:33:27.592  3303  3303 I eme:pushservic:   at void com.taobao.agoo.TaobaoRegister.register(android.content.Context, java.lang.String, java.lang.String, java.lang.String, java.lang.String, com.taobao.agoo.IRegister) ((null):-1)
06-07 01:33:27.592  3303  3303 I eme:pushservic:   at void com.taobao.agoo.TaobaoRegister.register(android.content.Context, java.lang.String, java.lang.String, java.lang.String, com.taobao.agoo.IRegister) ((null):-1)
06-07 01:33:27.592  3303  3303 I eme:pushservic:   at void com.umeng.message.PushAgent.b() (SourceFile:459009)
06-07 01:33:27.592  3303  3303 I eme:pushservic:   at void com.umeng.message.PushAgent.register(com.umeng.message.IUmengRegisterCallback) (SourceFile:16842755)
06-07 01:33:27.592  3303  3303 I eme:pushservic:   at void com.alibaba.sdk.android.push.PushService.initUmengPush(com.umeng.message.PushAgent, com.umeng.message.IUmengRegisterCallback) ((null):-1)
06-07 01:33:27.592  3303  3303 I eme:pushservic:   at void com.alibaba.sdk.android.push.PushService.initPushService(com.alibaba.sdk.android.push.CloudPushService, com.alibaba.sdk.android.push.CommonCallback, com.umeng.message.PushAgent, com.umeng.message.IUmengRegisterCallback) ((null):-1)
06-07 01:33:27.592  3303  3303 I eme:pushservic:   at void com.umeng.UmengPushAdapter.registerPush(android.content.Context, int) (SourceFile:33882204)
06-07 01:33:27.592  3303  3303 I eme:pushservic:   at void com.ss.android.pushmanager.thirdparty.PushManager.registerPush(android.content.Context, int) (SourceFile:33882198)
06-07 01:33:27.592  3303  3303 I eme:pushservic:   at void com.ss.android.pushmanager.client.MessageAppManager.registerPush(android.content.Context, int) (SourceFile:33882203)
06-07 01:33:27.592  3303  3303 I eme:pushservic:   at void com.ss.android.pushmanager.client.MessageAppManager.registerAliPushOnChannelProcess(android.content.Context) (SourceFile:17105008)
06-07 01:33:27.592  3303  3303 I eme:pushservic:   at void com.ss.android.pushmanager.client.MessageAppManager.initOnApplication(android.content.Context, com.ss.android.pushmanager.c, java.lang.String) (SourceFile:50856350)
06-07 01:33:27.592  3303  3303 I eme:pushservic:   at void com.ss.android.pushmanager.client.MessageAppManager.initOnApplication(android.content.Context, com.ss.android.pushmanager.c) (SourceFile:33882184)
06-07 01:33:27.592  3303  3303 I eme:pushservic:   at void com.ss.android.ugc.awemepushlib.interaction.PushService.initOnApplication(android.content.Context, com.ss.android.ugc.awemepushapi.b) (SourceFile:33947845)
06-07 01:33:27.593  3303  3303 I eme:pushservic:   at void com.ss.android.di.push.c.run() ((null):1063)
06-07 01:33:27.593  3303  3303 I eme:pushservic:   at void com.ss.android.di.push.b.a() (SourceFile:262185)
06-07 01:33:27.593  3303  3303 I eme:pushservic:   at void com.ss.android.ugc.aweme.app.q.onCreate() (SourceFile:656713)
06-07 01:33:27.593  3303  3303 I eme:pushservic:   at void com.ss.android.ugc.aweme.app.l.onCreate() (SourceFile:591079)
06-07 01:33:27.593  3303  3303 I eme:pushservic:   at void com.ss.android.ugc.aweme.app.host.HostApplication.onCreate() (SourceFile:-1)
06-07 01:33:27.593  3303  3303 I eme:pushservic:   at void android.app.Instrumentation.callApplicationOnCreate(android.app.Application) (Instrumentation.java:1154)
06-07 01:33:27.593  3303  3303 I eme:pushservic:   at void android.app.ActivityThread.handleBindApplication(android.app.ActivityThread$AppBindData) (ActivityThread.java:5920)
06-07 01:33:27.593  3303  3303 I eme:pushservic:   at void android.app.ActivityThread.access$1100(android.app.ActivityThread, android.app.ActivityThread$AppBindData) (ActivityThread.java:200)
06-07 01:33:27.593  3303  3303 I eme:pushservic:   at void android.app.ActivityThread$H.handleMessage(android.os.Message) (ActivityThread.java:1656)
06-07 01:33:27.593  3303  3303 I eme:pushservic:   at void android.os.Handler.dispatchMessage(android.os.Message) (Handler.java:106)
06-07 01:33:27.593  3303  3303 I eme:pushservic:   at void android.os.Looper.loop() (Looper.java:193)
06-07 01:33:27.594  3303  3303 I eme:pushservic:   at void android.app.ActivityThread.main(java.lang.String[]) (ActivityThread.java:6718)
06-07 01:33:27.594  3303  3303 I eme:pushservic:   at java.lang.Object java.lang.reflect.Method.invoke(java.lang.Object, java.lang.Object[]) (Method.java:-2)
06-07 01:33:27.594  3303  3303 I eme:pushservic:   at void com.android.internal.os.RuntimeInit$MethodAndArgsCaller.run() (RuntimeInit.java:493)
06-07 01:33:27.594  3303  3303 I eme:pushservic:   at void com.android.internal.os.ZygoteInit.main(java.lang.String[]) (ZygoteInit.java:858)
06-07 01:33:27.596  3303  3303 I eme:pushservic: Caused by: java.lang.ClassNotFoundException: Didn't find class "com.taobao.orange.OrangeConfigListenerV1" on path: DexPathList[[zip file "/system/framework/org.apache.http.legacy.boot.jar", zip file "/data/app/com.ss.android.ugc.aweme-HasFJKt3GT-kBHI_SlNVqA==/base.apk"],nativeLibraryDirectories=[/data/app/com.ss.android.ugc.aweme-HasFJKt3GT-kBHI_SlNVqA==/lib/arm, /system/fake-libs, /data/app/com.ss.android.ugc.aweme-HasFJKt3GT-kBHI_SlNVqA==/base.apk!/lib/armeabi-v7a, /system/lib, /vendor/lib]]
06-07 01:33:27.596  3303  3303 I eme:pushservic:   at java.lang.Class dalvik.system.BaseDexClassLoader.findClass(java.lang.String) (BaseDexClassLoader.java:134)
06-07 01:33:27.596  3303  3303 I eme:pushservic:   at java.lang.Class java.lang.ClassLoader.loadClass(java.lang.String, boolean) (ClassLoader.java:379)
06-07 01:33:27.596  3303  3303 I eme:pushservic:   at java.lang.Class java.lang.ClassLoader.loadClass(java.lang.String) (ClassLoader.java:312)
06-07 01:33:27.596  3303  3303 I eme:pushservic:   at java.lang.Object java.lang.reflect.Constructor.newInstance0(java.lang.Object[]) (Constructor.java:-2)
06-07 01:33:27.596  3303  3303 I eme:pushservic:   at java.lang.Object java.lang.reflect.Constructor.newInstance(java.lang.Object[]) (Constructor.java:343)
06-07 01:33:27.596  3303  3303 I eme:pushservic:   at com.taobao.accs.IACCSManager com.taobao.accs.ACCSManager.createInner(android.content.Context, java.lang.String) ((null):-1)
06-07 01:33:27.596  3303  3303 I eme:pushservic:   at com.taobao.accs.IACCSManager com.taobao.accs.ACCSManager.getAccsInstance(android.content.Context, java.lang.String, java.lang.String) ((null):-1)
06-07 01:33:27.596  3303  3303 I eme:pushservic:   at void com.taobao.agoo.TaobaoRegister.register(android.content.Context, java.lang.String, java.lang.String, java.lang.String, java.lang.String, com.taobao.agoo.IRegister) ((null):-1)
06-07 01:33:27.596  3303  3303 I eme:pushservic:   at void com.taobao.agoo.TaobaoRegister.register(android.content.Context, java.lang.String, java.lang.String, java.lang.String, com.taobao.agoo.IRegister) ((null):-1)
06-07 01:33:27.596  3303  3303 I eme:pushservic:   at void com.umeng.message.PushAgent.b() (SourceFile:459009)
06-07 01:33:27.596  3303  3303 I eme:pushservic:   at void com.umeng.message.PushAgent.register(com.umeng.message.IUmengRegisterCallback) (SourceFile:16842755)
06-07 01:33:27.596  3303  3303 I eme:pushservic:   at void com.alibaba.sdk.android.push.PushService.initUmengPush(com.umeng.message.PushAgent, com.umeng.message.IUmengRegisterCallback) ((null):-1)
06-07 01:33:27.597  3303  3303 I eme:pushservic:   at void com.alibaba.sdk.android.push.PushService.initPushService(com.alibaba.sdk.android.push.CloudPushService, com.alibaba.sdk.android.push.CommonCallback, com.umeng.message.PushAgent, com.umeng.message.IUmengRegisterCallback) ((null):-1)
06-07 01:33:27.597  3303  3303 I eme:pushservic:   at void com.umeng.UmengPushAdapter.registerPush(android.content.Context, int) (SourceFile:33882204)
06-07 01:33:27.597  3303  3303 I eme:pushservic:   at void com.ss.android.pushmanager.thirdparty.PushManager.registerPush(android.content.Context, int) (SourceFile:33882198)
06-07 01:33:27.597  3303  3303 I eme:pushservic:   at void com.ss.android.pushmanager.client.MessageAppManager.registerPush(android.content.Context, int) (SourceFile:33882203)
06-07 01:33:27.597  3303  3303 I eme:pushservic:   at void com.ss.android.pushmanager.client.MessageAppManager.registerAliPushOnChannelProcess(android.content.Context) (SourceFile:17105008)
06-07 01:33:27.597  3303  3303 I eme:pushservic:   at void com.ss.android.pushmanager.client.MessageAppManager.initOnApplication(android.content.Context, com.ss.android.pushmanager.c, java.lang.String) (SourceFile:50856350)
06-07 01:33:27.597  3303  3303 I eme:pushservic:   at void com.ss.android.pushmanager.client.MessageAppManager.initOnApplication(android.content.Context, com.ss.android.pushmanager.c) (SourceFile:33882184)
06-07 01:33:27.597  3303  3303 I eme:pushservic:   at void com.ss.android.ugc.awemepushlib.interaction.PushService.initOnApplication(android.content.Context, com.ss.android.ugc.awemepushapi.b) (SourceFile:33947845)
06-07 01:33:27.597  3303  3303 I eme:pushservic:   at void com.ss.android.di.push.c.run() ((null):1063)
06-07 01:33:27.597  3303  3303 I eme:pushservic:   at void com.ss.android.di.push.b.a() (SourceFile:262185)
06-07 01:33:27.597  3303  3303 I eme:pushservic:   at void com.ss.android.ugc.aweme.app.q.onCreate() (SourceFile:656713)
06-07 01:33:27.597  3303  3303 I eme:pushservic:   at void com.ss.android.ugc.aweme.app.l.onCreate() (SourceFile:591079)
06-07 01:33:27.597  3303  3303 I eme:pushservic:   at void com.ss.android.ugc.aweme.app.host.HostApplication.onCreate() (SourceFile:-1)
06-07 01:33:27.597  3303  3303 I eme:pushservic:   at void android.app.Instrumentation.callApplicationOnCreate(android.app.Application) (Instrumentation.java:1154)
06-07 01:33:27.597  3303  3303 I eme:pushservic:   at void android.app.ActivityThread.handleBindApplication(android.app.ActivityThread$AppBindData) (ActivityThread.java:5920)
06-07 01:33:27.597  3303  3303 I eme:pushservic:   at void android.app.ActivityThread.access$1100(android.app.ActivityThread, android.app.ActivityThread$AppBindData) (ActivityThread.java:200)
06-07 01:33:27.597  3303  3303 I eme:pushservic:   at void android.app.ActivityThread$H.handleMessage(android.os.Message) (ActivityThread.java:1656)
06-07 01:33:27.597  3303  3303 I eme:pushservic:   at void android.os.Handler.dispatchMessage(android.os.Message) (Handler.java:106)
06-07 01:33:27.597  3303  3303 I eme:pushservic:   at void android.os.Looper.loop() (Looper.java:193)
06-07 01:33:27.597  3303  3303 I eme:pushservic:   at void android.app.ActivityThread.main(java.lang.String[]) (ActivityThread.java:6718)
06-07 01:33:27.597  3303  3303 I eme:pushservic:   at java.lang.Object java.lang.reflect.Method.invoke(java.lang.Object, java.lang.Object[]) (Method.java:-2)
06-07 01:33:27.597  3303  3303 I eme:pushservic:   at void com.android.internal.os.RuntimeInit$MethodAndArgsCaller.run() (RuntimeInit.java:493)
06-07 01:33:27.597  3303  3303 I eme:pushservic:   at void com.android.internal.os.ZygoteInit.main(java.lang.String[]) (ZygoteInit.java:858)
06-07 01:33:27.597  3303  3303 I eme:pushservic: 
06-07 01:33:27.606  3303  3303 W eme:pushservic: Verification of void com.taobao.accs.internal.ACCSManagerImpl.bindApp(android.content.Context, java.lang.String, java.lang.String, java.lang.String, com.taobao.accs.IAppReceiver) took 195.885ms
06-07 01:33:27.641  3160  3160 I LTE Embms Link: Using debugTraceId: 61
06-07 01:33:27.641  3160  3160 I LTE Application: onEmbmsServiceConnected() getE911State attempt traceId: 61
06-07 01:33:27.642  3144  3166 I eMBMS  Service: getE911State called
06-07 01:33:27.642  3144  3166 I eMBMS  Service: EmbmsService is not ready
06-07 01:33:27.643  3160  3160 I LTE Application: onEmbmsServiceConnected() Calling getE911State() and waiting for E911Indication attempt : 59 Return Value is :4
06-07 01:33:27.693  3160  3160 I LTE Embms Link: Using debugTraceId: 62
06-07 01:33:27.693  3160  3160 I LTE Application: onEmbmsServiceConnected() getE911State attempt traceId: 62
06-07 01:33:27.694  3144  3166 I eMBMS  Service: getE911State called
06-07 01:33:27.694  3144  3166 I eMBMS  Service: EmbmsService is not ready
06-07 01:33:27.695  3160  3160 I LTE Application: onEmbmsServiceConnected() Calling getE911State() and waiting for E911Indication attempt : 60 Return Value is :4
06-07 01:33:27.745  3160  3160 I LTE Embms Link: Using debugTraceId: 63
06-07 01:33:27.745  3160  3160 I LTE Application: onEmbmsServiceConnected() getE911State attempt traceId: 63
06-07 01:33:27.746  3144  3166 I eMBMS  Service: getE911State called
06-07 01:33:27.746  3144  3166 I eMBMS  Service: EmbmsService is not ready
06-07 01:33:27.747  3160  3160 I LTE Application: onEmbmsServiceConnected() Calling getE911State() and waiting for E911Indication attempt : 61 Return Value is :4
06-07 01:33:27.787  3249  3353 W pstore:downloa: Verification of java.lang.String com.qihoo.sdk.report.common.d.a(byte[]) took 113.847ms
06-07 01:33:27.788  3115  3141 I .qualcomm.embm: WaitForGcToComplete blocked ProfileSaver on AddRemoveAppImageSpace for 198.091ms
06-07 01:33:27.797  3160  3160 I LTE Embms Link: Using debugTraceId: 64
06-07 01:33:27.797  3160  3160 I LTE Application: onEmbmsServiceConnected() getE911State attempt traceId: 64
06-07 01:33:27.798  3144  3166 I eMBMS  Service: getE911State called
06-07 01:33:27.798  3144  3166 I eMBMS  Service: EmbmsService is not ready
06-07 01:33:27.800  3160  3160 I LTE Application: onEmbmsServiceConnected() Calling getE911State() and waiting for E911Indication attempt : 62 Return Value is :4
06-07 01:33:27.836  3395  3395 W .ugc.aweme:pus: resources.arsc in APK '/data/app/com.ss.android.ugc.aweme-HasFJKt3GT-kBHI_SlNVqA==/base.apk' is compressed.
06-07 01:33:27.839  3144  3181 I mm.embms:remot: Waiting for a blocking GC ProfileSaver
06-07 01:33:27.850  3160  3160 I LTE Embms Link: Using debugTraceId: 65
06-07 01:33:27.850  3160  3160 I LTE Application: onEmbmsServiceConnected() getE911State attempt traceId: 65
06-07 01:33:27.852  3144  3166 I eMBMS  Service: getE911State called
06-07 01:33:27.852  3144  3166 I eMBMS  Service: EmbmsService is not ready
06-07 01:33:27.853  3160  3160 I LTE Application: onEmbmsServiceConnected() Calling getE911State() and waiting for E911Indication attempt : 63 Return Value is :4
06-07 01:33:27.903  3160  3160 I LTE Embms Link: Using debugTraceId: 66
06-07 01:33:27.903  3160  3160 I LTE Application: onEmbmsServiceConnected() getE911State attempt traceId: 66
06-07 01:33:27.904  3144  3166 I eMBMS  Service: getE911State called
06-07 01:33:27.904  3144  3166 I eMBMS  Service: EmbmsService is not ready
06-07 01:33:27.905  3160  3160 I LTE Application: onEmbmsServiceConnected() Calling getE911State() and waiting for E911Indication attempt : 64 Return Value is :4
06-07 01:33:27.909  2629  2640 W com.qiyi.video: Suspending all threads took: 178.002ms
06-07 01:33:27.934  3160  3182 I lcomm.ltebc_vz: Waiting for a blocking GC ProfileSaver
06-07 01:33:27.955  3160  3160 I LTE Embms Link: Using debugTraceId: 67
06-07 01:33:27.955  3160  3160 I LTE Application: onEmbmsServiceConnected() getE911State attempt traceId: 67
06-07 01:33:27.956  3144  3166 I eMBMS  Service: getE911State called
06-07 01:33:27.956  3144  3166 I eMBMS  Service: EmbmsService is not ready
06-07 01:33:27.956  3160  3160 I LTE Application: onEmbmsServiceConnected() Calling getE911State() and waiting for E911Indication attempt : 65 Return Value is :4
06-07 01:33:28.008  3160  3160 I LTE Embms Link: Using debugTraceId: 68
06-07 01:33:28.009  3160  3160 I LTE Application: onEmbmsServiceConnected() getE911State attempt traceId: 68
06-07 01:33:28.009  3144  3166 I eMBMS  Service: getE911State called
06-07 01:33:28.009  3144  3166 I eMBMS  Service: EmbmsService is not ready
06-07 01:33:28.010  3160  3160 I LTE Application: onEmbmsServiceConnected() Calling getE911State() and waiting for E911Indication attempt : 66 Return Value is :4
06-07 01:33:28.027  2629  2748 D SessionDao: session column name : _id
06-07 01:33:28.027  2629  2748 D SessionDao: session column name : SessionID
06-07 01:33:28.027  2629  2748 D SessionDao: session column name : SSenderID
06-07 01:33:28.027  2629  2748 D SessionDao: session column name : SContent
06-07 01:33:28.027  2629  2748 D SessionDao: session column name : SMsgID
06-07 01:33:28.027  2629  2748 D SessionDao: session column name : SDate
06-07 01:33:28.027  2629  2748 D SessionDao: session column name : SFromMe
06-07 01:33:28.028  2629  2748 D SessionDao: session column name : SFromGroup
06-07 01:33:28.028  2629  2748 D SessionDao: session column name : SReadStatus
06-07 01:33:28.028  2629  2748 D SessionDao: session column name : SSendStatus
06-07 01:33:28.028  2629  2748 D SessionDao: session column name : SIType
06-07 01:33:28.028  2629  2748 D SessionDao: session column name : SUnreadCount
06-07 01:33:28.028  2629  2748 D SessionDao: session column name : STimestamp
06-07 01:33:28.028  2629  2748 D SessionDao: session column name : SIsTop
06-07 01:33:28.028  2629  2748 D SessionDao: session column name : SExpandable
06-07 01:33:28.028  2629  2748 D SessionDao: session column name : SType
06-07 01:33:28.028  2629  2748 D SessionDao: session column name : SIgnore
06-07 01:33:28.028  2629  2748 D SessionDao: session column name : SLastStarTime
06-07 01:33:28.028  2629  2748 D SessionDao: session column name : SLastStarIcon
06-07 01:33:28.028  2629  2748 D SessionDao: session column name : STopClickTime
06-07 01:33:28.028  2629  2748 D SessionDao: session column name : SessionIcon
06-07 01:33:28.028  2629  2748 D SessionDao: session column name : SessionName
06-07 01:33:28.028  2629  2748 D SessionDao: session column name : SessionStatus
06-07 01:33:28.028  2629  2748 D SessionDao: session column name : SMsgMaxStoreID
06-07 01:33:28.028  2629  2748 D SessionDao: session column name : SLocalMinStoreId
06-07 01:33:28.028  2629  2748 D SessionDao: session column name : SReserved1
06-07 01:33:28.028  2629  2748 D SessionDao: session column name : SReserved2
06-07 01:33:28.029  2629  2748 D SessionDao: Session Dao Column is complete
06-07 01:33:28.056  3160  3182 I lcomm.ltebc_vz: WaitForGcToComplete blocked ProfileSaver on AddRemoveAppImageSpace for 122.521ms
06-07 01:33:28.060  3160  3160 I LTE Embms Link: Using debugTraceId: 69
06-07 01:33:28.060  3160  3160 I LTE Application: onEmbmsServiceConnected() getE911State attempt traceId: 69
06-07 01:33:28.060  3144  3166 I eMBMS  Service: getE911State called
06-07 01:33:28.060  3144  3166 I eMBMS  Service: EmbmsService is not ready
06-07 01:33:28.061  3160  3160 I LTE Application: onEmbmsServiceConnected() Calling getE911State() and waiting for E911Indication attempt : 67 Return Value is :4
06-07 01:33:28.064  2629  2638 E HttpLog : [40] aux.finalize: Marker log finalized without finish() - uncaught exit point for request: http://iface2.iqiyi.com/video/3.0/v_ctrl_codec?app_k=3179f25bc69e815ad828327ccf10c539&app_v=10.5.5&app_gv=&app_t=0&platform_id=10&dev_os=9&dev_ua=AOSP+on+msm8996&net_sts=1&qyid=352693080367655&imei=b6b83cff265a3860bf516b46c67ce78e&aid=40d54c84f0725efd&mac=AC:37:43:4C:36:5B&scrn_scale=4&psp_uid=1414706209&psp_cki=b01Bom2m3R24scoCB4fSfzXoPNIElm2KYGHq2a1Q1WVXDm2apIvpjpThvm2PZnKtF0Km1qNcb3&psp_status=3&secure_v=1&secure_p=GPhone&cupid_id=352693080367655&cupid_v=3.36.010&core=1&api_v=9.1&profile=%7B%22group%22%3A%221%2C2%22%2C%22counter%22%3A1%7D&unlog_sub=0&cust_count=&dev_hw=%7B%22cpu%22%3A2150400%2C%22gpu%22%3A%22%22%2C%22mem%22%3A%22505.6MB%22%7D&net_ip=%7B%22country%22%3A%22%E4%B8%AD%E5%9B%BD%22%2C%22province%22%3A%22%E5%B9%BF%E4%B8%9C%22%2C%22city%22%3A%22%E6%B7%B1%E5%9C%B3%22%2C%22cc%22%3A%22%E9%95%BF%E5%9F%8E%E5%AE%BD%E5%B8%A6%22%2C%22area%22%3A%22%E5%8D%8E%E5%8D%97%22%2C%22timeout%22%3A0%2C%22respcode%22%3A0%7D&scrn_sts=1&scrn_res=1440,2392&scrn_dpi=560&psp_vip=1&province_id=3003&upd=1&service_filter=&service_sort=&used_skinid=-1&youth_model=0&cpu_platform=marlin&cpu_family=armeabi-v7a&cpu_freq=1.5936&cpu_core=4&manufacture=google&dev_mem=3855&sdk_ctrl_v=10.5.5&android_api_level=28&soc_vendor=def
06-07 01:33:28.064  2629  2638 E HttpLog : [40] aux.finalize: Marker log finalized without finish() - uncaught exit point for request: http://act.vip.iqiyi.com/interact/api/v2/show?P00001=b01Bom2m3R24scoCB4fSfzXoPNIElm2KYGHq2a1Q1WVXDm2apIvpjpThvm2PZnKtF0Km1qNcb3&interfaceCode=81d76cdfa769dc27,9bcaefd9692ec2b1,b8c4f2bb5153dc31&platform=bb136ff4276771f3&version=10.5.5&deviceID=352693080367655&app_lm=cn&lang=zh_CN
06-07 01:33:28.084  3144  3181 I mm.embms:remot: WaitForGcToComplete blocked ProfileSaver on AddRemoveAppImageSpace for 244.331ms
06-07 01:33:28.111  3160  3160 I LTE Embms Link: Using debugTraceId: 70
06-07 01:33:28.111  3160  3160 I LTE Application: onEmbmsServiceConnected() getE911State attempt traceId: 70
06-07 01:33:28.112  3144  3166 I eMBMS  Service: getE911State called
06-07 01:33:28.112  3144  3166 I eMBMS  Service: EmbmsService is not ready
06-07 01:33:28.112  3160  3160 I LTE Application: onEmbmsServiceConnected() Calling getE911State() and waiting for E911Indication attempt : 68 Return Value is :4
06-07 01:33:28.162  3160  3160 I LTE Embms Link: Using debugTraceId: 71
06-07 01:33:28.162  3160  3160 I LTE Application: onEmbmsServiceConnected() getE911State attempt traceId: 71
06-07 01:33:28.163  3144  3166 I eMBMS  Service: getE911State called
06-07 01:33:28.164  3144  3166 I eMBMS  Service: EmbmsService is not ready
06-07 01:33:28.164  3160  3160 I LTE Application: onEmbmsServiceConnected() Calling getE911State() and waiting for E911Indication attempt : 69 Return Value is :4
06-07 01:33:28.215  3160  3160 I LTE Embms Link: Using debugTraceId: 72
06-07 01:33:28.215  3160  3160 I LTE Application: onEmbmsServiceConnected() getE911State attempt traceId: 72
06-07 01:33:28.215  3144  3166 I eMBMS  Service: getE911State called
06-07 01:33:28.215  3144  3166 I eMBMS  Service: EmbmsService is not ready
06-07 01:33:28.216  3160  3160 I LTE Application: onEmbmsServiceConnected() Calling getE911State() and waiting for E911Indication attempt : 70 Return Value is :4
06-07 01:33:28.266  3160  3160 I LTE Embms Link: Using debugTraceId: 73
06-07 01:33:28.266  3160  3160 I LTE Application: onEmbmsServiceConnected() getE911State attempt traceId: 73
06-07 01:33:28.266  3144  3166 I eMBMS  Service: getE911State called
06-07 01:33:28.266  3144  3166 I eMBMS  Service: EmbmsService is not ready
06-07 01:33:28.267  3160  3160 I LTE Application: onEmbmsServiceConnected() Calling getE911State() and waiting for E911Indication attempt : 71 Return Value is :4
06-07 01:33:28.286  3303  3303 I eme:pushservic: Rejecting re-init on previously-failed class java.lang.Class<com.taobao.accs.utl.i$a>: java.lang.NoClassDefFoundError: Failed resolution of: Lcom/taobao/orange/OrangeConfigListenerV1;
06-07 01:33:28.286  3303  3303 I eme:pushservic:   at java.lang.Object java.lang.reflect.Constructor.newInstance0(java.lang.Object[]) (Constructor.java:-2)
06-07 01:33:28.294  3303  3303 I eme:pushservic:   at java.lang.Object java.lang.reflect.Constructor.newInstance(java.lang.Object[]) (Constructor.java:343)
06-07 01:33:28.294  3303  3303 I eme:pushservic:   at com.taobao.accs.IACCSManager com.taobao.accs.ACCSManager.createInner(android.content.Context, java.lang.String) ((null):-1)
06-07 01:33:28.294  3303  3303 I eme:pushservic:   at com.taobao.accs.IACCSManager com.taobao.accs.ACCSManager.getAccsInstance(android.content.Context, java.lang.String, java.lang.String) ((null):-1)
06-07 01:33:28.294  3303  3303 I eme:pushservic:   at void com.taobao.agoo.TaobaoRegister.register(android.content.Context, java.lang.String, java.lang.String, java.lang.String, java.lang.String, com.taobao.agoo.IRegister) ((null):-1)
06-07 01:33:28.294  3303  3303 I eme:pushservic:   at void com.taobao.agoo.TaobaoRegister.register(android.content.Context, java.lang.String, java.lang.String, java.lang.String, com.taobao.agoo.IRegister) ((null):-1)
06-07 01:33:28.294  3303  3303 I eme:pushservic:   at void com.umeng.message.PushAgent.b() (SourceFile:459009)
06-07 01:33:28.294  3303  3303 I eme:pushservic:   at void com.umeng.message.PushAgent.register(com.umeng.message.IUmengRegisterCallback) (SourceFile:16842755)
06-07 01:33:28.294  3303  3303 I eme:pushservic:   at void com.alibaba.sdk.android.push.PushService.initUmengPush(com.umeng.message.PushAgent, com.umeng.message.IUmengRegisterCallback) ((null):-1)
06-07 01:33:28.294  3303  3303 I eme:pushservic:   at void com.alibaba.sdk.android.push.PushService.initPushService(com.alibaba.sdk.android.push.CloudPushService, com.alibaba.sdk.android.push.CommonCallback, com.umeng.message.PushAgent, com.umeng.message.IUmengRegisterCallback) ((null):-1)
06-07 01:33:28.294  3303  3303 I eme:pushservic:   at void com.umeng.UmengPushAdapter.registerPush(android.content.Context, int) (SourceFile:33882204)
06-07 01:33:28.294  3303  3303 I eme:pushservic:   at void com.ss.android.pushmanager.thirdparty.PushManager.registerPush(android.content.Context, int) (SourceFile:33882198)
06-07 01:33:28.294  3303  3303 I eme:pushservic:   at void com.ss.android.pushmanager.client.MessageAppManager.registerPush(android.content.Context, int) (SourceFile:33882203)
06-07 01:33:28.294  3303  3303 I eme:pushservic:   at void com.ss.android.pushmanager.client.MessageAppManager.registerAliPushOnChannelProcess(android.content.Context) (SourceFile:17105008)
06-07 01:33:28.294  3303  3303 I eme:pushservic:   at void com.ss.android.pushmanager.client.MessageAppManager.initOnApplication(android.content.Context, com.ss.android.pushmanager.c, java.lang.String) (SourceFile:50856350)
06-07 01:33:28.294  3303  3303 I eme:pushservic:   at void com.ss.android.pushmanager.client.MessageAppManager.initOnApplication(android.content.Context, com.ss.android.pushmanager.c) (SourceFile:33882184)
06-07 01:33:28.294  3303  3303 I eme:pushservic:   at void com.ss.android.ugc.awemepushlib.interaction.PushService.initOnApplication(android.content.Context, com.ss.android.ugc.awemepushapi.b) (SourceFile:33947845)
06-07 01:33:28.294  3303  3303 I eme:pushservic:   at void com.ss.android.di.push.c.run() ((null):1063)
06-07 01:33:28.294  3303  3303 I eme:pushservic:   at void com.ss.android.di.push.b.a() (SourceFile:262185)
06-07 01:33:28.294  3303  3303 I eme:pushservic:   at void com.ss.android.ugc.aweme.app.q.onCreate() (SourceFile:656713)
06-07 01:33:28.294  3303  3303 I eme:pushservic:   at void com.ss.android.ugc.aweme.app.l.onCreate() (SourceFile:591079)
06-07 01:33:28.294  3303  3303 I eme:pushservic:   at void com.ss.android.ugc.aweme.app.host.HostApplication.onCreate() (SourceFile:-1)
06-07 01:33:28.294  3303  3303 I eme:pushservic:   at void android.app.Instrumentation.callApplicationOnCreate(android.app.Application) (Instrumentation.java:1154)
06-07 01:33:28.299  3303  3303 I eme:pushservic:   at void android.app.ActivityThread.handleBindApplication(android.app.ActivityThread$AppBindData) (ActivityThread.java:5920)
