--------- beginning of system
02-09 00:26:42.003   581   581 D vold    : VoldNativeService::start() completed OK
02-09 00:26:42.006   581   596 I vold    : e4crypt_initialize_global_de
02-09 00:26:42.008   581   596 D vold    : Key exists, using: /data/unencrypted/key
02-09 00:26:42.021   581   596 I vold    : List of Keymaster HALs found:
02-09 00:26:42.021   581   596 I vold    : Keymaster HAL #1: SoftwareWrappedKeymaster1Device from Google SecurityLevel: TRUSTED_ENVIRONMENT HAL: android.hardware.keymaster@3.0::IKeymasterDevice/default
02-09 00:26:42.022   581   596 I vold    : Using SoftwareWrappedKeymaster1Device from Google for encryption.  Security level: TRUSTED_ENVIRONMENT, HAL: android.hardware.keymaster@3.0::IKeymasterDevice/default
02-09 00:26:42.067   581   596 D vold    : Added key 712498498 (ext4:8a0904ab6d8e7de3) to keyring 679619132 in process 581
02-09 00:26:42.067   581   596 D vold    : Added key 899712027 (f2fs:8a0904ab6d8e7de3) to keyring 679619132 in process 581
02-09 00:26:42.067   581   596 D vold    : Added key 718313111 (fscrypt:8a0904ab6d8e7de3) to keyring 679619132 in process 581
02-09 00:26:42.068   581   596 I vold    : Wrote system DE key reference to:/data/unencrypted/ref
02-09 00:26:42.148   581   596 D vold    : e4crypt_init_user0
02-09 00:26:42.148   581   596 D vold    : Preparing: /data/misc/vold/user_keys
02-09 00:26:42.148   581   596 D vold    : Preparing: /data/misc/vold/user_keys/ce
02-09 00:26:42.148   581   596 D vold    : Preparing: /data/misc/vold/user_keys/de
02-09 00:26:42.152   581   596 I vold    : List of Keymaster HALs found:
02-09 00:26:42.152   581   596 I vold    : Keymaster HAL #1: SoftwareWrappedKeymaster1Device from Google SecurityLevel: TRUSTED_ENVIRONMENT HAL: android.hardware.keymaster@3.0::IKeymasterDevice/default
02-09 00:26:42.152   581   596 I vold    : Using SoftwareWrappedKeymaster1Device from Google for encryption.  Security level: TRUSTED_ENVIRONMENT, HAL: android.hardware.keymaster@3.0::IKeymasterDevice/default
02-09 00:26:42.164   581   596 D vold    : Added key 109932441 (ext4:afc4978443007dfb) to keyring 679619132 in process 581
02-09 00:26:42.164   581   596 D vold    : Added key 380626777 (f2fs:afc4978443007dfb) to keyring 679619132 in process 581
02-09 00:26:42.164   581   596 D vold    : Added key 1072390520 (fscrypt:afc4978443007dfb) to keyring 679619132 in process 581
02-09 00:26:42.164   581   596 D vold    : Installed de key for user 0
02-09 00:26:42.164   581   596 D vold    : Skipping non-de-key ..
02-09 00:26:42.164   581   596 D vold    : Skipping non-de-key .
02-09 00:26:42.164   581   596 D vold    : e4crypt_prepare_user_storage for volume null, user 0, serial 0, flags 1
02-09 00:26:42.164   581   596 D vold    : Preparing: /data/system/users/0
02-09 00:26:42.165   581   596 D vold    : Preparing: /data/misc/profiles/cur/0
02-09 00:26:42.165   581   596 D vold    : Preparing: /data/system_de/0
02-09 00:26:42.165   581   596 D vold    : Preparing: /data/misc_de/0
02-09 00:26:42.165   581   596 D vold    : Preparing: /data/vendor_de/0
02-09 00:26:42.165   581   596 D vold    : Preparing: /data/user_de/0
02-09 00:26:42.166   581   596 I vold    : Found policy afc4978443007dfb at /data/system_de/0 which matches expected value
02-09 00:26:42.167   581   596 I vold    : Found policy afc4978443007dfb at /data/misc_de/0 which matches expected value
02-09 00:26:42.167   581   596 I vold    : Found policy afc4978443007dfb at /data/vendor_de/0 which matches expected value
02-09 00:26:42.168   581   596 I vold    : Found policy afc4978443007dfb at /data/user_de/0 which matches expected value
02-09 00:26:42.168   581   596 V vold    : /system/bin/vold_prepare_subdirs
02-09 00:26:42.168   581   596 V vold    :     prepare
02-09 00:26:42.168   581   596 V vold    :     
02-09 00:26:42.168   581   596 V vold    :     0
02-09 00:26:42.168   581   596 V vold    :     1
02-09 00:26:42.320   581   581 I vold    : Vold 3.0 (the awakening) firing up
02-09 00:26:42.320   581   581 V vold    : Detected support for: ext4 vfat
02-09 00:26:42.322   581   581 V vold    : Found unmanaged dm device named system
02-09 00:26:42.323   581   581 W vold    : Failed to LOOP_GET_STATUS64 /dev/block/loop7: No such device or address
02-09 00:26:42.323   581   581 W vold    : Failed to LOOP_GET_STATUS64 /dev/block/loop3: No such device or address
02-09 00:26:42.323   581   581 W vold    : Failed to LOOP_GET_STATUS64 /dev/block/loop5: No such device or address
02-09 00:26:42.323   581   581 W vold    : Failed to LOOP_GET_STATUS64 /dev/block/loop1: No such device or address
02-09 00:26:42.323   581   581 W vold    : Failed to LOOP_GET_STATUS64 /dev/block/loop4: No such device or address
02-09 00:26:42.323   581   581 W vold    : Failed to LOOP_GET_STATUS64 /dev/block/loop0: No such device or address
02-09 00:26:42.323   581   581 W vold    : Failed to LOOP_GET_STATUS64 /dev/block/loop6: No such device or address
02-09 00:26:42.323   581   581 W vold    : Failed to LOOP_GET_STATUS64 /dev/block/loop2: No such device or address
02-09 00:26:42.897   660   660 I android.hardware.wifi@1.0-service: Wifi Hal is booting up...
02-09 00:26:43.255   622   622 D Zygote32Timing: PostZygoteInitGC took to complete: 40ms
02-09 00:26:43.255   622   622 D Zygote32Timing: ZygoteInit took to complete: 40ms
02-09 00:26:43.286   780   780 I wificond: wificond is starting up...
02-09 00:26:43.384   621   621 D Zygote64Timing: BeginIcuCachePinning took to complete: 64ms
02-09 00:26:43.474   772   772 I installd: installd firing up
02-09 00:26:44.177   621   621 D Zygote64Timing: PreloadClasses took to complete: 793ms
02-09 00:26:44.392   621   621 D Zygote64Timing: PreloadResources took to complete: 214ms
02-09 00:26:44.496   621   621 D Zygote64Timing: ZygotePreload took to complete: 1175ms
02-09 00:26:44.602   621   621 D Zygote64Timing: PostZygoteInitGC took to complete: 106ms
02-09 00:26:44.602   621   621 D Zygote64Timing: ZygoteInit took to complete: 1281ms
02-09 00:26:44.807   930   930 I SystemServer: InitBeforeStartServices
02-09 00:26:44.808   930   930 I SystemServer: Entered the Android system server!
02-09 00:26:45.006   930   930 D SystemServerTiming: InitBeforeStartServices took to complete: 199ms
02-09 00:26:45.006   930   930 I SystemServer: StartServices
02-09 00:26:45.006   930   930 I SystemServer: Reading configuration...
02-09 00:26:45.006   930   930 I SystemServer: ReadingSystemConfig
02-09 00:26:45.006   930   930 D SystemServerTiming: ReadingSystemConfig took to complete: 1ms
02-09 00:26:45.007   930   930 I SystemServer: StartInstaller
02-09 00:26:45.007   930   930 I SystemServiceManager: Starting com.android.server.pm.Installer
02-09 00:26:45.008   930   930 D SystemServerTiming: StartInstaller took to complete: 2ms
02-09 00:26:45.008   930   930 I SystemServer: DeviceIdentifiersPolicyService
02-09 00:26:45.008   930   930 I SystemServiceManager: Starting com.android.server.os.DeviceIdentifiersPolicyService
02-09 00:26:45.009   930   930 D SystemServerTiming: DeviceIdentifiersPolicyService took to complete: 1ms
02-09 00:26:45.009   930   930 I SystemServer: StartActivityManager
02-09 00:26:45.009   930   930 I SystemServiceManager: Starting com.android.server.am.ActivityManagerService$Lifecycle
02-09 00:26:45.011   930  1019 D SystemServerInitThreadPool: Started executing ReadingSystemConfig
02-09 00:26:45.021   930   930 I ActivityManager: Memory class: 256
02-09 00:26:45.029   930   930 D BatteryStatsImpl: Reading daily items from /data/system/batterystats-daily.xml
02-09 00:26:45.040   930  1033 E BatteryExternalStatsWorker: no controller energy info supplied for telephony
02-09 00:26:45.041   930  1033 I KernelUidCpuFreqTimeReader: mPerClusterTimesAvailable=false
02-09 00:26:45.099   930  1019 D SystemServerInitThreadPool: Finished executing ReadingSystemConfig
02-09 00:26:45.114   930   930 W AppOps  : Unknown attribute in 'op' tag: n
02-09 00:26:45.128   930   930 I chatty  : uid=1000 system_server identical 245 lines
02-09 00:26:45.128   930   930 W AppOps  : Unknown attribute in 'op' tag: n
02-09 00:26:45.135   930   930 I IntentFirewall: Read new rules (A:0 B:0 S:0)
02-09 00:26:45.146   930   930 D AppOps  : AppOpsService published
02-09 00:26:45.146   930   930 D SystemServerTiming: StartActivityManager took to complete: 137ms
02-09 00:26:45.146   930   930 I SystemServer: StartPowerManager
02-09 00:26:45.146   930   930 I SystemServiceManager: Starting com.android.server.power.PowerManagerService
02-09 00:26:45.155   930   930 D SystemServerTiming: StartPowerManager took to complete: 8ms
02-09 00:26:45.155   930   930 I SystemServer: InitPowerManagement
02-09 00:26:45.157   930   930 D SystemServerTiming: InitPowerManagement took to complete: 1ms
02-09 00:26:45.157   930   930 I SystemServer: StartRecoverySystemService
02-09 00:26:45.157   930   930 I SystemServiceManager: Starting com.android.server.RecoverySystemService
02-09 00:26:45.159   930   930 D SystemServerTiming: StartRecoverySystemService took to complete: 2ms
02-09 00:26:45.160   930   930 V RescueParty: Disabled because of active USB connection
02-09 00:26:45.160   930   930 I SystemServer: StartLightsService
02-09 00:26:45.160   930   930 I SystemServiceManager: Starting com.android.server.lights.LightsService
02-09 00:26:45.162   930   930 D SystemServerTiming: StartLightsService took to complete: 1ms
02-09 00:26:45.162   930   930 I SystemServer: StartSidekickService
02-09 00:26:45.162   930   930 D SystemServerTiming: StartSidekickService took to complete: 0ms
02-09 00:26:45.162   930   930 I SystemServer: StartDisplayManager
02-09 00:26:45.162   930   930 I SystemServiceManager: Starting com.android.server.display.DisplayManagerService
02-09 00:26:45.167   930   930 D SystemServerTiming: StartDisplayManager took to complete: 5ms
02-09 00:26:45.167   930   930 I SystemServer: WaitForDisplay
02-09 00:26:45.167   930   930 I SystemServiceManager: Starting phase 100
02-09 00:26:45.176   930  1062 I DisplayManagerService: Display device added: DisplayDeviceInfo{"内置屏幕": uniqueId="local:0", 1440 x 2560, modeId 1, defaultModeId 1, supportedModes [{id=1, width=1440, height=2560, fps=60.000004}], colorMode 0, supportedColorModes [0, 7, 8], HdrCapabilities android.view.Display$HdrCapabilities@40f16308, density 560, 537.882 x 532.983 dpi, appVsyncOff 2000000, presDeadline 11666666, touch INTERNAL, rotation 0, type BUILT_IN, state UNKNOWN, FLAG_DEFAULT_DISPLAY, FLAG_ROTATES_WITH_CONTENT, FLAG_SECURE, FLAG_SUPPORTS_PROTECTED_BUFFERS}
02-09 00:26:45.178   930  1062 I DisplayManagerService: Display device changed state: "内置屏幕", ON
02-09 00:26:45.179   930   930 D SystemServerTiming: WaitForDisplay took to complete: 11ms
02-09 00:26:45.179   930   930 I SystemServer: StartPackageManagerService
02-09 00:26:45.190   930   930 D SELinuxMMAC: Using policy file /system/etc/selinux/plat_mac_permissions.xml
02-09 00:26:45.192   930   930 D SELinuxMMAC: Using policy file /vendor/etc/selinux/vendor_mac_permissions.xml
02-09 00:26:45.311   930   930 W PackageManager: Wiping cache directory because the system partition changed.
02-09 00:26:45.352   930   930 W PackageManager: Failed to parse /system/framework/arm64: Missing base APK in /system/framework/arm64
02-09 00:26:45.352   930   930 W PackageManager: Failed to parse /system/framework/arm: Missing base APK in /system/framework/arm
02-09 00:26:45.352   930   930 W PackageManager: Failed to parse /system/framework/oat: Missing base APK in /system/framework/oat
02-09 00:26:45.414   930  1115 W PackageParser: Ignoring duplicate uses-permissions/uses-permissions-sdk-m: android.permission.READ_EXTERNAL_STORAGE in package: com.android.launcher3 at: Binary XML file line #80
02-09 00:26:45.494   930  1114 W PackageParser: Unknown element under <manifest>: meta-data at /system/priv-app/Dialer/Dialer.apk Binary XML file line #111
02-09 00:26:45.615   930  1114 W PackageParser: Ignoring duplicate uses-permissions/uses-permissions-sdk-m: android.permission.CONFIGURE_WIFI_DISPLAY in package: com.android.systemui at: Binary XML file line #134
02-09 00:26:45.632   930  1116 I PackageParser: Parse times for '/system/priv-app/Settings': parse=172ms, update_cache=8 ms
02-09 00:26:45.646   930  1115 W PackageParser: Ignoring duplicate uses-permissions/uses-permissions-sdk-m: android.permission.INSTALL_GRANT_RUNTIME_PERMISSIONS in package: com.android.shell at: Binary XML file line #111
02-09 00:26:45.704   930  1121 W PackageParser: No actions in intent filter at /system/app/CarrierDefaultApp/CarrierDefaultApp.apk Binary XML file line #52
02-09 00:26:45.746   930  1121 W PackageParser: Ignoring duplicate uses-permissions/uses-permissions-sdk-m: android.permission.CHANGE_WIFI_STATE in package: com.android.nfc at: Binary XML file line #47
02-09 00:26:45.747   930  1121 W PackageParser: Ignoring duplicate uses-permissions/uses-permissions-sdk-m: android.permission.ACCESS_WIFI_STATE in package: com.android.nfc at: Binary XML file line #48
02-09 00:26:45.777   930  1121 W PackageParser: Ignoring duplicate uses-permissions/uses-permissions-sdk-m: android.permission.READ_CONTACTS in package: com.android.bluetooth at: Binary XML file line #61
02-09 00:26:45.778   930  1121 W PackageParser: No actions in intent filter at /system/app/Bluetooth/Bluetooth.apk Binary XML file line #227
02-09 00:26:45.835   930   930 I PackageManager: /vendor/app/radioconfig changed; collecting certs
02-09 00:26:45.846   930   930 E PackageManager: Adding duplicate shared id: 1001 name=com.qualcomm.qti.radioconfiginterface
02-09 00:26:45.852   930   930 W PackageManager: Failed to scan /vendor/app/radioconfig: Signature mismatch for shared user: SharedUserSetting{5340db8 android.uid.phone/1001}
02-09 00:26:45.852   930   930 I PackageManager: /vendor/app/RCSBootstraputil changed; collecting certs
02-09 00:26:45.856   930   930 E PackageManager: Adding duplicate shared id: 1001 name=com.qualcomm.qti.rcsbootstraputil
02-09 00:26:45.858   930   930 W PackageManager: Failed to scan /vendor/app/RCSBootstraputil: Signature mismatch for shared user: SharedUserSetting{5340db8 android.uid.phone/1001}
02-09 00:26:45.859   930   930 I PackageManager: /vendor/app/atfwd changed; collecting certs
02-09 00:26:45.863   930   930 E PackageManager: Adding duplicate shared id: 1000 name=com.qualcomm.atfwd
02-09 00:26:45.864   930   930 W PackageManager: Failed to scan /vendor/app/atfwd: Signature mismatch for shared user: SharedUserSetting{6dde4fc android.uid.system/1000}
02-09 00:26:45.864   930   930 I PackageManager: /vendor/app/colorservice changed; collecting certs
02-09 00:26:45.868   930   930 E PackageManager: Adding duplicate shared id: 1000 name=com.qti.service.colorservice
02-09 00:26:45.870   930   930 W PackageManager: Failed to scan /vendor/app/colorservice: Signature mismatch for shared user: SharedUserSetting{6dde4fc android.uid.system/1000}
02-09 00:26:45.871   930   930 I PackageManager: /vendor/app/fastdormancy changed; collecting certs
02-09 00:26:45.875   930   930 E PackageManager: Adding duplicate shared id: 1000 name=com.qualcomm.fastdormancy
02-09 00:26:45.876   930   930 W PackageManager: Failed to scan /vendor/app/fastdormancy: Signature mismatch for shared user: SharedUserSetting{6dde4fc android.uid.system/1000}
02-09 00:26:45.877   930   930 I PackageManager: /vendor/app/datastatusnotification changed; collecting certs
02-09 00:26:45.880   930   930 E PackageManager: Adding duplicate shared id: 1001 name=com.qti.qualcomm.datastatusnotification
02-09 00:26:45.881   930   930 W PackageManager: Failed to scan /vendor/app/datastatusnotification: Signature mismatch for shared user: SharedUserSetting{5340db8 android.uid.phone/1001}
02-09 00:26:45.881   930   930 I PackageManager: /vendor/app/SecureExtAuthService changed; collecting certs
02-09 00:26:45.884   930   930 E PackageManager: Adding duplicate shared id: 1000 name=com.qualcomm.qti.auth.secureextauthservice
02-09 00:26:45.885   930   930 W PackageManager: Failed to scan /vendor/app/SecureExtAuthService: Signature mismatch for shared user: SharedUserSetting{6dde4fc android.uid.system/1000}
02-09 00:26:45.886   930   930 I PackageManager: /vendor/app/imssettings changed; collecting certs
02-09 00:26:45.889   930   930 E PackageManager: Adding duplicate shared id: 1001 name=com.qualcomm.qti.ims
02-09 00:26:45.890   930   930 W PackageManager: Failed to scan /vendor/app/imssettings: Signature mismatch for shared user: SharedUserSetting{5340db8 android.uid.phone/1001}
02-09 00:26:45.890   930   930 I PackageManager: /vendor/app/TimeService changed; collecting certs
02-09 00:26:45.894   930   930 E PackageManager: Adding duplicate shared id: 1000 name=com.qualcomm.timeservice
02-09 00:26:45.895   930   930 W PackageManager: Failed to scan /vendor/app/TimeService: Signature mismatch for shared user: SharedUserSetting{6dde4fc android.uid.system/1000}
02-09 00:26:45.897   930   930 I PackageManager: Finished scanning system apps. Time: 586 ms, packageCount: 89 , timePerPackage: 6 , cached: 0
02-09 00:26:45.983   930  1129 W PackageParser: Unknown element under <manifest>: meta-data at /data/app/com.ss.android.ugc.aweme-HasFJKt3GT-kBHI_SlNVqA==/base.apk Binary XML file line #80
02-09 00:26:45.987   930  1126 W PackageParser: No actions in intent filter at /data/app/com.sohu.inputmethod.sogou-Z3PFzb6gEa2KxZI2EHQWDQ==/base.apk Binary XML file line #1002
02-09 00:26:46.024   930  1126 I PackageParser: Parse times for '/data/app/com.sohu.inputmethod.sogou-Z3PFzb6gEa2KxZI2EHQWDQ==': parse=114ms, update_cache=12 ms
02-09 00:26:46.035   930  1127 I PackageParser: Parse times for '/data/app/com.tencent.mm-JnuiPa7FWBOOHdBRq0Cj5A==': parse=114ms, update_cache=22 ms
02-09 00:26:46.042   930  1129 I PackageParser: Parse times for '/data/app/com.ss.android.ugc.aweme-HasFJKt3GT-kBHI_SlNVqA==': parse=135ms, update_cache=9 ms
02-09 00:26:46.085   930  1127 W PackageParser: Ignoring duplicate uses-permissions/uses-permissions-sdk-m: android.permission.WRITE_EXTERNAL_STORAGE in package: com.qihoo.appstore at: Binary XML file line #182
02-09 00:26:46.086   930  1127 W PackageParser: Ignoring duplicate uses-permissions/uses-permissions-sdk-m: android.permission.SYSTEM_ALERT_WINDOW in package: com.qihoo.appstore at: Binary XML file line #184
02-09 00:26:46.086   930  1127 W PackageParser: Ignoring duplicate uses-permissions/uses-permissions-sdk-m: android.permission.CAMERA in package: com.qihoo.appstore at: Binary XML file line #185
02-09 00:26:46.086   930  1127 W PackageParser: Ignoring duplicate uses-permissions/uses-permissions-sdk-m: android.permission.PACKAGE_USAGE_STATS in package: com.qihoo.appstore at: Binary XML file line #186
02-09 00:26:46.086   930  1127 W PackageParser: Ignoring duplicate uses-permissions/uses-permissions-sdk-m: android.permission.INTERNET in package: com.qihoo.appstore at: Binary XML file line #187
02-09 00:26:46.086   930  1127 W PackageParser: Ignoring duplicate uses-permissions/uses-permissions-sdk-m: android.permission.USE_FINGERPRINT in package: com.qihoo.appstore at: Binary XML file line #188
02-09 00:26:46.086   930  1127 W PackageParser: Ignoring duplicate uses-permissions/uses-permissions-sdk-m: android.permission.ACCESS_NETWORK_STATE in package: com.qihoo.appstore at: Binary XML file line #189
02-09 00:26:46.086   930  1127 W PackageParser: Ignoring duplicate uses-permissions/uses-permissions-sdk-m: android.permission.READ_PHONE_STATE in package: com.qihoo.appstore at: Binary XML file line #194
02-09 00:26:46.148   930  1127 I PackageParser: Parse times for '/data/app/com.qihoo.appstore-XLP4vaqiDKLi3H1Eln0tMw==': parse=103ms, update_cache=8 ms
02-09 00:26:46.168   930  1126 W PackageParser: Ignoring duplicate uses-permissions/uses-permissions-sdk-m: android.permission.INTERNET in package: com.ss.android.article.video at: Binary XML file line #19
02-09 00:26:46.186   930  1127 W PackageParser: Unknown element under <manifest>: user-permission at /data/app/com.baidu.searchbox-KbYftUKy-lL7sHEmQAX43A==/base.apk Binary XML file line #193
02-09 00:26:46.197   930  1126 I PackageParser: Parse times for '/data/app/com.ss.android.article.video-rvy1JMGPL9SR4arM7bBX5g==': parse=160ms, update_cache=4 ms
02-09 00:26:46.197   930  1127 W PackageParser: No actions in intent filter at /data/app/com.baidu.searchbox-KbYftUKy-lL7sHEmQAX43A==/base.apk Binary XML file line #1096
02-09 00:26:46.197   930  1127 W PackageParser: No actions in intent filter at /data/app/com.baidu.searchbox-KbYftUKy-lL7sHEmQAX43A==/base.apk Binary XML file line #1129
02-09 00:26:46.205   930  1128 W PackageParser: No actions in intent filter at /data/app/com.qiyi.video-14vLE7E02lsF8cFOJjFurQ==/base.apk Binary XML file line #1478
02-09 00:26:46.218   930  1128 I PackageParser: Parse times for '/data/app/com.qiyi.video-14vLE7E02lsF8cFOJjFurQ==': parse=164ms, update_cache=6 ms
02-09 00:26:46.218   930   930 W PackageManager: Skipping provider name com.qiyi.video.fileprovider (in package com.qiyi.video): name already used by com.qiyi.video
02-09 00:26:46.220   930  1126 W PackageParser: Unknown element under <manifest>: uses-sdk at /data/app/com.example.helloc-olR2UNp9rcxqg900PJeVGA==/split_lib_resources_apk.apk Binary XML file line #7
02-09 00:26:46.228   930  1129 I PackageParser: Parse times for '/data/app/com.smile.gifmaker-MKNN5-MaLfqRYG6seurasg==': parse=131ms, update_cache=8 ms
02-09 00:26:46.229   930   930 W PackageManager: Skipping provider name com.smile.gifmaker.fileprovider (in package com.smile.gifmaker): name already used by com.smile.gifmaker
02-09 00:26:46.239   930  1128 W PackageParser: Ignoring duplicate uses-permissions/uses-permissions-sdk-m: android.permission.PACKAGE_USAGE_STATS in package: com.snda.wifilocating at: Binary XML file line #50
02-09 00:26:46.240   930  1128 W PackageParser: Ignoring duplicate uses-permissions/uses-permissions-sdk-m: com.android.launcher.permission.UNINSTALL_SHORTCUT in package: com.snda.wifilocating at: Binary XML file line #94
02-09 00:26:46.261   930   930 W PackageManager: Skipping provider name com.sdk.plus.com.snda.wifilocating (in package com.snda.wifilocating): name already used by com.snda.wifilocating
02-09 00:26:46.268   930   930 I PackageManager: Finished scanning non-system apps. Time: 372 ms, packageCount: 13 , timePerPackage: 28 , cached: 0
02-09 00:26:46.274   930   930 I PackageManager: Time to scan packages: 0.963 seconds
02-09 00:26:46.285   930   930 V PackageManager: reconcileAppsData for null u0 0x1 migrateAppData=true
02-09 00:26:46.332   930   930 V PackageManager: reconcileAppsData finished 18 packages
02-09 00:26:46.333   930  1131 D SystemServerInitThreadPool: Started executing prepareAppData
02-09 00:26:46.416   930   930 D PackageManager: Ephemeral resolver NOT found; no matching intent filters
02-09 00:26:46.417   930   930 D PackageManager: Instant App installer not found with android.intent.action.INSTALL_INSTANT_APP_PACKAGE
02-09 00:26:46.417   930   930 D PackageManager: Clear ephemeral installer activity
02-09 00:26:46.514   930  1131 D SystemServerTimingAsync: AppDataFixup took to complete: 180ms
02-09 00:26:46.523   930   930 D SystemServerTiming: StartPackageManagerService took to complete: 1344ms
02-09 00:26:46.523   930   930 I SystemServer: StartOtaDexOptService
02-09 00:26:46.524   930   930 D OTADexopt: No upgrade, skipping A/B artifacts check.
02-09 00:26:46.524   930   930 D SystemServerTiming: StartOtaDexOptService took to complete: 0ms
02-09 00:26:46.524   930   930 I SystemServer: StartUserManagerService
02-09 00:26:46.524   930   930 I SystemServiceManager: Starting com.android.server.pm.UserManagerService$LifeCycle
02-09 00:26:46.524   930   930 D SystemServerTiming: StartUserManagerService took to complete: 1ms
02-09 00:26:46.525   930   930 I SystemServer: InitAttributerCache
02-09 00:26:46.525   930   930 D SystemServerTiming: InitAttributerCache took to complete: 0ms
02-09 00:26:46.525   930   930 I SystemServer: SetSystemProcess
02-09 00:26:46.532   930   930 D SystemServerTiming: SetSystemProcess took to complete: 7ms
02-09 00:26:46.534   930   930 I SystemServer: StartOverlayManagerService
02-09 00:26:46.535   930   930 D SystemServerTiming: StartOverlayManagerService took to complete: 2ms
02-09 00:26:46.536   930  1137 D SystemServerInitThreadPool: Started executing Init OverlayManagerService
02-09 00:26:46.536   930   930 I SystemServer: StartBatteryService
02-09 00:26:46.536   930   930 I SystemServiceManager: Starting com.android.server.BatteryService
02-09 00:26:46.540   930  1138 D SystemServerInitThreadPool: Started executing StartSensorService
02-09 00:26:46.547   779   861 I storaged: storaged: Start
02-09 00:26:46.554   930   930 I HealthServiceWrapper: health: HealthServiceWrapper listening to instance default
02-09 00:26:46.554   930   930 I BatteryService: health: Waited 0ms and received the update.
02-09 00:26:46.556   930   930 D SystemServerTiming: StartBatteryService took to complete: 20ms
02-09 00:26:46.556   930   930 I SystemServer: StartUsageService
02-09 00:26:46.556   930   930 I SystemServiceManager: Starting com.android.server.usage.UsageStatsService
02-09 00:26:46.567   930   930 I UsageStatsService: User[0] Rollover scheduled @ 1970-02-10 00:26:46(3457606560)
02-09 00:26:46.567   930   930 D SystemServerTiming: StartUsageService took to complete: 12ms
02-09 00:26:46.567   930   930 I SystemServer: StartWebViewUpdateService
02-09 00:26:46.567   930   930 I SystemServiceManager: Starting com.android.server.webkit.WebViewUpdateService
02-09 00:26:46.570   930   930 D SystemServerTiming: StartWebViewUpdateService took to complete: 2ms
02-09 00:26:46.570   930   930 I SystemServer: StartBinderCallsStatsService
02-09 00:26:46.570   930   930 D SystemServerTiming: StartBinderCallsStatsService took to complete: 1ms
02-09 00:26:46.570   930   930 I SystemServer: StartKeyAttestationApplicationIdProviderService
02-09 00:26:46.571   930  1019 D SystemServerInitThreadPool: Started executing SecondaryZygotePreload
02-09 00:26:46.571   930  1019 I SystemServer: SecondaryZygotePreload
02-09 00:26:46.571   930   930 D SystemServerTiming: StartKeyAttestationApplicationIdProviderService took to complete: 0ms
02-09 00:26:46.572   930   930 I SystemServer: StartKeyChainSystemService
02-09 00:26:46.572   930   930 I SystemServiceManager: Starting com.android.server.security.KeyChainSystemService
02-09 00:26:46.572   930   930 D SystemServerTiming: StartKeyChainSystemService took to complete: 0ms
02-09 00:26:46.572   930   930 I SystemServer: StartSchedulingPolicyService
02-09 00:26:46.573   930   930 D SystemServerTiming: StartSchedulingPolicyService took to complete: 0ms
02-09 00:26:46.573   930   930 I SystemServer: StartTelecomLoaderService
02-09 00:26:46.573   930   930 I SystemServiceManager: Starting com.android.server.telecom.TelecomLoaderService
02-09 00:26:46.573   930   930 D SystemServerTiming: StartTelecomLoaderService took to complete: 1ms
02-09 00:26:46.574   930   930 I SystemServer: StartTelephonyRegistry
02-09 00:26:46.575   930   930 D SystemServerTiming: StartTelephonyRegistry took to complete: 1ms
02-09 00:26:46.575   930   930 I SystemServer: StartEntropyMixer
02-09 00:26:46.577   930   930 W EntropyMixer: Failed to add HW RNG output to entropy pool
02-09 00:26:46.577   930   930 W EntropyMixer: java.io.FileNotFoundException: /dev/hw_random (Permission denied)
02-09 00:26:46.577   930   930 W EntropyMixer: 	at java.io.FileInputStream.open0(Native Method)
02-09 00:26:46.577   930   930 W EntropyMixer: 	at java.io.FileInputStream.open(FileInputStream.java:231)
02-09 00:26:46.577   930   930 W EntropyMixer: 	at java.io.FileInputStream.<init>(FileInputStream.java:165)
02-09 00:26:46.577   930   930 W EntropyMixer: 	at java.io.FileInputStream.<init>(FileInputStream.java:112)
02-09 00:26:46.577   930   930 W EntropyMixer: 	at com.android.server.RandomBlock.fromFile(RandomBlock.java:45)
02-09 00:26:46.577   930   930 W EntropyMixer: 	at com.android.server.EntropyMixer.addHwRandomEntropy(EntropyMixer.java:205)
02-09 00:26:46.577   930   930 W EntropyMixer: 	at com.android.server.EntropyMixer.<init>(EntropyMixer.java:115)
02-09 00:26:46.577   930   930 W EntropyMixer: 	at com.android.server.EntropyMixer.<init>(EntropyMixer.java:97)
02-09 00:26:46.577   930   930 W EntropyMixer: 	at com.android.server.SystemServer.startOtherServices(SystemServer.java:822)
02-09 00:26:46.577   930   930 W EntropyMixer: 	at com.android.server.SystemServer.run(SystemServer.java:437)
02-09 00:26:46.577   930   930 W EntropyMixer: 	at com.android.server.SystemServer.main(SystemServer.java:296)
02-09 00:26:46.577   930   930 W EntropyMixer: 	at java.lang.reflect.Method.invoke(Native Method)
02-09 00:26:46.577   930   930 W EntropyMixer: 	at com.android.internal.os.RuntimeInit$MethodAndArgsCaller.run(RuntimeInit.java:493)
02-09 00:26:46.577   930   930 W EntropyMixer: 	at com.android.internal.os.ZygoteInit.main(ZygoteInit.java:838)
02-09 00:26:46.577   930   930 I EntropyMixer: Writing entropy...
02-09 00:26:46.580   930   930 D SystemServerTiming: StartEntropyMixer took to complete: 6ms
02-09 00:26:46.580   930   930 I SystemServer: StartAccountManagerService
02-09 00:26:46.580   930   930 I SystemServiceManager: Starting com.android.server.accounts.AccountManagerService$Lifecycle
02-09 00:26:46.586   930   930 D SystemServerTiming: StartAccountManagerService took to complete: 5ms
02-09 00:26:46.586   930   930 I SystemServer: StartContentService
02-09 00:26:46.586   930   930 I SystemServiceManager: Starting com.android.server.content.ContentService$Lifecycle
02-09 00:26:46.588   930   930 D SystemServerTiming: StartContentService took to complete: 2ms
02-09 00:26:46.588   930   930 I SystemServer: InstallSystemProviders
02-09 00:26:46.599   930  1138 D SystemServerTimingAsync: StartSensorService took to complete: 59ms
02-09 00:26:46.599   930  1138 D SystemServerInitThreadPool: Finished executing StartSensorService
02-09 00:26:46.599   930  1138 D SystemServerInitThreadPool: Started executing SchedulingPolicyService.<init>
02-09 00:26:46.614   930  1138 D SystemServerInitThreadPool: Finished executing SchedulingPolicyService.<init>
02-09 00:26:46.624   622   622 D ZygoteInitTiming_lazy: BeginIcuCachePinning took to complete: 11ms
02-09 00:26:46.629   930   930 D SystemServerTiming: InstallSystemProviders took to complete: 41ms
02-09 00:26:46.629   930   930 I SystemServer: StartDropBoxManager
02-09 00:26:46.629   930   930 I SystemServiceManager: Starting com.android.server.DropBoxManagerService
02-09 00:26:46.630   930   930 D SystemServerTiming: StartDropBoxManager took to complete: 2ms
02-09 00:26:46.631   930   930 I SystemServer: StartVibratorService
02-09 00:26:46.635   930   930 D SystemServerTiming: StartVibratorService took to complete: 5ms
02-09 00:26:46.635   930   930 I SystemServer: StartConsumerIrService
02-09 00:26:46.638   930   930 D SystemServerTiming: StartConsumerIrService took to complete: 2ms
02-09 00:26:46.638   930   930 I SystemServer: StartAlarmManagerService
02-09 00:26:46.638   930   930 I SystemServiceManager: Starting com.android.server.AlarmManagerService
02-09 00:26:46.640   930   930 I AlarmManager: Current time only 3371206640, advancing to build time 1559871176000
06-07 01:32:56.003   930   930 D SystemServerTiming: StartAlarmManagerService took to complete: 6ms
06-07 01:32:56.004   930   930 I SystemServer: InitWatchdog
06-07 01:32:56.004   930   930 D SystemServerTiming: InitWatchdog took to complete: 0ms
06-07 01:32:56.004   930   930 I SystemServer: StartInputManagerService
06-07 01:32:56.004   930   930 I InputManager: Initializing input manager, mUseDevInputEventForAudioJack=true
06-07 01:32:56.005   930   930 D SystemServerTiming: StartInputManagerService took to complete: 1ms
06-07 01:32:56.005   930   930 I SystemServer: StartWindowManagerService
06-07 01:32:56.014   930  1062 I WindowManager: No existing display settings /data/system/display_settings.xml; starting empty
06-07 01:32:56.028   930   930 D SystemServerTiming: StartWindowManagerService took to complete: 23ms
06-07 01:32:56.028   930   930 I SystemServer: SetWindowManagerService
06-07 01:32:56.051   930   930 D SystemServerTiming: SetWindowManagerService took to complete: 23ms
06-07 01:32:56.051   930   930 I SystemServer: WindowManagerServiceOnInitReady
06-07 01:32:56.073   930   930 D SystemServerTiming: WindowManagerServiceOnInitReady took to complete: 22ms
06-07 01:32:56.073   930   930 I SystemServer: StartVrManagerService
06-07 01:32:56.073   930   930 I SystemServiceManager: Starting com.android.server.vr.VrManagerService
06-07 01:32:56.074   930  1138 D SystemServerInitThreadPool: Started executing StartHidlServices
06-07 01:32:56.077   930  1138 D SystemServerTimingAsync: StartHidlServices took to complete: 3ms
06-07 01:32:56.077   930  1138 D SystemServerInitThreadPool: Finished executing StartHidlServices
06-07 01:32:56.079   930   930 D SystemServerTiming: StartVrManagerService took to complete: 6ms
06-07 01:32:56.079   930   930 I SystemServer: StartInputManager
06-07 01:32:56.079   930   930 I InputManager: Starting input manager
06-07 01:32:56.080   930   930 D SystemServerTiming: StartInputManager took to complete: 1ms
06-07 01:32:56.080   930   930 I SystemServer: DisplayManagerWindowManagerAndInputReady
06-07 01:32:56.081   930   930 D SystemServerTiming: DisplayManagerWindowManagerAndInputReady took to complete: 0ms
06-07 01:32:56.081   930   930 I SystemServer: StartBluetoothService
06-07 01:32:56.081   930   930 I SystemServiceManager: Starting com.android.server.BluetoothService
06-07 01:32:56.082   930   930 D BluetoothManagerService: Loading stored name and address
06-07 01:32:56.083   930   930 D BluetoothManagerService: Stored bluetooth Name=AOSP on msm8996,Address=80:7A:BF:FB:71:20
06-07 01:32:56.083   930   930 D BluetoothManagerService: Bluetooth persisted state: 1
06-07 01:32:56.083   930   930 D BluetoothManagerService: Startup: Bluetooth persisted state is ON.
06-07 01:32:56.083   930   930 D BluetoothManagerService: Detected SystemUiUid: 10027
06-07 01:32:56.083   930   930 D SystemServerTiming: StartBluetoothService took to complete: 2ms
06-07 01:32:56.083   930   930 I SystemServer: IpConnectivityMetrics
06-07 01:32:56.083   930   930 I SystemServiceManager: Starting com.android.server.connectivity.IpConnectivityMetrics
06-07 01:32:56.084   930   930 D SystemServerTiming: IpConnectivityMetrics took to complete: 1ms
06-07 01:32:56.084   930   930 I SystemServer: NetworkWatchlistService
06-07 01:32:56.084   930   930 I SystemServiceManager: Starting com.android.server.net.watchlist.NetworkWatchlistService$Lifecycle
06-07 01:32:56.098   930   930 I WatchlistSettings: Reload watchlist settings done
06-07 01:32:56.099   930   930 D SystemServerTiming: NetworkWatchlistService took to complete: 15ms
06-07 01:32:56.099   930   930 I SystemServer: PinnerService
06-07 01:32:56.099   930   930 I SystemServiceManager: Starting com.android.server.PinnerService
06-07 01:32:56.102   930   930 D SystemServerTiming: PinnerService took to complete: 3ms
06-07 01:32:56.102   930   930 I SystemServer: StartInputMethodManagerLifecycle
06-07 01:32:56.102   930   930 I SystemServiceManager: Starting com.android.server.InputMethodManagerService$Lifecycle
06-07 01:32:56.102   930  1028 D PinnerService: pinRangeStream: null
06-07 01:32:56.106   930  1168 I WatchlistLoggingHandler: No need to aggregate record yet.
06-07 01:32:56.106   930  1168 I WatchlistLoggingHandler: Milliseconds spent on tryAggregateRecords(): 0
06-07 01:32:56.110   930   930 D SystemServerTiming: StartInputMethodManagerLifecycle took to complete: 8ms
06-07 01:32:56.110   930   930 I SystemServer: StartAccessibilityManagerService
06-07 01:32:56.115   930   930 D SystemServerTiming: StartAccessibilityManagerService took to complete: 5ms
06-07 01:32:56.115   930   930 I SystemServer: MakeDisplayReady
06-07 01:32:56.137   930  1028 D PinnerService: pinRangeStream: null
06-07 01:32:56.138   930   930 I ActivityManager: Config changes=20005df8 {1.0 ?mcc?mnc [zh_CN_#Hans] ldltr sw411dp w411dp h731dp 560dpi nrml long port ?uimode ?night -touch -keyb/v/h -nav/h winConfig={ mBounds=Rect(0, 0 - 0, 0) mAppBounds=Rect(0, 0 - 1440, 2560) mWindowingMode=fullscreen mActivityType=undefined} s.2}
06-07 01:32:56.142   930   930 I ActivityManager: Override config changes=60007dfc {1.0 ?mcc?mnc [zh_CN_#Hans] ldltr sw411dp w411dp h731dp 560dpi nrml long port ?uimode ?night -touch -keyb/v/h -nav/h winConfig={ mBounds=Rect(0, 0 - 1440, 2560) mAppBounds=Rect(0, 0 - 1440, 2560) mWindowingMode=fullscreen mActivityType=undefined} s.2} for displayId=0
06-07 01:32:56.153   930   930 I ActivityManager: Config changes=20000500 {1.0 ?mcc?mnc [zh_CN_#Hans] ldltr sw411dp w411dp h659dp 560dpi nrml port ?uimode ?night -touch -keyb/v/h -nav/h winConfig={ mBounds=Rect(0, 0 - 0, 0) mAppBounds=Rect(0, 0 - 1440, 2392) mWindowingMode=fullscreen mActivityType=undefined} s.3}
06-07 01:32:56.163   930  1028 D PinnerService: pinRangeStream: null
06-07 01:32:56.165   930   930 I ActivityManager: Override config changes=20000500 {1.0 ?mcc?mnc [zh_CN_#Hans] ldltr sw411dp w411dp h659dp 560dpi nrml port ?uimode ?night -touch -keyb/v/h -nav/h winConfig={ mBounds=Rect(0, 0 - 1440, 2560) mAppBounds=Rect(0, 0 - 1440, 2392) mWindowingMode=fullscreen mActivityType=undefined} s.3} for displayId=0
06-07 01:32:56.171   930   930 D SystemServerTiming: MakeDisplayReady took to complete: 56ms
06-07 01:32:56.172   930   930 I SystemServer: StartStorageManagerService
06-07 01:32:56.172   930   930 I SystemServiceManager: Starting com.android.server.StorageManagerService$Lifecycle
06-07 01:32:56.186   930  1028 D PinnerService: pinRangeStream: null
06-07 01:32:56.194   930  1028 I chatty  : uid=1000(system) android.bg identical 1 line
06-07 01:32:56.200   930  1028 D PinnerService: pinRangeStream: null
06-07 01:32:56.211   930  1165 I ActivityManager: Config changes=8 {1.0 ?mcc?mnc [zh_CN_#Hans] ldltr sw411dp w411dp h659dp 560dpi nrml port ?uimode ?night finger -keyb/v/h -nav/h winConfig={ mBounds=Rect(0, 0 - 0, 0) mAppBounds=Rect(0, 0 - 1440, 2392) mWindowingMode=fullscreen mActivityType=undefined} s.4}
06-07 01:32:56.212   930  1180 D StorageManagerService: Thinking about init, mSystemReady=false, mDaemonConnected=true
06-07 01:32:56.212   930  1180 D StorageManagerService: Thinking about reset, mSystemReady=false, mDaemonConnected=true
06-07 01:32:56.212   930   930 D SystemServerTiming: StartStorageManagerService took to complete: 40ms
06-07 01:32:56.212   930   930 I SystemServer: StartStorageStatsService
06-07 01:32:56.212   930   930 I SystemServiceManager: Starting com.android.server.usage.StorageStatsService$Lifecycle
06-07 01:32:56.217   930   930 D SystemServerTiming: StartStorageStatsService took to complete: 5ms
06-07 01:32:56.217   930   930 I SystemServer: StartUiModeManager
06-07 01:32:56.218   930   930 I SystemServiceManager: Starting com.android.server.UiModeManagerService
06-07 01:32:56.218   930  1165 I ActivityManager: Override config changes=8 {1.0 ?mcc?mnc [zh_CN_#Hans] ldltr sw411dp w411dp h659dp 560dpi nrml port ?uimode ?night finger -keyb/v/h -nav/h winConfig={ mBounds=Rect(0, 0 - 1440, 2560) mAppBounds=Rect(0, 0 - 1440, 2392) mWindowingMode=fullscreen mActivityType=undefined} s.4} for displayId=0
06-07 01:32:56.223   930  1138 D SystemServerInitThreadPool: Started executing UiModeManager.onStart
06-07 01:32:56.224   930  1138 I ActivityManager: Config changes=200 {1.0 ?mcc?mnc [zh_CN_#Hans] ldltr sw411dp w411dp h659dp 560dpi nrml port finger -keyb/v/h -nav/h winConfig={ mBounds=Rect(0, 0 - 0, 0) mAppBounds=Rect(0, 0 - 1440, 2392) mWindowingMode=fullscreen mActivityType=undefined} s.5}
06-07 01:32:56.224   930   930 D SystemServerTiming: StartUiModeManager took to complete: 6ms
06-07 01:32:56.224   930   930 I SystemServer: UpdatePackagesIfNeeded
06-07 01:32:56.224   930   930 D SystemServerTiming: UpdatePackagesIfNeeded took to complete: 0ms
06-07 01:32:56.224   930   930 I SystemServer: PerformFstrimIfNeeded
06-07 01:32:56.225   930   930 D SystemServerTiming: PerformFstrimIfNeeded took to complete: 0ms
06-07 01:32:56.225   930   930 I SystemServer: StartLockSettingsService
06-07 01:32:56.226   930   930 I SystemServiceManager: Starting com.android.server.locksettings.LockSettingsService$Lifecycle
06-07 01:32:56.230   930  1138 I ActivityManager: Override config changes=200 {1.0 ?mcc?mnc [zh_CN_#Hans] ldltr sw411dp w411dp h659dp 560dpi nrml port finger -keyb/v/h -nav/h winConfig={ mBounds=Rect(0, 0 - 1440, 2560) mAppBounds=Rect(0, 0 - 1440, 2392) mWindowingMode=fullscreen mActivityType=undefined} s.5} for displayId=0
06-07 01:32:56.231   930  1138 D SystemServerInitThreadPool: Finished executing UiModeManager.onStart
06-07 01:32:56.233   930  1028 D PinnerService: pinRangeStream: null
06-07 01:32:56.235   930  1028 I chatty  : uid=1000(system) android.bg identical 1 line
06-07 01:32:56.238   930  1028 D PinnerService: pinRangeStream: null
06-07 01:32:56.239   930   930 D SystemServerTiming: StartLockSettingsService took to complete: 13ms
06-07 01:32:56.239   930   930 I SystemServer: StartPersistentDataBlock
06-07 01:32:56.239   930   930 I SystemServiceManager: Starting com.android.server.PersistentDataBlockService
06-07 01:32:56.239   930   930 D SystemServerTiming: StartPersistentDataBlock took to complete: 0ms
06-07 01:32:56.239   930  1138 D SystemServerInitThreadPool: Started executing PersistentDataBlockService.onStart
06-07 01:32:56.239   930   930 I SystemServer: StartOemLockService
06-07 01:32:56.239   930   930 I SystemServiceManager: Starting com.android.server.oemlock.OemLockService
06-07 01:32:56.240   930  1138 E PersistentDataBlockService: not able to find package com.google.android.gms
06-07 01:32:56.240   930  1138 E PersistentDataBlockService: android.content.pm.PackageManager$NameNotFoundException: com.google.android.gms
06-07 01:32:56.240   930  1138 E PersistentDataBlockService: 	at android.app.ApplicationPackageManager.getPackageUidAsUser(ApplicationPackageManager.java:299)
06-07 01:32:56.240   930  1138 E PersistentDataBlockService: 	at com.android.server.PersistentDataBlockService.getAllowedUid(PersistentDataBlockService.java:113)
06-07 01:32:56.240   930  1138 E PersistentDataBlockService: 	at com.android.server.PersistentDataBlockService.lambda$onStart$0(PersistentDataBlockService.java:126)
06-07 01:32:56.240   930  1138 E PersistentDataBlockService: 	at com.android.server.-$$Lambda$PersistentDataBlockService$EZl9OYaT2eNL7kfSr2nKUBjxidk.run(Unknown Source:2)
06-07 01:32:56.240   930  1138 E PersistentDataBlockService: 	at com.android.server.SystemServerInitThreadPool.lambda$submit$0(SystemServerInitThreadPool.java:64)
06-07 01:32:56.240   930  1138 E PersistentDataBlockService: 	at com.android.server.-$$Lambda$SystemServerInitThreadPool$7wfLGkZF7FvYZv7xj3ghvuiJJGk.run(Unknown Source:4)
06-07 01:32:56.240   930  1138 E PersistentDataBlockService: 	at java.util.concurrent.Executors$RunnableAdapter.call(Executors.java:458)
06-07 01:32:56.240   930  1138 E PersistentDataBlockService: 	at java.util.concurrent.FutureTask.run(FutureTask.java:266)
06-07 01:32:56.240   930  1138 E PersistentDataBlockService: 	at java.util.concurrent.ThreadPoolExecutor.runWorker(ThreadPoolExecutor.java:1167)
06-07 01:32:56.240   930  1138 E PersistentDataBlockService: 	at java.util.concurrent.ThreadPoolExecutor$Worker.run(ThreadPoolExecutor.java:641)
06-07 01:32:56.240   930  1138 E PersistentDataBlockService: 	at com.android.internal.util.ConcurrentUtils$1$1.run(ConcurrentUtils.java:62)
06-07 01:32:56.241   930   930 I OemLock : OemLock HAL not present on device
06-07 01:32:56.241   930   930 I OemLock : Using persistent data block based lock
06-07 01:32:56.241   930   930 D SystemServerTiming: StartOemLockService took to complete: 2ms
06-07 01:32:56.242   930   930 I SystemServer: StartDeviceIdleController
06-07 01:32:56.242   930   930 I SystemServiceManager: Starting com.android.server.DeviceIdleController
06-07 01:32:56.253   930   930 D SystemServerTiming: StartDeviceIdleController took to complete: 11ms
06-07 01:32:56.254   930   930 I SystemServer: StartDevicePolicyManager
06-07 01:32:56.254   930   930 I SystemServiceManager: Starting com.android.server.devicepolicy.DevicePolicyManagerService$Lifecycle
06-07 01:32:56.262   930  1028 D PinnerService: pinRangeStream: null
06-07 01:32:56.265   930  1138 D SystemServerInitThreadPool: Finished executing PersistentDataBlockService.onStart
06-07 01:32:56.269   930   930 D SystemServerTiming: StartDevicePolicyManager took to complete: 15ms
06-07 01:32:56.270   930   930 I SystemServer: StartStatusBarManagerService
06-07 01:32:56.270   930  1028 D PinnerService: pinRangeStream: null
06-07 01:32:56.271   930   930 D SystemServerTiming: StartStatusBarManagerService took to complete: 1ms
06-07 01:32:56.271   930   930 I SystemServer: StartClipboardService
06-07 01:32:56.271   930   930 I SystemServiceManager: Starting com.android.server.clipboard.ClipboardService
06-07 01:32:56.272   930  1028 I UsageStatsService: Time changed in UsageStats by 1556499969 seconds
06-07 01:32:56.272   930  1028 I UsageStatsDatabase: Time changed by +18015d1h6m9s360ms. files deleted: 0 files moved: 0
06-07 01:32:56.272   930  1028 I UsageStatsService: User[0] Rollover scheduled @ 2019-06-08 01:32:56(1559957576272)
06-07 01:32:56.272   930   930 D SystemServerTiming: StartClipboardService took to complete: 1ms
06-07 01:32:56.272   930   930 I SystemServer: StartNetworkManagementService
06-07 01:32:56.274   930  1182 I NetworkManagement: onDaemonConnected()
06-07 01:32:56.275   930   930 D SystemServerTiming: StartNetworkManagementService took to complete: 3ms
06-07 01:32:56.275   930   930 I SystemServer: StartIpSecService
06-07 01:32:56.276   930   930 D SystemServerTiming: StartIpSecService took to complete: 1ms
06-07 01:32:56.276   930   930 I SystemServer: StartTextServicesManager
06-07 01:32:56.276   930   930 I SystemServiceManager: Starting com.android.server.TextServicesManagerService$Lifecycle
06-07 01:32:56.278   930   930 D SystemServerTiming: StartTextServicesManager took to complete: 2ms
06-07 01:32:56.278   930   930 I SystemServer: StartTextClassificationManagerService
06-07 01:32:56.278   930   930 I SystemServiceManager: Starting com.android.server.textclassifier.TextClassificationManagerService$Lifecycle
06-07 01:32:56.279   930   930 D SystemServerTiming: StartTextClassificationManagerService took to complete: 1ms
06-07 01:32:56.279   930   930 I SystemServer: StartNetworkScoreService
06-07 01:32:56.279   930   930 I SystemServiceManager: Starting com.android.server.NetworkScoreService$Lifecycle
06-07 01:32:56.282   930  1137 D SystemServerInitThreadPool: Finished executing Init OverlayManagerService
06-07 01:32:56.287   930   930 D SystemServerTiming: StartNetworkScoreService took to complete: 8ms
06-07 01:32:56.287   930   930 I SystemServer: StartNetworkStatsService
06-07 01:32:56.290   930   930 D SystemServerTiming: StartNetworkStatsService took to complete: 3ms
06-07 01:32:56.290   930   930 I SystemServer: StartNetworkPolicyManagerService
06-07 01:32:56.299   930   930 D SystemServerTiming: StartNetworkPolicyManagerService took to complete: 9ms
06-07 01:32:56.299   930   930 I SystemServer: StartWifi
06-07 01:32:56.304   930   930 I SystemServiceManager: Starting com.android.server.wifi.WifiService
06-07 01:32:56.403   930  1131 D SystemServerTimingAsync: AppDataPrepare took to complete: 530ms
06-07 01:32:56.404   930  1131 I PackageManager: Deferred reconcileAppsData finished 84 packages
06-07 01:32:56.404   930  1131 D SystemServerInitThreadPool: Finished executing prepareAppData
06-07 01:32:56.413   930   930 D SystemServerTiming: StartWifi took to complete: 114ms
06-07 01:32:56.413   930   930 I SystemServer: StartWifiScanning
06-07 01:32:56.414   930   930 I SystemServiceManager: Starting com.android.server.wifi.scanner.WifiScanningService
06-07 01:32:56.417   930   930 D SystemServerTiming: StartWifiScanning took to complete: 4ms
06-07 01:32:56.417   930   930 I SystemServer: StartRttService
06-07 01:32:56.418   930   930 I SystemServiceManager: Starting com.android.server.wifi.rtt.RttService
06-07 01:32:56.419   930   930 D SystemServerTiming: StartRttService took to complete: 2ms
06-07 01:32:56.419   930   930 I SystemServer: StartWifiP2P
06-07 01:32:56.419   930   930 I SystemServiceManager: Starting com.android.server.wifi.p2p.WifiP2pService
06-07 01:32:56.433   930   930 D SystemServerTiming: StartWifiP2P took to complete: 14ms
06-07 01:32:56.434   930   930 I SystemServer: StartEthernet
06-07 01:32:56.434   930   930 I SystemServiceManager: Starting com.android.server.ethernet.EthernetService
06-07 01:32:56.435   930   930 D SystemServerTiming: StartEthernet took to complete: 1ms
06-07 01:32:56.436   930   930 I SystemServer: StartConnectivityService
06-07 01:32:56.440   930   930 D ConnectivityService: ConnectivityService starting up
06-07 01:32:56.443   930   930 D ConnectivityService: wifiOnly=false
06-07 01:32:56.458   930   930 D SystemServerTiming: StartConnectivityService took to complete: 22ms
06-07 01:32:56.458   930   930 I SystemServer: StartNsdService
06-07 01:32:56.460   930   930 D NsdService: Network service discovery is enabled
06-07 01:32:56.467   930   930 D SystemServerTiming: StartNsdService took to complete: 9ms
06-07 01:32:56.467   930   930 I SystemServer: StartSystemUpdateManagerService
06-07 01:32:56.467   930   930 I SystemUpdateManagerService: No existing info file /data/system/system-update-info.xml
06-07 01:32:56.468   930   930 D SystemServerTiming: StartSystemUpdateManagerService took to complete: 1ms
06-07 01:32:56.469   930   930 I SystemServer: StartUpdateLockService
